Archive member included to satisfy reference by file (symbol)

c:/vsarm/armcc/112202~1.02/bin/../lib/gcc/arm-none-eabi/11.2.1/thumb/v6-m/nofp\libgcc.a(_dvmd_tls.o)
                              CMakeFiles/HelloWorld.dir/C_/VSARM/sdk/pico/pico-sdk/src/rp2_common/pico_divider/divider.S.obj (__aeabi_idiv0)
c:/vsarm/armcc/112202~1.02/bin/../lib/gcc/arm-none-eabi/11.2.1/thumb/v6-m/nofp\libg.a(lib_a-calloc.o)
                              CMakeFiles/HelloWorld.dir/C_/VSARM/sdk/pico/pico-sdk/src/rp2_common/pico_malloc/pico_malloc.c.obj (calloc)
c:/vsarm/armcc/112202~1.02/bin/../lib/gcc/arm-none-eabi/11.2.1/thumb/v6-m/nofp\libg.a(lib_a-callocr.o)
                              c:/vsarm/armcc/112202~1.02/bin/../lib/gcc/arm-none-eabi/11.2.1/thumb/v6-m/nofp\libg.a(lib_a-calloc.o) (_calloc_r)
c:/vsarm/armcc/112202~1.02/bin/../lib/gcc/arm-none-eabi/11.2.1/thumb/v6-m/nofp\libg.a(lib_a-ctype_.o)
                              CMakeFiles/HelloWorld.dir/C_/VSARM/sdk/pico/pico-sdk/lib/tinyusb/src/tusb.c.obj (_ctype_)
c:/vsarm/armcc/112202~1.02/bin/../lib/gcc/arm-none-eabi/11.2.1/thumb/v6-m/nofp\libg.a(lib_a-errno.o)
                              c:/vsarm/armcc/112202~1.02/bin/../lib/gcc/arm-none-eabi/11.2.1/thumb/v6-m/nofp\libg.a(lib_a-callocr.o) (__errno)
c:/vsarm/armcc/112202~1.02/bin/../lib/gcc/arm-none-eabi/11.2.1/thumb/v6-m/nofp\libg.a(lib_a-impure.o)
                              c:/vsarm/armcc/112202~1.02/bin/../lib/gcc/arm-none-eabi/11.2.1/thumb/v6-m/nofp\libg.a(lib_a-calloc.o) (_impure_ptr)
c:/vsarm/armcc/112202~1.02/bin/../lib/gcc/arm-none-eabi/11.2.1/thumb/v6-m/nofp\libg.a(lib_a-init.o)
                              c:/vsarm/armcc/112202~1.02/bin/../lib/gcc/arm-none-eabi/11.2.1/thumb/v6-m/nofp/crt0.o (__libc_init_array)
c:/vsarm/armcc/112202~1.02/bin/../lib/gcc/arm-none-eabi/11.2.1/thumb/v6-m/nofp\libg.a(lib_a-malloc.o)
                              CMakeFiles/HelloWorld.dir/C_/VSARM/sdk/pico/pico-sdk/src/rp2_common/pico_malloc/pico_malloc.c.obj (malloc)
c:/vsarm/armcc/112202~1.02/bin/../lib/gcc/arm-none-eabi/11.2.1/thumb/v6-m/nofp\libg.a(lib_a-mallocr.o)
                              c:/vsarm/armcc/112202~1.02/bin/../lib/gcc/arm-none-eabi/11.2.1/thumb/v6-m/nofp\libg.a(lib_a-callocr.o) (_malloc_r)
c:/vsarm/armcc/112202~1.02/bin/../lib/gcc/arm-none-eabi/11.2.1/thumb/v6-m/nofp\libg.a(lib_a-mlock.o)
                              c:/vsarm/armcc/112202~1.02/bin/../lib/gcc/arm-none-eabi/11.2.1/thumb/v6-m/nofp\libg.a(lib_a-mallocr.o) (__malloc_lock)
c:/vsarm/armcc/112202~1.02/bin/../lib/gcc/arm-none-eabi/11.2.1/thumb/v6-m/nofp\libg.a(lib_a-realloc.o)
                              CMakeFiles/HelloWorld.dir/C_/VSARM/sdk/pico/pico-sdk/src/rp2_common/pico_malloc/pico_malloc.c.obj (realloc)
c:/vsarm/armcc/112202~1.02/bin/../lib/gcc/arm-none-eabi/11.2.1/thumb/v6-m/nofp\libg.a(lib_a-reallocr.o)
                              c:/vsarm/armcc/112202~1.02/bin/../lib/gcc/arm-none-eabi/11.2.1/thumb/v6-m/nofp\libg.a(lib_a-realloc.o) (_realloc_r)
c:/vsarm/armcc/112202~1.02/bin/../lib/gcc/arm-none-eabi/11.2.1/thumb/v6-m/nofp\libg.a(lib_a-sbrkr.o)
                              c:/vsarm/armcc/112202~1.02/bin/../lib/gcc/arm-none-eabi/11.2.1/thumb/v6-m/nofp\libg.a(lib_a-mallocr.o) (_sbrk_r)
c:/vsarm/armcc/112202~1.02/bin/../lib/gcc/arm-none-eabi/11.2.1/thumb/v6-m/nofp\libg.a(lib_a-strlen-stub.o)
                              CMakeFiles/HelloWorld.dir/C_/VSARM/sdk/pico/pico-sdk/src/rp2_common/pico_stdio/stdio.c.obj (strlen)
c:/vsarm/armcc/112202~1.02/bin/../lib/gcc/arm-none-eabi/11.2.1/thumb/v6-m/nofp\libg.a(lib_a-freer.o)
                              c:/vsarm/armcc/112202~1.02/bin/../lib/gcc/arm-none-eabi/11.2.1/thumb/v6-m/nofp\libg.a(lib_a-malloc.o) (_free_r)
c:/vsarm/armcc/112202~1.02/bin/../lib/gcc/arm-none-eabi/11.2.1/thumb/v6-m/nofp\libg.a(lib_a-memmove.o)
                              c:/vsarm/armcc/112202~1.02/bin/../lib/gcc/arm-none-eabi/11.2.1/thumb/v6-m/nofp\libg.a(lib_a-reallocr.o) (memmove)
c:/vsarm/armcc/112202~1.02/bin/../lib/gcc/arm-none-eabi/11.2.1/thumb/v6-m/nofp\libg.a(lib_a-reent.o)
                              c:/vsarm/armcc/112202~1.02/bin/../lib/gcc/arm-none-eabi/11.2.1/thumb/v6-m/nofp\libg.a(lib_a-sbrkr.o) (errno)

Discarded input sections

 .text          0x00000000        0x0 c:/vsarm/armcc/112202~1.02/bin/../lib/gcc/arm-none-eabi/11.2.1/thumb/v6-m/nofp/crti.o
 .data          0x00000000        0x0 c:/vsarm/armcc/112202~1.02/bin/../lib/gcc/arm-none-eabi/11.2.1/thumb/v6-m/nofp/crti.o
 .bss           0x00000000        0x0 c:/vsarm/armcc/112202~1.02/bin/../lib/gcc/arm-none-eabi/11.2.1/thumb/v6-m/nofp/crti.o
 .text          0x00000000        0x0 c:/vsarm/armcc/112202~1.02/bin/../lib/gcc/arm-none-eabi/11.2.1/thumb/v6-m/nofp/crtbegin.o
 .data          0x00000000        0x0 c:/vsarm/armcc/112202~1.02/bin/../lib/gcc/arm-none-eabi/11.2.1/thumb/v6-m/nofp/crtbegin.o
 .bss           0x00000000        0x0 c:/vsarm/armcc/112202~1.02/bin/../lib/gcc/arm-none-eabi/11.2.1/thumb/v6-m/nofp/crtbegin.o
 .rodata.all_implied_fbits
[...]
Memory Configuration

Name             Origin             Length             Attributes
FLASH            0x10000000         0x00200000         xr
RAM              0x20000000         0x00040000         xrw
SCRATCH_X        0x20040000         0x00001000         xrw
SCRATCH_Y        0x20041000         0x00001000         xrw
*default*        0x00000000         0xffffffff

Linker script and memory map

LOAD c:/vsarm/armcc/112202~1.02/bin/../lib/gcc/arm-none-eabi/11.2.1/thumb/v6-m/nofp/crti.o
LOAD c:/vsarm/armcc/112202~1.02/bin/../lib/gcc/arm-none-eabi/11.2.1/thumb/v6-m/nofp/crtbegin.o
LOAD c:/vsarm/armcc/112202~1.02/bin/../lib/gcc/arm-none-eabi/11.2.1/thumb/v6-m/nofp/crt0.o

.flash_begin    0x10000000        0x0
                0x10000000                __flash_binary_start = .

.boot2          0x10000000      0x100
                0x10000000                __boot2_start__ = .
 *(.boot2)
 .boot2         0x10000000      0x100 C:\Users\MIGUEL~1\AppData\Local\Temp\cc8is3pa.o
                0x10000100                __boot2_end__ = .
                0x00000001                ASSERT (((__boot2_end__ - __boot2_start__) == 0x100), ERROR: Pico second stage bootloader must be 256 bytes in size)

.text           0x10000100     0x7208
                0x10000100                __logical_binary_start = .
 *(.vectors)
 .vectors       0x10000100       0xd4 CMakeFiles/HelloWorld.dir/C_/VSARM/sdk/pico/pico-sdk/src/rp2_common/pico_standard_link/crt0.S.obj
                0x10000100                __VECTOR_TABLE
                0x10000100                __vectors
                0x100001c0                isr_invalid
                0x100001c0                __default_isrs_start
                0x100001c2                isr_nmi
                0x100001c4                isr_hardfault
                0x100001c6                isr_svcall
                0x100001c8                isr_pendsv
                0x100001ca                isr_systick
                0x100001cc                isr_irq23
                0x100001cc                isr_irq18
                0x100001cc                isr_irq11
                0x100001cc                isr_irq28
                0x100001cc                isr_irq19
                0x100001cc                isr_irq0
                0x100001cc                isr_irq6
                0x100001cc                isr_irq5
                0x100001cc                isr_irq12
                0x100001cc                isr_irq22
                0x100001cc                isr_irq31
                0x100001cc                isr_irq17
                0x100001cc                isr_irq27
                0x100001cc                isr_irq30
                0x100001cc                isr_irq2
                0x100001cc                isr_irq10
                0x100001cc                isr_irq8
                0x100001cc                isr_irq24
                0x100001cc                isr_irq1
                0x100001cc                isr_irq7
                0x100001cc                isr_irq21
                0x100001cc                isr_irq20
                0x100001cc                isr_irq15
                0x100001cc                isr_irq25
                0x100001cc                isr_irq13
                0x100001cc                __unhandled_user_irq
                0x100001cc                isr_irq4
                0x100001cc                isr_irq16
                0x100001cc                isr_irq29
                0x100001cc                isr_irq26
                0x100001cc                __default_isrs_end
                0x100001cc                isr_irq3
                0x100001cc                isr_irq14
                0x100001cc                isr_irq9
                0x100001d2                unhandled_user_irq_num_in_r0
 *(.binary_info_header)
 .binary_info_header
                0x100001d4       0x14 CMakeFiles/HelloWorld.dir/C_/VSARM/sdk/pico/pico-sdk/src/rp2_common/pico_standard_link/crt0.S.obj
                0x100001e8                __binary_info_header_end = .
 *(.reset)
 .reset         0x100001e8       0xa8 CMakeFiles/HelloWorld.dir/C_/VSARM/sdk/pico/pico-sdk/src/rp2_common/pico_standard_link/crt0.S.obj
                0x100001e8                _entry_point
                0x10000266                __get_current_exception
 .reset         0x10000290       0x30 CMakeFiles/HelloWorld.dir/C_/VSARM/sdk/pico/pico-sdk/src/rp2_common/pico_standard_link/binary_info.c.obj
 *(.init)
 .init          0x100002c0        0x4 c:/vsarm/armcc/112202~1.02/bin/../lib/gcc/arm-none-eabi/11.2.1/thumb/v6-m/nofp/crti.o
                0x100002c0                _init
 *(EXCLUDE_FILE(*libm.a: *libc.a:*lib_a-mem*.o *libgcc.a:) .text*)
 .text.register_tm_clones
                0x100002c4       0x28 c:/vsarm/armcc/112202~1.02/bin/../lib/gcc/arm-none-eabi/11.2.1/thumb/v6-m/nofp/crtbegin.o
 .text.frame_dummy
                0x100002ec       0x24 c:/vsarm/armcc/112202~1.02/bin/../lib/gcc/arm-none-eabi/11.2.1/thumb/v6-m/nofp/crtbegin.o
 .text.main     0x10000310       0x40 CMakeFiles/HelloWorld.dir/main.cpp.obj
                0x10000310                main
 .text.gpio_set_function
                0x10000350       0x30 CMakeFiles/HelloWorld.dir/C_/VSARM/sdk/pico/pico-sdk/src/rp2_common/hardware_gpio/gpio.c.obj
                0x10000350                gpio_set_function
 .text.gpio_init
                0x10000380       0x16 CMakeFiles/HelloWorld.dir/C_/VSARM/sdk/pico/pico-sdk/src/rp2_common/hardware_gpio/gpio.c.obj
                0x10000380                gpio_init
 *fill*         0x10000396        0x2 
 .text.hw_claim_lock
                0x10000398       0x18 CMakeFiles/HelloWorld.dir/C_/VSARM/sdk/pico/pico-sdk/src/rp2_common/hardware_claim/claim.c.obj
                0x10000398                hw_claim_lock
 .text.hw_claim_unlock
                0x100003b0       0x14 CMakeFiles/HelloWorld.dir/C_/VSARM/sdk/pico/pico-sdk/src/rp2_common/hardware_claim/claim.c.obj
                0x100003b0                hw_claim_unlock
 .text.hw_claim_or_assert
                0x100003c4       0x32 CMakeFiles/HelloWorld.dir/C_/VSARM/sdk/pico/pico-sdk/src/rp2_common/hardware_claim/claim.c.obj
                0x100003c4                hw_claim_or_assert
 .text.hw_claim_unused_from_range
                0x100003f6       0x50 CMakeFiles/HelloWorld.dir/C_/VSARM/sdk/pico/pico-sdk/src/rp2_common/hardware_claim/claim.c.obj
                0x100003f6                hw_claim_unused_from_range
 *fill*         0x10000446        0x2 
 .text.running_on_fpga
                0x10000448       0x14 CMakeFiles/HelloWorld.dir/C_/VSARM/sdk/pico/pico-sdk/src/rp2_common/pico_platform/platform.c.obj
                0x10000448                running_on_fpga
 .text.spin_locks_reset
                0x1000045c       0x20 CMakeFiles/HelloWorld.dir/C_/VSARM/sdk/pico/pico-sdk/src/rp2_common/hardware_sync/sync.c.obj
                0x1000045c                spin_locks_reset
 .text.next_striped_spin_lock_num
                0x1000047c       0x1c CMakeFiles/HelloWorld.dir/C_/VSARM/sdk/pico/pico-sdk/src/rp2_common/hardware_sync/sync.c.obj
                0x1000047c                next_striped_spin_lock_num
 .text.spin_lock_claim_unused
                0x10000498       0x24 CMakeFiles/HelloWorld.dir/C_/VSARM/sdk/pico/pico-sdk/src/rp2_common/hardware_sync/sync.c.obj
                0x10000498                spin_lock_claim_unused
 .text.set_raw_irq_handler_and_unlock
                0x100004bc       0x28 CMakeFiles/HelloWorld.dir/C_/VSARM/sdk/pico/pico-sdk/src/rp2_common/hardware_irq/irq.c.obj
 .text.make_branch
                0x100004e4       0x48 CMakeFiles/HelloWorld.dir/C_/VSARM/sdk/pico/pico-sdk/src/rp2_common/hardware_irq/irq.c.obj
 .text.insert_branch_and_link
                0x1000052c       0x40 CMakeFiles/HelloWorld.dir/C_/VSARM/sdk/pico/pico-sdk/src/rp2_common/hardware_irq/irq.c.obj
 .text.irq_is_enabled
                0x1000056c       0x18 CMakeFiles/HelloWorld.dir/C_/VSARM/sdk/pico/pico-sdk/src/rp2_common/hardware_irq/irq.c.obj
                0x1000056c                irq_is_enabled
 .text.irq_set_mask_enabled
                0x10000584       0x20 CMakeFiles/HelloWorld.dir/C_/VSARM/sdk/pico/pico-sdk/src/rp2_common/hardware_irq/irq.c.obj
                0x10000584                irq_set_mask_enabled
 .text.irq_set_enabled
                0x100005a4        0xe CMakeFiles/HelloWorld.dir/C_/VSARM/sdk/pico/pico-sdk/src/rp2_common/hardware_irq/irq.c.obj
                0x100005a4                irq_set_enabled
 *fill*         0x100005b2        0x2 
 .text.irq_set_pending
                0x100005b4       0x10 CMakeFiles/HelloWorld.dir/C_/VSARM/sdk/pico/pico-sdk/src/rp2_common/hardware_irq/irq.c.obj
                0x100005b4                irq_set_pending
 .text.irq_get_vtable_handler
                0x100005c4       0x10 CMakeFiles/HelloWorld.dir/C_/VSARM/sdk/pico/pico-sdk/src/rp2_common/hardware_irq/irq.c.obj
                0x100005c4                irq_get_vtable_handler
 .text.irq_has_shared_handler
                0x100005d4       0x24 CMakeFiles/HelloWorld.dir/C_/VSARM/sdk/pico/pico-sdk/src/rp2_common/hardware_irq/irq.c.obj
                0x100005d4                irq_has_shared_handler
 .text.irq_set_exclusive_handler
                0x100005f8       0x54 CMakeFiles/HelloWorld.dir/C_/VSARM/sdk/pico/pico-sdk/src/rp2_common/hardware_irq/irq.c.obj
                0x100005f8                irq_set_exclusive_handler
 .text.irq_add_shared_handler
                0x1000064c      0x230 CMakeFiles/HelloWorld.dir/C_/VSARM/sdk/pico/pico-sdk/src/rp2_common/hardware_irq/irq.c.obj
                0x1000064c                irq_add_shared_handler
 .text.irq_remove_handler
                0x1000087c      0x1a4 CMakeFiles/HelloWorld.dir/C_/VSARM/sdk/pico/pico-sdk/src/rp2_common/hardware_irq/irq.c.obj
                0x1000087c                irq_remove_handler
 .text.irq_add_tail_to_free_list
                0x10000a20       0xf0 CMakeFiles/HelloWorld.dir/C_/VSARM/sdk/pico/pico-sdk/src/rp2_common/hardware_irq/irq.c.obj
                0x10000a20                irq_add_tail_to_free_list
 .text.irq_init_priorities
                0x10000b10       0x1c CMakeFiles/HelloWorld.dir/C_/VSARM/sdk/pico/pico-sdk/src/rp2_common/hardware_irq/irq.c.obj
                0x10000b10                irq_init_priorities
 .text.user_irq_claim_unused
                0x10000b2c       0x30 CMakeFiles/HelloWorld.dir/C_/VSARM/sdk/pico/pico-sdk/src/rp2_common/hardware_irq/irq.c.obj
                0x10000b2c                user_irq_claim_unused
 .text.lock_init
                0x10000b5c       0x10 CMakeFiles/HelloWorld.dir/C_/VSARM/sdk/pico/pico-sdk/src/common/pico_sync/lock_core.c.obj
                0x10000b5c                lock_init
 .text.alarm_pool_post_alloc_init
                0x10000b6c       0x40 CMakeFiles/HelloWorld.dir/C_/VSARM/sdk/pico/pico-sdk/src/common/pico_time/time.c.obj
 .text.sleep_until_callback
                0x10000bac       0x30 CMakeFiles/HelloWorld.dir/C_/VSARM/sdk/pico/pico-sdk/src/common/pico_time/time.c.obj
 .text.timer_pool_entry_comparator
                0x10000bdc       0x78 CMakeFiles/HelloWorld.dir/C_/VSARM/sdk/pico/pico-sdk/src/common/pico_time/time.c.obj
                0x10000bdc                timer_pool_entry_comparator
 .text.ph_add_child_node
                0x10000c54       0xa0 CMakeFiles/HelloWorld.dir/C_/VSARM/sdk/pico/pico-sdk/src/common/pico_time/time.c.obj
 .text.ph_merge_nodes
                0x10000cf4       0x3e CMakeFiles/HelloWorld.dir/C_/VSARM/sdk/pico/pico-sdk/src/common/pico_time/time.c.obj
 *fill*         0x10000d32        0x2 
 .text.add_alarm_under_lock
                0x10000d34      0x16c CMakeFiles/HelloWorld.dir/C_/VSARM/sdk/pico/pico-sdk/src/common/pico_time/time.c.obj
 .text.alarm_pool_alarm_callback
                0x10000ea0      0x328 CMakeFiles/HelloWorld.dir/C_/VSARM/sdk/pico/pico-sdk/src/common/pico_time/time.c.obj
 .text.alarm_pool_init_default
                0x100011c8       0x38 CMakeFiles/HelloWorld.dir/C_/VSARM/sdk/pico/pico-sdk/src/common/pico_time/time.c.obj
                0x100011c8                alarm_pool_init_default
 .text.alarm_pool_get_default
                0x10001200       0x2c CMakeFiles/HelloWorld.dir/C_/VSARM/sdk/pico/pico-sdk/src/common/pico_time/time.c.obj
                0x10001200                alarm_pool_get_default
 .text.alarm_pool_add_alarm_at
                0x1000122c      0x178 CMakeFiles/HelloWorld.dir/C_/VSARM/sdk/pico/pico-sdk/src/common/pico_time/time.c.obj
                0x1000122c                alarm_pool_add_alarm_at
 .text.alarm_pool_cancel_alarm
                0x100013a4       0xec CMakeFiles/HelloWorld.dir/C_/VSARM/sdk/pico/pico-sdk/src/common/pico_time/time.c.obj
                0x100013a4                alarm_pool_cancel_alarm
 .text.sleep_until
                0x10001490       0xfc CMakeFiles/HelloWorld.dir/C_/VSARM/sdk/pico/pico-sdk/src/common/pico_time/time.c.obj
                0x10001490                sleep_until
 .text.sleep_us
                0x1000158c       0x58 CMakeFiles/HelloWorld.dir/C_/VSARM/sdk/pico/pico-sdk/src/common/pico_time/time.c.obj
                0x1000158c                sleep_us
 .text.sleep_ms
                0x100015e4       0x14 CMakeFiles/HelloWorld.dir/C_/VSARM/sdk/pico/pico-sdk/src/common/pico_time/time.c.obj
                0x100015e4                sleep_ms
 .text.best_effort_wfe_or_timeout
                0x100015f8       0x80 CMakeFiles/HelloWorld.dir/C_/VSARM/sdk/pico/pico-sdk/src/common/pico_time/time.c.obj
                0x100015f8                best_effort_wfe_or_timeout
 .text.hardware_alarm_irq_handler
                0x10001678       0x88 CMakeFiles/HelloWorld.dir/C_/VSARM/sdk/pico/pico-sdk/src/rp2_common/hardware_timer/timer.c.obj
 .text.hardware_alarm_claim
                0x10001700       0x18 CMakeFiles/HelloWorld.dir/C_/VSARM/sdk/pico/pico-sdk/src/rp2_common/hardware_timer/timer.c.obj
                0x10001700                hardware_alarm_claim
 .text.time_us_64
                0x10001718       0x18 CMakeFiles/HelloWorld.dir/C_/VSARM/sdk/pico/pico-sdk/src/rp2_common/hardware_timer/timer.c.obj
                0x10001718                time_us_64
 .text.busy_wait_until
                0x10001730       0x28 CMakeFiles/HelloWorld.dir/C_/VSARM/sdk/pico/pico-sdk/src/rp2_common/hardware_timer/timer.c.obj
                0x10001730                busy_wait_until
 .text.hardware_alarm_set_callback
                0x10001758       0x90 CMakeFiles/HelloWorld.dir/C_/VSARM/sdk/pico/pico-sdk/src/rp2_common/hardware_timer/timer.c.obj
                0x10001758                hardware_alarm_set_callback
 .text.hardware_alarm_set_target
                0x100017e8       0xe8 CMakeFiles/HelloWorld.dir/C_/VSARM/sdk/pico/pico-sdk/src/rp2_common/hardware_timer/timer.c.obj
                0x100017e8                hardware_alarm_set_target
 .text.hardware_alarm_cancel
                0x100018d0       0x40 CMakeFiles/HelloWorld.dir/C_/VSARM/sdk/pico/pico-sdk/src/rp2_common/hardware_timer/timer.c.obj
                0x100018d0                hardware_alarm_cancel
 .text.ph_add_child_node
                0x10001910       0xa0 CMakeFiles/HelloWorld.dir/C_/VSARM/sdk/pico/pico-sdk/src/common/pico_util/pheap.c.obj
 .text.ph_merge_nodes
                0x100019b0       0x3e CMakeFiles/HelloWorld.dir/C_/VSARM/sdk/pico/pico-sdk/src/common/pico_util/pheap.c.obj
 *fill*         0x100019ee        0x2 
 .text.ph_clear
                0x100019f0       0x70 CMakeFiles/HelloWorld.dir/C_/VSARM/sdk/pico/pico-sdk/src/common/pico_util/pheap.c.obj
                0x100019f0                ph_clear
 .text.ph_post_alloc_init
                0x10001a60        0xe CMakeFiles/HelloWorld.dir/C_/VSARM/sdk/pico/pico-sdk/src/common/pico_util/pheap.c.obj
                0x10001a60                ph_post_alloc_init
 *fill*         0x10001a6e        0x2 
 .text.ph_merge_two_pass
                0x10001a70       0xa4 CMakeFiles/HelloWorld.dir/C_/VSARM/sdk/pico/pico-sdk/src/common/pico_util/pheap.c.obj
                0x10001a70                ph_merge_two_pass
 .text.ph_remove_any_head
                0x10001b14      0x104 CMakeFiles/HelloWorld.dir/C_/VSARM/sdk/pico/pico-sdk/src/common/pico_util/pheap.c.obj
 .text.ph_remove_head
                0x10001c18       0x14 CMakeFiles/HelloWorld.dir/C_/VSARM/sdk/pico/pico-sdk/src/common/pico_util/pheap.c.obj
                0x10001c18                ph_remove_head
 .text.ph_remove_and_free_node
                0x10001c2c       0xf8 CMakeFiles/HelloWorld.dir/C_/VSARM/sdk/pico/pico-sdk/src/common/pico_util/pheap.c.obj
                0x10001c2c                ph_remove_and_free_node
 .text.mutex_init
                0x10001d24       0x1a CMakeFiles/HelloWorld.dir/C_/VSARM/sdk/pico/pico-sdk/src/common/pico_sync/mutex.c.obj
                0x10001d24                mutex_init
 .text.recursive_mutex_init
                0x10001d3e       0x1e CMakeFiles/HelloWorld.dir/C_/VSARM/sdk/pico/pico-sdk/src/common/pico_sync/mutex.c.obj
                0x10001d3e                recursive_mutex_init
 .text.critical_section_init_with_lock_num
                0x10001d5c       0x14 CMakeFiles/HelloWorld.dir/C_/VSARM/sdk/pico/pico-sdk/src/common/pico_sync/critical_section.c.obj
                0x10001d5c                critical_section_init_with_lock_num
 .text.critical_section_init
                0x10001d70       0x14 CMakeFiles/HelloWorld.dir/C_/VSARM/sdk/pico/pico-sdk/src/common/pico_sync/critical_section.c.obj
                0x10001d70                critical_section_init
 .text._exit    0x10001d84        0x4 CMakeFiles/HelloWorld.dir/C_/VSARM/sdk/pico/pico-sdk/src/rp2_common/pico_runtime/runtime.c.obj
                0x10001d84                _exit
 .text.exit     0x10001d88        0x6 CMakeFiles/HelloWorld.dir/C_/VSARM/sdk/pico/pico-sdk/src/rp2_common/pico_runtime/runtime.c.obj
                0x10001d88                exit
 *fill*         0x10001d8e        0x2 
 .text.__assert_func
                0x10001d90       0x3c CMakeFiles/HelloWorld.dir/C_/VSARM/sdk/pico/pico-sdk/src/rp2_common/pico_runtime/runtime.c.obj
                0x10001d90                __assert_func
 .text.runtime_init
                0x10001dcc       0xf8 CMakeFiles/HelloWorld.dir/C_/VSARM/sdk/pico/pico-sdk/src/rp2_common/pico_runtime/runtime.c.obj
                0x10001dcc                runtime_init
 .text.panic    0x10001ec4       0x30 CMakeFiles/HelloWorld.dir/C_/VSARM/sdk/pico/pico-sdk/src/rp2_common/pico_runtime/runtime.c.obj
                0x10001ec4                panic
 .text.clock_configure
                0x10001ef4      0x104 CMakeFiles/HelloWorld.dir/C_/VSARM/sdk/pico/pico-sdk/src/rp2_common/hardware_clocks/clocks.c.obj
                0x10001ef4                clock_configure
 .text.clocks_init
                0x10001ff8      0x100 CMakeFiles/HelloWorld.dir/C_/VSARM/sdk/pico/pico-sdk/src/rp2_common/hardware_clocks/clocks.c.obj
                0x10001ff8                clocks_init
 .text.pll_init
                0x100020f8      0x140 CMakeFiles/HelloWorld.dir/C_/VSARM/sdk/pico/pico-sdk/src/rp2_common/hardware_pll/pll.c.obj
                0x100020f8                pll_init
 .text.watchdog_start_tick
                0x10002238       0x10 CMakeFiles/HelloWorld.dir/C_/VSARM/sdk/pico/pico-sdk/src/rp2_common/hardware_watchdog/watchdog.c.obj
                0x10002238                watchdog_start_tick
 .text.watchdog_update
                0x10002248       0x14 CMakeFiles/HelloWorld.dir/C_/VSARM/sdk/pico/pico-sdk/src/rp2_common/hardware_watchdog/watchdog.c.obj
                0x10002248                watchdog_update
 .text._watchdog_enable
                0x1000225c       0x78 CMakeFiles/HelloWorld.dir/C_/VSARM/sdk/pico/pico-sdk/src/rp2_common/hardware_watchdog/watchdog.c.obj
                0x1000225c                _watchdog_enable
 .text.watchdog_reboot
                0x100022d4       0x48 CMakeFiles/HelloWorld.dir/C_/VSARM/sdk/pico/pico-sdk/src/rp2_common/hardware_watchdog/watchdog.c.obj
                0x100022d4                watchdog_reboot
 .text.xosc_init
                0x1000231c       0x28 CMakeFiles/HelloWorld.dir/C_/VSARM/sdk/pico/pico-sdk/src/rp2_common/hardware_xosc/xosc.c.obj
                0x1000231c                xosc_init
 .text._out_null
                0x10002344        0x2 CMakeFiles/HelloWorld.dir/C_/VSARM/sdk/pico/pico-sdk/src/rp2_common/pico_printf/printf.c.obj
 .text._out_fct
                0x10002346        0xe CMakeFiles/HelloWorld.dir/C_/VSARM/sdk/pico/pico-sdk/src/rp2_common/pico_printf/printf.c.obj
 .text._atoi    0x10002354       0x24 CMakeFiles/HelloWorld.dir/C_/VSARM/sdk/pico/pico-sdk/src/rp2_common/pico_printf/printf.c.obj
 .text._out_rev
                0x10002378       0xae CMakeFiles/HelloWorld.dir/C_/VSARM/sdk/pico/pico-sdk/src/rp2_common/pico_printf/printf.c.obj
 .text._ntoa_format
                0x10002426      0x112 CMakeFiles/HelloWorld.dir/C_/VSARM/sdk/pico/pico-sdk/src/rp2_common/pico_printf/printf.c.obj
 .text._ntoa_long
                0x10002538       0xbc CMakeFiles/HelloWorld.dir/C_/VSARM/sdk/pico/pico-sdk/src/rp2_common/pico_printf/printf.c.obj
 .text._ntoa_long_long
                0x100025f4       0xe2 CMakeFiles/HelloWorld.dir/C_/VSARM/sdk/pico/pico-sdk/src/rp2_common/pico_printf/printf.c.obj
 *fill*         0x100026d6        0x2 
 .text._etoa    0x100026d8      0x414 CMakeFiles/HelloWorld.dir/C_/VSARM/sdk/pico/pico-sdk/src/rp2_common/pico_printf/printf.c.obj
 .text._ftoa    0x10002aec      0x354 CMakeFiles/HelloWorld.dir/C_/VSARM/sdk/pico/pico-sdk/src/rp2_common/pico_printf/printf.c.obj
 .text._vsnprintf
                0x10002e40      0x650 CMakeFiles/HelloWorld.dir/C_/VSARM/sdk/pico/pico-sdk/src/rp2_common/pico_printf/printf.c.obj
 .text.vfctprintf
                0x10003490       0x20 CMakeFiles/HelloWorld.dir/C_/VSARM/sdk/pico/pico-sdk/src/rp2_common/pico_printf/printf.c.obj
                0x10003490                vfctprintf
 .text          0x100034b0       0x10 CMakeFiles/HelloWorld.dir/C_/VSARM/sdk/pico/pico-sdk/src/rp2_common/pico_bit_ops/bit_ops_aeabi.S.obj
 .text.rom_func_lookup
                0x100034c0       0x10 CMakeFiles/HelloWorld.dir/C_/VSARM/sdk/pico/pico-sdk/src/rp2_common/pico_bootrom/bootrom.c.obj
                0x100034c0                rom_func_lookup
 .text.rom_data_lookup
                0x100034d0       0x10 CMakeFiles/HelloWorld.dir/C_/VSARM/sdk/pico/pico-sdk/src/rp2_common/pico_bootrom/bootrom.c.obj
                0x100034d0                rom_data_lookup
 .text.rom_funcs_lookup
                0x100034e0       0x36 CMakeFiles/HelloWorld.dir/C_/VSARM/sdk/pico/pico-sdk/src/rp2_common/pico_bootrom/bootrom.c.obj
                0x100034e0                rom_funcs_lookup
 *fill*         0x10003516        0x2 
 .text.__wrap___aeabi_idiv
                0x10003518       0x50 CMakeFiles/HelloWorld.dir/C_/VSARM/sdk/pico/pico-sdk/src/rp2_common/pico_divider/divider.S.obj
                0x10003518                __wrap___aeabi_idivmod
                0x10003518                divmod_s32s32
                0x10003518                div_s32s32
                0x10003518                __wrap___aeabi_idiv
                0x10003520                divmod_s32s32_unsafe
                0x1000354c                divmod_s32s32_savestate
 .text.__wrap___aeabi_uidiv
                0x10003568       0x4c CMakeFiles/HelloWorld.dir/C_/VSARM/sdk/pico/pico-sdk/src/rp2_common/pico_divider/divider.S.obj
                0x10003568                __wrap___aeabi_uidiv
                0x10003568                __wrap___aeabi_uidivmod
                0x10003568                div_u32u32
                0x10003568                divmod_u32u32
                0x10003570                divmod_u32u32_unsafe
                0x10003598                divmod_u32u32_savestate
 .text.__wrap___aeabi_ldiv
                0x100035b4      0x434 CMakeFiles/HelloWorld.dir/C_/VSARM/sdk/pico/pico-sdk/src/rp2_common/pico_divider/divider.S.obj
                0x100035b4                div_s64s64
                0x100035b4                divmod_s64s64
                0x100035b4                __wrap___aeabi_ldivmod
                0x100035ec                divmod_u64u64
                0x100035ec                div_u64u64
                0x100035ec                __wrap___aeabi_uldivmod
                0x100035fc                divmod_u64u64_savestate
                0x10003624                divmod_s64s64_unsafe
                0x100036ac                divmod_u64u64_unsafe
 .text.__wrap___aeabi_darithmetic
                0x100039e8       0x80 CMakeFiles/HelloWorld.dir/C_/VSARM/sdk/pico/pico-sdk/src/rp2_common/pico_double/double_aeabi.S.obj
                0x100039e8                __wrap___aeabi_drsub
                0x100039ee                __wrap___aeabi_dsub
                0x10003a00                __wrap___aeabi_dadd
                0x10003a12                __wrap___aeabi_ddiv
                0x10003a4e                __wrap___aeabi_dmul
 .text.__wrap___aeabi_cdcmple
                0x10003a68       0x6c CMakeFiles/HelloWorld.dir/C_/VSARM/sdk/pico/pico-sdk/src/rp2_common/pico_double/double_aeabi.S.obj
                0x10003a68                __wrap___aeabi_cdrcmple
                0x10003a78                __wrap___aeabi_cdcmpeq
                0x10003a78                __wrap___aeabi_cdcmple
 .text.__wrap___aeabi_dcmplt
                0x10003ad4        0xc CMakeFiles/HelloWorld.dir/C_/VSARM/sdk/pico/pico-sdk/src/rp2_common/pico_double/double_aeabi.S.obj
                0x10003ad4                __wrap___aeabi_dcmplt
 .text.__wrap___aeabi_dcmple
                0x10003ae0       0x10 CMakeFiles/HelloWorld.dir/C_/VSARM/sdk/pico/pico-sdk/src/rp2_common/pico_double/double_aeabi.S.obj
                0x10003ae0                __wrap___aeabi_dcmple
 .text.__wrap___aeabi_dcmpge
                0x10003af0       0x10 CMakeFiles/HelloWorld.dir/C_/VSARM/sdk/pico/pico-sdk/src/rp2_common/pico_double/double_aeabi.S.obj
                0x10003af0                __wrap___aeabi_dcmpge
 .text.__wrap___aeabi_dcmpgt
                0x10003b00        0xa CMakeFiles/HelloWorld.dir/C_/VSARM/sdk/pico/pico-sdk/src/rp2_common/pico_double/double_aeabi.S.obj
                0x10003b00                __wrap___aeabi_dcmpgt
 .text.__wrap___aeabi_dcmpun
                0x10003b0a       0x1c CMakeFiles/HelloWorld.dir/C_/VSARM/sdk/pico/pico-sdk/src/rp2_common/pico_double/double_aeabi.S.obj
                0x10003b0a                __wrap___aeabi_dcmpun
 *fill*         0x10003b26        0x2 
 .text.__wrap___aeabi_i2d
                0x10003b28       0x38 CMakeFiles/HelloWorld.dir/C_/VSARM/sdk/pico/pico-sdk/src/rp2_common/pico_double/double_aeabi.S.obj
                0x10003b28                __wrap___aeabi_ui2d
                0x10003b30                __wrap___aeabi_i2d
 .text.__wrap___aeabi_d2iz
                0x10003b60       0x48 CMakeFiles/HelloWorld.dir/C_/VSARM/sdk/pico/pico-sdk/src/rp2_common/pico_double/double_aeabi.S.obj
                0x10003b60                double2int_z
                0x10003b60                __wrap___aeabi_d2iz
 .text.__wrap___aeabi_d2uiz
                0x10003ba8       0x18 CMakeFiles/HelloWorld.dir/C_/VSARM/sdk/pico/pico-sdk/src/rp2_common/pico_double/double_aeabi.S.obj
                0x10003ba8                __wrap___aeabi_d2uiz
                0x10003ba8                double2uint
 .text.__aeabi_double_init
                0x10003bc0       0xc8 CMakeFiles/HelloWorld.dir/C_/VSARM/sdk/pico/pico-sdk/src/rp2_common/pico_double/double_init_rom.c.obj
                0x10003bc0                __aeabi_double_init
 .text.double_table_shim_on_use_helper
                0x10003c88       0x34 CMakeFiles/HelloWorld.dir/C_/VSARM/sdk/pico/pico-sdk/src/rp2_common/pico_double/double_v1_rom_shim.S.obj
                0x10003c88                double_table_shim_on_use_helper
 .text.__wrap___aeabi_dsub
                0x10003cbc       0x10 CMakeFiles/HelloWorld.dir/C_/VSARM/sdk/pico/pico-sdk/src/rp2_common/pico_double/double_v1_rom_shim.S.obj
                0x10003cbc                drsub_shim
                0x10003cc2                dsub_shim
 .text.dadd_shim
                0x10003ccc      0x15c CMakeFiles/HelloWorld.dir/C_/VSARM/sdk/pico/pico-sdk/src/rp2_common/pico_double/double_v1_rom_shim.S.obj
                0x10003ccc                dadd_shim
 .text.dmul_shim
                0x10003e28      0x15c CMakeFiles/HelloWorld.dir/C_/VSARM/sdk/pico/pico-sdk/src/rp2_common/pico_double/double_v1_rom_shim.S.obj
                0x10003e28                dmul_shim
 .text.ddiv_shim
                0x10003f84      0x1b0 CMakeFiles/HelloWorld.dir/C_/VSARM/sdk/pico/pico-sdk/src/rp2_common/pico_double/double_v1_rom_shim.S.obj
                0x10003f84                ddiv_shim
 .text.double2uint_shim
                0x10004134        0xe CMakeFiles/HelloWorld.dir/C_/VSARM/sdk/pico/pico-sdk/src/rp2_common/pico_double/double_v1_rom_shim.S.obj
                0x10004134                double2uint_shim
                0x10004136                double2ufix_shim
 *fill*         0x10004142        0x2 
 .text.double2uint64_shim
                0x10004144       0x70 CMakeFiles/HelloWorld.dir/C_/VSARM/sdk/pico/pico-sdk/src/rp2_common/pico_double/double_v1_rom_shim.S.obj
                0x10004144                double2uint64_shim
                0x10004146                double2ufix64_shim
                0x10004166                d2fix_a
 .text.dunpacks
                0x100041b4       0x3c CMakeFiles/HelloWorld.dir/C_/VSARM/sdk/pico/pico-sdk/src/rp2_common/pico_double/double_v1_rom_shim.S.obj
                0x100041b4                dunpacks
 .text.__aeabi_lmul
                0x100041f0       0x32 CMakeFiles/HelloWorld.dir/C_/VSARM/sdk/pico/pico-sdk/src/rp2_common/pico_int64_ops/pico_int64_ops_aeabi.S.obj
                0x100041f0                __wrap___aeabi_lmul
 *fill*         0x10004222        0x2 
 .text.__aeabi_float_init
                0x10004224       0xfc CMakeFiles/HelloWorld.dir/C_/VSARM/sdk/pico/pico-sdk/src/rp2_common/pico_float/float_init_rom.c.obj
                0x10004224                __aeabi_float_init
 .text.float_table_shim_on_use_helper
                0x10004320       0x34 CMakeFiles/HelloWorld.dir/C_/VSARM/sdk/pico/pico-sdk/src/rp2_common/pico_float/float_v1_rom_shim.S.obj
                0x10004320                float_table_shim_on_use_helper
 .text          0x10004354       0x10 CMakeFiles/HelloWorld.dir/C_/VSARM/sdk/pico/pico-sdk/src/rp2_common/pico_mem_ops/mem_ops_aeabi.S.obj
                0x10004354                __aeabi_mem_init
 .text.memset   0x10004364        0xc CMakeFiles/HelloWorld.dir/C_/VSARM/sdk/pico/pico-sdk/src/rp2_common/pico_mem_ops/mem_ops_aeabi.S.obj
                0x10004364                __wrap_memset
 .text.memcpy   0x10004370        0xc CMakeFiles/HelloWorld.dir/C_/VSARM/sdk/pico/pico-sdk/src/rp2_common/pico_mem_ops/mem_ops_aeabi.S.obj
                0x10004370                __wrap_memcpy
                0x10004370                __wrap___aeabi_memcpy
 .text.stdio_out_chars_no_crlf
                0x1000437c        0xe CMakeFiles/HelloWorld.dir/C_/VSARM/sdk/pico/pico-sdk/src/rp2_common/pico_stdio/stdio.c.obj
 *fill*         0x1000438a        0x2 
 .text.stdio_out_chars_crlf
                0x1000438c       0x80 CMakeFiles/HelloWorld.dir/C_/VSARM/sdk/pico/pico-sdk/src/rp2_common/pico_stdio/stdio.c.obj
 .text.stdio_stack_buffer_flush
                0x1000440c       0x44 CMakeFiles/HelloWorld.dir/C_/VSARM/sdk/pico/pico-sdk/src/rp2_common/pico_stdio/stdio.c.obj
 .text.stdio_buffered_printer
                0x10004450       0x20 CMakeFiles/HelloWorld.dir/C_/VSARM/sdk/pico/pico-sdk/src/rp2_common/pico_stdio/stdio.c.obj
 .text.stdout_serialize_begin
                0x10004470       0x30 CMakeFiles/HelloWorld.dir/C_/VSARM/sdk/pico/pico-sdk/src/rp2_common/pico_stdio/stdio.c.obj
                0x10004470                stdout_serialize_begin
 .text.stdout_serialize_end
                0x100044a0       0x10 CMakeFiles/HelloWorld.dir/C_/VSARM/sdk/pico/pico-sdk/src/rp2_common/pico_stdio/stdio.c.obj
                0x100044a0                stdout_serialize_end
 .text.stdio_put_string
                0x100044b0       0x98 CMakeFiles/HelloWorld.dir/C_/VSARM/sdk/pico/pico-sdk/src/rp2_common/pico_stdio/stdio.c.obj
 .text.stdio_set_driver_enabled
                0x10004548       0x2c CMakeFiles/HelloWorld.dir/C_/VSARM/sdk/pico/pico-sdk/src/rp2_common/pico_stdio/stdio.c.obj
                0x10004548                stdio_set_driver_enabled
 .text.stdio_flush
                0x10004574       0x20 CMakeFiles/HelloWorld.dir/C_/VSARM/sdk/pico/pico-sdk/src/rp2_common/pico_stdio/stdio.c.obj
                0x10004574                stdio_flush
 .text.__wrap_puts
                0x10004594       0x1e CMakeFiles/HelloWorld.dir/C_/VSARM/sdk/pico/pico-sdk/src/rp2_common/pico_stdio/stdio.c.obj
                0x10004594                __wrap_puts
 *fill*         0x100045b2        0x2 
 .text.__wrap_vprintf
                0x100045b4       0x44 CMakeFiles/HelloWorld.dir/C_/VSARM/sdk/pico/pico-sdk/src/rp2_common/pico_stdio/stdio.c.obj
                0x100045b4                __wrap_vprintf
 .text.__wrap_printf
                0x100045f8       0x18 CMakeFiles/HelloWorld.dir/C_/VSARM/sdk/pico/pico-sdk/src/rp2_common/pico_stdio/stdio.c.obj
                0x100045f8                __wrap_printf
 .text.stdio_init_all
                0x10004610        0x8 CMakeFiles/HelloWorld.dir/C_/VSARM/sdk/pico/pico-sdk/src/rp2_common/pico_stdio/stdio.c.obj
                0x10004610                stdio_init_all
 .text.resetd_init
                0x10004618        0x2 CMakeFiles/HelloWorld.dir/C_/VSARM/sdk/pico/pico-sdk/src/rp2_common/pico_stdio_usb/reset_interface.c.obj
 *fill*         0x1000461a        0x2 
 .text.resetd_reset
                0x1000461c        0xc CMakeFiles/HelloWorld.dir/C_/VSARM/sdk/pico/pico-sdk/src/rp2_common/pico_stdio_usb/reset_interface.c.obj
 .text.resetd_open
                0x10004628       0x34 CMakeFiles/HelloWorld.dir/C_/VSARM/sdk/pico/pico-sdk/src/rp2_common/pico_stdio_usb/reset_interface.c.obj
 .text.resetd_xfer_cb
                0x1000465c        0x4 CMakeFiles/HelloWorld.dir/C_/VSARM/sdk/pico/pico-sdk/src/rp2_common/pico_stdio_usb/reset_interface.c.obj
 .text.reset_usb_boot
                0x10004660       0x18 CMakeFiles/HelloWorld.dir/C_/VSARM/sdk/pico/pico-sdk/src/rp2_common/pico_stdio_usb/reset_interface.c.obj
 .text.resetd_control_xfer_cb
                0x10004678       0x5c CMakeFiles/HelloWorld.dir/C_/VSARM/sdk/pico/pico-sdk/src/rp2_common/pico_stdio_usb/reset_interface.c.obj
 .text.usbd_app_driver_get_cb
                0x100046d4        0xc CMakeFiles/HelloWorld.dir/C_/VSARM/sdk/pico/pico-sdk/src/rp2_common/pico_stdio_usb/reset_interface.c.obj
                0x100046d4                usbd_app_driver_get_cb
 .text.tud_cdc_line_coding_cb
                0x100046e0       0x28 CMakeFiles/HelloWorld.dir/C_/VSARM/sdk/pico/pico-sdk/src/rp2_common/pico_stdio_usb/reset_interface.c.obj
                0x100046e0                tud_cdc_line_coding_cb
 .text.stdio_usb_in_chars
                0x10004708       0x70 CMakeFiles/HelloWorld.dir/C_/VSARM/sdk/pico/pico-sdk/src/rp2_common/pico_stdio_usb/stdio_usb.c.obj
                0x10004708                stdio_usb_in_chars
 .text.low_priority_worker_irq
                0x10004778       0x20 CMakeFiles/HelloWorld.dir/C_/VSARM/sdk/pico/pico-sdk/src/rp2_common/pico_stdio_usb/stdio_usb.c.obj
 .text.stdio_usb_out_chars
                0x10004798       0xd4 CMakeFiles/HelloWorld.dir/C_/VSARM/sdk/pico/pico-sdk/src/rp2_common/pico_stdio_usb/stdio_usb.c.obj
 .text.timer_task
                0x1000486c       0x40 CMakeFiles/HelloWorld.dir/C_/VSARM/sdk/pico/pico-sdk/src/rp2_common/pico_stdio_usb/stdio_usb.c.obj
 .text.usb_irq  0x100048ac       0x10 CMakeFiles/HelloWorld.dir/C_/VSARM/sdk/pico/pico-sdk/src/rp2_common/pico_stdio_usb/stdio_usb.c.obj
 .text.stdio_usb_init
                0x100048bc       0xec CMakeFiles/HelloWorld.dir/C_/VSARM/sdk/pico/pico-sdk/src/rp2_common/pico_stdio_usb/stdio_usb.c.obj
                0x100048bc                stdio_usb_init
 .text.tud_descriptor_device_cb
                0x100049a8        0x8 CMakeFiles/HelloWorld.dir/C_/VSARM/sdk/pico/pico-sdk/src/rp2_common/pico_stdio_usb/stdio_usb_descriptors.c.obj
                0x100049a8                tud_descriptor_device_cb
 .text.tud_descriptor_configuration_cb
                0x100049b0        0x8 CMakeFiles/HelloWorld.dir/C_/VSARM/sdk/pico/pico-sdk/src/rp2_common/pico_stdio_usb/stdio_usb_descriptors.c.obj
                0x100049b0                tud_descriptor_configuration_cb
 .text.tud_descriptor_string_cb
                0x100049b8       0x6c CMakeFiles/HelloWorld.dir/C_/VSARM/sdk/pico/pico-sdk/src/rp2_common/pico_stdio_usb/stdio_usb_descriptors.c.obj
                0x100049b8                tud_descriptor_string_cb
 .text.hw_endpoint_get_by_addr
                0x10004a24       0x18 CMakeFiles/HelloWorld.dir/C_/VSARM/sdk/pico/pico-sdk/lib/tinyusb/src/portable/raspberrypi/rp2040/dcd_rp2040.c.obj
 .text.reset_ep0_pid
                0x10004a3c       0x28 CMakeFiles/HelloWorld.dir/C_/VSARM/sdk/pico/pico-sdk/lib/tinyusb/src/portable/raspberrypi/rp2040/dcd_rp2040.c.obj
 .text._hw_endpoint_alloc
                0x10004a64       0x70 CMakeFiles/HelloWorld.dir/C_/VSARM/sdk/pico/pico-sdk/lib/tinyusb/src/portable/raspberrypi/rp2040/dcd_rp2040.c.obj
 .text.hw_endpoint_init
                0x10004ad4       0x88 CMakeFiles/HelloWorld.dir/C_/VSARM/sdk/pico/pico-sdk/lib/tinyusb/src/portable/raspberrypi/rp2040/dcd_rp2040.c.obj
 .text.reset_non_control_endpoints
                0x10004b5c       0x40 CMakeFiles/HelloWorld.dir/C_/VSARM/sdk/pico/pico-sdk/lib/tinyusb/src/portable/raspberrypi/rp2040/dcd_rp2040.c.obj
 .text.hw_handle_buff_status
                0x10004b9c       0x8c CMakeFiles/HelloWorld.dir/C_/VSARM/sdk/pico/pico-sdk/lib/tinyusb/src/portable/raspberrypi/rp2040/dcd_rp2040.c.obj
 .text.dcd_rp2040_irq
                0x10004c28       0xc0 CMakeFiles/HelloWorld.dir/C_/VSARM/sdk/pico/pico-sdk/lib/tinyusb/src/portable/raspberrypi/rp2040/dcd_rp2040.c.obj
 .text.hw_endpoint_xfer
                0x10004ce8       0x14 CMakeFiles/HelloWorld.dir/C_/VSARM/sdk/pico/pico-sdk/lib/tinyusb/src/portable/raspberrypi/rp2040/dcd_rp2040.c.obj
 .text.dcd_int_enable
                0x10004cfc       0x2c CMakeFiles/HelloWorld.dir/C_/VSARM/sdk/pico/pico-sdk/lib/tinyusb/src/portable/raspberrypi/rp2040/dcd_rp2040.c.obj
                0x10004cfc                dcd_int_enable
 .text.dcd_set_address
                0x10004d28       0x2c CMakeFiles/HelloWorld.dir/C_/VSARM/sdk/pico/pico-sdk/lib/tinyusb/src/portable/raspberrypi/rp2040/dcd_rp2040.c.obj
                0x10004d28                dcd_set_address
 .text.dcd_connect
                0x10004d54       0x10 CMakeFiles/HelloWorld.dir/C_/VSARM/sdk/pico/pico-sdk/lib/tinyusb/src/portable/raspberrypi/rp2040/dcd_rp2040.c.obj
                0x10004d54                dcd_connect
 .text.dcd_init
                0x10004d64       0x7c CMakeFiles/HelloWorld.dir/C_/VSARM/sdk/pico/pico-sdk/lib/tinyusb/src/portable/raspberrypi/rp2040/dcd_rp2040.c.obj
                0x10004d64                dcd_init
 .text.dcd_edpt0_status_complete
                0x10004de0       0x1c CMakeFiles/HelloWorld.dir/C_/VSARM/sdk/pico/pico-sdk/lib/tinyusb/src/portable/raspberrypi/rp2040/dcd_rp2040.c.obj
                0x10004de0                dcd_edpt0_status_complete
 .text.dcd_edpt_open
                0x10004dfc       0x40 CMakeFiles/HelloWorld.dir/C_/VSARM/sdk/pico/pico-sdk/lib/tinyusb/src/portable/raspberrypi/rp2040/dcd_rp2040.c.obj
                0x10004dfc                dcd_edpt_open
 .text.dcd_edpt_close_all
                0x10004e3c        0x8 CMakeFiles/HelloWorld.dir/C_/VSARM/sdk/pico/pico-sdk/lib/tinyusb/src/portable/raspberrypi/rp2040/dcd_rp2040.c.obj
                0x10004e3c                dcd_edpt_close_all
 .text.dcd_edpt_xfer
                0x10004e44       0x30 CMakeFiles/HelloWorld.dir/C_/VSARM/sdk/pico/pico-sdk/lib/tinyusb/src/portable/raspberrypi/rp2040/dcd_rp2040.c.obj
                0x10004e44                dcd_edpt_xfer
 .text.dcd_edpt_stall
                0x10004e74       0x2c CMakeFiles/HelloWorld.dir/C_/VSARM/sdk/pico/pico-sdk/lib/tinyusb/src/portable/raspberrypi/rp2040/dcd_rp2040.c.obj
                0x10004e74                dcd_edpt_stall
 .text.dcd_edpt_clear_stall
                0x10004ea0       0x20 CMakeFiles/HelloWorld.dir/C_/VSARM/sdk/pico/pico-sdk/lib/tinyusb/src/portable/raspberrypi/rp2040/dcd_rp2040.c.obj
                0x10004ea0                dcd_edpt_clear_stall
 .text.prepare_ep_buffer
                0x10004ec0       0x6c CMakeFiles/HelloWorld.dir/C_/VSARM/sdk/pico/pico-sdk/lib/tinyusb/src/portable/raspberrypi/rp2040/rp2040_usb.c.obj
 .text.sync_ep_buffer
                0x10004f2c       0x78 CMakeFiles/HelloWorld.dir/C_/VSARM/sdk/pico/pico-sdk/lib/tinyusb/src/portable/raspberrypi/rp2040/rp2040_usb.c.obj
 .text._hw_endpoint_xfer_sync
                0x10004fa4       0x28 CMakeFiles/HelloWorld.dir/C_/VSARM/sdk/pico/pico-sdk/lib/tinyusb/src/portable/raspberrypi/rp2040/rp2040_usb.c.obj
 .text.rp2040_usb_init
                0x10004fcc       0x4c CMakeFiles/HelloWorld.dir/C_/VSARM/sdk/pico/pico-sdk/lib/tinyusb/src/portable/raspberrypi/rp2040/rp2040_usb.c.obj
                0x10004fcc                rp2040_usb_init
 .text.hw_endpoint_reset_transfer
                0x10005018        0xc CMakeFiles/HelloWorld.dir/C_/VSARM/sdk/pico/pico-sdk/lib/tinyusb/src/portable/raspberrypi/rp2040/rp2040_usb.c.obj
                0x10005018                hw_endpoint_reset_transfer
 .text._hw_endpoint_buffer_control_update32
                0x10005024       0x58 CMakeFiles/HelloWorld.dir/C_/VSARM/sdk/pico/pico-sdk/lib/tinyusb/src/portable/raspberrypi/rp2040/rp2040_usb.c.obj
                0x10005024                _hw_endpoint_buffer_control_update32
 .text._hw_endpoint_start_next_buffer
                0x1000507c       0x74 CMakeFiles/HelloWorld.dir/C_/VSARM/sdk/pico/pico-sdk/lib/tinyusb/src/portable/raspberrypi/rp2040/rp2040_usb.c.obj
 .text.hw_endpoint_xfer_start
                0x100050f0       0x48 CMakeFiles/HelloWorld.dir/C_/VSARM/sdk/pico/pico-sdk/lib/tinyusb/src/portable/raspberrypi/rp2040/rp2040_usb.c.obj
                0x100050f0                hw_endpoint_xfer_start
 .text.hw_endpoint_xfer_continue
                0x10005138       0x38 CMakeFiles/HelloWorld.dir/C_/VSARM/sdk/pico/pico-sdk/lib/tinyusb/src/portable/raspberrypi/rp2040/rp2040_usb.c.obj
                0x10005138                hw_endpoint_xfer_continue
 .text.configuration_reset
                0x10005170       0x84 CMakeFiles/HelloWorld.dir/C_/VSARM/sdk/pico/pico-sdk/lib/tinyusb/src/device/usbd.c.obj
 .text.usbd_reset
                0x100051f4        0xc CMakeFiles/HelloWorld.dir/C_/VSARM/sdk/pico/pico-sdk/lib/tinyusb/src/device/usbd.c.obj
 .text.invoke_class_control
                0x10005200       0x1a CMakeFiles/HelloWorld.dir/C_/VSARM/sdk/pico/pico-sdk/lib/tinyusb/src/device/usbd.c.obj
 *fill*         0x1000521a        0x2 
 .text.process_set_config
                0x1000521c      0x1b0 CMakeFiles/HelloWorld.dir/C_/VSARM/sdk/pico/pico-sdk/lib/tinyusb/src/device/usbd.c.obj
 .text.process_get_descriptor
                0x100053cc       0xec CMakeFiles/HelloWorld.dir/C_/VSARM/sdk/pico/pico-sdk/lib/tinyusb/src/device/usbd.c.obj
 .text.tud_mounted
                0x100054b8       0x10 CMakeFiles/HelloWorld.dir/C_/VSARM/sdk/pico/pico-sdk/lib/tinyusb/src/device/usbd.c.obj
                0x100054b8                tud_mounted
 .text.tud_suspended
                0x100054c8       0x10 CMakeFiles/HelloWorld.dir/C_/VSARM/sdk/pico/pico-sdk/lib/tinyusb/src/device/usbd.c.obj
                0x100054c8                tud_suspended
 .text.tud_inited
                0x100054d8        0xc CMakeFiles/HelloWorld.dir/C_/VSARM/sdk/pico/pico-sdk/lib/tinyusb/src/device/usbd.c.obj
                0x100054d8                tud_inited
 .text.tud_init
                0x100054e4       0xcc CMakeFiles/HelloWorld.dir/C_/VSARM/sdk/pico/pico-sdk/lib/tinyusb/src/device/usbd.c.obj
                0x100054e4                tud_init
 .text.dcd_event_handler
                0x100055b0      0x1e0 CMakeFiles/HelloWorld.dir/C_/VSARM/sdk/pico/pico-sdk/lib/tinyusb/src/device/usbd.c.obj
                0x100055b0                dcd_event_handler
 .text.dcd_event_bus_signal
                0x10005790       0x26 CMakeFiles/HelloWorld.dir/C_/VSARM/sdk/pico/pico-sdk/lib/tinyusb/src/device/usbd.c.obj
                0x10005790                dcd_event_bus_signal
 .text.dcd_event_bus_reset
                0x100057b6       0x2a CMakeFiles/HelloWorld.dir/C_/VSARM/sdk/pico/pico-sdk/lib/tinyusb/src/device/usbd.c.obj
                0x100057b6                dcd_event_bus_reset
 .text.dcd_event_setup_received
                0x100057e0       0x34 CMakeFiles/HelloWorld.dir/C_/VSARM/sdk/pico/pico-sdk/lib/tinyusb/src/device/usbd.c.obj
                0x100057e0                dcd_event_setup_received
 .text.dcd_event_xfer_complete
                0x10005814       0x44 CMakeFiles/HelloWorld.dir/C_/VSARM/sdk/pico/pico-sdk/lib/tinyusb/src/device/usbd.c.obj
                0x10005814                dcd_event_xfer_complete
 .text.usbd_edpt_open
                0x10005858       0x58 CMakeFiles/HelloWorld.dir/C_/VSARM/sdk/pico/pico-sdk/lib/tinyusb/src/device/usbd.c.obj
                0x10005858                usbd_edpt_open
 .text.usbd_open_edpt_pair
                0x100058b0       0x8c CMakeFiles/HelloWorld.dir/C_/VSARM/sdk/pico/pico-sdk/lib/tinyusb/src/device/usbd.c.obj
                0x100058b0                usbd_open_edpt_pair
 .text.usbd_edpt_claim
                0x1000593c       0x8c CMakeFiles/HelloWorld.dir/C_/VSARM/sdk/pico/pico-sdk/lib/tinyusb/src/device/usbd.c.obj
                0x1000593c                usbd_edpt_claim
 .text.usbd_edpt_release
                0x100059c8       0x68 CMakeFiles/HelloWorld.dir/C_/VSARM/sdk/pico/pico-sdk/lib/tinyusb/src/device/usbd.c.obj
                0x100059c8                usbd_edpt_release
 .text.usbd_edpt_xfer
                0x10005a30       0x84 CMakeFiles/HelloWorld.dir/C_/VSARM/sdk/pico/pico-sdk/lib/tinyusb/src/device/usbd.c.obj
                0x10005a30                usbd_edpt_xfer
 .text.usbd_edpt_stall
                0x10005ab4       0x40 CMakeFiles/HelloWorld.dir/C_/VSARM/sdk/pico/pico-sdk/lib/tinyusb/src/device/usbd.c.obj
                0x10005ab4                usbd_edpt_stall
 .text.usbd_edpt_clear_stall
                0x10005af4       0x40 CMakeFiles/HelloWorld.dir/C_/VSARM/sdk/pico/pico-sdk/lib/tinyusb/src/device/usbd.c.obj
                0x10005af4                usbd_edpt_clear_stall
 .text.usbd_edpt_stalled
                0x10005b34       0x1c CMakeFiles/HelloWorld.dir/C_/VSARM/sdk/pico/pico-sdk/lib/tinyusb/src/device/usbd.c.obj
                0x10005b34                usbd_edpt_stalled
 .text.process_control_request
                0x10005b50      0x3b8 CMakeFiles/HelloWorld.dir/C_/VSARM/sdk/pico/pico-sdk/lib/tinyusb/src/device/usbd.c.obj
 .text.tud_task
                0x10005f08      0x218 CMakeFiles/HelloWorld.dir/C_/VSARM/sdk/pico/pico-sdk/lib/tinyusb/src/device/usbd.c.obj
                0x10005f08                tud_task
 .text._data_stage_xact
                0x10006120       0x58 CMakeFiles/HelloWorld.dir/C_/VSARM/sdk/pico/pico-sdk/lib/tinyusb/src/device/usbd_control.c.obj
 .text.tud_control_status
                0x10006178       0x38 CMakeFiles/HelloWorld.dir/C_/VSARM/sdk/pico/pico-sdk/lib/tinyusb/src/device/usbd_control.c.obj
                0x10006178                tud_control_status
 .text.tud_control_xfer
                0x100061b0       0xa8 CMakeFiles/HelloWorld.dir/C_/VSARM/sdk/pico/pico-sdk/lib/tinyusb/src/device/usbd_control.c.obj
                0x100061b0                tud_control_xfer
 .text.usbd_control_reset
                0x10006258       0x14 CMakeFiles/HelloWorld.dir/C_/VSARM/sdk/pico/pico-sdk/lib/tinyusb/src/device/usbd_control.c.obj
                0x10006258                usbd_control_reset
 .text.usbd_control_set_complete_callback
                0x1000626c        0xc CMakeFiles/HelloWorld.dir/C_/VSARM/sdk/pico/pico-sdk/lib/tinyusb/src/device/usbd_control.c.obj
                0x1000626c                usbd_control_set_complete_callback
 .text.usbd_control_set_request
                0x10006278       0x1c CMakeFiles/HelloWorld.dir/C_/VSARM/sdk/pico/pico-sdk/lib/tinyusb/src/device/usbd_control.c.obj
                0x10006278                usbd_control_set_request
 .text.usbd_control_xfer_cb
                0x10006294       0xfc CMakeFiles/HelloWorld.dir/C_/VSARM/sdk/pico/pico-sdk/lib/tinyusb/src/device/usbd_control.c.obj
                0x10006294                usbd_control_xfer_cb
 .text._prep_out_transaction
                0x10006390       0x46 CMakeFiles/HelloWorld.dir/C_/VSARM/sdk/pico/pico-sdk/lib/tinyusb/src/class/cdc/cdc_device.c.obj
 *fill*         0x100063d6        0x2 
 .text.tud_cdc_n_connected
                0x100063d8       0x44 CMakeFiles/HelloWorld.dir/C_/VSARM/sdk/pico/pico-sdk/lib/tinyusb/src/class/cdc/cdc_device.c.obj
                0x100063d8                tud_cdc_n_connected
 .text.tud_cdc_n_available
                0x1000641c       0x18 CMakeFiles/HelloWorld.dir/C_/VSARM/sdk/pico/pico-sdk/lib/tinyusb/src/class/cdc/cdc_device.c.obj
                0x1000641c                tud_cdc_n_available
 .text.tud_cdc_n_read
                0x10006434       0x28 CMakeFiles/HelloWorld.dir/C_/VSARM/sdk/pico/pico-sdk/lib/tinyusb/src/class/cdc/cdc_device.c.obj
                0x10006434                tud_cdc_n_read
 .text.tud_cdc_n_write_flush
                0x1000645c       0xcc CMakeFiles/HelloWorld.dir/C_/VSARM/sdk/pico/pico-sdk/lib/tinyusb/src/class/cdc/cdc_device.c.obj
                0x1000645c                tud_cdc_n_write_flush
 .text.tud_cdc_n_write
                0x10006528       0x38 CMakeFiles/HelloWorld.dir/C_/VSARM/sdk/pico/pico-sdk/lib/tinyusb/src/class/cdc/cdc_device.c.obj
                0x10006528                tud_cdc_n_write
 .text.tud_cdc_n_write_available
                0x10006560       0x1c CMakeFiles/HelloWorld.dir/C_/VSARM/sdk/pico/pico-sdk/lib/tinyusb/src/class/cdc/cdc_device.c.obj
                0x10006560                tud_cdc_n_write_available
 .text.cdcd_init
                0x1000657c       0xbc CMakeFiles/HelloWorld.dir/C_/VSARM/sdk/pico/pico-sdk/lib/tinyusb/src/class/cdc/cdc_device.c.obj
                0x1000657c                cdcd_init
 .text.cdcd_reset
                0x10006638       0x44 CMakeFiles/HelloWorld.dir/C_/VSARM/sdk/pico/pico-sdk/lib/tinyusb/src/class/cdc/cdc_device.c.obj
                0x10006638                cdcd_reset
 .text.cdcd_open
                0x1000667c       0xf8 CMakeFiles/HelloWorld.dir/C_/VSARM/sdk/pico/pico-sdk/lib/tinyusb/src/class/cdc/cdc_device.c.obj
                0x1000667c                cdcd_open
 .text.cdcd_control_xfer_cb
                0x10006774      0x134 CMakeFiles/HelloWorld.dir/C_/VSARM/sdk/pico/pico-sdk/lib/tinyusb/src/class/cdc/cdc_device.c.obj
                0x10006774                cdcd_control_xfer_cb
 .text.cdcd_xfer_cb
                0x100068a8      0x144 CMakeFiles/HelloWorld.dir/C_/VSARM/sdk/pico/pico-sdk/lib/tinyusb/src/class/cdc/cdc_device.c.obj
                0x100068a8                cdcd_xfer_cb
 .text.tusb_init
                0x100069ec       0x24 CMakeFiles/HelloWorld.dir/C_/VSARM/sdk/pico/pico-sdk/lib/tinyusb/src/tusb.c.obj
                0x100069ec                tusb_init
 .text.tusb_inited
                0x10006a10        0xe CMakeFiles/HelloWorld.dir/C_/VSARM/sdk/pico/pico-sdk/lib/tinyusb/src/tusb.c.obj
                0x10006a10                tusb_inited
 *fill*         0x10006a1e        0x2 
 .text.tu_edpt_validate
                0x10006a20       0xa8 CMakeFiles/HelloWorld.dir/C_/VSARM/sdk/pico/pico-sdk/lib/tinyusb/src/tusb.c.obj
                0x10006a20                tu_edpt_validate
 .text.tu_edpt_bind_driver
                0x10006ac8       0x2a CMakeFiles/HelloWorld.dir/C_/VSARM/sdk/pico/pico-sdk/lib/tinyusb/src/tusb.c.obj
                0x10006ac8                tu_edpt_bind_driver
 .text.advance_pointer
                0x10006af2       0x18 CMakeFiles/HelloWorld.dir/C_/VSARM/sdk/pico/pico-sdk/lib/tinyusb/src/common/tusb_fifo.c.obj
 .text.backward_pointer
                0x10006b0a       0x1e CMakeFiles/HelloWorld.dir/C_/VSARM/sdk/pico/pico-sdk/lib/tinyusb/src/common/tusb_fifo.c.obj
 .text.get_relative_pointer
                0x10006b28       0x10 CMakeFiles/HelloWorld.dir/C_/VSARM/sdk/pico/pico-sdk/lib/tinyusb/src/common/tusb_fifo.c.obj
 .text._tu_fifo_peek
                0x10006b38       0x50 CMakeFiles/HelloWorld.dir/C_/VSARM/sdk/pico/pico-sdk/lib/tinyusb/src/common/tusb_fifo.c.obj
 .text._ff_pull_const_addr
                0x10006b88       0x4c CMakeFiles/HelloWorld.dir/C_/VSARM/sdk/pico/pico-sdk/lib/tinyusb/src/common/tusb_fifo.c.obj
 .text._ff_pull_n
                0x10006bd4      0x10c CMakeFiles/HelloWorld.dir/C_/VSARM/sdk/pico/pico-sdk/lib/tinyusb/src/common/tusb_fifo.c.obj
 .text._tu_fifo_peek_n
                0x10006ce0       0x5e CMakeFiles/HelloWorld.dir/C_/VSARM/sdk/pico/pico-sdk/lib/tinyusb/src/common/tusb_fifo.c.obj
 .text._tu_fifo_read_n
                0x10006d3e       0x4e CMakeFiles/HelloWorld.dir/C_/VSARM/sdk/pico/pico-sdk/lib/tinyusb/src/common/tusb_fifo.c.obj
 .text._ff_push_const_addr
                0x10006d8c       0x40 CMakeFiles/HelloWorld.dir/C_/VSARM/sdk/pico/pico-sdk/lib/tinyusb/src/common/tusb_fifo.c.obj
 .text._ff_push_n
                0x10006dcc      0x108 CMakeFiles/HelloWorld.dir/C_/VSARM/sdk/pico/pico-sdk/lib/tinyusb/src/common/tusb_fifo.c.obj
 .text._tu_fifo_write_n
                0x10006ed4       0x9e CMakeFiles/HelloWorld.dir/C_/VSARM/sdk/pico/pico-sdk/lib/tinyusb/src/common/tusb_fifo.c.obj
 .text.tu_fifo_config
                0x10006f72       0x72 CMakeFiles/HelloWorld.dir/C_/VSARM/sdk/pico/pico-sdk/lib/tinyusb/src/common/tusb_fifo.c.obj
                0x10006f72                tu_fifo_config
 .text.tu_fifo_count
                0x10006fe4       0x26 CMakeFiles/HelloWorld.dir/C_/VSARM/sdk/pico/pico-sdk/lib/tinyusb/src/common/tusb_fifo.c.obj
                0x10006fe4                tu_fifo_count
 .text.tu_fifo_empty
                0x1000700a        0xe CMakeFiles/HelloWorld.dir/C_/VSARM/sdk/pico/pico-sdk/lib/tinyusb/src/common/tusb_fifo.c.obj
                0x1000700a                tu_fifo_empty
 .text.tu_fifo_remaining
                0x10007018       0x20 CMakeFiles/HelloWorld.dir/C_/VSARM/sdk/pico/pico-sdk/lib/tinyusb/src/common/tusb_fifo.c.obj
                0x10007018                tu_fifo_remaining
 .text.tu_fifo_read
                0x10007038       0x42 CMakeFiles/HelloWorld.dir/C_/VSARM/sdk/pico/pico-sdk/lib/tinyusb/src/common/tusb_fifo.c.obj
                0x10007038                tu_fifo_read
 .text.tu_fifo_read_n
                0x1000707a        0xa CMakeFiles/HelloWorld.dir/C_/VSARM/sdk/pico/pico-sdk/lib/tinyusb/src/common/tusb_fifo.c.obj
                0x1000707a                tu_fifo_read_n
 .text.tu_fifo_write
                0x10007084       0x6a CMakeFiles/HelloWorld.dir/C_/VSARM/sdk/pico/pico-sdk/lib/tinyusb/src/common/tusb_fifo.c.obj
                0x10007084                tu_fifo_write
 .text.tu_fifo_write_n
                0x100070ee        0xa CMakeFiles/HelloWorld.dir/C_/VSARM/sdk/pico/pico-sdk/lib/tinyusb/src/common/tusb_fifo.c.obj
                0x100070ee                tu_fifo_write_n
 .text.tu_fifo_clear
                0x100070f8       0x4c CMakeFiles/HelloWorld.dir/C_/VSARM/sdk/pico/pico-sdk/lib/tinyusb/src/common/tusb_fifo.c.obj
                0x100070f8                tu_fifo_clear
 .text.tu_fifo_set_overwritable
                0x10007144       0x3c CMakeFiles/HelloWorld.dir/C_/VSARM/sdk/pico/pico-sdk/lib/tinyusb/src/common/tusb_fifo.c.obj
                0x10007144                tu_fifo_set_overwritable
 .text._retrieve_unique_id_on_boot
                0x10007180       0x10 CMakeFiles/HelloWorld.dir/C_/VSARM/sdk/pico/pico-sdk/src/rp2_common/pico_unique_id/unique_id.c.obj
 .text.pico_get_unique_board_id_string
                0x10007190       0x5c CMakeFiles/HelloWorld.dir/C_/VSARM/sdk/pico/pico-sdk/src/rp2_common/pico_unique_id/unique_id.c.obj
                0x10007190                pico_get_unique_board_id_string
 .text.flash_get_unique_id
                0x100071ec       0x46 CMakeFiles/HelloWorld.dir/C_/VSARM/sdk/pico/pico-sdk/src/rp2_common/hardware_flash/flash.c.obj
                0x100071ec                flash_get_unique_id
 *fill*         0x10007232        0x2 
 .text.strlen   0x10007234       0x5c c:/vsarm/armcc/112202~1.02/bin/../lib/gcc/arm-none-eabi/11.2.1/thumb/v6-m/nofp\libg.a(lib_a-strlen-stub.o)
                0x10007234                strlen
 *(.fini)
 .fini          0x10007290        0x4 c:/vsarm/armcc/112202~1.02/bin/../lib/gcc/arm-none-eabi/11.2.1/thumb/v6-m/nofp/crti.o
                0x10007290                _fini
 *fill*         0x10007294        0x4 
 .fini.__stub   0x10007298       0x70 linker stubs
 *crtbegin.o(.ctors)
 *crtbegin?.o(.ctors)
 *(EXCLUDE_FILE(*crtend.o *crtend?.o) .ctors)
 *(SORT_BY_NAME(.ctors.*))
 *(.ctors)
 *crtbegin.o(.dtors)
 *crtbegin?.o(.dtors)
 *(EXCLUDE_FILE(*crtend.o *crtend?.o) .dtors)
 *(SORT_BY_NAME(.dtors.*))
 *(.dtors)
 *(.eh_frame*)
 .eh_frame      0x10007308        0x0 c:/vsarm/armcc/112202~1.02/bin/../lib/gcc/arm-none-eabi/11.2.1/thumb/v6-m/nofp/crtbegin.o
                0x10007308                . = ALIGN (0x4)

.glue_7         0x10007308        0x0
 .glue_7        0x10007308        0x0 linker stubs

.glue_7t        0x10007308        0x0
 .glue_7t       0x10007308        0x0 linker stubs

.vfp11_veneer   0x10007308        0x0
 .vfp11_veneer  0x10007308        0x0 linker stubs

.v4_bx          0x10007308        0x0
 .v4_bx         0x10007308        0x0 linker stubs

.iplt           0x10007308        0x0
 .iplt          0x10007308        0x0 c:/vsarm/armcc/112202~1.02/bin/../lib/gcc/arm-none-eabi/11.2.1/thumb/v6-m/nofp/crtbegin.o

.rodata         0x10007308     0x16a0
 *(EXCLUDE_FILE(*libm.a: *libc.a:*lib_a-mem*.o *libgcc.a:) .rodata*)
 .rodata.main.str1.4
                0x10007308        0xe CMakeFiles/HelloWorld.dir/main.cpp.obj
 *fill*         0x10007316        0x2 
 .rodata.spin_lock_claim_unused.str1.4
                0x10007318       0x1b CMakeFiles/HelloWorld.dir/C_/VSARM/sdk/pico/pico-sdk/src/rp2_common/hardware_sync/sync.c.obj
 *fill*         0x10007333        0x1 
 .rodata.make_branch.str1.4
                0x10007334       0x6d CMakeFiles/HelloWorld.dir/C_/VSARM/sdk/pico/pico-sdk/src/rp2_common/hardware_irq/irq.c.obj
 *fill*         0x100073a1        0x3 
 .rodata.insert_branch_and_link.str1.4
                0x100073a4       0x10 CMakeFiles/HelloWorld.dir/C_/VSARM/sdk/pico/pico-sdk/src/rp2_common/hardware_irq/irq.c.obj
 .rodata.irq_set_exclusive_handler.str1.4
                0x100073b4       0x36 CMakeFiles/HelloWorld.dir/C_/VSARM/sdk/pico/pico-sdk/src/rp2_common/hardware_irq/irq.c.obj
 *fill*         0x100073ea        0x2 
 .rodata.irq_add_shared_handler.str1.4
                0x100073ec       0xd9 CMakeFiles/HelloWorld.dir/C_/VSARM/sdk/pico/pico-sdk/src/rp2_common/hardware_irq/irq.c.obj
 *fill*         0x100074c5        0x3 
 .rodata.irq_remove_handler.str1.4
                0x100074c8       0x2a CMakeFiles/HelloWorld.dir/C_/VSARM/sdk/pico/pico-sdk/src/rp2_common/hardware_irq/irq.c.obj
 *fill*         0x100074f2        0x2 
 .rodata.irq_add_tail_to_free_list.str1.4
                0x100074f4       0x3a CMakeFiles/HelloWorld.dir/C_/VSARM/sdk/pico/pico-sdk/src/rp2_common/hardware_irq/irq.c.obj
 *fill*         0x1000752e        0x2 
 .rodata.user_irq_claim_unused.str1.4
                0x10007530       0x1b CMakeFiles/HelloWorld.dir/C_/VSARM/sdk/pico/pico-sdk/src/rp2_common/hardware_irq/irq.c.obj
 *fill*         0x1000754b        0x1 
 .rodata.__func__.0
                0x1000754c       0x1a CMakeFiles/HelloWorld.dir/C_/VSARM/sdk/pico/pico-sdk/src/rp2_common/hardware_irq/irq.c.obj
 *fill*         0x10007566        0x2 
 .rodata.__func__.1
                0x10007568       0x17 CMakeFiles/HelloWorld.dir/C_/VSARM/sdk/pico/pico-sdk/src/rp2_common/hardware_irq/irq.c.obj
 *fill*         0x1000757f        0x1 
 .rodata.__func__.2
                0x10007580       0x13 CMakeFiles/HelloWorld.dir/C_/VSARM/sdk/pico/pico-sdk/src/rp2_common/hardware_irq/irq.c.obj
 *fill*         0x10007593        0x1 
 .rodata.__func__.3
                0x10007594        0xc CMakeFiles/HelloWorld.dir/C_/VSARM/sdk/pico/pico-sdk/src/rp2_common/hardware_irq/irq.c.obj
 .rodata.__func__.4
                0x100075a0        0xf CMakeFiles/HelloWorld.dir/C_/VSARM/sdk/pico/pico-sdk/src/rp2_common/hardware_irq/irq.c.obj
 *fill*         0x100075af        0x1 
 .rodata.__func__.5
                0x100075b0       0x17 CMakeFiles/HelloWorld.dir/C_/VSARM/sdk/pico/pico-sdk/src/rp2_common/hardware_irq/irq.c.obj
 *fill*         0x100075c7        0x1 
 .rodata.__func__.6
                0x100075c8       0x1a CMakeFiles/HelloWorld.dir/C_/VSARM/sdk/pico/pico-sdk/src/rp2_common/hardware_irq/irq.c.obj
 *fill*         0x100075e2        0x2 
 .rodata.repeating_timer_callback.str1.4
                0x100075e4       0x4b CMakeFiles/HelloWorld.dir/C_/VSARM/sdk/pico/pico-sdk/src/common/pico_time/time.c.obj
 *fill*         0x1000762f        0x1 
 .rodata.alarm_pool_dump_key.str1.4
                0x10007630       0x33 CMakeFiles/HelloWorld.dir/C_/VSARM/sdk/pico/pico-sdk/src/common/pico_time/time.c.obj
 *fill*         0x10007663        0x1 
 .rodata.ph_add_child_node.str1.4
                0x10007664       0x96 CMakeFiles/HelloWorld.dir/C_/VSARM/sdk/pico/pico-sdk/src/common/pico_time/time.c.obj
 *fill*         0x100076fa        0x2 
 .rodata.add_alarm_under_lock.str1.4
                0x100076fc       0x28 CMakeFiles/HelloWorld.dir/C_/VSARM/sdk/pico/pico-sdk/src/common/pico_time/time.c.obj
                                 0x2b (size before relaxing)
 .rodata.alarm_pool_alarm_callback.str1.4
                0x10007724       0xe6 CMakeFiles/HelloWorld.dir/C_/VSARM/sdk/pico/pico-sdk/src/common/pico_time/time.c.obj
 *fill*         0x1000780a        0x2 
 .rodata.alarm_pool_get_default.str1.4
                0x1000780c       0x21 CMakeFiles/HelloWorld.dir/C_/VSARM/sdk/pico/pico-sdk/src/common/pico_time/time.c.obj
 *fill*         0x1000782d        0x3 
 .rodata.alarm_pool_cancel_alarm.str1.4
                0x10007830       0x27 CMakeFiles/HelloWorld.dir/C_/VSARM/sdk/pico/pico-sdk/src/common/pico_time/time.c.obj
 *fill*         0x10007857        0x1 
 .rodata.sleep_until.str1.4
                0x10007858       0x4d CMakeFiles/HelloWorld.dir/C_/VSARM/sdk/pico/pico-sdk/src/common/pico_time/time.c.obj
 *fill*         0x100078a5        0x3 
 .rodata.__func__.1
                0x100078a8       0x18 CMakeFiles/HelloWorld.dir/C_/VSARM/sdk/pico/pico-sdk/src/common/pico_time/time.c.obj
 .rodata.__func__.10
                0x100078c0       0x15 CMakeFiles/HelloWorld.dir/C_/VSARM/sdk/pico/pico-sdk/src/common/pico_time/time.c.obj
 *fill*         0x100078d5        0x3 
 .rodata.__func__.11
                0x100078d8       0x1a CMakeFiles/HelloWorld.dir/C_/VSARM/sdk/pico/pico-sdk/src/common/pico_time/time.c.obj
 *fill*         0x100078f2        0x2 
 .rodata.__func__.12
                0x100078f4        0xa CMakeFiles/HelloWorld.dir/C_/VSARM/sdk/pico/pico-sdk/src/common/pico_time/time.c.obj
 *fill*         0x100078fe        0x2 
 .rodata.__func__.3
                0x10007900       0x17 CMakeFiles/HelloWorld.dir/C_/VSARM/sdk/pico/pico-sdk/src/common/pico_time/time.c.obj
 *fill*         0x10007917        0x1 
 .rodata.__func__.4
                0x10007918       0x12 CMakeFiles/HelloWorld.dir/C_/VSARM/sdk/pico/pico-sdk/src/common/pico_time/time.c.obj
 *fill*         0x1000792a        0x2 
 .rodata.__func__.5
                0x1000792c        0xd CMakeFiles/HelloWorld.dir/C_/VSARM/sdk/pico/pico-sdk/src/common/pico_time/time.c.obj
 *fill*         0x10007939        0x3 
 .rodata.__func__.6
                0x1000793c       0x12 CMakeFiles/HelloWorld.dir/C_/VSARM/sdk/pico/pico-sdk/src/common/pico_time/time.c.obj
 *fill*         0x1000794e        0x2 
 .rodata.__func__.7
                0x10007950        0xf CMakeFiles/HelloWorld.dir/C_/VSARM/sdk/pico/pico-sdk/src/common/pico_time/time.c.obj
 *fill*         0x1000795f        0x1 
 .rodata.__func__.8
                0x10007960        0xc CMakeFiles/HelloWorld.dir/C_/VSARM/sdk/pico/pico-sdk/src/common/pico_time/time.c.obj
 .rodata.__func__.9
                0x1000796c       0x15 CMakeFiles/HelloWorld.dir/C_/VSARM/sdk/pico/pico-sdk/src/common/pico_time/time.c.obj
 *fill*         0x10007981        0x3 
 .rodata.hardware_alarm_claim.str1.4
                0x10007984       0x22 CMakeFiles/HelloWorld.dir/C_/VSARM/sdk/pico/pico-sdk/src/rp2_common/hardware_timer/timer.c.obj
 *fill*         0x100079a6        0x2 
 .rodata.hardware_alarm_set_target.str1.4
                0x100079a8       0x65 CMakeFiles/HelloWorld.dir/C_/VSARM/sdk/pico/pico-sdk/src/rp2_common/hardware_timer/timer.c.obj
 *fill*         0x10007a0d        0x3 
 .rodata.__func__.0
                0x10007a10       0x1a CMakeFiles/HelloWorld.dir/C_/VSARM/sdk/pico/pico-sdk/src/rp2_common/hardware_timer/timer.c.obj
 .rodata.ph_add_child_node.str1.4
                0x10007a2a       0x96 CMakeFiles/HelloWorld.dir/C_/VSARM/sdk/pico/pico-sdk/src/common/pico_util/pheap.c.obj
 *fill*         0x10007a2a        0x2 
 .rodata.ph_remove_any_head.str1.4
                0x10007a2c       0x8c CMakeFiles/HelloWorld.dir/C_/VSARM/sdk/pico/pico-sdk/src/common/pico_util/pheap.c.obj
 .rodata.ph_remove_and_free_node.str1.4
                0x10007ab8       0x1e CMakeFiles/HelloWorld.dir/C_/VSARM/sdk/pico/pico-sdk/src/common/pico_util/pheap.c.obj
                                 0x26 (size before relaxing)
 *fill*         0x10007ad6        0x2 
 .rodata.__func__.0
                0x10007ad8       0x18 CMakeFiles/HelloWorld.dir/C_/VSARM/sdk/pico/pico-sdk/src/common/pico_util/pheap.c.obj
 .rodata.__func__.1
                0x10007af0       0x13 CMakeFiles/HelloWorld.dir/C_/VSARM/sdk/pico/pico-sdk/src/common/pico_util/pheap.c.obj
 *fill*         0x10007b03        0x1 
 .rodata.__func__.2
                0x10007b04       0x12 CMakeFiles/HelloWorld.dir/C_/VSARM/sdk/pico/pico-sdk/src/common/pico_util/pheap.c.obj
 *fill*         0x10007b16        0x2 
 .rodata.__func__.3
                0x10007b18        0xc CMakeFiles/HelloWorld.dir/C_/VSARM/sdk/pico/pico-sdk/src/common/pico_util/pheap.c.obj
 .rodata.str1.4
                0x10007b24       0x89 CMakeFiles/HelloWorld.dir/C_/VSARM/sdk/pico/pico-sdk/src/common/pico_sync/mutex.c.obj
                                 0xed (size before relaxing)
 *fill*         0x10007bad        0x3 
 .rodata.__func__.1
                0x10007bb0        0xb CMakeFiles/HelloWorld.dir/C_/VSARM/sdk/pico/pico-sdk/src/common/pico_sync/mutex.c.obj
 *fill*         0x10007bbb        0x1 
 .rodata.__func__.3
                0x10007bbc       0x18 CMakeFiles/HelloWorld.dir/C_/VSARM/sdk/pico/pico-sdk/src/common/pico_sync/mutex.c.obj
 .rodata.__func__.4
                0x10007bd4       0x15 CMakeFiles/HelloWorld.dir/C_/VSARM/sdk/pico/pico-sdk/src/common/pico_sync/mutex.c.obj
 *fill*         0x10007be9        0x3 
 .rodata.__assert_func.str1.4
                0x10007bec       0x3f CMakeFiles/HelloWorld.dir/C_/VSARM/sdk/pico/pico-sdk/src/rp2_common/pico_runtime/runtime.c.obj
                                 0x43 (size before relaxing)
 *fill*         0x10007c2b        0x1 
 .rodata.runtime_init.str1.4
                0x10007c2c       0x61 CMakeFiles/HelloWorld.dir/C_/VSARM/sdk/pico/pico-sdk/src/rp2_common/pico_runtime/runtime.c.obj
 *fill*         0x10007c8d        0x3 
 .rodata.panic.str1.4
                0x10007c90       0x12 CMakeFiles/HelloWorld.dir/C_/VSARM/sdk/pico/pico-sdk/src/rp2_common/pico_runtime/runtime.c.obj
 *fill*         0x10007ca2        0x2 
 .rodata.__func__.1
                0x10007ca4        0xd CMakeFiles/HelloWorld.dir/C_/VSARM/sdk/pico/pico-sdk/src/rp2_common/pico_runtime/runtime.c.obj
 *fill*         0x10007cb1        0x3 
 .rodata.clock_configure.str1.4
                0x10007cb4       0x57 CMakeFiles/HelloWorld.dir/C_/VSARM/sdk/pico/pico-sdk/src/rp2_common/hardware_clocks/clocks.c.obj
 *fill*         0x10007d0b        0x1 
 .rodata.__func__.1
                0x10007d0c       0x10 CMakeFiles/HelloWorld.dir/C_/VSARM/sdk/pico/pico-sdk/src/rp2_common/hardware_clocks/clocks.c.obj
 .rodata.pll_init.str1.4
                0x10007d1c      0x13b CMakeFiles/HelloWorld.dir/C_/VSARM/sdk/pico/pico-sdk/src/rp2_common/hardware_pll/pll.c.obj
 *fill*         0x10007e57        0x1 
 .rodata.__func__.0
                0x10007e58        0x9 CMakeFiles/HelloWorld.dir/C_/VSARM/sdk/pico/pico-sdk/src/rp2_common/hardware_pll/pll.c.obj
 *fill*         0x10007e61        0x3 
 .rodata._ftoa.str1.4
                0x10007e64       0x15 CMakeFiles/HelloWorld.dir/C_/VSARM/sdk/pico/pico-sdk/src/rp2_common/pico_printf/printf.c.obj
 *fill*         0x10007e79        0x3 
 .rodata._vsnprintf
                0x10007e7c      0x19c CMakeFiles/HelloWorld.dir/C_/VSARM/sdk/pico/pico-sdk/src/rp2_common/pico_printf/printf.c.obj
 .rodata.pow10.0
                0x10008018       0x50 CMakeFiles/HelloWorld.dir/C_/VSARM/sdk/pico/pico-sdk/src/rp2_common/pico_printf/printf.c.obj
 .rodata.__aeabi_double_init.str1.4
                0x10008068       0xa8 CMakeFiles/HelloWorld.dir/C_/VSARM/sdk/pico/pico-sdk/src/rp2_common/pico_double/double_init_rom.c.obj
 .rodata.__func__.0
                0x10008110       0x14 CMakeFiles/HelloWorld.dir/C_/VSARM/sdk/pico/pico-sdk/src/rp2_common/pico_double/double_init_rom.c.obj
 .rodata.__aeabi_float_init.str1.4
                0x10008124       0x7a CMakeFiles/HelloWorld.dir/C_/VSARM/sdk/pico/pico-sdk/src/rp2_common/pico_float/float_init_rom.c.obj
                                 0x7e (size before relaxing)
 *fill*         0x1000819e        0x2 
 .rodata.__func__.0
                0x100081a0       0x13 CMakeFiles/HelloWorld.dir/C_/VSARM/sdk/pico/pico-sdk/src/rp2_common/pico_float/float_init_rom.c.obj
 *fill*         0x100081b3        0x1 
 .rodata.str1.4
                0x100081b4       0x40 CMakeFiles/HelloWorld.dir/C_/VSARM/sdk/pico/pico-sdk/src/rp2_common/pico_standard_link/binary_info.c.obj
 .rodata.__bi_44
                0x100081f4        0xc CMakeFiles/HelloWorld.dir/C_/VSARM/sdk/pico/pico-sdk/src/rp2_common/pico_standard_link/binary_info.c.obj
 .rodata.__bi_75
                0x10008200        0xc CMakeFiles/HelloWorld.dir/C_/VSARM/sdk/pico/pico-sdk/src/rp2_common/pico_standard_link/binary_info.c.obj
 .rodata.__bi_81
                0x1000820c        0xc CMakeFiles/HelloWorld.dir/C_/VSARM/sdk/pico/pico-sdk/src/rp2_common/pico_standard_link/binary_info.c.obj
 .rodata.crlf_str.3
                0x10008218        0x2 CMakeFiles/HelloWorld.dir/C_/VSARM/sdk/pico/pico-sdk/src/rp2_common/pico_stdio/stdio.c.obj
 *fill*         0x1000821a        0x2 
 .rodata._resetd_driver
                0x1000821c       0x18 CMakeFiles/HelloWorld.dir/C_/VSARM/sdk/pico/pico-sdk/src/rp2_common/pico_stdio_usb/reset_interface.c.obj
 .rodata.timer_task.str1.4
                0x10008234       0x6d CMakeFiles/HelloWorld.dir/C_/VSARM/sdk/pico/pico-sdk/src/rp2_common/pico_stdio_usb/stdio_usb.c.obj
 .rodata.stdio_usb_init.str1.4
                0x100082a1       0x61 CMakeFiles/HelloWorld.dir/C_/VSARM/sdk/pico/pico-sdk/src/rp2_common/pico_stdio_usb/stdio_usb.c.obj
 *fill*         0x100082a1        0x3 
 .rodata.str1.4
                0x100082a4       0x13 CMakeFiles/HelloWorld.dir/C_/VSARM/sdk/pico/pico-sdk/src/rp2_common/pico_stdio_usb/stdio_usb.c.obj
 *fill*         0x100082b7        0x1 
 .rodata.__bi_118.2
                0x100082b8        0xc CMakeFiles/HelloWorld.dir/C_/VSARM/sdk/pico/pico-sdk/src/rp2_common/pico_stdio_usb/stdio_usb.c.obj
 .rodata.__func__.0
                0x100082c4       0x15 CMakeFiles/HelloWorld.dir/C_/VSARM/sdk/pico/pico-sdk/src/rp2_common/pico_stdio_usb/stdio_usb.c.obj
 *fill*         0x100082d9        0x3 
 .rodata.__func__.1
                0x100082dc        0xb CMakeFiles/HelloWorld.dir/C_/VSARM/sdk/pico/pico-sdk/src/rp2_common/pico_stdio_usb/stdio_usb.c.obj
 *fill*         0x100082e7        0x1 
 .rodata.str1.4
                0x100082e8       0x2a CMakeFiles/HelloWorld.dir/C_/VSARM/sdk/pico/pico-sdk/src/rp2_common/pico_stdio_usb/stdio_usb_descriptors.c.obj
 *fill*         0x10008312        0x2 
 .rodata.usbd_desc_cfg
                0x10008314       0x54 CMakeFiles/HelloWorld.dir/C_/VSARM/sdk/pico/pico-sdk/src/rp2_common/pico_stdio_usb/stdio_usb_descriptors.c.obj
 .rodata.usbd_desc_device
                0x10008368       0x12 CMakeFiles/HelloWorld.dir/C_/VSARM/sdk/pico/pico-sdk/src/rp2_common/pico_stdio_usb/stdio_usb_descriptors.c.obj
 *fill*         0x1000837a        0x2 
 .rodata.usbd_desc_str
                0x1000837c       0x18 CMakeFiles/HelloWorld.dir/C_/VSARM/sdk/pico/pico-sdk/src/rp2_common/pico_stdio_usb/stdio_usb_descriptors.c.obj
 .rodata._hw_endpoint_alloc.str1.4
                0x10008394       0xb5 CMakeFiles/HelloWorld.dir/C_/VSARM/sdk/pico/pico-sdk/lib/tinyusb/src/portable/raspberrypi/rp2040/dcd_rp2040.c.obj
 *fill*         0x10008449        0x3 
 .rodata.dcd_rp2040_irq.str1.4
                0x1000844c       0x14 CMakeFiles/HelloWorld.dir/C_/VSARM/sdk/pico/pico-sdk/lib/tinyusb/src/portable/raspberrypi/rp2040/dcd_rp2040.c.obj
 .rodata.dcd_int_enable.str1.4
                0x10008460        0xc CMakeFiles/HelloWorld.dir/C_/VSARM/sdk/pico/pico-sdk/lib/tinyusb/src/portable/raspberrypi/rp2040/dcd_rp2040.c.obj
 .rodata.__func__.0
                0x1000846c        0xe CMakeFiles/HelloWorld.dir/C_/VSARM/sdk/pico/pico-sdk/lib/tinyusb/src/portable/raspberrypi/rp2040/dcd_rp2040.c.obj
 *fill*         0x1000847a        0x2 
 .rodata.__func__.1
                0x1000847c        0xe CMakeFiles/HelloWorld.dir/C_/VSARM/sdk/pico/pico-sdk/lib/tinyusb/src/portable/raspberrypi/rp2040/dcd_rp2040.c.obj
 *fill*         0x1000848a        0x2 
 .rodata.__func__.3
                0x1000848c       0x10 CMakeFiles/HelloWorld.dir/C_/VSARM/sdk/pico/pico-sdk/lib/tinyusb/src/portable/raspberrypi/rp2040/dcd_rp2040.c.obj
 .rodata.__func__.5
                0x1000849c        0xf CMakeFiles/HelloWorld.dir/C_/VSARM/sdk/pico/pico-sdk/lib/tinyusb/src/portable/raspberrypi/rp2040/dcd_rp2040.c.obj
 *fill*         0x100084ab        0x1 
 .rodata.__func__.6
                0x100084ac       0x13 CMakeFiles/HelloWorld.dir/C_/VSARM/sdk/pico/pico-sdk/lib/tinyusb/src/portable/raspberrypi/rp2040/dcd_rp2040.c.obj
 *fill*         0x100084bf        0x1 
 .rodata.__func__.7
                0x100084c0        0x9 CMakeFiles/HelloWorld.dir/C_/VSARM/sdk/pico/pico-sdk/lib/tinyusb/src/portable/raspberrypi/rp2040/dcd_rp2040.c.obj
 *fill*         0x100084c9        0x3 
 .rodata.sync_ep_buffer.str1.4
                0x100084cc       0x91 CMakeFiles/HelloWorld.dir/C_/VSARM/sdk/pico/pico-sdk/lib/tinyusb/src/portable/raspberrypi/rp2040/rp2040_usb.c.obj
 *fill*         0x1000855d        0x3 
 .rodata._hw_endpoint_buffer_control_update32.str1.4
                0x10008560       0x1f CMakeFiles/HelloWorld.dir/C_/VSARM/sdk/pico/pico-sdk/lib/tinyusb/src/portable/raspberrypi/rp2040/rp2040_usb.c.obj
 *fill*         0x1000857f        0x1 
 .rodata.hw_endpoint_xfer_start.str1.4
                0x10008580       0x38 CMakeFiles/HelloWorld.dir/C_/VSARM/sdk/pico/pico-sdk/lib/tinyusb/src/portable/raspberrypi/rp2040/rp2040_usb.c.obj
 .rodata.hw_endpoint_xfer_continue.str1.4
                0x100085b8       0x29 CMakeFiles/HelloWorld.dir/C_/VSARM/sdk/pico/pico-sdk/lib/tinyusb/src/portable/raspberrypi/rp2040/rp2040_usb.c.obj
 *fill*         0x100085e1        0x3 
 .rodata.str1.4
                0x100085e4        0x7 CMakeFiles/HelloWorld.dir/C_/VSARM/sdk/pico/pico-sdk/lib/tinyusb/src/portable/raspberrypi/rp2040/rp2040_usb.c.obj
 *fill*         0x100085eb        0x1 
 .rodata.__func__.0
                0x100085ec        0xf CMakeFiles/HelloWorld.dir/C_/VSARM/sdk/pico/pico-sdk/lib/tinyusb/src/portable/raspberrypi/rp2040/rp2040_usb.c.obj
 *fill*         0x100085fb        0x1 
 .rodata.process_set_config.str1.4
                0x100085fc       0x17 CMakeFiles/HelloWorld.dir/C_/VSARM/sdk/pico/pico-sdk/lib/tinyusb/src/device/usbd.c.obj
 *fill*         0x10008613        0x1 
 .rodata.process_get_descriptor
                0x10008614       0x40 CMakeFiles/HelloWorld.dir/C_/VSARM/sdk/pico/pico-sdk/lib/tinyusb/src/device/usbd.c.obj
 .rodata.process_control_request
                0x10008654       0x28 CMakeFiles/HelloWorld.dir/C_/VSARM/sdk/pico/pico-sdk/lib/tinyusb/src/device/usbd.c.obj
 .rodata.tud_task
                0x1000867c       0x24 CMakeFiles/HelloWorld.dir/C_/VSARM/sdk/pico/pico-sdk/lib/tinyusb/src/device/usbd.c.obj
 .rodata.__func__.2
                0x100086a0        0xf CMakeFiles/HelloWorld.dir/C_/VSARM/sdk/pico/pico-sdk/lib/tinyusb/src/device/usbd.c.obj
 *fill*         0x100086af        0x1 
 .rodata.__func__.3
                0x100086b0        0xf CMakeFiles/HelloWorld.dir/C_/VSARM/sdk/pico/pico-sdk/lib/tinyusb/src/device/usbd.c.obj
 *fill*         0x100086bf        0x1 
 .rodata.__func__.4
                0x100086c0       0x14 CMakeFiles/HelloWorld.dir/C_/VSARM/sdk/pico/pico-sdk/lib/tinyusb/src/device/usbd.c.obj
 .rodata.__func__.5
                0x100086d4       0x10 CMakeFiles/HelloWorld.dir/C_/VSARM/sdk/pico/pico-sdk/lib/tinyusb/src/device/usbd.c.obj
 .rodata.__func__.6
                0x100086e4       0x17 CMakeFiles/HelloWorld.dir/C_/VSARM/sdk/pico/pico-sdk/lib/tinyusb/src/device/usbd.c.obj
 *fill*         0x100086fb        0x1 
 .rodata.__func__.7
                0x100086fc       0x13 CMakeFiles/HelloWorld.dir/C_/VSARM/sdk/pico/pico-sdk/lib/tinyusb/src/device/usbd.c.obj
 *fill*         0x1000870f        0x1 
 .rodata.__func__.8
                0x10008710       0x18 CMakeFiles/HelloWorld.dir/C_/VSARM/sdk/pico/pico-sdk/lib/tinyusb/src/device/usbd.c.obj
 .rodata.__func__.9
                0x10008728        0x9 CMakeFiles/HelloWorld.dir/C_/VSARM/sdk/pico/pico-sdk/lib/tinyusb/src/device/usbd.c.obj
 *fill*         0x10008731        0x3 
 .rodata._usbd_driver
                0x10008734       0x18 CMakeFiles/HelloWorld.dir/C_/VSARM/sdk/pico/pico-sdk/lib/tinyusb/src/device/usbd.c.obj
 .rodata.tud_control_xfer.str1.4
                0x1000874c       0x17 CMakeFiles/HelloWorld.dir/C_/VSARM/sdk/pico/pico-sdk/lib/tinyusb/src/device/usbd_control.c.obj
 .rodata.__func__.0
                0x1000874c       0x15 CMakeFiles/HelloWorld.dir/C_/VSARM/sdk/pico/pico-sdk/lib/tinyusb/src/device/usbd_control.c.obj
 *fill*         0x10008761        0x3 
 .rodata.__func__.1
                0x10008764       0x11 CMakeFiles/HelloWorld.dir/C_/VSARM/sdk/pico/pico-sdk/lib/tinyusb/src/device/usbd_control.c.obj
 .rodata.tud_cdc_n_write_flush.str1.4
                0x10008775       0x17 CMakeFiles/HelloWorld.dir/C_/VSARM/sdk/pico/pico-sdk/lib/tinyusb/src/class/cdc/cdc_device.c.obj
 *fill*         0x10008775        0x3 
 .rodata.__func__.0
                0x10008778        0xd CMakeFiles/HelloWorld.dir/C_/VSARM/sdk/pico/pico-sdk/lib/tinyusb/src/class/cdc/cdc_device.c.obj
 *fill*         0x10008785        0x3 
 .rodata.__func__.1
                0x10008788        0xa CMakeFiles/HelloWorld.dir/C_/VSARM/sdk/pico/pico-sdk/lib/tinyusb/src/class/cdc/cdc_device.c.obj
 *fill*         0x10008792        0x2 
 .rodata.__func__.2
                0x10008794       0x16 CMakeFiles/HelloWorld.dir/C_/VSARM/sdk/pico/pico-sdk/lib/tinyusb/src/class/cdc/cdc_device.c.obj
 .rodata.tusb_init.str1.4
                0x100087aa       0x17 CMakeFiles/HelloWorld.dir/C_/VSARM/sdk/pico/pico-sdk/lib/tinyusb/src/tusb.c.obj
 *fill*         0x100087aa        0x2 
 .rodata.__func__.0
                0x100087ac       0x11 CMakeFiles/HelloWorld.dir/C_/VSARM/sdk/pico/pico-sdk/lib/tinyusb/src/tusb.c.obj
 *fill*         0x100087bd        0x3 
 .rodata.__func__.1
                0x100087c0        0xa CMakeFiles/HelloWorld.dir/C_/VSARM/sdk/pico/pico-sdk/lib/tinyusb/src/tusb.c.obj
 *fill*         0x100087ca        0x2 
 .rodata.pico_get_unique_board_id_string.str1.4
                0x100087cc       0x4d CMakeFiles/HelloWorld.dir/C_/VSARM/sdk/pico/pico-sdk/src/rp2_common/pico_unique_id/unique_id.c.obj
 *fill*         0x10008819        0x3 
 .rodata.__func__.0
                0x1000881c       0x20 CMakeFiles/HelloWorld.dir/C_/VSARM/sdk/pico/pico-sdk/src/rp2_common/pico_unique_id/unique_id.c.obj
 .rodata.str1.4
                0x1000883c      0x15a CMakeFiles/HelloWorld.dir/C_/VSARM/sdk/pico/pico-sdk/src/rp2_common/hardware_flash/flash.c.obj
 *fill*         0x10008996        0x2 
 .rodata.__func__.0
                0x10008998        0xd CMakeFiles/HelloWorld.dir/C_/VSARM/sdk/pico/pico-sdk/src/rp2_common/hardware_flash/flash.c.obj
                0x100089a8                . = ALIGN (0x4)
 *fill*         0x100089a5        0x3 
 *(SORT_BY_ALIGNMENT(SORT_BY_NAME(.flashdata*)))
                0x100089a8                . = ALIGN (0x4)

.rel.dyn        0x100089a8        0x0
 .rel.iplt      0x100089a8        0x0 c:/vsarm/armcc/112202~1.02/bin/../lib/gcc/arm-none-eabi/11.2.1/thumb/v6-m/nofp/crtbegin.o

.ARM.extab
 *(.ARM.extab* .gnu.linkonce.armextab.*)
                0x100089a8                __exidx_start = .

.ARM.exidx
 *(.ARM.exidx* .gnu.linkonce.armexidx.*)
                0x100089a8                __exidx_end = .
                0x100089a8                . = ALIGN (0x4)
                0x100089a8                __binary_info_start = .

.binary_info    0x100089a8       0x20
 *(.binary_info.keep.*)
 .binary_info.keep.__bi_ptr22
                0x100089a8        0x4 CMakeFiles/HelloWorld.dir/C_/VSARM/sdk/pico/pico-sdk/src/rp2_common/pico_standard_link/binary_info.c.obj
 .binary_info.keep.__bi_ptr30
                0x100089ac        0x4 CMakeFiles/HelloWorld.dir/C_/VSARM/sdk/pico/pico-sdk/src/rp2_common/pico_standard_link/binary_info.c.obj
 .binary_info.keep.__bi_ptr38
                0x100089b0        0x4 CMakeFiles/HelloWorld.dir/C_/VSARM/sdk/pico/pico-sdk/src/rp2_common/pico_standard_link/binary_info.c.obj
 .binary_info.keep.__bi_ptr44
                0x100089b4        0x4 CMakeFiles/HelloWorld.dir/C_/VSARM/sdk/pico/pico-sdk/src/rp2_common/pico_standard_link/binary_info.c.obj
 .binary_info.keep.__bi_ptr50
                0x100089b8        0x4 CMakeFiles/HelloWorld.dir/C_/VSARM/sdk/pico/pico-sdk/src/rp2_common/pico_standard_link/binary_info.c.obj
 .binary_info.keep.__bi_ptr75
                0x100089bc        0x4 CMakeFiles/HelloWorld.dir/C_/VSARM/sdk/pico/pico-sdk/src/rp2_common/pico_standard_link/binary_info.c.obj
 .binary_info.keep.__bi_ptr81
                0x100089c0        0x4 CMakeFiles/HelloWorld.dir/C_/VSARM/sdk/pico/pico-sdk/src/rp2_common/pico_standard_link/binary_info.c.obj
 *(.binary_info.*)
 .binary_info.__bi_ptr118
                0x100089c4        0x4 CMakeFiles/HelloWorld.dir/C_/VSARM/sdk/pico/pico-sdk/src/rp2_common/pico_stdio_usb/stdio_usb.c.obj
                0x100089c8                __binary_info_end = .
                0x100089c8                . = ALIGN (0x4)
                0x100089c8                __etext = .

.ram_vector_table
                0x20000000       0xc0
 *(.ram_vector_table)
 .ram_vector_table
                0x20000000       0xc0 CMakeFiles/HelloWorld.dir/C_/VSARM/sdk/pico/pico-sdk/src/rp2_common/pico_runtime/runtime.c.obj
                0x20000000                ram_vector_table

.data           0x200000c0      0x460 load address 0x100089c8
                0x200000c0                __data_start__ = .
 *(vtable)
 *(.time_critical*)
 .time_critical.mutex_enter_blocking
                0x200000c0       0x48 CMakeFiles/HelloWorld.dir/C_/VSARM/sdk/pico/pico-sdk/src/common/pico_sync/mutex.c.obj
                0x200000c0                mutex_enter_blocking
 .time_critical.mutex_try_enter
                0x20000108       0x46 CMakeFiles/HelloWorld.dir/C_/VSARM/sdk/pico/pico-sdk/src/common/pico_sync/mutex.c.obj
                0x20000108                mutex_try_enter
 *fill*         0x2000014e        0x2 
 .time_critical.mutex_enter_block_until
                0x20000150       0x8c CMakeFiles/HelloWorld.dir/C_/VSARM/sdk/pico/pico-sdk/src/common/pico_sync/mutex.c.obj
                0x20000150                mutex_enter_block_until
 .time_critical.mutex_enter_timeout_ms
                0x200001dc       0x74 CMakeFiles/HelloWorld.dir/C_/VSARM/sdk/pico/pico-sdk/src/common/pico_sync/mutex.c.obj
                0x200001dc                mutex_enter_timeout_ms
 .time_critical.mutex_exit
                0x20000250       0x4c CMakeFiles/HelloWorld.dir/C_/VSARM/sdk/pico/pico-sdk/src/common/pico_sync/mutex.c.obj
                0x20000250                mutex_exit
 .time_critical.flash_init_boot2_copyout
                0x2000029c       0x30 CMakeFiles/HelloWorld.dir/C_/VSARM/sdk/pico/pico-sdk/src/rp2_common/hardware_flash/flash.c.obj
 .time_critical.flash_enable_xip_via_boot2
                0x200002cc       0x10 CMakeFiles/HelloWorld.dir/C_/VSARM/sdk/pico/pico-sdk/src/rp2_common/hardware_flash/flash.c.obj
 .time_critical.flash_cs_force
                0x200002dc       0x28 CMakeFiles/HelloWorld.dir/C_/VSARM/sdk/pico/pico-sdk/src/rp2_common/hardware_flash/flash.c.obj
 .time_critical.flash_do_cmd
                0x20000304       0xd8 CMakeFiles/HelloWorld.dir/C_/VSARM/sdk/pico/pico-sdk/src/rp2_common/hardware_flash/flash.c.obj
                0x20000304                flash_do_cmd
 *(.text*)
 .text          0x200003dc        0x4 c:/vsarm/armcc/112202~1.02/bin/../lib/gcc/arm-none-eabi/11.2.1/thumb/v6-m/nofp\libgcc.a(_dvmd_tls.o)
                0x200003dc                __aeabi_idiv0
                0x200003dc                __aeabi_ldiv0
 .text.__stub   0x200003e0       0x40 linker stubs
                0x20000420                . = ALIGN (0x4)
 *(.rodata*)
                0x20000420                . = ALIGN (0x4)
 *(.data*)
 .data.striped_spin_lock_num
                0x20000420        0x1 CMakeFiles/HelloWorld.dir/C_/VSARM/sdk/pico/pico-sdk/src/rp2_common/hardware_sync/sync.c.obj
 *fill*         0x20000421        0x3 
 .data          0x20000424       0x48 CMakeFiles/HelloWorld.dir/C_/VSARM/sdk/pico/pico-sdk/src/rp2_common/hardware_irq/irq_handler_chain.S.obj
                0x20000424                irq_handler_chain_slots
                0x20000454                irq_handler_chain_first_slot
                0x2000045e                irq_handler_chain_remove_tail
 .data.default_alarm_pool
                0x2000046c       0x18 CMakeFiles/HelloWorld.dir/C_/VSARM/sdk/pico/pico-sdk/src/common/pico_time/time.c.obj
 .data.default_alarm_pool_heap
                0x20000484       0x10 CMakeFiles/HelloWorld.dir/C_/VSARM/sdk/pico/pico-sdk/src/common/pico_time/time.c.obj
 *fill*         0x20000494        0xc 
 .data.aeabi_bits_funcs
                0x200004a0       0x10 CMakeFiles/HelloWorld.dir/C_/VSARM/sdk/pico/pico-sdk/src/rp2_common/pico_bit_ops/bit_ops_aeabi.S.obj
                0x200004a0                aeabi_bits_funcs
                0x200004b0                aeabi_bits_funcs_end
 .data.aeabi_mem_funcs
                0x200004b0       0x10 CMakeFiles/HelloWorld.dir/C_/VSARM/sdk/pico/pico-sdk/src/rp2_common/pico_mem_ops/mem_ops_aeabi.S.obj
                0x200004b0                aeabi_mem_funcs
                0x200004c0                aeabi_mem_funcs_end
 .data.stdio_usb
                0x200004c0       0x14 CMakeFiles/HelloWorld.dir/C_/VSARM/sdk/pico/pico-sdk/src/rp2_common/pico_stdio_usb/stdio_usb.c.obj
                0x200004c0                stdio_usb
 .data.ep_dir_string
                0x200004d4        0x8 CMakeFiles/HelloWorld.dir/C_/VSARM/sdk/pico/pico-sdk/lib/tinyusb/src/portable/raspberrypi/rp2040/rp2040_usb.c.obj
                0x200004d4                ep_dir_string
 .data._usbd_qdef
                0x200004dc       0x24 CMakeFiles/HelloWorld.dir/C_/VSARM/sdk/pico/pico-sdk/lib/tinyusb/src/device/usbd.c.obj
                0x200004dc                _usbd_qdef
                0x20000500                . = ALIGN (0x4)
 *(.after_data.*)
                0x20000500                . = ALIGN (0x4)
                0x20000500                PROVIDE (__mutex_array_start = .)
 *(SORT_BY_NAME(.mutex_array.*))
 *(.mutex_array)
 .mutex_array   0x20000500        0x8 CMakeFiles/HelloWorld.dir/C_/VSARM/sdk/pico/pico-sdk/src/rp2_common/pico_stdio/stdio.c.obj
                0x20000508                PROVIDE (__mutex_array_end = .)
                0x20000508                . = ALIGN (0x4)
                0x20000508                PROVIDE (__preinit_array_start = .)
 *(SORT_BY_NAME(.preinit_array.*))
 .preinit_array.00001
                0x20000508        0x4 CMakeFiles/HelloWorld.dir/C_/VSARM/sdk/pico/pico-sdk/src/rp2_common/pico_mem_ops/mem_ops_aeabi.S.obj
 .preinit_array.00010
                0x2000050c        0x4 CMakeFiles/HelloWorld.dir/C_/VSARM/sdk/pico/pico-sdk/src/rp2_common/pico_bit_ops/bit_ops_aeabi.S.obj
 .preinit_array.00020
                0x20000510        0x4 CMakeFiles/HelloWorld.dir/C_/VSARM/sdk/pico/pico-sdk/src/rp2_common/pico_double/double_aeabi.S.obj
 .preinit_array.00020
                0x20000514        0x4 CMakeFiles/HelloWorld.dir/C_/VSARM/sdk/pico/pico-sdk/src/rp2_common/pico_float/float_aeabi.S.obj
 *(.preinit_array)
                0x20000518                PROVIDE (__preinit_array_end = .)
                0x20000518                . = ALIGN (0x4)
                0x20000518                PROVIDE (__init_array_start = .)
 *(SORT_BY_NAME(.init_array.*))
 *(.init_array)
 .init_array    0x20000518        0x4 c:/vsarm/armcc/112202~1.02/bin/../lib/gcc/arm-none-eabi/11.2.1/thumb/v6-m/nofp/crtbegin.o
 .init_array    0x2000051c        0x4 CMakeFiles/HelloWorld.dir/C_/VSARM/sdk/pico/pico-sdk/src/rp2_common/pico_unique_id/unique_id.c.obj
                0x20000520                PROVIDE (__init_array_end = .)
                0x20000520                . = ALIGN (0x4)
                [!provide]                PROVIDE (__fini_array_start = .)
 *(SORT_BY_NAME(.fini_array.*))
 *(.fini_array)
                [!provide]                PROVIDE (__fini_array_end = .)
 *(.jcr)
                0x20000520                . = ALIGN (0x4)
                0x20000520                __data_end__ = .

.tm_clone_table
                0x20000520        0x0 load address 0x10008e28
 .tm_clone_table
                0x20000520        0x0 c:/vsarm/armcc/112202~1.02/bin/../lib/gcc/arm-none-eabi/11.2.1/thumb/v6-m/nofp/crtbegin.o
 .tm_clone_table
                0x20000520        0x0 c:/vsarm/armcc/112202~1.02/bin/../lib/gcc/arm-none-eabi/11.2.1/thumb/v6-m/nofp/crtend.o

.igot.plt       0x20000520        0x0 load address 0x10008e28
 .igot.plt      0x20000520        0x0 c:/vsarm/armcc/112202~1.02/bin/../lib/gcc/arm-none-eabi/11.2.1/thumb/v6-m/nofp/crtbegin.o

.uninitialized_data
                0x20000520        0x0 load address 0x10008e28
                0x20000520                . = ALIGN (0x4)
 *(.uninitialized_data*)

.scratch_x      0x20040000        0x0 load address 0x10008e28
                0x20040000                __scratch_x_start__ = .
 *(.scratch_x.*)
                0x20040000                . = ALIGN (0x4)
                0x20040000                __scratch_x_end__ = .
                0x10008e28                __scratch_x_source__ = LOADADDR (.scratch_x)

.scratch_y      0x20041000        0x0 load address 0x10008e28
                0x20041000                __scratch_y_start__ = .
 *(.scratch_y.*)
                0x20041000                . = ALIGN (0x4)
                0x20041000                __scratch_y_end__ = .
                0x10008e28                __scratch_y_source__ = LOADADDR (.scratch_y)

.bss            0x20000520      0xd80
                0x20000520                . = ALIGN (0x4)
                0x20000520                __bss_start__ = .
 *(SORT_BY_ALIGNMENT(SORT_BY_NAME(.bss*)))
 .bss.default_alarm_pool_entries
                0x20000520      0x100 CMakeFiles/HelloWorld.dir/C_/VSARM/sdk/pico/pico-sdk/src/common/pico_time/time.c.obj
 .bss.last_avail_time.3
                0x20000620        0x8 CMakeFiles/HelloWorld.dir/C_/VSARM/sdk/pico/pico-sdk/src/rp2_common/pico_stdio_usb/stdio_usb.c.obj
 .bss._app_driver
                0x20000628        0x4 CMakeFiles/HelloWorld.dir/C_/VSARM/sdk/pico/pico-sdk/lib/tinyusb/src/device/usbd.c.obj
 .bss._cdcd_itf
                0x2000062c      0x2d8 CMakeFiles/HelloWorld.dir/C_/VSARM/sdk/pico/pico-sdk/lib/tinyusb/src/class/cdc/cdc_device.c.obj
 .bss._ctrl_xfer
                0x20000904       0x14 CMakeFiles/HelloWorld.dir/C_/VSARM/sdk/pico/pico-sdk/lib/tinyusb/src/device/usbd_control.c.obj
 .bss._ubsd_mutexdef
                0x20000918        0x8 CMakeFiles/HelloWorld.dir/C_/VSARM/sdk/pico/pico-sdk/lib/tinyusb/src/device/usbd.c.obj
 .bss._usbd_ctrl_buf
                0x20000920       0x40 CMakeFiles/HelloWorld.dir/C_/VSARM/sdk/pico/pico-sdk/lib/tinyusb/src/device/usbd_control.c.obj
 .bss._usbd_dev
                0x20000960       0x53 CMakeFiles/HelloWorld.dir/C_/VSARM/sdk/pico/pico-sdk/lib/tinyusb/src/device/usbd.c.obj
 *fill*         0x200009b3        0x1 
 .bss._usbd_mutex
                0x200009b4        0x4 CMakeFiles/HelloWorld.dir/C_/VSARM/sdk/pico/pico-sdk/lib/tinyusb/src/device/usbd.c.obj
 .bss._usbd_q   0x200009b8        0x4 CMakeFiles/HelloWorld.dir/C_/VSARM/sdk/pico/pico-sdk/lib/tinyusb/src/device/usbd.c.obj
 .bss._usbd_qdef_buf
                0x200009bc       0xc0 CMakeFiles/HelloWorld.dir/C_/VSARM/sdk/pico/pico-sdk/lib/tinyusb/src/device/usbd.c.obj
                0x200009bc                _usbd_qdef_buf
 .bss.alarm_callbacks
                0x20000a7c       0x10 CMakeFiles/HelloWorld.dir/C_/VSARM/sdk/pico/pico-sdk/src/rp2_common/hardware_timer/timer.c.obj
 .bss.boot2_copyout
                0x20000a8c      0x100 CMakeFiles/HelloWorld.dir/C_/VSARM/sdk/pico/pico-sdk/src/rp2_common/hardware_flash/flash.c.obj
 .bss.claimed   0x20000b8c        0x4 CMakeFiles/HelloWorld.dir/C_/VSARM/sdk/pico/pico-sdk/src/rp2_common/hardware_sync/sync.c.obj
 .bss.configured_freq
                0x20000b90       0x28 CMakeFiles/HelloWorld.dir/C_/VSARM/sdk/pico/pico-sdk/src/rp2_common/hardware_clocks/clocks.c.obj
 .bss.default_alarm_pool_entry_ids_high
                0x20000bb8       0x10 CMakeFiles/HelloWorld.dir/C_/VSARM/sdk/pico/pico-sdk/src/common/pico_time/time.c.obj
 .bss.default_alarm_pool_heap_nodes
                0x20000bc8       0x30 CMakeFiles/HelloWorld.dir/C_/VSARM/sdk/pico/pico-sdk/src/common/pico_time/time.c.obj
 .bss.desc_str.0
                0x20000bf8       0x28 CMakeFiles/HelloWorld.dir/C_/VSARM/sdk/pico/pico-sdk/src/rp2_common/pico_stdio_usb/stdio_usb_descriptors.c.obj