Archive member included to satisfy reference by file (symbol)

Includes\libIncludes.a(RotaryEncoder.cpp.obj)
                              CMakeFiles/WaveformGenerator.dir/main.cpp.obj (_ZN18pico_RotaryEncoder13RotaryEncoderC1EP8pio_hw_tPK11pio_programjjim)
Includes\libIncludes.a(WaveformGenerator_CH.cpp.obj)
                              CMakeFiles/WaveformGenerator.dir/main.cpp.obj (_ZN10pico_WG_CH5WG_CHC1EP8pio_hw_tPK11pio_programmfmmm)
pico-ssd1306\libpico_ssd1306.a(ssd1306.cpp.obj)
                              CMakeFiles/WaveformGenerator.dir/main.cpp.obj (_ZN12pico_ssd13067SSD13065clearEv)
pico-ssd1306\libpico_ssd1306.a(FrameBuffer.cpp.obj)
                              pico-ssd1306\libpico_ssd1306.a(ssd1306.cpp.obj) (_ZN11FrameBufferC1Ev)
pico-ssd1306\libpico_ssd1306.a(ShapeRenderer.cpp.obj)
                              CMakeFiles/WaveformGenerator.dir/main.cpp.obj (_ZN12pico_ssd13068drawRectEPNS_7SSD1306EhhhhNS_9WriteModeE)
pico-ssd1306\textRenderer\libssd1306_textRenderer.a(TextRenderer.cpp.obj)
                              CMakeFiles/WaveformGenerator.dir/main.cpp.obj (_ZN12pico_ssd13068drawTextEPNS_7SSD1306EPKhPKchhNS_9WriteModeENS_8RotationE)
c:/vsarm/armcc/112202~1.02/bin/../lib/gcc/arm-none-eabi/11.2.1/thumb/v6-m/nofp\libgcc.a(_dvmd_tls.o)
                              CMakeFiles/WaveformGenerator.dir/C_/VSARM/sdk/pico/pico-sdk/src/rp2_common/pico_divider/divider.S.obj (__aeabi_idiv0)
c:/vsarm/armcc/112202~1.02/bin/../lib/gcc/arm-none-eabi/11.2.1/thumb/v6-m/nofp\libgcc.a(unwind-arm.o)
                              Includes\libIncludes.a(RotaryEncoder.cpp.obj) (__aeabi_unwind_cpp_pr1)
c:/vsarm/armcc/112202~1.02/bin/../lib/gcc/arm-none-eabi/11.2.1/thumb/v6-m/nofp\libgcc.a(libunwind.o)
                              c:/vsarm/armcc/112202~1.02/bin/../lib/gcc/arm-none-eabi/11.2.1/thumb/v6-m/nofp\libgcc.a(unwind-arm.o) (restore_core_regs)
c:/vsarm/armcc/112202~1.02/bin/../lib/gcc/arm-none-eabi/11.2.1/thumb/v6-m/nofp\libgcc.a(pr-support.o)
                              c:/vsarm/armcc/112202~1.02/bin/../lib/gcc/arm-none-eabi/11.2.1/thumb/v6-m/nofp\libgcc.a(unwind-arm.o) (__gnu_unwind_execute)
c:/vsarm/armcc/112202~1.02/bin/../lib/gcc/arm-none-eabi/11.2.1/thumb/v6-m/nofp\libg.a(lib_a-abort.o)
                              c:/vsarm/armcc/112202~1.02/bin/../lib/gcc/arm-none-eabi/11.2.1/thumb/v6-m/nofp\libgcc.a(unwind-arm.o) (abort)
c:/vsarm/armcc/112202~1.02/bin/../lib/gcc/arm-none-eabi/11.2.1/thumb/v6-m/nofp\libg.a(lib_a-calloc.o)
                              CMakeFiles/WaveformGenerator.dir/C_/VSARM/sdk/pico/pico-sdk/src/rp2_common/pico_malloc/pico_malloc.c.obj (calloc)
c:/vsarm/armcc/112202~1.02/bin/../lib/gcc/arm-none-eabi/11.2.1/thumb/v6-m/nofp\libg.a(lib_a-callocr.o)
                              c:/vsarm/armcc/112202~1.02/bin/../lib/gcc/arm-none-eabi/11.2.1/thumb/v6-m/nofp\libg.a(lib_a-calloc.o) (_calloc_r)
c:/vsarm/armcc/112202~1.02/bin/../lib/gcc/arm-none-eabi/11.2.1/thumb/v6-m/nofp\libg.a(lib_a-ctype_.o)
                              CMakeFiles/WaveformGenerator.dir/C_/VSARM/sdk/pico/pico-sdk/lib/tinyusb/src/tusb.c.obj (_ctype_)
c:/vsarm/armcc/112202~1.02/bin/../lib/gcc/arm-none-eabi/11.2.1/thumb/v6-m/nofp\libg.a(lib_a-errno.o)
                              c:/vsarm/armcc/112202~1.02/bin/../lib/gcc/arm-none-eabi/11.2.1/thumb/v6-m/nofp\libg.a(lib_a-callocr.o) (__errno)
c:/vsarm/armcc/112202~1.02/bin/../lib/gcc/arm-none-eabi/11.2.1/thumb/v6-m/nofp\libg.a(lib_a-impure.o)
                              c:/vsarm/armcc/112202~1.02/bin/../lib/gcc/arm-none-eabi/11.2.1/thumb/v6-m/nofp\libg.a(lib_a-calloc.o) (_impure_ptr)
c:/vsarm/armcc/112202~1.02/bin/../lib/gcc/arm-none-eabi/11.2.1/thumb/v6-m/nofp\libg.a(lib_a-init.o)
                              c:/vsarm/armcc/112202~1.02/bin/../lib/gcc/arm-none-eabi/11.2.1/thumb/v6-m/nofp/crt0.o (__libc_init_array)
c:/vsarm/armcc/112202~1.02/bin/../lib/gcc/arm-none-eabi/11.2.1/thumb/v6-m/nofp\libg.a(lib_a-itoa.o)
                              CMakeFiles/WaveformGenerator.dir/main.cpp.obj (itoa)
c:/vsarm/armcc/112202~1.02/bin/../lib/gcc/arm-none-eabi/11.2.1/thumb/v6-m/nofp\libg.a(lib_a-malloc.o)
                              CMakeFiles/WaveformGenerator.dir/C_/VSARM/sdk/pico/pico-sdk/src/rp2_common/pico_malloc/pico_malloc.c.obj (malloc)
c:/vsarm/armcc/112202~1.02/bin/../lib/gcc/arm-none-eabi/11.2.1/thumb/v6-m/nofp\libg.a(lib_a-mallocr.o)
                              c:/vsarm/armcc/112202~1.02/bin/../lib/gcc/arm-none-eabi/11.2.1/thumb/v6-m/nofp\libg.a(lib_a-callocr.o) (_malloc_r)
c:/vsarm/armcc/112202~1.02/bin/../lib/gcc/arm-none-eabi/11.2.1/thumb/v6-m/nofp\libg.a(lib_a-mlock.o)
                              c:/vsarm/armcc/112202~1.02/bin/../lib/gcc/arm-none-eabi/11.2.1/thumb/v6-m/nofp\libg.a(lib_a-mallocr.o) (__malloc_lock)
c:/vsarm/armcc/112202~1.02/bin/../lib/gcc/arm-none-eabi/11.2.1/thumb/v6-m/nofp\libg.a(lib_a-realloc.o)
[...]
Memory Configuration

Name             Origin             Length             Attributes
FLASH            0x10000000         0x00200000         xr
RAM              0x20000000         0x00040000         xrw
SCRATCH_X        0x20040000         0x00001000         xrw
SCRATCH_Y        0x20041000         0x00001000         xrw
*default*        0x00000000         0xffffffff

Linker script and memory map

LOAD c:/vsarm/armcc/112202~1.02/bin/../lib/gcc/arm-none-eabi/11.2.1/thumb/v6-m/nofp/crti.o
LOAD c:/vsarm/armcc/112202~1.02/bin/../lib/gcc/arm-none-eabi/11.2.1/thumb/v6-m/nofp/crtbegin.o
LOAD c:/vsarm/armcc/112202~1.02/bin/../lib/gcc/arm-none-eabi/11.2.1/thumb/v6-m/nofp/crt0.o

.flash_begin    0x10000000        0x0
                0x10000000                __flash_binary_start = .

.boot2          0x10000000      0x100
                0x10000000                __boot2_start__ = .
 *(.boot2)
 .boot2         0x10000000      0x100 C:\Users\MIGUEL~1\AppData\Local\Temp\cci847i3.o
                0x10000100                __boot2_end__ = .
                0x00000001                ASSERT (((__boot2_end__ - __boot2_start__) == 0x100), ERROR: Pico second stage bootloader must be 256 bytes in size)

.text           0x10000100     0xac90
                0x10000100                __logical_binary_start = .
 *(.vectors)
 .vectors       0x10000100       0xd4 CMakeFiles/WaveformGenerator.dir/C_/VSARM/sdk/pico/pico-sdk/src/rp2_common/pico_standard_link/crt0.S.obj
                0x10000100                __VECTOR_TABLE
                0x10000100                __vectors
                0x100001c0                isr_invalid
                0x100001c0                __default_isrs_start
                0x100001c2                isr_nmi
                0x100001c4                isr_hardfault
                0x100001c6                isr_svcall
                0x100001c8                isr_pendsv
                0x100001ca                isr_systick
                0x100001cc                isr_irq23
                0x100001cc                isr_irq18
                0x100001cc                isr_irq11
                0x100001cc                isr_irq28
                0x100001cc                isr_irq19
                0x100001cc                isr_irq0
                0x100001cc                isr_irq6
                0x100001cc                isr_irq5
                0x100001cc                isr_irq12
                0x100001cc                isr_irq22
                0x100001cc                isr_irq31
                0x100001cc                isr_irq17
                0x100001cc                isr_irq27
                0x100001cc                isr_irq30
                0x100001cc                isr_irq2
                0x100001cc                isr_irq10
                0x100001cc                isr_irq8
                0x100001cc                isr_irq24
                0x100001cc                isr_irq1
                0x100001cc                isr_irq7
                0x100001cc                isr_irq21
                0x100001cc                isr_irq20
                0x100001cc                isr_irq15
                0x100001cc                isr_irq25
                0x100001cc                isr_irq13
                0x100001cc                __unhandled_user_irq
                0x100001cc                isr_irq4
                0x100001cc                isr_irq16
                0x100001cc                isr_irq29
                0x100001cc                isr_irq26
                0x100001cc                __default_isrs_end
                0x100001cc                isr_irq3
                0x100001cc                isr_irq14
                0x100001cc                isr_irq9
                0x100001d2                unhandled_user_irq_num_in_r0
 *(.binary_info_header)
 .binary_info_header
                0x100001d4       0x14 CMakeFiles/WaveformGenerator.dir/C_/VSARM/sdk/pico/pico-sdk/src/rp2_common/pico_standard_link/crt0.S.obj
                0x100001e8                __binary_info_header_end = .
 *(.reset)
 .reset         0x100001e8       0xa8 CMakeFiles/WaveformGenerator.dir/C_/VSARM/sdk/pico/pico-sdk/src/rp2_common/pico_standard_link/crt0.S.obj
                0x100001e8                _entry_point
                0x10000266                __get_current_exception
 .reset         0x10000290       0x30 CMakeFiles/WaveformGenerator.dir/C_/VSARM/sdk/pico/pico-sdk/src/rp2_common/pico_standard_link/binary_info.c.obj
 *(.init)
 .init          0x100002c0        0x4 c:/vsarm/armcc/112202~1.02/bin/../lib/gcc/arm-none-eabi/11.2.1/thumb/v6-m/nofp/crti.o
                0x100002c0                _init
 *(EXCLUDE_FILE(*libm.a: *libc.a:*lib_a-mem*.o *libgcc.a:) .text*)
 .text.register_tm_clones
                0x100002c4       0x28 c:/vsarm/armcc/112202~1.02/bin/../lib/gcc/arm-none-eabi/11.2.1/thumb/v6-m/nofp/crtbegin.o
 .text.frame_dummy
                0x100002ec       0x24 c:/vsarm/armcc/112202~1.02/bin/../lib/gcc/arm-none-eabi/11.2.1/thumb/v6-m/nofp/crtbegin.o
 .text._Z24read_onboard_temperaturev
                0x10000310       0x68 CMakeFiles/WaveformGenerator.dir/main.cpp.obj
                0x10000310                _Z24read_onboard_temperaturev
 .text.main     0x10000378     0x14b4 CMakeFiles/WaveformGenerator.dir/main.cpp.obj
                0x10000378                main
 .text.gpio_set_function
                0x1000182c       0x30 CMakeFiles/WaveformGenerator.dir/C_/VSARM/sdk/pico/pico-sdk/src/rp2_common/hardware_gpio/gpio.c.obj
                0x1000182c                gpio_set_function
 .text.gpio_set_pulls
                0x1000185c       0x34 CMakeFiles/WaveformGenerator.dir/C_/VSARM/sdk/pico/pico-sdk/src/rp2_common/hardware_gpio/gpio.c.obj
                0x1000185c                gpio_set_pulls
 .text.gpio_init
                0x10001890       0x16 CMakeFiles/WaveformGenerator.dir/C_/VSARM/sdk/pico/pico-sdk/src/rp2_common/hardware_gpio/gpio.c.obj
                0x10001890                gpio_init
 *fill*         0x100018a6        0x2 
 .text.hw_claim_lock
                0x100018a8       0x18 CMakeFiles/WaveformGenerator.dir/C_/VSARM/sdk/pico/pico-sdk/src/rp2_common/hardware_claim/claim.c.obj
                0x100018a8                hw_claim_lock
 .text.hw_claim_unlock
                0x100018c0       0x14 CMakeFiles/WaveformGenerator.dir/C_/VSARM/sdk/pico/pico-sdk/src/rp2_common/hardware_claim/claim.c.obj
                0x100018c0                hw_claim_unlock
 .text.hw_claim_or_assert
                0x100018d4       0x32 CMakeFiles/WaveformGenerator.dir/C_/VSARM/sdk/pico/pico-sdk/src/rp2_common/hardware_claim/claim.c.obj
                0x100018d4                hw_claim_or_assert
 .text.hw_claim_unused_from_range
                0x10001906       0x50 CMakeFiles/WaveformGenerator.dir/C_/VSARM/sdk/pico/pico-sdk/src/rp2_common/hardware_claim/claim.c.obj
                0x10001906                hw_claim_unused_from_range
 *fill*         0x10001956        0x2 
 .text.running_on_fpga
                0x10001958       0x14 CMakeFiles/WaveformGenerator.dir/C_/VSARM/sdk/pico/pico-sdk/src/rp2_common/pico_platform/platform.c.obj
                0x10001958                running_on_fpga
 .text.spin_locks_reset
                0x1000196c       0x20 CMakeFiles/WaveformGenerator.dir/C_/VSARM/sdk/pico/pico-sdk/src/rp2_common/hardware_sync/sync.c.obj
                0x1000196c                spin_locks_reset
 .text.next_striped_spin_lock_num
                0x1000198c       0x1c CMakeFiles/WaveformGenerator.dir/C_/VSARM/sdk/pico/pico-sdk/src/rp2_common/hardware_sync/sync.c.obj
                0x1000198c                next_striped_spin_lock_num
 .text.spin_lock_claim_unused
                0x100019a8       0x24 CMakeFiles/WaveformGenerator.dir/C_/VSARM/sdk/pico/pico-sdk/src/rp2_common/hardware_sync/sync.c.obj
                0x100019a8                spin_lock_claim_unused
 .text.set_raw_irq_handler_and_unlock
                0x100019cc       0x28 CMakeFiles/WaveformGenerator.dir/C_/VSARM/sdk/pico/pico-sdk/src/rp2_common/hardware_irq/irq.c.obj
 .text.make_branch
                0x100019f4       0x48 CMakeFiles/WaveformGenerator.dir/C_/VSARM/sdk/pico/pico-sdk/src/rp2_common/hardware_irq/irq.c.obj
 .text.insert_branch_and_link
                0x10001a3c       0x40 CMakeFiles/WaveformGenerator.dir/C_/VSARM/sdk/pico/pico-sdk/src/rp2_common/hardware_irq/irq.c.obj
 .text.irq_is_enabled
                0x10001a7c       0x18 CMakeFiles/WaveformGenerator.dir/C_/VSARM/sdk/pico/pico-sdk/src/rp2_common/hardware_irq/irq.c.obj
                0x10001a7c                irq_is_enabled
 .text.irq_set_mask_enabled
                0x10001a94       0x20 CMakeFiles/WaveformGenerator.dir/C_/VSARM/sdk/pico/pico-sdk/src/rp2_common/hardware_irq/irq.c.obj
                0x10001a94                irq_set_mask_enabled
 .text.irq_set_enabled
                0x10001ab4        0xe CMakeFiles/WaveformGenerator.dir/C_/VSARM/sdk/pico/pico-sdk/src/rp2_common/hardware_irq/irq.c.obj
                0x10001ab4                irq_set_enabled
 *fill*         0x10001ac2        0x2 
 .text.irq_set_pending
                0x10001ac4       0x10 CMakeFiles/WaveformGenerator.dir/C_/VSARM/sdk/pico/pico-sdk/src/rp2_common/hardware_irq/irq.c.obj
                0x10001ac4                irq_set_pending
 .text.irq_get_vtable_handler
                0x10001ad4       0x10 CMakeFiles/WaveformGenerator.dir/C_/VSARM/sdk/pico/pico-sdk/src/rp2_common/hardware_irq/irq.c.obj
                0x10001ad4                irq_get_vtable_handler
 .text.irq_has_shared_handler
                0x10001ae4       0x24 CMakeFiles/WaveformGenerator.dir/C_/VSARM/sdk/pico/pico-sdk/src/rp2_common/hardware_irq/irq.c.obj
                0x10001ae4                irq_has_shared_handler
 .text.irq_set_exclusive_handler
                0x10001b08       0x54 CMakeFiles/WaveformGenerator.dir/C_/VSARM/sdk/pico/pico-sdk/src/rp2_common/hardware_irq/irq.c.obj
                0x10001b08                irq_set_exclusive_handler
 .text.irq_add_shared_handler
                0x10001b5c      0x230 CMakeFiles/WaveformGenerator.dir/C_/VSARM/sdk/pico/pico-sdk/src/rp2_common/hardware_irq/irq.c.obj
                0x10001b5c                irq_add_shared_handler
 .text.irq_remove_handler
                0x10001d8c      0x1a4 CMakeFiles/WaveformGenerator.dir/C_/VSARM/sdk/pico/pico-sdk/src/rp2_common/hardware_irq/irq.c.obj
                0x10001d8c                irq_remove_handler
 .text.irq_add_tail_to_free_list
                0x10001f30       0xf0 CMakeFiles/WaveformGenerator.dir/C_/VSARM/sdk/pico/pico-sdk/src/rp2_common/hardware_irq/irq.c.obj
                0x10001f30                irq_add_tail_to_free_list
 .text.irq_init_priorities
                0x10002020       0x1c CMakeFiles/WaveformGenerator.dir/C_/VSARM/sdk/pico/pico-sdk/src/rp2_common/hardware_irq/irq.c.obj
                0x10002020                irq_init_priorities
 .text.user_irq_claim_unused
                0x1000203c       0x30 CMakeFiles/WaveformGenerator.dir/C_/VSARM/sdk/pico/pico-sdk/src/rp2_common/hardware_irq/irq.c.obj
                0x1000203c                user_irq_claim_unused
 .text.lock_init
                0x1000206c       0x10 CMakeFiles/WaveformGenerator.dir/C_/VSARM/sdk/pico/pico-sdk/src/common/pico_sync/lock_core.c.obj
                0x1000206c                lock_init
 .text.alarm_pool_post_alloc_init
                0x1000207c       0x40 CMakeFiles/WaveformGenerator.dir/C_/VSARM/sdk/pico/pico-sdk/src/common/pico_time/time.c.obj
 .text.sleep_until_callback
                0x100020bc       0x30 CMakeFiles/WaveformGenerator.dir/C_/VSARM/sdk/pico/pico-sdk/src/common/pico_time/time.c.obj
 .text.timer_pool_entry_comparator
                0x100020ec       0x78 CMakeFiles/WaveformGenerator.dir/C_/VSARM/sdk/pico/pico-sdk/src/common/pico_time/time.c.obj
                0x100020ec                timer_pool_entry_comparator
 .text.ph_add_child_node
                0x10002164       0xa0 CMakeFiles/WaveformGenerator.dir/C_/VSARM/sdk/pico/pico-sdk/src/common/pico_time/time.c.obj
 .text.ph_merge_nodes
                0x10002204       0x3e CMakeFiles/WaveformGenerator.dir/C_/VSARM/sdk/pico/pico-sdk/src/common/pico_time/time.c.obj
 *fill*         0x10002242        0x2 
 .text.add_alarm_under_lock
                0x10002244      0x16c CMakeFiles/WaveformGenerator.dir/C_/VSARM/sdk/pico/pico-sdk/src/common/pico_time/time.c.obj
 .text.alarm_pool_alarm_callback
                0x100023b0      0x328 CMakeFiles/WaveformGenerator.dir/C_/VSARM/sdk/pico/pico-sdk/src/common/pico_time/time.c.obj
 .text.alarm_pool_init_default
                0x100026d8       0x38 CMakeFiles/WaveformGenerator.dir/C_/VSARM/sdk/pico/pico-sdk/src/common/pico_time/time.c.obj
                0x100026d8                alarm_pool_init_default
 .text.alarm_pool_get_default
                0x10002710       0x2c CMakeFiles/WaveformGenerator.dir/C_/VSARM/sdk/pico/pico-sdk/src/common/pico_time/time.c.obj
                0x10002710                alarm_pool_get_default
 .text.alarm_pool_add_alarm_at
                0x1000273c      0x178 CMakeFiles/WaveformGenerator.dir/C_/VSARM/sdk/pico/pico-sdk/src/common/pico_time/time.c.obj
                0x1000273c                alarm_pool_add_alarm_at
 .text.alarm_pool_cancel_alarm
                0x100028b4       0xec CMakeFiles/WaveformGenerator.dir/C_/VSARM/sdk/pico/pico-sdk/src/common/pico_time/time.c.obj
                0x100028b4                alarm_pool_cancel_alarm
 .text.sleep_until
                0x100029a0       0xfc CMakeFiles/WaveformGenerator.dir/C_/VSARM/sdk/pico/pico-sdk/src/common/pico_time/time.c.obj
                0x100029a0                sleep_until
 .text.sleep_us
                0x10002a9c       0x58 CMakeFiles/WaveformGenerator.dir/C_/VSARM/sdk/pico/pico-sdk/src/common/pico_time/time.c.obj
                0x10002a9c                sleep_us
 .text.sleep_ms
                0x10002af4       0x14 CMakeFiles/WaveformGenerator.dir/C_/VSARM/sdk/pico/pico-sdk/src/common/pico_time/time.c.obj
                0x10002af4                sleep_ms
 .text.best_effort_wfe_or_timeout
                0x10002b08       0x80 CMakeFiles/WaveformGenerator.dir/C_/VSARM/sdk/pico/pico-sdk/src/common/pico_time/time.c.obj
                0x10002b08                best_effort_wfe_or_timeout
 .text.hardware_alarm_irq_handler
                0x10002b88       0x88 CMakeFiles/WaveformGenerator.dir/C_/VSARM/sdk/pico/pico-sdk/src/rp2_common/hardware_timer/timer.c.obj
 .text.hardware_alarm_claim
                0x10002c10       0x18 CMakeFiles/WaveformGenerator.dir/C_/VSARM/sdk/pico/pico-sdk/src/rp2_common/hardware_timer/timer.c.obj
                0x10002c10                hardware_alarm_claim
 .text.time_us_64
                0x10002c28       0x18 CMakeFiles/WaveformGenerator.dir/C_/VSARM/sdk/pico/pico-sdk/src/rp2_common/hardware_timer/timer.c.obj
                0x10002c28                time_us_64
 .text.busy_wait_until
                0x10002c40       0x28 CMakeFiles/WaveformGenerator.dir/C_/VSARM/sdk/pico/pico-sdk/src/rp2_common/hardware_timer/timer.c.obj
                0x10002c40                busy_wait_until
 .text.hardware_alarm_set_callback
                0x10002c68       0x90 CMakeFiles/WaveformGenerator.dir/C_/VSARM/sdk/pico/pico-sdk/src/rp2_common/hardware_timer/timer.c.obj
                0x10002c68                hardware_alarm_set_callback
 .text.hardware_alarm_set_target
                0x10002cf8       0xe8 CMakeFiles/WaveformGenerator.dir/C_/VSARM/sdk/pico/pico-sdk/src/rp2_common/hardware_timer/timer.c.obj
                0x10002cf8                hardware_alarm_set_target
 .text.hardware_alarm_cancel
                0x10002de0       0x40 CMakeFiles/WaveformGenerator.dir/C_/VSARM/sdk/pico/pico-sdk/src/rp2_common/hardware_timer/timer.c.obj
                0x10002de0                hardware_alarm_cancel
 .text.ph_add_child_node
                0x10002e20       0xa0 CMakeFiles/WaveformGenerator.dir/C_/VSARM/sdk/pico/pico-sdk/src/common/pico_util/pheap.c.obj
 .text.ph_merge_nodes
                0x10002ec0       0x3e CMakeFiles/WaveformGenerator.dir/C_/VSARM/sdk/pico/pico-sdk/src/common/pico_util/pheap.c.obj
 *fill*         0x10002efe        0x2 
 .text.ph_clear
                0x10002f00       0x70 CMakeFiles/WaveformGenerator.dir/C_/VSARM/sdk/pico/pico-sdk/src/common/pico_util/pheap.c.obj
                0x10002f00                ph_clear
 .text.ph_post_alloc_init
                0x10002f70        0xe CMakeFiles/WaveformGenerator.dir/C_/VSARM/sdk/pico/pico-sdk/src/common/pico_util/pheap.c.obj
                0x10002f70                ph_post_alloc_init
 *fill*         0x10002f7e        0x2 
 .text.ph_merge_two_pass
                0x10002f80       0xa4 CMakeFiles/WaveformGenerator.dir/C_/VSARM/sdk/pico/pico-sdk/src/common/pico_util/pheap.c.obj
                0x10002f80                ph_merge_two_pass
 .text.ph_remove_any_head
                0x10003024      0x104 CMakeFiles/WaveformGenerator.dir/C_/VSARM/sdk/pico/pico-sdk/src/common/pico_util/pheap.c.obj
 .text.ph_remove_head
                0x10003128       0x14 CMakeFiles/WaveformGenerator.dir/C_/VSARM/sdk/pico/pico-sdk/src/common/pico_util/pheap.c.obj
                0x10003128                ph_remove_head
 .text.ph_remove_and_free_node
                0x1000313c       0xf8 CMakeFiles/WaveformGenerator.dir/C_/VSARM/sdk/pico/pico-sdk/src/common/pico_util/pheap.c.obj
                0x1000313c                ph_remove_and_free_node
 .text.mutex_init
                0x10003234       0x1a CMakeFiles/WaveformGenerator.dir/C_/VSARM/sdk/pico/pico-sdk/src/common/pico_sync/mutex.c.obj
                0x10003234                mutex_init
 .text.recursive_mutex_init
                0x1000324e       0x1e CMakeFiles/WaveformGenerator.dir/C_/VSARM/sdk/pico/pico-sdk/src/common/pico_sync/mutex.c.obj
                0x1000324e                recursive_mutex_init
 .text.critical_section_init_with_lock_num
                0x1000326c       0x14 CMakeFiles/WaveformGenerator.dir/C_/VSARM/sdk/pico/pico-sdk/src/common/pico_sync/critical_section.c.obj
                0x1000326c                critical_section_init_with_lock_num
 .text.critical_section_init
                0x10003280       0x14 CMakeFiles/WaveformGenerator.dir/C_/VSARM/sdk/pico/pico-sdk/src/common/pico_sync/critical_section.c.obj
                0x10003280                critical_section_init
 .text._exit    0x10003294        0x4 CMakeFiles/WaveformGenerator.dir/C_/VSARM/sdk/pico/pico-sdk/src/rp2_common/pico_runtime/runtime.c.obj
                0x10003294                _exit
 .text._sbrk    0x10003298       0x38 CMakeFiles/WaveformGenerator.dir/C_/VSARM/sdk/pico/pico-sdk/src/rp2_common/pico_runtime/runtime.c.obj
                0x10003298                _sbrk
 .text.exit     0x100032d0        0x6 CMakeFiles/WaveformGenerator.dir/C_/VSARM/sdk/pico/pico-sdk/src/rp2_common/pico_runtime/runtime.c.obj
                0x100032d0                exit
 *fill*         0x100032d6        0x2 
 .text.__assert_func
                0x100032d8       0x3c CMakeFiles/WaveformGenerator.dir/C_/VSARM/sdk/pico/pico-sdk/src/rp2_common/pico_runtime/runtime.c.obj
                0x100032d8                __assert_func
 .text.runtime_init
                0x10003314       0xf8 CMakeFiles/WaveformGenerator.dir/C_/VSARM/sdk/pico/pico-sdk/src/rp2_common/pico_runtime/runtime.c.obj
                0x10003314                runtime_init
 .text.panic    0x1000340c       0x30 CMakeFiles/WaveformGenerator.dir/C_/VSARM/sdk/pico/pico-sdk/src/rp2_common/pico_runtime/runtime.c.obj
                0x1000340c                panic
 .text.clock_configure
                0x1000343c      0x104 CMakeFiles/WaveformGenerator.dir/C_/VSARM/sdk/pico/pico-sdk/src/rp2_common/hardware_clocks/clocks.c.obj
                0x1000343c                clock_configure
 .text.clocks_init
                0x10003540      0x100 CMakeFiles/WaveformGenerator.dir/C_/VSARM/sdk/pico/pico-sdk/src/rp2_common/hardware_clocks/clocks.c.obj
                0x10003540                clocks_init
 .text.clock_get_hz
                0x10003640        0xc CMakeFiles/WaveformGenerator.dir/C_/VSARM/sdk/pico/pico-sdk/src/rp2_common/hardware_clocks/clocks.c.obj
                0x10003640                clock_get_hz
 .text.pll_init
                0x1000364c      0x140 CMakeFiles/WaveformGenerator.dir/C_/VSARM/sdk/pico/pico-sdk/src/rp2_common/hardware_pll/pll.c.obj
                0x1000364c                pll_init
 .text.watchdog_start_tick
                0x1000378c       0x10 CMakeFiles/WaveformGenerator.dir/C_/VSARM/sdk/pico/pico-sdk/src/rp2_common/hardware_watchdog/watchdog.c.obj
                0x1000378c                watchdog_start_tick
 .text.watchdog_update
                0x1000379c       0x14 CMakeFiles/WaveformGenerator.dir/C_/VSARM/sdk/pico/pico-sdk/src/rp2_common/hardware_watchdog/watchdog.c.obj
                0x1000379c                watchdog_update
 .text._watchdog_enable
                0x100037b0       0x78 CMakeFiles/WaveformGenerator.dir/C_/VSARM/sdk/pico/pico-sdk/src/rp2_common/hardware_watchdog/watchdog.c.obj
                0x100037b0                _watchdog_enable
 .text.watchdog_reboot
                0x10003828       0x48 CMakeFiles/WaveformGenerator.dir/C_/VSARM/sdk/pico/pico-sdk/src/rp2_common/hardware_watchdog/watchdog.c.obj
                0x10003828                watchdog_reboot
 .text.xosc_init
                0x10003870       0x28 CMakeFiles/WaveformGenerator.dir/C_/VSARM/sdk/pico/pico-sdk/src/rp2_common/hardware_xosc/xosc.c.obj
                0x10003870                xosc_init
 .text._out_null
                0x10003898        0x2 CMakeFiles/WaveformGenerator.dir/C_/VSARM/sdk/pico/pico-sdk/src/rp2_common/pico_printf/printf.c.obj
 .text._out_fct
                0x1000389a        0xe CMakeFiles/WaveformGenerator.dir/C_/VSARM/sdk/pico/pico-sdk/src/rp2_common/pico_printf/printf.c.obj
 .text._atoi    0x100038a8       0x24 CMakeFiles/WaveformGenerator.dir/C_/VSARM/sdk/pico/pico-sdk/src/rp2_common/pico_printf/printf.c.obj
 .text._out_rev
                0x100038cc       0xae CMakeFiles/WaveformGenerator.dir/C_/VSARM/sdk/pico/pico-sdk/src/rp2_common/pico_printf/printf.c.obj
 .text._ntoa_format
                0x1000397a      0x112 CMakeFiles/WaveformGenerator.dir/C_/VSARM/sdk/pico/pico-sdk/src/rp2_common/pico_printf/printf.c.obj
 .text._ntoa_long
                0x10003a8c       0xbc CMakeFiles/WaveformGenerator.dir/C_/VSARM/sdk/pico/pico-sdk/src/rp2_common/pico_printf/printf.c.obj
 .text._ntoa_long_long
                0x10003b48       0xe2 CMakeFiles/WaveformGenerator.dir/C_/VSARM/sdk/pico/pico-sdk/src/rp2_common/pico_printf/printf.c.obj
 *fill*         0x10003c2a        0x2 
 .text._etoa    0x10003c2c      0x414 CMakeFiles/WaveformGenerator.dir/C_/VSARM/sdk/pico/pico-sdk/src/rp2_common/pico_printf/printf.c.obj
 .text._ftoa    0x10004040      0x354 CMakeFiles/WaveformGenerator.dir/C_/VSARM/sdk/pico/pico-sdk/src/rp2_common/pico_printf/printf.c.obj
 .text._vsnprintf
                0x10004394      0x650 CMakeFiles/WaveformGenerator.dir/C_/VSARM/sdk/pico/pico-sdk/src/rp2_common/pico_printf/printf.c.obj
 .text.vfctprintf
                0x100049e4       0x20 CMakeFiles/WaveformGenerator.dir/C_/VSARM/sdk/pico/pico-sdk/src/rp2_common/pico_printf/printf.c.obj
                0x100049e4                vfctprintf
 .text          0x10004a04       0x10 CMakeFiles/WaveformGenerator.dir/C_/VSARM/sdk/pico/pico-sdk/src/rp2_common/pico_bit_ops/bit_ops_aeabi.S.obj
 .text.rom_func_lookup
                0x10004a14       0x10 CMakeFiles/WaveformGenerator.dir/C_/VSARM/sdk/pico/pico-sdk/src/rp2_common/pico_bootrom/bootrom.c.obj
                0x10004a14                rom_func_lookup
 .text.rom_data_lookup
                0x10004a24       0x10 CMakeFiles/WaveformGenerator.dir/C_/VSARM/sdk/pico/pico-sdk/src/rp2_common/pico_bootrom/bootrom.c.obj
                0x10004a24                rom_data_lookup
 .text.rom_funcs_lookup
                0x10004a34       0x36 CMakeFiles/WaveformGenerator.dir/C_/VSARM/sdk/pico/pico-sdk/src/rp2_common/pico_bootrom/bootrom.c.obj
                0x10004a34                rom_funcs_lookup
 *fill*         0x10004a6a        0x2 
 .text.__wrap___aeabi_idiv
                0x10004a6c       0x50 CMakeFiles/WaveformGenerator.dir/C_/VSARM/sdk/pico/pico-sdk/src/rp2_common/pico_divider/divider.S.obj
                0x10004a6c                __wrap___aeabi_idivmod
                0x10004a6c                divmod_s32s32
                0x10004a6c                div_s32s32
                0x10004a6c                __wrap___aeabi_idiv
                0x10004a74                divmod_s32s32_unsafe
                0x10004aa0                divmod_s32s32_savestate
 .text.__wrap___aeabi_uidiv
                0x10004abc       0x4c CMakeFiles/WaveformGenerator.dir/C_/VSARM/sdk/pico/pico-sdk/src/rp2_common/pico_divider/divider.S.obj
                0x10004abc                __wrap___aeabi_uidiv
                0x10004abc                __wrap___aeabi_uidivmod
                0x10004abc                div_u32u32
                0x10004abc                divmod_u32u32
                0x10004ac4                divmod_u32u32_unsafe
                0x10004aec                divmod_u32u32_savestate
 .text.__wrap___aeabi_ldiv
                0x10004b08      0x434 CMakeFiles/WaveformGenerator.dir/C_/VSARM/sdk/pico/pico-sdk/src/rp2_common/pico_divider/divider.S.obj
                0x10004b08                div_s64s64
                0x10004b08                divmod_s64s64
                0x10004b08                __wrap___aeabi_ldivmod
                0x10004b40                divmod_u64u64
                0x10004b40                div_u64u64
                0x10004b40                __wrap___aeabi_uldivmod
                0x10004b50                divmod_u64u64_savestate
                0x10004b78                divmod_s64s64_unsafe
                0x10004c00                divmod_u64u64_unsafe
 .text.push_r8_r11
                0x10004f3c        0xc CMakeFiles/WaveformGenerator.dir/C_/VSARM/sdk/pico/pico-sdk/src/rp2_common/pico_double/double_aeabi.S.obj
                0x10004f3c                push_r8_r11
 .text.pop_r8_r11
                0x10004f48        0xc CMakeFiles/WaveformGenerator.dir/C_/VSARM/sdk/pico/pico-sdk/src/rp2_common/pico_double/double_aeabi.S.obj
                0x10004f48                pop_r8_r11
 .text.__wrap___aeabi_darithmetic
                0x10004f54       0x80 CMakeFiles/WaveformGenerator.dir/C_/VSARM/sdk/pico/pico-sdk/src/rp2_common/pico_double/double_aeabi.S.obj
                0x10004f54                __wrap___aeabi_drsub
                0x10004f5a                __wrap___aeabi_dsub
                0x10004f6c                __wrap___aeabi_dadd
                0x10004f7e                __wrap___aeabi_ddiv
                0x10004fba                __wrap___aeabi_dmul
 .text.__wrap___aeabi_cdcmple
                0x10004fd4       0x6c CMakeFiles/WaveformGenerator.dir/C_/VSARM/sdk/pico/pico-sdk/src/rp2_common/pico_double/double_aeabi.S.obj
                0x10004fd4                __wrap___aeabi_cdrcmple
                0x10004fe4                __wrap___aeabi_cdcmpeq
                0x10004fe4                __wrap___aeabi_cdcmple
 .text.__wrap___aeabi_dcmplt
                0x10005040        0xc CMakeFiles/WaveformGenerator.dir/C_/VSARM/sdk/pico/pico-sdk/src/rp2_common/pico_double/double_aeabi.S.obj
                0x10005040                __wrap___aeabi_dcmplt
 .text.__wrap___aeabi_dcmple
                0x1000504c       0x10 CMakeFiles/WaveformGenerator.dir/C_/VSARM/sdk/pico/pico-sdk/src/rp2_common/pico_double/double_aeabi.S.obj
                0x1000504c                __wrap___aeabi_dcmple
 .text.__wrap___aeabi_dcmpge
                0x1000505c       0x10 CMakeFiles/WaveformGenerator.dir/C_/VSARM/sdk/pico/pico-sdk/src/rp2_common/pico_double/double_aeabi.S.obj
                0x1000505c                __wrap___aeabi_dcmpge
 .text.__wrap___aeabi_dcmpgt
                0x1000506c        0xa CMakeFiles/WaveformGenerator.dir/C_/VSARM/sdk/pico/pico-sdk/src/rp2_common/pico_double/double_aeabi.S.obj
                0x1000506c                __wrap___aeabi_dcmpgt
 .text.__wrap___aeabi_dcmpun
                0x10005076       0x1c CMakeFiles/WaveformGenerator.dir/C_/VSARM/sdk/pico/pico-sdk/src/rp2_common/pico_double/double_aeabi.S.obj
                0x10005076                __wrap___aeabi_dcmpun
 *fill*         0x10005092        0x2 
 .text.__wrap___aeabi_i2d
                0x10005094       0x38 CMakeFiles/WaveformGenerator.dir/C_/VSARM/sdk/pico/pico-sdk/src/rp2_common/pico_double/double_aeabi.S.obj
                0x10005094                __wrap___aeabi_ui2d
                0x1000509c                __wrap___aeabi_i2d
 .text.__wrap___aeabi_d2iz
                0x100050cc       0x48 CMakeFiles/WaveformGenerator.dir/C_/VSARM/sdk/pico/pico-sdk/src/rp2_common/pico_double/double_aeabi.S.obj
                0x100050cc                double2int_z
                0x100050cc                __wrap___aeabi_d2iz
 .text.__wrap___aeabi_d2uiz
                0x10005114       0x18 CMakeFiles/WaveformGenerator.dir/C_/VSARM/sdk/pico/pico-sdk/src/rp2_common/pico_double/double_aeabi.S.obj
                0x10005114                __wrap___aeabi_d2uiz
                0x10005114                double2uint
 .text.fix642double
                0x1000512c       0x18 CMakeFiles/WaveformGenerator.dir/C_/VSARM/sdk/pico/pico-sdk/src/rp2_common/pico_double/double_aeabi.S.obj
                0x1000512c                fix642double
 .text.__wrap_sincostan_remainder
                0x10005144       0x14 CMakeFiles/WaveformGenerator.dir/C_/VSARM/sdk/pico/pico-sdk/src/rp2_common/pico_double/double_aeabi.S.obj
                0x10005144                sincostan_remainder
 .text.__wrap_sin
                0x10005158       0x2c CMakeFiles/WaveformGenerator.dir/C_/VSARM/sdk/pico/pico-sdk/src/rp2_common/pico_double/double_aeabi.S.obj
                0x10005158                __wrap_sin
 .text.__aeabi_double_init
                0x10005184       0xc8 CMakeFiles/WaveformGenerator.dir/C_/VSARM/sdk/pico/pico-sdk/src/rp2_common/pico_double/double_init_rom.c.obj
                0x10005184                __aeabi_double_init
 .text.drem_0   0x1000524c      0x12e CMakeFiles/WaveformGenerator.dir/C_/VSARM/sdk/pico/pico-sdk/src/rp2_common/pico_double/double_math.c.obj
 *fill*         0x1000537a        0x2 
 .text.__wrap_remquo
                0x1000537c      0x17c CMakeFiles/WaveformGenerator.dir/C_/VSARM/sdk/pico/pico-sdk/src/rp2_common/pico_double/double_math.c.obj
                0x1000537c                __wrap_remquo
 .text.__wrap_remainder
                0x100054f8       0x10 CMakeFiles/WaveformGenerator.dir/C_/VSARM/sdk/pico/pico-sdk/src/rp2_common/pico_double/double_math.c.obj
                0x100054f8                __wrap_remainder
 .text.double_table_shim_on_use_helper
                0x10005508       0x34 CMakeFiles/WaveformGenerator.dir/C_/VSARM/sdk/pico/pico-sdk/src/rp2_common/pico_double/double_v1_rom_shim.S.obj
                0x10005508                double_table_shim_on_use_helper
 .text.__wrap___aeabi_dsub
                0x1000553c       0x10 CMakeFiles/WaveformGenerator.dir/C_/VSARM/sdk/pico/pico-sdk/src/rp2_common/pico_double/double_v1_rom_shim.S.obj
                0x1000553c                drsub_shim
                0x10005542                dsub_shim
 .text.dadd_shim
                0x1000554c      0x15c CMakeFiles/WaveformGenerator.dir/C_/VSARM/sdk/pico/pico-sdk/src/rp2_common/pico_double/double_v1_rom_shim.S.obj
                0x1000554c                dadd_shim
 .text.dmul_shim
                0x100056a8      0x15c CMakeFiles/WaveformGenerator.dir/C_/VSARM/sdk/pico/pico-sdk/src/rp2_common/pico_double/double_v1_rom_shim.S.obj
                0x100056a8                dmul_shim
 .text.ddiv_shim
                0x10005804      0x1b0 CMakeFiles/WaveformGenerator.dir/C_/VSARM/sdk/pico/pico-sdk/src/rp2_common/pico_double/double_v1_rom_shim.S.obj
                0x10005804                ddiv_shim
 .text.dcordic_vec_step
                0x100059b4        0xe CMakeFiles/WaveformGenerator.dir/C_/VSARM/sdk/pico/pico-sdk/src/rp2_common/pico_double/double_v1_rom_shim.S.obj
                0x100059b4                dcordic_vec_step
 .text.dcordic_rot_step
                0x100059c2       0x76 CMakeFiles/WaveformGenerator.dir/C_/VSARM/sdk/pico/pico-sdk/src/rp2_common/pico_double/double_v1_rom_shim.S.obj
                0x100059c2                dcordic_rot_step
 .text.double2uint_shim
                0x10005a38        0xe CMakeFiles/WaveformGenerator.dir/C_/VSARM/sdk/pico/pico-sdk/src/rp2_common/pico_double/double_v1_rom_shim.S.obj
                0x10005a38                double2uint_shim
                0x10005a3a                double2ufix_shim
 .text.double2int64_shim
                0x10005a46       0x1a CMakeFiles/WaveformGenerator.dir/C_/VSARM/sdk/pico/pico-sdk/src/rp2_common/pico_double/double_v1_rom_shim.S.obj
                0x10005a46                double2int64_shim
                0x10005a48                double2fix64_shim
 .text.double2uint64_shim
                0x10005a60       0x70 CMakeFiles/WaveformGenerator.dir/C_/VSARM/sdk/pico/pico-sdk/src/rp2_common/pico_double/double_v1_rom_shim.S.obj
                0x10005a60                double2uint64_shim
                0x10005a62                double2ufix64_shim
                0x10005a82                d2fix_a
 .text.x2double_shims
                0x10005ad0       0x90 CMakeFiles/WaveformGenerator.dir/C_/VSARM/sdk/pico/pico-sdk/src/rp2_common/pico_double/double_v1_rom_shim.S.obj
                0x10005ad0                uint2double_shim
                0x10005ad2                ufix2double_shim
                0x10005ad8                int2double_shim
                0x10005ada                fix2double_shim
                0x10005ae0                uint642double_shim
                0x10005ae2                ufix642double_shim
                0x10005ae8                int642double_shim
                0x10005aea                fix642double_shim
 .text.dunpacks
                0x10005b60       0x3c CMakeFiles/WaveformGenerator.dir/C_/VSARM/sdk/pico/pico-sdk/src/rp2_common/pico_double/double_v1_rom_shim.S.obj
                0x10005b60                dunpacks
 .text.dreduce  0x10005b9c       0x82 CMakeFiles/WaveformGenerator.dir/C_/VSARM/sdk/pico/pico-sdk/src/rp2_common/pico_double/double_v1_rom_shim.S.obj
                0x10005b9c                dreduce
 .text.dsin_shim
                0x10005c1e       0x14 CMakeFiles/WaveformGenerator.dir/C_/VSARM/sdk/pico/pico-sdk/src/rp2_common/pico_double/double_v1_rom_shim.S.obj
                0x10005c1e                dsin_shim
 *fill*         0x10005c32        0x2 
 .text.dtrig_guts
                0x10005c34      0x2ec CMakeFiles/WaveformGenerator.dir/C_/VSARM/sdk/pico/pico-sdk/src/rp2_common/pico_double/double_v1_rom_shim.S.obj
                0x10005d0c                datan2_shim
 .text.__aeabi_lmul
                0x10005f20       0x32 CMakeFiles/WaveformGenerator.dir/C_/VSARM/sdk/pico/pico-sdk/src/rp2_common/pico_int64_ops/pico_int64_ops_aeabi.S.obj
                0x10005f20                __wrap___aeabi_lmul
 *fill*         0x10005f52        0x2 
 .text.__wrap___aeabi_farithmetic
                0x10005f54       0x58 CMakeFiles/WaveformGenerator.dir/C_/VSARM/sdk/pico/pico-sdk/src/rp2_common/pico_float/float_aeabi.S.obj
                0x10005f54                __wrap___aeabi_frsub
                0x10005f5a                __wrap___aeabi_fsub
                0x10005f64                __wrap___aeabi_fadd
                0x10005f6e                __wrap___aeabi_fdiv
                0x10005f9a                __wrap___aeabi_fmul
 .text.__wrap___aeabi_ui2f
                0x10005fac        0xa CMakeFiles/WaveformGenerator.dir/C_/VSARM/sdk/pico/pico-sdk/src/rp2_common/pico_float/float_aeabi.S.obj
                0x10005fac                __wrap___aeabi_ui2f
 *fill*         0x10005fb6        0x2 
 .text.__wrap___aeabi_i2f
                0x10005fb8       0x44 CMakeFiles/WaveformGenerator.dir/C_/VSARM/sdk/pico/pico-sdk/src/rp2_common/pico_float/float_aeabi.S.obj
                0x10005fb8                __wrap___aeabi_i2f
 .text.__wrap___aeabi_f2iz
                0x10005ffc       0x4e CMakeFiles/WaveformGenerator.dir/C_/VSARM/sdk/pico/pico-sdk/src/rp2_common/pico_float/float_aeabi.S.obj
                0x10005ffc                float2int_z
                0x10005ffc                __wrap___aeabi_f2iz
 *fill*         0x1000604a        0x2 
 .text.float2int
                0x1000604c       0x14 CMakeFiles/WaveformGenerator.dir/C_/VSARM/sdk/pico/pico-sdk/src/rp2_common/pico_float/float_aeabi.S.obj
                0x1000604c                float2int
 .text.__wrap___aeabi_f2uiz
                0x10006060       0x10 CMakeFiles/WaveformGenerator.dir/C_/VSARM/sdk/pico/pico-sdk/src/rp2_common/pico_float/float_aeabi.S.obj
                0x10006060                __wrap___aeabi_f2uiz
 .text.__wrap___aeabi_f2d
                0x10006070       0x14 CMakeFiles/WaveformGenerator.dir/C_/VSARM/sdk/pico/pico-sdk/src/rp2_common/pico_float/float_aeabi.S.obj
                0x10006070                __wrap___aeabi_f2d
 .text.__aeabi_float_init
                0x10006084       0xfc CMakeFiles/WaveformGenerator.dir/C_/VSARM/sdk/pico/pico-sdk/src/rp2_common/pico_float/float_init_rom.c.obj
                0x10006084                __aeabi_float_init
 .text.float_table_shim_on_use_helper
                0x10006180       0x34 CMakeFiles/WaveformGenerator.dir/C_/VSARM/sdk/pico/pico-sdk/src/rp2_common/pico_float/float_v1_rom_shim.S.obj
                0x10006180                float_table_shim_on_use_helper
 .text.float232_shims
                0x100061b4       0x18 CMakeFiles/WaveformGenerator.dir/C_/VSARM/sdk/pico/pico-sdk/src/rp2_common/pico_float/float_v1_rom_shim.S.obj
                0x100061b4                float2int_shim
                0x100061b6                float2fix_shim
 .text.float2double_shim
                0x100061cc       0x30 CMakeFiles/WaveformGenerator.dir/C_/VSARM/sdk/pico/pico-sdk/src/rp2_common/pico_float/float_v1_rom_shim.S.obj
                0x100061cc                float2double_shim
 .text.__wrap_malloc
                0x100061fc       0x24 CMakeFiles/WaveformGenerator.dir/C_/VSARM/sdk/pico/pico-sdk/src/rp2_common/pico_malloc/pico_malloc.c.obj
                0x100061fc                __wrap_malloc
 .text          0x10006220       0x10 CMakeFiles/WaveformGenerator.dir/C_/VSARM/sdk/pico/pico-sdk/src/rp2_common/pico_mem_ops/mem_ops_aeabi.S.obj
                0x10006220                __aeabi_mem_init
 .text.memset   0x10006230        0xc CMakeFiles/WaveformGenerator.dir/C_/VSARM/sdk/pico/pico-sdk/src/rp2_common/pico_mem_ops/mem_ops_aeabi.S.obj
                0x10006230                __wrap_memset
 .text.memcpy   0x1000623c        0xc CMakeFiles/WaveformGenerator.dir/C_/VSARM/sdk/pico/pico-sdk/src/rp2_common/pico_mem_ops/mem_ops_aeabi.S.obj
                0x1000623c                __wrap_memcpy
                0x1000623c                __wrap___aeabi_memcpy
 .text._Znaj    0x10006248        0x8 CMakeFiles/WaveformGenerator.dir/C_/VSARM/sdk/pico/pico-sdk/src/rp2_common/pico_standard_link/new_delete.cpp.obj
                0x10006248                _Znaj
 .text.stdio_out_chars_no_crlf
                0x10006250        0xe CMakeFiles/WaveformGenerator.dir/C_/VSARM/sdk/pico/pico-sdk/src/rp2_common/pico_stdio/stdio.c.obj
 *fill*         0x1000625e        0x2 
 .text.stdio_out_chars_crlf
                0x10006260       0x80 CMakeFiles/WaveformGenerator.dir/C_/VSARM/sdk/pico/pico-sdk/src/rp2_common/pico_stdio/stdio.c.obj
 .text.stdio_stack_buffer_flush
                0x100062e0       0x44 CMakeFiles/WaveformGenerator.dir/C_/VSARM/sdk/pico/pico-sdk/src/rp2_common/pico_stdio/stdio.c.obj
 .text.stdio_buffered_printer
                0x10006324       0x20 CMakeFiles/WaveformGenerator.dir/C_/VSARM/sdk/pico/pico-sdk/src/rp2_common/pico_stdio/stdio.c.obj
 .text.stdout_serialize_begin
                0x10006344       0x30 CMakeFiles/WaveformGenerator.dir/C_/VSARM/sdk/pico/pico-sdk/src/rp2_common/pico_stdio/stdio.c.obj
                0x10006344                stdout_serialize_begin
 .text.stdout_serialize_end
                0x10006374       0x10 CMakeFiles/WaveformGenerator.dir/C_/VSARM/sdk/pico/pico-sdk/src/rp2_common/pico_stdio/stdio.c.obj
                0x10006374                stdout_serialize_end
 .text.stdio_put_string
                0x10006384       0x98 CMakeFiles/WaveformGenerator.dir/C_/VSARM/sdk/pico/pico-sdk/src/rp2_common/pico_stdio/stdio.c.obj
 .text.stdio_set_driver_enabled
                0x1000641c       0x2c CMakeFiles/WaveformGenerator.dir/C_/VSARM/sdk/pico/pico-sdk/src/rp2_common/pico_stdio/stdio.c.obj
                0x1000641c                stdio_set_driver_enabled
 .text.stdio_flush
                0x10006448       0x20 CMakeFiles/WaveformGenerator.dir/C_/VSARM/sdk/pico/pico-sdk/src/rp2_common/pico_stdio/stdio.c.obj
                0x10006448                stdio_flush
 .text.__wrap_puts
                0x10006468       0x1e CMakeFiles/WaveformGenerator.dir/C_/VSARM/sdk/pico/pico-sdk/src/rp2_common/pico_stdio/stdio.c.obj
                0x10006468                __wrap_puts
 *fill*         0x10006486        0x2 
 .text.__wrap_vprintf
                0x10006488       0x44 CMakeFiles/WaveformGenerator.dir/C_/VSARM/sdk/pico/pico-sdk/src/rp2_common/pico_stdio/stdio.c.obj
                0x10006488                __wrap_vprintf
 .text.__wrap_printf
                0x100064cc       0x18 CMakeFiles/WaveformGenerator.dir/C_/VSARM/sdk/pico/pico-sdk/src/rp2_common/pico_stdio/stdio.c.obj
                0x100064cc                __wrap_printf
 .text.stdio_init_all
                0x100064e4        0x8 CMakeFiles/WaveformGenerator.dir/C_/VSARM/sdk/pico/pico-sdk/src/rp2_common/pico_stdio/stdio.c.obj
                0x100064e4                stdio_init_all
 .text.resetd_init
                0x100064ec        0x2 CMakeFiles/WaveformGenerator.dir/C_/VSARM/sdk/pico/pico-sdk/src/rp2_common/pico_stdio_usb/reset_interface.c.obj
 *fill*         0x100064ee        0x2 
 .text.resetd_reset
                0x100064f0        0xc CMakeFiles/WaveformGenerator.dir/C_/VSARM/sdk/pico/pico-sdk/src/rp2_common/pico_stdio_usb/reset_interface.c.obj
 .text.resetd_open
                0x100064fc       0x34 CMakeFiles/WaveformGenerator.dir/C_/VSARM/sdk/pico/pico-sdk/src/rp2_common/pico_stdio_usb/reset_interface.c.obj
 .text.resetd_xfer_cb
                0x10006530        0x4 CMakeFiles/WaveformGenerator.dir/C_/VSARM/sdk/pico/pico-sdk/src/rp2_common/pico_stdio_usb/reset_interface.c.obj
 .text.reset_usb_boot
                0x10006534       0x18 CMakeFiles/WaveformGenerator.dir/C_/VSARM/sdk/pico/pico-sdk/src/rp2_common/pico_stdio_usb/reset_interface.c.obj
 .text.resetd_control_xfer_cb
                0x1000654c       0x5c CMakeFiles/WaveformGenerator.dir/C_/VSARM/sdk/pico/pico-sdk/src/rp2_common/pico_stdio_usb/reset_interface.c.obj
 .text.usbd_app_driver_get_cb
                0x100065a8        0xc CMakeFiles/WaveformGenerator.dir/C_/VSARM/sdk/pico/pico-sdk/src/rp2_common/pico_stdio_usb/reset_interface.c.obj
                0x100065a8                usbd_app_driver_get_cb
 .text.tud_cdc_line_coding_cb
                0x100065b4       0x28 CMakeFiles/WaveformGenerator.dir/C_/VSARM/sdk/pico/pico-sdk/src/rp2_common/pico_stdio_usb/reset_interface.c.obj
                0x100065b4                tud_cdc_line_coding_cb
 .text.stdio_usb_in_chars
                0x100065dc       0x70 CMakeFiles/WaveformGenerator.dir/C_/VSARM/sdk/pico/pico-sdk/src/rp2_common/pico_stdio_usb/stdio_usb.c.obj
                0x100065dc                stdio_usb_in_chars
 .text.low_priority_worker_irq
                0x1000664c       0x20 CMakeFiles/WaveformGenerator.dir/C_/VSARM/sdk/pico/pico-sdk/src/rp2_common/pico_stdio_usb/stdio_usb.c.obj
 .text.stdio_usb_out_chars
                0x1000666c       0xd4 CMakeFiles/WaveformGenerator.dir/C_/VSARM/sdk/pico/pico-sdk/src/rp2_common/pico_stdio_usb/stdio_usb.c.obj
 .text.timer_task
                0x10006740       0x40 CMakeFiles/WaveformGenerator.dir/C_/VSARM/sdk/pico/pico-sdk/src/rp2_common/pico_stdio_usb/stdio_usb.c.obj
 .text.usb_irq  0x10006780       0x10 CMakeFiles/WaveformGenerator.dir/C_/VSARM/sdk/pico/pico-sdk/src/rp2_common/pico_stdio_usb/stdio_usb.c.obj
 .text.stdio_usb_init
                0x10006790       0xec CMakeFiles/WaveformGenerator.dir/C_/VSARM/sdk/pico/pico-sdk/src/rp2_common/pico_stdio_usb/stdio_usb.c.obj
                0x10006790                stdio_usb_init
 .text.tud_descriptor_device_cb
                0x1000687c        0x8 CMakeFiles/WaveformGenerator.dir/C_/VSARM/sdk/pico/pico-sdk/src/rp2_common/pico_stdio_usb/stdio_usb_descriptors.c.obj
                0x1000687c                tud_descriptor_device_cb
 .text.tud_descriptor_configuration_cb
                0x10006884        0x8 CMakeFiles/WaveformGenerator.dir/C_/VSARM/sdk/pico/pico-sdk/src/rp2_common/pico_stdio_usb/stdio_usb_descriptors.c.obj
                0x10006884                tud_descriptor_configuration_cb
 .text.tud_descriptor_string_cb
                0x1000688c       0x6c CMakeFiles/WaveformGenerator.dir/C_/VSARM/sdk/pico/pico-sdk/src/rp2_common/pico_stdio_usb/stdio_usb_descriptors.c.obj
                0x1000688c                tud_descriptor_string_cb
 .text.hw_endpoint_get_by_addr
                0x100068f8       0x18 CMakeFiles/WaveformGenerator.dir/C_/VSARM/sdk/pico/pico-sdk/lib/tinyusb/src/portable/raspberrypi/rp2040/dcd_rp2040.c.obj
 .text.reset_ep0_pid
                0x10006910       0x28 CMakeFiles/WaveformGenerator.dir/C_/VSARM/sdk/pico/pico-sdk/lib/tinyusb/src/portable/raspberrypi/rp2040/dcd_rp2040.c.obj
 .text._hw_endpoint_alloc
                0x10006938       0x70 CMakeFiles/WaveformGenerator.dir/C_/VSARM/sdk/pico/pico-sdk/lib/tinyusb/src/portable/raspberrypi/rp2040/dcd_rp2040.c.obj
 .text.hw_endpoint_init
                0x100069a8       0x88 CMakeFiles/WaveformGenerator.dir/C_/VSARM/sdk/pico/pico-sdk/lib/tinyusb/src/portable/raspberrypi/rp2040/dcd_rp2040.c.obj
 .text.reset_non_control_endpoints
                0x10006a30       0x40 CMakeFiles/WaveformGenerator.dir/C_/VSARM/sdk/pico/pico-sdk/lib/tinyusb/src/portable/raspberrypi/rp2040/dcd_rp2040.c.obj
 .text.hw_handle_buff_status
                0x10006a70       0x8c CMakeFiles/WaveformGenerator.dir/C_/VSARM/sdk/pico/pico-sdk/lib/tinyusb/src/portable/raspberrypi/rp2040/dcd_rp2040.c.obj
 .text.dcd_rp2040_irq
                0x10006afc       0xc0 CMakeFiles/WaveformGenerator.dir/C_/VSARM/sdk/pico/pico-sdk/lib/tinyusb/src/portable/raspberrypi/rp2040/dcd_rp2040.c.obj
 .text.hw_endpoint_xfer
                0x10006bbc       0x14 CMakeFiles/WaveformGenerator.dir/C_/VSARM/sdk/pico/pico-sdk/lib/tinyusb/src/portable/raspberrypi/rp2040/dcd_rp2040.c.obj
 .text.dcd_int_enable
                0x10006bd0       0x2c CMakeFiles/WaveformGenerator.dir/C_/VSARM/sdk/pico/pico-sdk/lib/tinyusb/src/portable/raspberrypi/rp2040/dcd_rp2040.c.obj
                0x10006bd0                dcd_int_enable
 .text.dcd_set_address
                0x10006bfc       0x2c CMakeFiles/WaveformGenerator.dir/C_/VSARM/sdk/pico/pico-sdk/lib/tinyusb/src/portable/raspberrypi/rp2040/dcd_rp2040.c.obj
                0x10006bfc                dcd_set_address
 .text.dcd_connect
                0x10006c28       0x10 CMakeFiles/WaveformGenerator.dir/C_/VSARM/sdk/pico/pico-sdk/lib/tinyusb/src/portable/raspberrypi/rp2040/dcd_rp2040.c.obj
                0x10006c28                dcd_connect
 .text.dcd_init
                0x10006c38       0x7c CMakeFiles/WaveformGenerator.dir/C_/VSARM/sdk/pico/pico-sdk/lib/tinyusb/src/portable/raspberrypi/rp2040/dcd_rp2040.c.obj
                0x10006c38                dcd_init
 .text.dcd_edpt0_status_complete
                0x10006cb4       0x1c CMakeFiles/WaveformGenerator.dir/C_/VSARM/sdk/pico/pico-sdk/lib/tinyusb/src/portable/raspberrypi/rp2040/dcd_rp2040.c.obj
                0x10006cb4                dcd_edpt0_status_complete
 .text.dcd_edpt_open
                0x10006cd0       0x40 CMakeFiles/WaveformGenerator.dir/C_/VSARM/sdk/pico/pico-sdk/lib/tinyusb/src/portable/raspberrypi/rp2040/dcd_rp2040.c.obj
                0x10006cd0                dcd_edpt_open
 .text.dcd_edpt_close_all
                0x10006d10        0x8 CMakeFiles/WaveformGenerator.dir/C_/VSARM/sdk/pico/pico-sdk/lib/tinyusb/src/portable/raspberrypi/rp2040/dcd_rp2040.c.obj
                0x10006d10                dcd_edpt_close_all
 .text.dcd_edpt_xfer
                0x10006d18       0x30 CMakeFiles/WaveformGenerator.dir/C_/VSARM/sdk/pico/pico-sdk/lib/tinyusb/src/portable/raspberrypi/rp2040/dcd_rp2040.c.obj
                0x10006d18                dcd_edpt_xfer
 .text.dcd_edpt_stall
                0x10006d48       0x2c CMakeFiles/WaveformGenerator.dir/C_/VSARM/sdk/pico/pico-sdk/lib/tinyusb/src/portable/raspberrypi/rp2040/dcd_rp2040.c.obj
                0x10006d48                dcd_edpt_stall
 .text.dcd_edpt_clear_stall
                0x10006d74       0x20 CMakeFiles/WaveformGenerator.dir/C_/VSARM/sdk/pico/pico-sdk/lib/tinyusb/src/portable/raspberrypi/rp2040/dcd_rp2040.c.obj
                0x10006d74                dcd_edpt_clear_stall
 .text.prepare_ep_buffer
                0x10006d94       0x6c CMakeFiles/WaveformGenerator.dir/C_/VSARM/sdk/pico/pico-sdk/lib/tinyusb/src/portable/raspberrypi/rp2040/rp2040_usb.c.obj
 .text.sync_ep_buffer
                0x10006e00       0x78 CMakeFiles/WaveformGenerator.dir/C_/VSARM/sdk/pico/pico-sdk/lib/tinyusb/src/portable/raspberrypi/rp2040/rp2040_usb.c.obj
 .text._hw_endpoint_xfer_sync
                0x10006e78       0x28 CMakeFiles/WaveformGenerator.dir/C_/VSARM/sdk/pico/pico-sdk/lib/tinyusb/src/portable/raspberrypi/rp2040/rp2040_usb.c.obj
 .text.rp2040_usb_init
                0x10006ea0       0x4c CMakeFiles/WaveformGenerator.dir/C_/VSARM/sdk/pico/pico-sdk/lib/tinyusb/src/portable/raspberrypi/rp2040/rp2040_usb.c.obj
                0x10006ea0                rp2040_usb_init
 .text.hw_endpoint_reset_transfer
                0x10006eec        0xc CMakeFiles/WaveformGenerator.dir/C_/VSARM/sdk/pico/pico-sdk/lib/tinyusb/src/portable/raspberrypi/rp2040/rp2040_usb.c.obj
                0x10006eec                hw_endpoint_reset_transfer
 .text._hw_endpoint_buffer_control_update32
                0x10006ef8       0x58 CMakeFiles/WaveformGenerator.dir/C_/VSARM/sdk/pico/pico-sdk/lib/tinyusb/src/portable/raspberrypi/rp2040/rp2040_usb.c.obj
                0x10006ef8                _hw_endpoint_buffer_control_update32
 .text._hw_endpoint_start_next_buffer
                0x10006f50       0x74 CMakeFiles/WaveformGenerator.dir/C_/VSARM/sdk/pico/pico-sdk/lib/tinyusb/src/portable/raspberrypi/rp2040/rp2040_usb.c.obj
 .text.hw_endpoint_xfer_start
                0x10006fc4       0x48 CMakeFiles/WaveformGenerator.dir/C_/VSARM/sdk/pico/pico-sdk/lib/tinyusb/src/portable/raspberrypi/rp2040/rp2040_usb.c.obj
                0x10006fc4                hw_endpoint_xfer_start
 .text.hw_endpoint_xfer_continue
                0x1000700c       0x38 CMakeFiles/WaveformGenerator.dir/C_/VSARM/sdk/pico/pico-sdk/lib/tinyusb/src/portable/raspberrypi/rp2040/rp2040_usb.c.obj
                0x1000700c                hw_endpoint_xfer_continue
 .text.configuration_reset
                0x10007044       0x84 CMakeFiles/WaveformGenerator.dir/C_/VSARM/sdk/pico/pico-sdk/lib/tinyusb/src/device/usbd.c.obj
 .text.usbd_reset
                0x100070c8        0xc CMakeFiles/WaveformGenerator.dir/C_/VSARM/sdk/pico/pico-sdk/lib/tinyusb/src/device/usbd.c.obj
 .text.invoke_class_control
                0x100070d4       0x1a CMakeFiles/WaveformGenerator.dir/C_/VSARM/sdk/pico/pico-sdk/lib/tinyusb/src/device/usbd.c.obj
 *fill*         0x100070ee        0x2 
 .text.process_set_config
                0x100070f0      0x1b0 CMakeFiles/WaveformGenerator.dir/C_/VSARM/sdk/pico/pico-sdk/lib/tinyusb/src/device/usbd.c.obj
 .text.process_get_descriptor
                0x100072a0       0xec CMakeFiles/WaveformGenerator.dir/C_/VSARM/sdk/pico/pico-sdk/lib/tinyusb/src/device/usbd.c.obj
 .text.tud_mounted
                0x1000738c       0x10 CMakeFiles/WaveformGenerator.dir/C_/VSARM/sdk/pico/pico-sdk/lib/tinyusb/src/device/usbd.c.obj
                0x1000738c                tud_mounted
 .text.tud_suspended
                0x1000739c       0x10 CMakeFiles/WaveformGenerator.dir/C_/VSARM/sdk/pico/pico-sdk/lib/tinyusb/src/device/usbd.c.obj
                0x1000739c                tud_suspended
 .text.tud_inited
                0x100073ac        0xc CMakeFiles/WaveformGenerator.dir/C_/VSARM/sdk/pico/pico-sdk/lib/tinyusb/src/device/usbd.c.obj
                0x100073ac                tud_inited
 .text.tud_init
                0x100073b8       0xcc CMakeFiles/WaveformGenerator.dir/C_/VSARM/sdk/pico/pico-sdk/lib/tinyusb/src/device/usbd.c.obj
                0x100073b8                tud_init
 .text.dcd_event_handler
                0x10007484      0x1e0 CMakeFiles/WaveformGenerator.dir/C_/VSARM/sdk/pico/pico-sdk/lib/tinyusb/src/device/usbd.c.obj
                0x10007484                dcd_event_handler
 .text.dcd_event_bus_signal
                0x10007664       0x26 CMakeFiles/WaveformGenerator.dir/C_/VSARM/sdk/pico/pico-sdk/lib/tinyusb/src/device/usbd.c.obj
                0x10007664                dcd_event_bus_signal
 .text.dcd_event_bus_reset
                0x1000768a       0x2a CMakeFiles/WaveformGenerator.dir/C_/VSARM/sdk/pico/pico-sdk/lib/tinyusb/src/device/usbd.c.obj
                0x1000768a                dcd_event_bus_reset
 .text.dcd_event_setup_received
                0x100076b4       0x34 CMakeFiles/WaveformGenerator.dir/C_/VSARM/sdk/pico/pico-sdk/lib/tinyusb/src/device/usbd.c.obj
                0x100076b4                dcd_event_setup_received
 .text.dcd_event_xfer_complete
                0x100076e8       0x44 CMakeFiles/WaveformGenerator.dir/C_/VSARM/sdk/pico/pico-sdk/lib/tinyusb/src/device/usbd.c.obj
                0x100076e8                dcd_event_xfer_complete
 .text.usbd_edpt_open
                0x1000772c       0x58 CMakeFiles/WaveformGenerator.dir/C_/VSARM/sdk/pico/pico-sdk/lib/tinyusb/src/device/usbd.c.obj
                0x1000772c                usbd_edpt_open
 .text.usbd_open_edpt_pair
                0x10007784       0x8c CMakeFiles/WaveformGenerator.dir/C_/VSARM/sdk/pico/pico-sdk/lib/tinyusb/src/device/usbd.c.obj
                0x10007784                usbd_open_edpt_pair
 .text.usbd_edpt_claim
                0x10007810       0x8c CMakeFiles/WaveformGenerator.dir/C_/VSARM/sdk/pico/pico-sdk/lib/tinyusb/src/device/usbd.c.obj
                0x10007810                usbd_edpt_claim
 .text.usbd_edpt_release
                0x1000789c       0x68 CMakeFiles/WaveformGenerator.dir/C_/VSARM/sdk/pico/pico-sdk/lib/tinyusb/src/device/usbd.c.obj
                0x1000789c                usbd_edpt_release
 .text.usbd_edpt_xfer
                0x10007904       0x84 CMakeFiles/WaveformGenerator.dir/C_/VSARM/sdk/pico/pico-sdk/lib/tinyusb/src/device/usbd.c.obj
                0x10007904                usbd_edpt_xfer
 .text.usbd_edpt_stall
                0x10007988       0x40 CMakeFiles/WaveformGenerator.dir/C_/VSARM/sdk/pico/pico-sdk/lib/tinyusb/src/device/usbd.c.obj
                0x10007988                usbd_edpt_stall
 .text.usbd_edpt_clear_stall
                0x100079c8       0x40 CMakeFiles/WaveformGenerator.dir/C_/VSARM/sdk/pico/pico-sdk/lib/tinyusb/src/device/usbd.c.obj
                0x100079c8                usbd_edpt_clear_stall
 .text.usbd_edpt_stalled
                0x10007a08       0x1c CMakeFiles/WaveformGenerator.dir/C_/VSARM/sdk/pico/pico-sdk/lib/tinyusb/src/device/usbd.c.obj
                0x10007a08                usbd_edpt_stalled
 .text.process_control_request
                0x10007a24      0x3b8 CMakeFiles/WaveformGenerator.dir/C_/VSARM/sdk/pico/pico-sdk/lib/tinyusb/src/device/usbd.c.obj
 .text.tud_task
                0x10007ddc      0x218 CMakeFiles/WaveformGenerator.dir/C_/VSARM/sdk/pico/pico-sdk/lib/tinyusb/src/device/usbd.c.obj
                0x10007ddc                tud_task
 .text._data_stage_xact
                0x10007ff4       0x58 CMakeFiles/WaveformGenerator.dir/C_/VSARM/sdk/pico/pico-sdk/lib/tinyusb/src/device/usbd_control.c.obj
 .text.tud_control_status
                0x1000804c       0x38 CMakeFiles/WaveformGenerator.dir/C_/VSARM/sdk/pico/pico-sdk/lib/tinyusb/src/device/usbd_control.c.obj
                0x1000804c                tud_control_status
 .text.tud_control_xfer
                0x10008084       0xa8 CMakeFiles/WaveformGenerator.dir/C_/VSARM/sdk/pico/pico-sdk/lib/tinyusb/src/device/usbd_control.c.obj
                0x10008084                tud_control_xfer
 .text.usbd_control_reset
                0x1000812c       0x14 CMakeFiles/WaveformGenerator.dir/C_/VSARM/sdk/pico/pico-sdk/lib/tinyusb/src/device/usbd_control.c.obj
                0x1000812c                usbd_control_reset
 .text.usbd_control_set_complete_callback
                0x10008140        0xc CMakeFiles/WaveformGenerator.dir/C_/VSARM/sdk/pico/pico-sdk/lib/tinyusb/src/device/usbd_control.c.obj
                0x10008140                usbd_control_set_complete_callback
 .text.usbd_control_set_request
                0x1000814c       0x1c CMakeFiles/WaveformGenerator.dir/C_/VSARM/sdk/pico/pico-sdk/lib/tinyusb/src/device/usbd_control.c.obj
                0x1000814c                usbd_control_set_request
 .text.usbd_control_xfer_cb
                0x10008168       0xfc CMakeFiles/WaveformGenerator.dir/C_/VSARM/sdk/pico/pico-sdk/lib/tinyusb/src/device/usbd_control.c.obj
                0x10008168                usbd_control_xfer_cb
 .text._prep_out_transaction
                0x10008264       0x46 CMakeFiles/WaveformGenerator.dir/C_/VSARM/sdk/pico/pico-sdk/lib/tinyusb/src/class/cdc/cdc_device.c.obj
 *fill*         0x100082aa        0x2 
 .text.tud_cdc_n_connected
                0x100082ac       0x44 CMakeFiles/WaveformGenerator.dir/C_/VSARM/sdk/pico/pico-sdk/lib/tinyusb/src/class/cdc/cdc_device.c.obj
                0x100082ac                tud_cdc_n_connected
 .text.tud_cdc_n_available
                0x100082f0       0x18 CMakeFiles/WaveformGenerator.dir/C_/VSARM/sdk/pico/pico-sdk/lib/tinyusb/src/class/cdc/cdc_device.c.obj
                0x100082f0                tud_cdc_n_available
 .text.tud_cdc_n_read
                0x10008308       0x28 CMakeFiles/WaveformGenerator.dir/C_/VSARM/sdk/pico/pico-sdk/lib/tinyusb/src/class/cdc/cdc_device.c.obj
                0x10008308                tud_cdc_n_read
 .text.tud_cdc_n_write_flush
                0x10008330       0xcc CMakeFiles/WaveformGenerator.dir/C_/VSARM/sdk/pico/pico-sdk/lib/tinyusb/src/class/cdc/cdc_device.c.obj
                0x10008330                tud_cdc_n_write_flush
 .text.tud_cdc_n_write
                0x100083fc       0x38 CMakeFiles/WaveformGenerator.dir/C_/VSARM/sdk/pico/pico-sdk/lib/tinyusb/src/class/cdc/cdc_device.c.obj
                0x100083fc                tud_cdc_n_write
 .text.tud_cdc_n_write_available
                0x10008434       0x1c CMakeFiles/WaveformGenerator.dir/C_/VSARM/sdk/pico/pico-sdk/lib/tinyusb/src/class/cdc/cdc_device.c.obj
                0x10008434                tud_cdc_n_write_available
 .text.cdcd_init
                0x10008450       0xbc CMakeFiles/WaveformGenerator.dir/C_/VSARM/sdk/pico/pico-sdk/lib/tinyusb/src/class/cdc/cdc_device.c.obj
                0x10008450                cdcd_init
 .text.cdcd_reset
                0x1000850c       0x44 CMakeFiles/WaveformGenerator.dir/C_/VSARM/sdk/pico/pico-sdk/lib/tinyusb/src/class/cdc/cdc_device.c.obj
                0x1000850c                cdcd_reset
 .text.cdcd_open
                0x10008550       0xf8 CMakeFiles/WaveformGenerator.dir/C_/VSARM/sdk/pico/pico-sdk/lib/tinyusb/src/class/cdc/cdc_device.c.obj
                0x10008550                cdcd_open
 .text.cdcd_control_xfer_cb
                0x10008648      0x134 CMakeFiles/WaveformGenerator.dir/C_/VSARM/sdk/pico/pico-sdk/lib/tinyusb/src/class/cdc/cdc_device.c.obj
                0x10008648                cdcd_control_xfer_cb
 .text.cdcd_xfer_cb
                0x1000877c      0x144 CMakeFiles/WaveformGenerator.dir/C_/VSARM/sdk/pico/pico-sdk/lib/tinyusb/src/class/cdc/cdc_device.c.obj
                0x1000877c                cdcd_xfer_cb
 .text.tusb_init
                0x100088c0       0x24 CMakeFiles/WaveformGenerator.dir/C_/VSARM/sdk/pico/pico-sdk/lib/tinyusb/src/tusb.c.obj
                0x100088c0                tusb_init
 .text.tusb_inited
                0x100088e4        0xe CMakeFiles/WaveformGenerator.dir/C_/VSARM/sdk/pico/pico-sdk/lib/tinyusb/src/tusb.c.obj
                0x100088e4                tusb_inited
 *fill*         0x100088f2        0x2 
 .text.tu_edpt_validate
                0x100088f4       0xa8 CMakeFiles/WaveformGenerator.dir/C_/VSARM/sdk/pico/pico-sdk/lib/tinyusb/src/tusb.c.obj
                0x100088f4                tu_edpt_validate
 .text.tu_edpt_bind_driver
                0x1000899c       0x2a CMakeFiles/WaveformGenerator.dir/C_/VSARM/sdk/pico/pico-sdk/lib/tinyusb/src/tusb.c.obj
                0x1000899c                tu_edpt_bind_driver
 .text.advance_pointer
                0x100089c6       0x18 CMakeFiles/WaveformGenerator.dir/C_/VSARM/sdk/pico/pico-sdk/lib/tinyusb/src/common/tusb_fifo.c.obj
 .text.backward_pointer
                0x100089de       0x1e CMakeFiles/WaveformGenerator.dir/C_/VSARM/sdk/pico/pico-sdk/lib/tinyusb/src/common/tusb_fifo.c.obj
 .text.get_relative_pointer
                0x100089fc       0x10 CMakeFiles/WaveformGenerator.dir/C_/VSARM/sdk/pico/pico-sdk/lib/tinyusb/src/common/tusb_fifo.c.obj
 .text._tu_fifo_peek
                0x10008a0c       0x50 CMakeFiles/WaveformGenerator.dir/C_/VSARM/sdk/pico/pico-sdk/lib/tinyusb/src/common/tusb_fifo.c.obj
 .text._ff_pull_const_addr
                0x10008a5c       0x4c CMakeFiles/WaveformGenerator.dir/C_/VSARM/sdk/pico/pico-sdk/lib/tinyusb/src/common/tusb_fifo.c.obj
 .text._ff_pull_n
                0x10008aa8      0x10c CMakeFiles/WaveformGenerator.dir/C_/VSARM/sdk/pico/pico-sdk/lib/tinyusb/src/common/tusb_fifo.c.obj
 .text._tu_fifo_peek_n
                0x10008bb4       0x5e CMakeFiles/WaveformGenerator.dir/C_/VSARM/sdk/pico/pico-sdk/lib/tinyusb/src/common/tusb_fifo.c.obj
 .text._tu_fifo_read_n
                0x10008c12       0x4e CMakeFiles/WaveformGenerator.dir/C_/VSARM/sdk/pico/pico-sdk/lib/tinyusb/src/common/tusb_fifo.c.obj
 .text._ff_push_const_addr
                0x10008c60       0x40 CMakeFiles/WaveformGenerator.dir/C_/VSARM/sdk/pico/pico-sdk/lib/tinyusb/src/common/tusb_fifo.c.obj
 .text._ff_push_n
                0x10008ca0      0x108 CMakeFiles/WaveformGenerator.dir/C_/VSARM/sdk/pico/pico-sdk/lib/tinyusb/src/common/tusb_fifo.c.obj
 .text._tu_fifo_write_n
                0x10008da8       0x9e CMakeFiles/WaveformGenerator.dir/C_/VSARM/sdk/pico/pico-sdk/lib/tinyusb/src/common/tusb_fifo.c.obj
 .text.tu_fifo_config
                0x10008e46       0x72 CMakeFiles/WaveformGenerator.dir/C_/VSARM/sdk/pico/pico-sdk/lib/tinyusb/src/common/tusb_fifo.c.obj
                0x10008e46                tu_fifo_config
 .text.tu_fifo_count
                0x10008eb8       0x26 CMakeFiles/WaveformGenerator.dir/C_/VSARM/sdk/pico/pico-sdk/lib/tinyusb/src/common/tusb_fifo.c.obj
                0x10008eb8                tu_fifo_count
 .text.tu_fifo_empty
                0x10008ede        0xe CMakeFiles/WaveformGenerator.dir/C_/VSARM/sdk/pico/pico-sdk/lib/tinyusb/src/common/tusb_fifo.c.obj
                0x10008ede                tu_fifo_empty
 .text.tu_fifo_remaining
                0x10008eec       0x20 CMakeFiles/WaveformGenerator.dir/C_/VSARM/sdk/pico/pico-sdk/lib/tinyusb/src/common/tusb_fifo.c.obj
                0x10008eec                tu_fifo_remaining
 .text.tu_fifo_read
                0x10008f0c       0x42 CMakeFiles/WaveformGenerator.dir/C_/VSARM/sdk/pico/pico-sdk/lib/tinyusb/src/common/tusb_fifo.c.obj
                0x10008f0c                tu_fifo_read
 .text.tu_fifo_read_n
                0x10008f4e        0xa CMakeFiles/WaveformGenerator.dir/C_/VSARM/sdk/pico/pico-sdk/lib/tinyusb/src/common/tusb_fifo.c.obj
                0x10008f4e                tu_fifo_read_n
 .text.tu_fifo_write
                0x10008f58       0x6a CMakeFiles/WaveformGenerator.dir/C_/VSARM/sdk/pico/pico-sdk/lib/tinyusb/src/common/tusb_fifo.c.obj
                0x10008f58                tu_fifo_write
 .text.tu_fifo_write_n
                0x10008fc2        0xa CMakeFiles/WaveformGenerator.dir/C_/VSARM/sdk/pico/pico-sdk/lib/tinyusb/src/common/tusb_fifo.c.obj
                0x10008fc2                tu_fifo_write_n
 .text.tu_fifo_clear
                0x10008fcc       0x4c CMakeFiles/WaveformGenerator.dir/C_/VSARM/sdk/pico/pico-sdk/lib/tinyusb/src/common/tusb_fifo.c.obj
                0x10008fcc                tu_fifo_clear
 .text.tu_fifo_set_overwritable
                0x10009018       0x3c CMakeFiles/WaveformGenerator.dir/C_/VSARM/sdk/pico/pico-sdk/lib/tinyusb/src/common/tusb_fifo.c.obj
                0x10009018                tu_fifo_set_overwritable
 .text._retrieve_unique_id_on_boot
                0x10009054       0x10 CMakeFiles/WaveformGenerator.dir/C_/VSARM/sdk/pico/pico-sdk/src/rp2_common/pico_unique_id/unique_id.c.obj
 .text.pico_get_unique_board_id_string
                0x10009064       0x5c CMakeFiles/WaveformGenerator.dir/C_/VSARM/sdk/pico/pico-sdk/src/rp2_common/pico_unique_id/unique_id.c.obj
                0x10009064                pico_get_unique_board_id_string
 .text.flash_get_unique_id
                0x100090c0       0x46 CMakeFiles/WaveformGenerator.dir/C_/VSARM/sdk/pico/pico-sdk/src/rp2_common/hardware_flash/flash.c.obj
                0x100090c0                flash_get_unique_id
 *fill*         0x10009106        0x2 
 .text._pio_can_add_program_at_offset
                0x10009108       0x3c CMakeFiles/WaveformGenerator.dir/C_/VSARM/sdk/pico/pico-sdk/src/rp2_common/hardware_pio/pio.c.obj
 .text._pio_find_offset_for_program
                0x10009144       0x7c CMakeFiles/WaveformGenerator.dir/C_/VSARM/sdk/pico/pico-sdk/src/rp2_common/hardware_pio/pio.c.obj
 .text._pio_add_program_at_offset
                0x100091c0       0x78 CMakeFiles/WaveformGenerator.dir/C_/VSARM/sdk/pico/pico-sdk/src/rp2_common/hardware_pio/pio.c.obj
 .text.pio_claim_unused_sm
                0x10009238       0x3c CMakeFiles/WaveformGenerator.dir/C_/VSARM/sdk/pico/pico-sdk/src/rp2_common/hardware_pio/pio.c.obj
                0x10009238                pio_claim_unused_sm
 .text.pio_add_program
                0x10009274       0x38 CMakeFiles/WaveformGenerator.dir/C_/VSARM/sdk/pico/pico-sdk/src/rp2_common/hardware_pio/pio.c.obj
                0x10009274                pio_add_program
 .text.pio_sm_set_consecutive_pindirs
                0x100092ac       0x70 CMakeFiles/WaveformGenerator.dir/C_/VSARM/sdk/pico/pico-sdk/src/rp2_common/hardware_pio/pio.c.obj
                0x100092ac                pio_sm_set_consecutive_pindirs
 .text.pio_sm_init
                0x1000931c       0xd8 CMakeFiles/WaveformGenerator.dir/C_/VSARM/sdk/pico/pico-sdk/src/rp2_common/hardware_pio/pio.c.obj
                0x1000931c                pio_sm_init
 .text.dma_claim_unused_channel
                0x100093f4       0x24 CMakeFiles/WaveformGenerator.dir/C_/VSARM/sdk/pico/pico-sdk/src/rp2_common/hardware_dma/dma.c.obj
                0x100093f4                dma_claim_unused_channel
 .text.adc_init
                0x10009418       0x34 CMakeFiles/WaveformGenerator.dir/C_/VSARM/sdk/pico/pico-sdk/src/rp2_common/hardware_adc/adc.c.obj
                0x10009418                adc_init
 .text.i2c_write_blocking_internal
                0x1000944c      0x140 CMakeFiles/WaveformGenerator.dir/C_/VSARM/sdk/pico/pico-sdk/src/rp2_common/hardware_i2c/i2c.c.obj
 .text.i2c_set_baudrate
                0x1000958c       0xf0 CMakeFiles/WaveformGenerator.dir/C_/VSARM/sdk/pico/pico-sdk/src/rp2_common/hardware_i2c/i2c.c.obj
                0x1000958c                i2c_set_baudrate
 .text.i2c_init
                0x1000967c       0x58 CMakeFiles/WaveformGenerator.dir/C_/VSARM/sdk/pico/pico-sdk/src/rp2_common/hardware_i2c/i2c.c.obj
                0x1000967c                i2c_init
 .text.i2c_write_blocking
                0x100096d4       0x18 CMakeFiles/WaveformGenerator.dir/C_/VSARM/sdk/pico/pico-sdk/src/rp2_common/hardware_i2c/i2c.c.obj
                0x100096d4                i2c_write_blocking
 .text          0x100096ec      0x240 Includes\libIncludes.a(RotaryEncoder.cpp.obj)
                0x100096ec                _ZN18pico_RotaryEncoder13RotaryEncoderC1EP8pio_hw_tPK11pio_programjjim
                0x100096ec                _ZN18pico_RotaryEncoder13RotaryEncoderC2EP8pio_hw_tPK11pio_programjjim
                0x1000984c                _ZN18pico_RotaryEncoder13RotaryEncoder8getCountEi
                0x10009880                _ZN18pico_RotaryEncoder13RotaryEncoder8getCountEv
                0x100098bc                _ZN18pico_RotaryEncoder13RotaryEncoder10resetCountEv
                0x100098ea                _ZN18pico_RotaryEncoder13RotaryEncoder8getDeltaEv
                0x10009918                _ZN18pico_RotaryEncoder13RotaryEncoder9getbuttonEv
                0x10009928                _ZN18pico_RotaryEncoder13RotaryEncoder7setStepEi
 .text          0x1000992c      0x460 Includes\libIncludes.a(WaveformGenerator_CH.cpp.obj)
                0x1000992c                _ZN10pico_WG_CH5WG_CH7Set_DMAEv
                0x10009ae0                _ZN10pico_WG_CH5WG_CHC2EP8pio_hw_tPK11pio_programmfmmm
                0x10009ae0                _ZN10pico_WG_CH5WG_CHC1EP8pio_hw_tPK11pio_programmfmmm
                0x10009cdc                _ZN10pico_WG_CH5WG_CH11Buffer_fillEj
 .text._ZN12pico_ssd13067SSD13068setPixelEssNS_9WriteModeE
                0x10009d8c       0x9c pico-ssd1306\libpico_ssd1306.a(ssd1306.cpp.obj)
                0x10009d8c                _ZN12pico_ssd13067SSD13068setPixelEssNS_9WriteModeE
 .text._ZN12pico_ssd13067SSD13065clearEv
                0x10009e28        0xa pico-ssd1306\libpico_ssd1306.a(ssd1306.cpp.obj)
                0x10009e28                _ZN12pico_ssd13067SSD13065clearEv
 .text._ZN12pico_ssd13067SSD130614addBitmapImageEsshhPhNS_9WriteModeE
                0x10009e32       0x88 pico-ssd1306\libpico_ssd1306.a(ssd1306.cpp.obj)
                0x10009e32                _ZN12pico_ssd13067SSD130614addBitmapImageEsshhPhNS_9WriteModeE
 .text._ZN12pico_ssd13067SSD13063cmdEh
                0x10009eba       0x1e pico-ssd1306\libpico_ssd1306.a(ssd1306.cpp.obj)
                0x10009eba                _ZN12pico_ssd13067SSD13063cmdEh
 .text._ZN12pico_ssd13067SSD130610sendBufferEv
                0x10009ed8       0x74 pico-ssd1306\libpico_ssd1306.a(ssd1306.cpp.obj)
                0x10009ed8                _ZN12pico_ssd13067SSD130610sendBufferEv
 .text._ZN12pico_ssd13067SSD1306C2EP8i2c_insttNS_4SizeE
                0x10009f4c       0x74 pico-ssd1306\libpico_ssd1306.a(ssd1306.cpp.obj)
                0x10009f4c                _ZN12pico_ssd13067SSD1306C2EP8i2c_insttNS_4SizeE
                0x10009f4c                _ZN12pico_ssd13067SSD1306C1EP8i2c_insttNS_4SizeE
 .text._ZN12pico_ssd13067SSD130614setOrientationEb
                0x10009fc0       0x28 pico-ssd1306\libpico_ssd1306.a(ssd1306.cpp.obj)
                0x10009fc0                _ZN12pico_ssd13067SSD130614setOrientationEb
 .text._ZN11FrameBufferC2Ev
                0x10009fe8       0x12 pico-ssd1306\libpico_ssd1306.a(FrameBuffer.cpp.obj)
                0x10009fe8                _ZN11FrameBufferC1Ev
                0x10009fe8                _ZN11FrameBufferC2Ev
 .text._ZN11FrameBuffer6byteOREih
                0x10009ffa       0x12 pico-ssd1306\libpico_ssd1306.a(FrameBuffer.cpp.obj)
                0x10009ffa                _ZN11FrameBuffer6byteOREih
 .text._ZN11FrameBuffer7byteANDEih
                0x1000a00c       0x12 pico-ssd1306\libpico_ssd1306.a(FrameBuffer.cpp.obj)
                0x1000a00c                _ZN11FrameBuffer7byteANDEih
 .text._ZN11FrameBuffer7byteXOREih
                0x1000a01e       0x12 pico-ssd1306\libpico_ssd1306.a(FrameBuffer.cpp.obj)
                0x1000a01e                _ZN11FrameBuffer7byteXOREih
 .text._ZN11FrameBuffer5clearEv
                0x1000a030       0x10 pico-ssd1306\libpico_ssd1306.a(FrameBuffer.cpp.obj)
                0x1000a030                _ZN11FrameBuffer5clearEv
 .text._ZN11FrameBuffer3getEv
                0x1000a040        0x4 pico-ssd1306\libpico_ssd1306.a(FrameBuffer.cpp.obj)
                0x1000a040                _ZN11FrameBuffer3getEv
 .text._ZN12pico_ssd13068drawLineEPNS_7SSD1306EhhhhNS_9WriteModeE
                0x1000a044      0x144 pico-ssd1306\libpico_ssd1306.a(ShapeRenderer.cpp.obj)
                0x1000a044                _ZN12pico_ssd13068drawLineEPNS_7SSD1306EhhhhNS_9WriteModeE
 .text._ZN12pico_ssd13068drawRectEPNS_7SSD1306EhhhhNS_9WriteModeE
                0x1000a188       0x6e pico-ssd1306\libpico_ssd1306.a(ShapeRenderer.cpp.obj)
                0x1000a188                _ZN12pico_ssd13068drawRectEPNS_7SSD1306EhhhhNS_9WriteModeE
 .text._ZN12pico_ssd13068drawCharEPNS_7SSD1306EPKhchhNS_9WriteModeENS_8RotationE
                0x1000a1f6       0xc0 pico-ssd1306\textRenderer\libssd1306_textRenderer.a(TextRenderer.cpp.obj)
                0x1000a1f6                _ZN12pico_ssd13068drawCharEPNS_7SSD1306EPKhchhNS_9WriteModeENS_8RotationE
 .text._ZN12pico_ssd13068drawTextEPNS_7SSD1306EPKhPKchhNS_9WriteModeENS_8RotationE
                0x1000a2b6       0x82 pico-ssd1306\textRenderer\libssd1306_textRenderer.a(TextRenderer.cpp.obj)
                0x1000a2b6                _ZN12pico_ssd13068drawTextEPNS_7SSD1306EPKhPKchhNS_9WriteModeENS_8RotationE
 .text.abort    0x1000a338       0x10 c:/vsarm/armcc/112202~1.02/bin/../lib/gcc/arm-none-eabi/11.2.1/thumb/v6-m/nofp\libg.a(lib_a-abort.o)
                0x1000a338                abort
 .text.itoa     0x1000a348       0x30 c:/vsarm/armcc/112202~1.02/bin/../lib/gcc/arm-none-eabi/11.2.1/thumb/v6-m/nofp\libg.a(lib_a-itoa.o)
                0x1000a348                itoa
 .text.malloc   0x1000a378       0x14 c:/vsarm/armcc/112202~1.02/bin/../lib/gcc/arm-none-eabi/11.2.1/thumb/v6-m/nofp\libg.a(lib_a-malloc.o)
                0x1000a378                malloc
 .text._malloc_r
                0x1000a38c      0x57c c:/vsarm/armcc/112202~1.02/bin/../lib/gcc/arm-none-eabi/11.2.1/thumb/v6-m/nofp\libg.a(lib_a-mallocr.o)
                0x1000a38c                _malloc_r
 .text.__malloc_lock
                0x1000a908        0x4 c:/vsarm/armcc/112202~1.02/bin/../lib/gcc/arm-none-eabi/11.2.1/thumb/v6-m/nofp\libg.a(lib_a-mlock.o)
                0x1000a908                __malloc_lock
 .text.__malloc_unlock
                0x1000a90c        0x4 c:/vsarm/armcc/112202~1.02/bin/../lib/gcc/arm-none-eabi/11.2.1/thumb/v6-m/nofp\libg.a(lib_a-mlock.o)
                0x1000a90c                __malloc_unlock
 .text._sbrk_r  0x1000a910       0x24 c:/vsarm/armcc/112202~1.02/bin/../lib/gcc/arm-none-eabi/11.2.1/thumb/v6-m/nofp\libg.a(lib_a-sbrkr.o)
                0x1000a910                _sbrk_r
 .text.raise    0x1000a934       0x60 c:/vsarm/armcc/112202~1.02/bin/../lib/gcc/arm-none-eabi/11.2.1/thumb/v6-m/nofp\libg.a(lib_a-signal.o)
                0x1000a934                raise
 .text._kill_r  0x1000a994       0x28 c:/vsarm/armcc/112202~1.02/bin/../lib/gcc/arm-none-eabi/11.2.1/thumb/v6-m/nofp\libg.a(lib_a-signalr.o)
                0x1000a994                _kill_r
 .text._getpid_r
                0x1000a9bc        0x8 c:/vsarm/armcc/112202~1.02/bin/../lib/gcc/arm-none-eabi/11.2.1/thumb/v6-m/nofp\libg.a(lib_a-signalr.o)
                0x1000a9bc                _getpid_r
 .text.strlen   0x1000a9c4       0x5c c:/vsarm/armcc/112202~1.02/bin/../lib/gcc/arm-none-eabi/11.2.1/thumb/v6-m/nofp\libg.a(lib_a-strlen-stub.o)
                0x1000a9c4                strlen
 .text.__utoa   0x1000aa20       0x80 c:/vsarm/armcc/112202~1.02/bin/../lib/gcc/arm-none-eabi/11.2.1/thumb/v6-m/nofp\libg.a(lib_a-utoa.o)
                0x1000aa20                __utoa
 .text._malloc_trim_r
                0x1000aaa0       0x9c c:/vsarm/armcc/112202~1.02/bin/../lib/gcc/arm-none-eabi/11.2.1/thumb/v6-m/nofp\libg.a(lib_a-freer.o)
                0x1000aaa0                _malloc_trim_r
 .text._free_r  0x1000ab3c      0x1bc c:/vsarm/armcc/112202~1.02/bin/../lib/gcc/arm-none-eabi/11.2.1/thumb/v6-m/nofp\libg.a(lib_a-freer.o)
                0x1000ab3c                _free_r
 .text._getpid  0x1000acf8       0x10 c:/vsarm/armcc/112202~1.02/bin/../lib/gcc/arm-none-eabi/11.2.1/thumb/v6-m/nofp\libnosys.a(getpid.o)
                0x1000acf8                _getpid
 .text._kill    0x1000ad08       0x10 c:/vsarm/armcc/112202~1.02/bin/../lib/gcc/arm-none-eabi/11.2.1/thumb/v6-m/nofp\libnosys.a(kill.o)
                0x1000ad08                _kill
 *(.fini)
 .fini          0x1000ad18        0x4 c:/vsarm/armcc/112202~1.02/bin/../lib/gcc/arm-none-eabi/11.2.1/thumb/v6-m/nofp/crti.o
                0x1000ad18                _fini
 *fill*         0x1000ad1c        0x4 
 .fini.__stub   0x1000ad20       0x70 linker stubs
 *crtbegin.o(.ctors)
 *crtbegin?.o(.ctors)
 *(EXCLUDE_FILE(*crtend.o *crtend?.o) .ctors)
 *(SORT_BY_NAME(.ctors.*))
 *(.ctors)
 *crtbegin.o(.dtors)
 *crtbegin?.o(.dtors)
 *(EXCLUDE_FILE(*crtend.o *crtend?.o) .dtors)
 *(SORT_BY_NAME(.dtors.*))
 *(.dtors)
 *(.eh_frame*)
 .eh_frame      0x1000ad90        0x0 c:/vsarm/armcc/112202~1.02/bin/../lib/gcc/arm-none-eabi/11.2.1/thumb/v6-m/nofp/crtbegin.o
                0x1000ad90                . = ALIGN (0x4)

.glue_7         0x1000ad90        0x0
 .glue_7        0x1000ad90        0x0 linker stubs

.glue_7t        0x1000ad90        0x0
 .glue_7t       0x1000ad90        0x0 linker stubs

.vfp11_veneer   0x1000ad90        0x0
 .vfp11_veneer  0x1000ad90        0x0 linker stubs

.v4_bx          0x1000ad90        0x0
 .v4_bx         0x1000ad90        0x0 linker stubs

.iplt           0x1000ad90        0x0
 .iplt          0x1000ad90        0x0 c:/vsarm/armcc/112202~1.02/bin/../lib/gcc/arm-none-eabi/11.2.1/thumb/v6-m/nofp/crtbegin.o

.rodata         0x1000ad90     0x2964
 *(EXCLUDE_FILE(*libm.a: *libc.a:*lib_a-mem*.o *libgcc.a:) .rodata*)
 .rodata.main.str1.4
                0x1000ad90       0xe5 CMakeFiles/WaveformGenerator.dir/main.cpp.obj
 *fill*         0x1000ae75        0x3 
 .rodata.main   0x1000ae78       0x24 CMakeFiles/WaveformGenerator.dir/main.cpp.obj
 .rodata        0x1000ae9c      0x100 CMakeFiles/WaveformGenerator.dir/main.cpp.obj
 .rodata._ZL10font_12x16
                0x1000af9c      0x8ea CMakeFiles/WaveformGenerator.dir/main.cpp.obj
 *fill*         0x1000b886        0x2 
 .rodata._ZL20ParallelPort_program
                0x1000b888        0x6 CMakeFiles/WaveformGenerator.dir/main.cpp.obj
 *fill*         0x1000b88e        0x2 
 .rodata._ZL21RotaryEncoder_program
                0x1000b890        0x6 CMakeFiles/WaveformGenerator.dir/main.cpp.obj
 *fill*         0x1000b896        0x2 
 .rodata._ZL33ParallelPort_program_instructions
                0x1000b898        0x4 CMakeFiles/WaveformGenerator.dir/main.cpp.obj
 .rodata._ZL34RotaryEncoder_program_instructions
                0x1000b89c       0x3a CMakeFiles/WaveformGenerator.dir/main.cpp.obj
 *fill*         0x1000b8d6        0x2 
 .rodata._ZL8font_5x8
                0x1000b8d8      0x1dd CMakeFiles/WaveformGenerator.dir/main.cpp.obj
 *fill*         0x1000bab5        0x3 
 .rodata._ZL8font_8x8
                0x1000bab8      0x2fa CMakeFiles/WaveformGenerator.dir/main.cpp.obj
 *fill*         0x1000bdb2        0x2 
 .rodata.spin_lock_claim_unused.str1.4
                0x1000bdb4       0x1b CMakeFiles/WaveformGenerator.dir/C_/VSARM/sdk/pico/pico-sdk/src/rp2_common/hardware_sync/sync.c.obj
 *fill*         0x1000bdcf        0x1 
 .rodata.make_branch.str1.4
                0x1000bdd0       0x6d CMakeFiles/WaveformGenerator.dir/C_/VSARM/sdk/pico/pico-sdk/src/rp2_common/hardware_irq/irq.c.obj
 *fill*         0x1000be3d        0x3 
 .rodata.insert_branch_and_link.str1.4
                0x1000be40       0x10 CMakeFiles/WaveformGenerator.dir/C_/VSARM/sdk/pico/pico-sdk/src/rp2_common/hardware_irq/irq.c.obj
 .rodata.irq_set_exclusive_handler.str1.4
                0x1000be50       0x36 CMakeFiles/WaveformGenerator.dir/C_/VSARM/sdk/pico/pico-sdk/src/rp2_common/hardware_irq/irq.c.obj
 *fill*         0x1000be86        0x2 
 .rodata.irq_add_shared_handler.str1.4
                0x1000be88       0xd9 CMakeFiles/WaveformGenerator.dir/C_/VSARM/sdk/pico/pico-sdk/src/rp2_common/hardware_irq/irq.c.obj
 *fill*         0x1000bf61        0x3 
 .rodata.irq_remove_handler.str1.4
                0x1000bf64       0x2a CMakeFiles/WaveformGenerator.dir/C_/VSARM/sdk/pico/pico-sdk/src/rp2_common/hardware_irq/irq.c.obj
 *fill*         0x1000bf8e        0x2 
 .rodata.irq_add_tail_to_free_list.str1.4
                0x1000bf90       0x3a CMakeFiles/WaveformGenerator.dir/C_/VSARM/sdk/pico/pico-sdk/src/rp2_common/hardware_irq/irq.c.obj
 *fill*         0x1000bfca        0x2 
 .rodata.user_irq_claim_unused.str1.4
                0x1000bfcc       0x1b CMakeFiles/WaveformGenerator.dir/C_/VSARM/sdk/pico/pico-sdk/src/rp2_common/hardware_irq/irq.c.obj
 *fill*         0x1000bfe7        0x1 
 .rodata.__func__.0
                0x1000bfe8       0x1a CMakeFiles/WaveformGenerator.dir/C_/VSARM/sdk/pico/pico-sdk/src/rp2_common/hardware_irq/irq.c.obj
 *fill*         0x1000c002        0x2 
 .rodata.__func__.1
                0x1000c004       0x17 CMakeFiles/WaveformGenerator.dir/C_/VSARM/sdk/pico/pico-sdk/src/rp2_common/hardware_irq/irq.c.obj
 *fill*         0x1000c01b        0x1 
 .rodata.__func__.2
                0x1000c01c       0x13 CMakeFiles/WaveformGenerator.dir/C_/VSARM/sdk/pico/pico-sdk/src/rp2_common/hardware_irq/irq.c.obj
 *fill*         0x1000c02f        0x1 
 .rodata.__func__.3
                0x1000c030        0xc CMakeFiles/WaveformGenerator.dir/C_/VSARM/sdk/pico/pico-sdk/src/rp2_common/hardware_irq/irq.c.obj
 .rodata.__func__.4
                0x1000c03c        0xf CMakeFiles/WaveformGenerator.dir/C_/VSARM/sdk/pico/pico-sdk/src/rp2_common/hardware_irq/irq.c.obj
 *fill*         0x1000c04b        0x1 
 .rodata.__func__.5
                0x1000c04c       0x17 CMakeFiles/WaveformGenerator.dir/C_/VSARM/sdk/pico/pico-sdk/src/rp2_common/hardware_irq/irq.c.obj
 *fill*         0x1000c063        0x1 
 .rodata.__func__.6
                0x1000c064       0x1a CMakeFiles/WaveformGenerator.dir/C_/VSARM/sdk/pico/pico-sdk/src/rp2_common/hardware_irq/irq.c.obj
 *fill*         0x1000c07e        0x2 
 .rodata.repeating_timer_callback.str1.4
                0x1000c080       0x4b CMakeFiles/WaveformGenerator.dir/C_/VSARM/sdk/pico/pico-sdk/src/common/pico_time/time.c.obj
 *fill*         0x1000c0cb        0x1 
 .rodata.alarm_pool_dump_key.str1.4
                0x1000c0cc       0x33 CMakeFiles/WaveformGenerator.dir/C_/VSARM/sdk/pico/pico-sdk/src/common/pico_time/time.c.obj
 *fill*         0x1000c0ff        0x1 
 .rodata.ph_add_child_node.str1.4
                0x1000c100       0x96 CMakeFiles/WaveformGenerator.dir/C_/VSARM/sdk/pico/pico-sdk/src/common/pico_time/time.c.obj
 *fill*         0x1000c196        0x2 
 .rodata.add_alarm_under_lock.str1.4
                0x1000c198       0x28 CMakeFiles/WaveformGenerator.dir/C_/VSARM/sdk/pico/pico-sdk/src/common/pico_time/time.c.obj
                                 0x2b (size before relaxing)
 .rodata.alarm_pool_alarm_callback.str1.4
                0x1000c1c0       0xe6 CMakeFiles/WaveformGenerator.dir/C_/VSARM/sdk/pico/pico-sdk/src/common/pico_time/time.c.obj
 *fill*         0x1000c2a6        0x2 
 .rodata.alarm_pool_get_default.str1.4
                0x1000c2a8       0x21 CMakeFiles/WaveformGenerator.dir/C_/VSARM/sdk/pico/pico-sdk/src/common/pico_time/time.c.obj
 *fill*         0x1000c2c9        0x3 
 .rodata.alarm_pool_cancel_alarm.str1.4
                0x1000c2cc       0x27 CMakeFiles/WaveformGenerator.dir/C_/VSARM/sdk/pico/pico-sdk/src/common/pico_time/time.c.obj
 *fill*         0x1000c2f3        0x1 
 .rodata.sleep_until.str1.4
                0x1000c2f4       0x4d CMakeFiles/WaveformGenerator.dir/C_/VSARM/sdk/pico/pico-sdk/src/common/pico_time/time.c.obj
 *fill*         0x1000c341        0x3 
 .rodata.__func__.1
                0x1000c344       0x18 CMakeFiles/WaveformGenerator.dir/C_/VSARM/sdk/pico/pico-sdk/src/common/pico_time/time.c.obj
 .rodata.__func__.10
                0x1000c35c       0x15 CMakeFiles/WaveformGenerator.dir/C_/VSARM/sdk/pico/pico-sdk/src/common/pico_time/time.c.obj
 *fill*         0x1000c371        0x3 
 .rodata.__func__.11
                0x1000c374       0x1a CMakeFiles/WaveformGenerator.dir/C_/VSARM/sdk/pico/pico-sdk/src/common/pico_time/time.c.obj
 *fill*         0x1000c38e        0x2 
 .rodata.__func__.12
                0x1000c390        0xa CMakeFiles/WaveformGenerator.dir/C_/VSARM/sdk/pico/pico-sdk/src/common/pico_time/time.c.obj
 *fill*         0x1000c39a        0x2 
 .rodata.__func__.3
                0x1000c39c       0x17 CMakeFiles/WaveformGenerator.dir/C_/VSARM/sdk/pico/pico-sdk/src/common/pico_time/time.c.obj
 *fill*         0x1000c3b3        0x1 
 .rodata.__func__.4
                0x1000c3b4       0x12 CMakeFiles/WaveformGenerator.dir/C_/VSARM/sdk/pico/pico-sdk/src/common/pico_time/time.c.obj
 *fill*         0x1000c3c6        0x2 
 .rodata.__func__.5
                0x1000c3c8        0xd CMakeFiles/WaveformGenerator.dir/C_/VSARM/sdk/pico/pico-sdk/src/common/pico_time/time.c.obj
 *fill*         0x1000c3d5        0x3 
 .rodata.__func__.6
                0x1000c3d8       0x12 CMakeFiles/WaveformGenerator.dir/C_/VSARM/sdk/pico/pico-sdk/src/common/pico_time/time.c.obj
 *fill*         0x1000c3ea        0x2 
 .rodata.__func__.7
                0x1000c3ec        0xf CMakeFiles/WaveformGenerator.dir/C_/VSARM/sdk/pico/pico-sdk/src/common/pico_time/time.c.obj
 *fill*         0x1000c3fb        0x1 
 .rodata.__func__.8
                0x1000c3fc        0xc CMakeFiles/WaveformGenerator.dir/C_/VSARM/sdk/pico/pico-sdk/src/common/pico_time/time.c.obj
 .rodata.__func__.9
                0x1000c408       0x15 CMakeFiles/WaveformGenerator.dir/C_/VSARM/sdk/pico/pico-sdk/src/common/pico_time/time.c.obj
 *fill*         0x1000c41d        0x3 
 .rodata.hardware_alarm_claim.str1.4
                0x1000c420       0x22 CMakeFiles/WaveformGenerator.dir/C_/VSARM/sdk/pico/pico-sdk/src/rp2_common/hardware_timer/timer.c.obj
 *fill*         0x1000c442        0x2 
 .rodata.hardware_alarm_set_target.str1.4
                0x1000c444       0x65 CMakeFiles/WaveformGenerator.dir/C_/VSARM/sdk/pico/pico-sdk/src/rp2_common/hardware_timer/timer.c.obj
 *fill*         0x1000c4a9        0x3 
 .rodata.__func__.0
                0x1000c4ac       0x1a CMakeFiles/WaveformGenerator.dir/C_/VSARM/sdk/pico/pico-sdk/src/rp2_common/hardware_timer/timer.c.obj
 .rodata.ph_add_child_node.str1.4
                0x1000c4c6       0x96 CMakeFiles/WaveformGenerator.dir/C_/VSARM/sdk/pico/pico-sdk/src/common/pico_util/pheap.c.obj
 *fill*         0x1000c4c6        0x2 
 .rodata.ph_remove_any_head.str1.4
                0x1000c4c8       0x8c CMakeFiles/WaveformGenerator.dir/C_/VSARM/sdk/pico/pico-sdk/src/common/pico_util/pheap.c.obj
 .rodata.ph_remove_and_free_node.str1.4
                0x1000c554       0x1e CMakeFiles/WaveformGenerator.dir/C_/VSARM/sdk/pico/pico-sdk/src/common/pico_util/pheap.c.obj
                                 0x26 (size before relaxing)
 *fill*         0x1000c572        0x2 
 .rodata.__func__.0
                0x1000c574       0x18 CMakeFiles/WaveformGenerator.dir/C_/VSARM/sdk/pico/pico-sdk/src/common/pico_util/pheap.c.obj
 .rodata.__func__.1
                0x1000c58c       0x13 CMakeFiles/WaveformGenerator.dir/C_/VSARM/sdk/pico/pico-sdk/src/common/pico_util/pheap.c.obj
 *fill*         0x1000c59f        0x1 
 .rodata.__func__.2
                0x1000c5a0       0x12 CMakeFiles/WaveformGenerator.dir/C_/VSARM/sdk/pico/pico-sdk/src/common/pico_util/pheap.c.obj
 *fill*         0x1000c5b2        0x2 
 .rodata.__func__.3
                0x1000c5b4        0xc CMakeFiles/WaveformGenerator.dir/C_/VSARM/sdk/pico/pico-sdk/src/common/pico_util/pheap.c.obj
 .rodata.str1.4
                0x1000c5c0       0x89 CMakeFiles/WaveformGenerator.dir/C_/VSARM/sdk/pico/pico-sdk/src/common/pico_sync/mutex.c.obj
                                 0xed (size before relaxing)
 *fill*         0x1000c649        0x3 
 .rodata.__func__.1
                0x1000c64c        0xb CMakeFiles/WaveformGenerator.dir/C_/VSARM/sdk/pico/pico-sdk/src/common/pico_sync/mutex.c.obj
 *fill*         0x1000c657        0x1 
 .rodata.__func__.3
                0x1000c658       0x18 CMakeFiles/WaveformGenerator.dir/C_/VSARM/sdk/pico/pico-sdk/src/common/pico_sync/mutex.c.obj
 .rodata.__func__.4
                0x1000c670       0x15 CMakeFiles/WaveformGenerator.dir/C_/VSARM/sdk/pico/pico-sdk/src/common/pico_sync/mutex.c.obj
 *fill*         0x1000c685        0x3 
 .rodata.__assert_func.str1.4
                0x1000c688       0x3f CMakeFiles/WaveformGenerator.dir/C_/VSARM/sdk/pico/pico-sdk/src/rp2_common/pico_runtime/runtime.c.obj
                                 0x43 (size before relaxing)
 *fill*         0x1000c6c7        0x1 
 .rodata.runtime_init.str1.4
                0x1000c6c8       0x61 CMakeFiles/WaveformGenerator.dir/C_/VSARM/sdk/pico/pico-sdk/src/rp2_common/pico_runtime/runtime.c.obj
 *fill*         0x1000c729        0x3 
 .rodata.panic.str1.4
                0x1000c72c       0x12 CMakeFiles/WaveformGenerator.dir/C_/VSARM/sdk/pico/pico-sdk/src/rp2_common/pico_runtime/runtime.c.obj
 *fill*         0x1000c73e        0x2 
 .rodata.__func__.1
                0x1000c740        0xd CMakeFiles/WaveformGenerator.dir/C_/VSARM/sdk/pico/pico-sdk/src/rp2_common/pico_runtime/runtime.c.obj
 *fill*         0x1000c74d        0x3 
 .rodata.clock_configure.str1.4
                0x1000c750       0x57 CMakeFiles/WaveformGenerator.dir/C_/VSARM/sdk/pico/pico-sdk/src/rp2_common/hardware_clocks/clocks.c.obj
 *fill*         0x1000c7a7        0x1 
 .rodata.__func__.1
                0x1000c7a8       0x10 CMakeFiles/WaveformGenerator.dir/C_/VSARM/sdk/pico/pico-sdk/src/rp2_common/hardware_clocks/clocks.c.obj
 .rodata.pll_init.str1.4
                0x1000c7b8      0x13b CMakeFiles/WaveformGenerator.dir/C_/VSARM/sdk/pico/pico-sdk/src/rp2_common/hardware_pll/pll.c.obj
 *fill*         0x1000c8f3        0x1 
 .rodata.__func__.0
                0x1000c8f4        0x9 CMakeFiles/WaveformGenerator.dir/C_/VSARM/sdk/pico/pico-sdk/src/rp2_common/hardware_pll/pll.c.obj
 *fill*         0x1000c8fd        0x3 
 .rodata._ftoa.str1.4
                0x1000c900       0x15 CMakeFiles/WaveformGenerator.dir/C_/VSARM/sdk/pico/pico-sdk/src/rp2_common/pico_printf/printf.c.obj
 *fill*         0x1000c915        0x3 
 .rodata._vsnprintf
                0x1000c918      0x19c CMakeFiles/WaveformGenerator.dir/C_/VSARM/sdk/pico/pico-sdk/src/rp2_common/pico_printf/printf.c.obj
 *fill*         0x1000cab4        0x4 
 .rodata.pow10.0
                0x1000cab8       0x50 CMakeFiles/WaveformGenerator.dir/C_/VSARM/sdk/pico/pico-sdk/src/rp2_common/pico_printf/printf.c.obj
 .rodata.__aeabi_double_init.str1.4
                0x1000cb08       0xa8 CMakeFiles/WaveformGenerator.dir/C_/VSARM/sdk/pico/pico-sdk/src/rp2_common/pico_double/double_init_rom.c.obj
 .rodata.__func__.0
                0x1000cbb0       0x14 CMakeFiles/WaveformGenerator.dir/C_/VSARM/sdk/pico/pico-sdk/src/rp2_common/pico_double/double_init_rom.c.obj
 .rodata.__aeabi_float_init.str1.4
                0x1000cbc4       0x7a CMakeFiles/WaveformGenerator.dir/C_/VSARM/sdk/pico/pico-sdk/src/rp2_common/pico_float/float_init_rom.c.obj
                                 0x7e (size before relaxing)
 *fill*         0x1000cc3e        0x2 
 .rodata.__func__.0
                0x1000cc40       0x13 CMakeFiles/WaveformGenerator.dir/C_/VSARM/sdk/pico/pico-sdk/src/rp2_common/pico_float/float_init_rom.c.obj
 *fill*         0x1000cc53        0x1 
 .rodata.__wrap_malloc.str1.4
                0x1000cc54        0xe CMakeFiles/WaveformGenerator.dir/C_/VSARM/sdk/pico/pico-sdk/src/rp2_common/pico_malloc/pico_malloc.c.obj
 *fill*         0x1000cc62        0x2 
 .rodata.str1.4
                0x1000cc64       0x48 CMakeFiles/WaveformGenerator.dir/C_/VSARM/sdk/pico/pico-sdk/src/rp2_common/pico_standard_link/binary_info.c.obj
 .rodata.__bi_44
                0x1000ccac        0xc CMakeFiles/WaveformGenerator.dir/C_/VSARM/sdk/pico/pico-sdk/src/rp2_common/pico_standard_link/binary_info.c.obj
 .rodata.__bi_75
                0x1000ccb8        0xc CMakeFiles/WaveformGenerator.dir/C_/VSARM/sdk/pico/pico-sdk/src/rp2_common/pico_standard_link/binary_info.c.obj
 .rodata.__bi_81
                0x1000ccc4        0xc CMakeFiles/WaveformGenerator.dir/C_/VSARM/sdk/pico/pico-sdk/src/rp2_common/pico_standard_link/binary_info.c.obj
 .rodata.crlf_str.3
                0x1000ccd0        0x2 CMakeFiles/WaveformGenerator.dir/C_/VSARM/sdk/pico/pico-sdk/src/rp2_common/pico_stdio/stdio.c.obj
 *fill*         0x1000ccd2        0x2 
 .rodata._resetd_driver
                0x1000ccd4       0x18 CMakeFiles/WaveformGenerator.dir/C_/VSARM/sdk/pico/pico-sdk/src/rp2_common/pico_stdio_usb/reset_interface.c.obj
 .rodata.timer_task.str1.4
                0x1000ccec       0x6d CMakeFiles/WaveformGenerator.dir/C_/VSARM/sdk/pico/pico-sdk/src/rp2_common/pico_stdio_usb/stdio_usb.c.obj
 .rodata.stdio_usb_init.str1.4
                0x1000cd59       0x61 CMakeFiles/WaveformGenerator.dir/C_/VSARM/sdk/pico/pico-sdk/src/rp2_common/pico_stdio_usb/stdio_usb.c.obj
 *fill*         0x1000cd59        0x3 
 .rodata.str1.4
                0x1000cd5c       0x13 CMakeFiles/WaveformGenerator.dir/C_/VSARM/sdk/pico/pico-sdk/src/rp2_common/pico_stdio_usb/stdio_usb.c.obj
 *fill*         0x1000cd6f        0x1 
 .rodata.__bi_118.2
                0x1000cd70        0xc CMakeFiles/WaveformGenerator.dir/C_/VSARM/sdk/pico/pico-sdk/src/rp2_common/pico_stdio_usb/stdio_usb.c.obj
 .rodata.__func__.0
                0x1000cd7c       0x15 CMakeFiles/WaveformGenerator.dir/C_/VSARM/sdk/pico/pico-sdk/src/rp2_common/pico_stdio_usb/stdio_usb.c.obj
 *fill*         0x1000cd91        0x3 
 .rodata.__func__.1
                0x1000cd94        0xb CMakeFiles/WaveformGenerator.dir/C_/VSARM/sdk/pico/pico-sdk/src/rp2_common/pico_stdio_usb/stdio_usb.c.obj
 *fill*         0x1000cd9f        0x1 
 .rodata.str1.4
                0x1000cda0       0x2a CMakeFiles/WaveformGenerator.dir/C_/VSARM/sdk/pico/pico-sdk/src/rp2_common/pico_stdio_usb/stdio_usb_descriptors.c.obj
 *fill*         0x1000cdca        0x2 
 .rodata.usbd_desc_cfg