Archive member included to satisfy reference by file (symbol)

c:/vsarm/armcc/112202~1.02/bin/../lib/gcc/arm-none-eabi/11.2.1/thumb/v6-m/nofp\libgcc.a(_dvmd_tls.o)
                              CMakeFiles/HelloPIO.dir/C_/VSARM/sdk/pico/pico-sdk/src/rp2_common/pico_divider/divider.S.obj (__aeabi_idiv0)
c:/vsarm/armcc/112202~1.02/bin/../lib/gcc/arm-none-eabi/11.2.1/thumb/v6-m/nofp\libg.a(lib_a-calloc.o)
                              CMakeFiles/HelloPIO.dir/C_/VSARM/sdk/pico/pico-sdk/src/rp2_common/pico_malloc/pico_malloc.c.obj (calloc)
c:/vsarm/armcc/112202~1.02/bin/../lib/gcc/arm-none-eabi/11.2.1/thumb/v6-m/nofp\libg.a(lib_a-callocr.o)
                              c:/vsarm/armcc/112202~1.02/bin/../lib/gcc/arm-none-eabi/11.2.1/thumb/v6-m/nofp\libg.a(lib_a-calloc.o) (_calloc_r)
c:/vsarm/armcc/112202~1.02/bin/../lib/gcc/arm-none-eabi/11.2.1/thumb/v6-m/nofp\libg.a(lib_a-ctype_.o)
                              CMakeFiles/HelloPIO.dir/C_/VSARM/sdk/pico/pico-sdk/lib/tinyusb/src/tusb.c.obj (_ctype_)
c:/vsarm/armcc/112202~1.02/bin/../lib/gcc/arm-none-eabi/11.2.1/thumb/v6-m/nofp\libg.a(lib_a-errno.o)
                              c:/vsarm/armcc/112202~1.02/bin/../lib/gcc/arm-none-eabi/11.2.1/thumb/v6-m/nofp\libg.a(lib_a-callocr.o) (__errno)
c:/vsarm/armcc/112202~1.02/bin/../lib/gcc/arm-none-eabi/11.2.1/thumb/v6-m/nofp\libg.a(lib_a-impure.o)
                              c:/vsarm/armcc/112202~1.02/bin/../lib/gcc/arm-none-eabi/11.2.1/thumb/v6-m/nofp\libg.a(lib_a-calloc.o) (_impure_ptr)
c:/vsarm/armcc/112202~1.02/bin/../lib/gcc/arm-none-eabi/11.2.1/thumb/v6-m/nofp\libg.a(lib_a-init.o)
                              c:/vsarm/armcc/112202~1.02/bin/../lib/gcc/arm-none-eabi/11.2.1/thumb/v6-m/nofp/crt0.o (__libc_init_array)
c:/vsarm/armcc/112202~1.02/bin/../lib/gcc/arm-none-eabi/11.2.1/thumb/v6-m/nofp\libg.a(lib_a-malloc.o)
                              CMakeFiles/HelloPIO.dir/C_/VSARM/sdk/pico/pico-sdk/src/rp2_common/pico_malloc/pico_malloc.c.obj (malloc)
c:/vsarm/armcc/112202~1.02/bin/../lib/gcc/arm-none-eabi/11.2.1/thumb/v6-m/nofp\libg.a(lib_a-mallocr.o)
                              c:/vsarm/armcc/112202~1.02/bin/../lib/gcc/arm-none-eabi/11.2.1/thumb/v6-m/nofp\libg.a(lib_a-callocr.o) (_malloc_r)
c:/vsarm/armcc/112202~1.02/bin/../lib/gcc/arm-none-eabi/11.2.1/thumb/v6-m/nofp\libg.a(lib_a-mlock.o)
                              c:/vsarm/armcc/112202~1.02/bin/../lib/gcc/arm-none-eabi/11.2.1/thumb/v6-m/nofp\libg.a(lib_a-mallocr.o) (__malloc_lock)
c:/vsarm/armcc/112202~1.02/bin/../lib/gcc/arm-none-eabi/11.2.1/thumb/v6-m/nofp\libg.a(lib_a-realloc.o)
                              CMakeFiles/HelloPIO.dir/C_/VSARM/sdk/pico/pico-sdk/src/rp2_common/pico_malloc/pico_malloc.c.obj (realloc)
c:/vsarm/armcc/112202~1.02/bin/../lib/gcc/arm-none-eabi/11.2.1/thumb/v6-m/nofp\libg.a(lib_a-reallocr.o)
                              c:/vsarm/armcc/112202~1.02/bin/../lib/gcc/arm-none-eabi/11.2.1/thumb/v6-m/nofp\libg.a(lib_a-realloc.o) (_realloc_r)
c:/vsarm/armcc/112202~1.02/bin/../lib/gcc/arm-none-eabi/11.2.1/thumb/v6-m/nofp\libg.a(lib_a-sbrkr.o)
                              c:/vsarm/armcc/112202~1.02/bin/../lib/gcc/arm-none-eabi/11.2.1/thumb/v6-m/nofp\libg.a(lib_a-mallocr.o) (_sbrk_r)
c:/vsarm/armcc/112202~1.02/bin/../lib/gcc/arm-none-eabi/11.2.1/thumb/v6-m/nofp\libg.a(lib_a-strlen-stub.o)
                              CMakeFiles/HelloPIO.dir/C_/VSARM/sdk/pico/pico-sdk/src/rp2_common/pico_stdio/stdio.c.obj (strlen)
c:/vsarm/armcc/112202~1.02/bin/../lib/gcc/arm-none-eabi/11.2.1/thumb/v6-m/nofp\libg.a(lib_a-freer.o)
                              c:/vsarm/armcc/112202~1.02/bin/../lib/gcc/arm-none-eabi/11.2.1/thumb/v6-m/nofp\libg.a(lib_a-malloc.o) (_free_r)
c:/vsarm/armcc/112202~1.02/bin/../lib/gcc/arm-none-eabi/11.2.1/thumb/v6-m/nofp\libg.a(lib_a-memmove.o)
                              c:/vsarm/armcc/112202~1.02/bin/../lib/gcc/arm-none-eabi/11.2.1/thumb/v6-m/nofp\libg.a(lib_a-reallocr.o) (memmove)
c:/vsarm/armcc/112202~1.02/bin/../lib/gcc/arm-none-eabi/11.2.1/thumb/v6-m/nofp\libg.a(lib_a-reent.o)
                              c:/vsarm/armcc/112202~1.02/bin/../lib/gcc/arm-none-eabi/11.2.1/thumb/v6-m/nofp\libg.a(lib_a-sbrkr.o) (errno)

Discarded input sections

 .text          0x00000000        0x0 c:/vsarm/armcc/112202~1.02/bin/../lib/gcc/arm-none-eabi/11.2.1/thumb/v6-m/nofp/crti.o
 .data          0x00000000        0x0 c:/vsarm/armcc/112202~1.02/bin/../lib/gcc/arm-none-eabi/11.2.1/thumb/v6-m/nofp/crti.o
 .bss           0x00000000        0x0 c:/vsarm/armcc/112202~1.02/bin/../lib/gcc/arm-none-eabi/11.2.1/thumb/v6-m/nofp/crti.o
 .text          0x00000000        0x0 c:/vsarm/armcc/112202~1.02/bin/../lib/gcc/arm-none-eabi/11.2.1/thumb/v6-m/nofp/crtbegin.o
 .data          0x00000000        0x0 c:/vsarm/armcc/112202~1.02/bin/../lib/gcc/arm-none-eabi/11.2.1/thumb/v6-m/nofp/crtbegin.o
 .bss           0x00000000        0x0 c:/vsarm/armcc/112202~1.02/bin/../lib/gcc/arm-none-eabi/11.2.1/thumb/v6-m/nofp/crtbegin.o
 .rodata.all_implied_fbits
[...]
Memory Configuration

Name             Origin             Length             Attributes
FLASH            0x10000000         0x00200000         xr
RAM              0x20000000         0x00040000         xrw
SCRATCH_X        0x20040000         0x00001000         xrw
SCRATCH_Y        0x20041000         0x00001000         xrw
*default*        0x00000000         0xffffffff

Linker script and memory map

LOAD c:/vsarm/armcc/112202~1.02/bin/../lib/gcc/arm-none-eabi/11.2.1/thumb/v6-m/nofp/crti.o
LOAD c:/vsarm/armcc/112202~1.02/bin/../lib/gcc/arm-none-eabi/11.2.1/thumb/v6-m/nofp/crtbegin.o
LOAD c:/vsarm/armcc/112202~1.02/bin/../lib/gcc/arm-none-eabi/11.2.1/thumb/v6-m/nofp/crt0.o

.flash_begin    0x10000000        0x0
                0x10000000                __flash_binary_start = .

.boot2          0x10000000      0x100
                0x10000000                __boot2_start__ = .
 *(.boot2)
 .boot2         0x10000000      0x100 C:\Users\MIGUEL~1\AppData\Local\Temp\cc2CfLyt.o
                0x10000100                __boot2_end__ = .
                0x00000001                ASSERT (((__boot2_end__ - __boot2_start__) == 0x100), ERROR: Pico second stage bootloader must be 256 bytes in size)

.text           0x10000100     0x74e0
                0x10000100                __logical_binary_start = .
 *(.vectors)
 .vectors       0x10000100       0xd4 CMakeFiles/HelloPIO.dir/C_/VSARM/sdk/pico/pico-sdk/src/rp2_common/pico_standard_link/crt0.S.obj
                0x10000100                __VECTOR_TABLE
                0x10000100                __vectors
                0x100001c0                isr_invalid
                0x100001c0                __default_isrs_start
                0x100001c2                isr_nmi
                0x100001c4                isr_hardfault
                0x100001c6                isr_svcall
                0x100001c8                isr_pendsv
                0x100001ca                isr_systick
                0x100001cc                isr_irq23
                0x100001cc                isr_irq18
                0x100001cc                isr_irq11
                0x100001cc                isr_irq28
                0x100001cc                isr_irq19
                0x100001cc                isr_irq0
                0x100001cc                isr_irq6
                0x100001cc                isr_irq5
                0x100001cc                isr_irq12
                0x100001cc                isr_irq22
                0x100001cc                isr_irq31
                0x100001cc                isr_irq17
                0x100001cc                isr_irq27
                0x100001cc                isr_irq30
                0x100001cc                isr_irq2
                0x100001cc                isr_irq10
                0x100001cc                isr_irq8
                0x100001cc                isr_irq24
                0x100001cc                isr_irq1
                0x100001cc                isr_irq7
                0x100001cc                isr_irq21
                0x100001cc                isr_irq20
                0x100001cc                isr_irq15
                0x100001cc                isr_irq25
                0x100001cc                isr_irq13
                0x100001cc                __unhandled_user_irq
                0x100001cc                isr_irq4
                0x100001cc                isr_irq16
                0x100001cc                isr_irq29
                0x100001cc                isr_irq26
                0x100001cc                __default_isrs_end
                0x100001cc                isr_irq3
                0x100001cc                isr_irq14
                0x100001cc                isr_irq9
                0x100001d2                unhandled_user_irq_num_in_r0
 *(.binary_info_header)
 .binary_info_header
                0x100001d4       0x14 CMakeFiles/HelloPIO.dir/C_/VSARM/sdk/pico/pico-sdk/src/rp2_common/pico_standard_link/crt0.S.obj
                0x100001e8                __binary_info_header_end = .
 *(.reset)
 .reset         0x100001e8       0xa8 CMakeFiles/HelloPIO.dir/C_/VSARM/sdk/pico/pico-sdk/src/rp2_common/pico_standard_link/crt0.S.obj
                0x100001e8                _entry_point
                0x10000266                __get_current_exception
 .reset         0x10000290       0x30 CMakeFiles/HelloPIO.dir/C_/VSARM/sdk/pico/pico-sdk/src/rp2_common/pico_standard_link/binary_info.c.obj
 *(.init)
 .init          0x100002c0        0x4 c:/vsarm/armcc/112202~1.02/bin/../lib/gcc/arm-none-eabi/11.2.1/thumb/v6-m/nofp/crti.o
                0x100002c0                _init
 *(EXCLUDE_FILE(*libm.a: *libc.a:*lib_a-mem*.o *libgcc.a:) .text*)
 .text.register_tm_clones
                0x100002c4       0x28 c:/vsarm/armcc/112202~1.02/bin/../lib/gcc/arm-none-eabi/11.2.1/thumb/v6-m/nofp/crtbegin.o
 .text.frame_dummy
                0x100002ec       0x24 c:/vsarm/armcc/112202~1.02/bin/../lib/gcc/arm-none-eabi/11.2.1/thumb/v6-m/nofp/crtbegin.o
 .text.main     0x10000310      0x114 CMakeFiles/HelloPIO.dir/main.cpp.obj
                0x10000310                main
 .text.gpio_set_function
                0x10000424       0x30 CMakeFiles/HelloPIO.dir/C_/VSARM/sdk/pico/pico-sdk/src/rp2_common/hardware_gpio/gpio.c.obj
                0x10000424                gpio_set_function
 .text.hw_claim_lock
                0x10000454       0x18 CMakeFiles/HelloPIO.dir/C_/VSARM/sdk/pico/pico-sdk/src/rp2_common/hardware_claim/claim.c.obj
                0x10000454                hw_claim_lock
 .text.hw_claim_unlock
                0x1000046c       0x14 CMakeFiles/HelloPIO.dir/C_/VSARM/sdk/pico/pico-sdk/src/rp2_common/hardware_claim/claim.c.obj
                0x1000046c                hw_claim_unlock
 .text.hw_claim_or_assert
                0x10000480       0x32 CMakeFiles/HelloPIO.dir/C_/VSARM/sdk/pico/pico-sdk/src/rp2_common/hardware_claim/claim.c.obj
                0x10000480                hw_claim_or_assert
 .text.hw_claim_unused_from_range
                0x100004b2       0x50 CMakeFiles/HelloPIO.dir/C_/VSARM/sdk/pico/pico-sdk/src/rp2_common/hardware_claim/claim.c.obj
                0x100004b2                hw_claim_unused_from_range
 *fill*         0x10000502        0x2 
 .text.running_on_fpga
                0x10000504       0x14 CMakeFiles/HelloPIO.dir/C_/VSARM/sdk/pico/pico-sdk/src/rp2_common/pico_platform/platform.c.obj
                0x10000504                running_on_fpga
 .text.spin_locks_reset
                0x10000518       0x20 CMakeFiles/HelloPIO.dir/C_/VSARM/sdk/pico/pico-sdk/src/rp2_common/hardware_sync/sync.c.obj
                0x10000518                spin_locks_reset
 .text.next_striped_spin_lock_num
                0x10000538       0x1c CMakeFiles/HelloPIO.dir/C_/VSARM/sdk/pico/pico-sdk/src/rp2_common/hardware_sync/sync.c.obj
                0x10000538                next_striped_spin_lock_num
 .text.spin_lock_claim_unused
                0x10000554       0x24 CMakeFiles/HelloPIO.dir/C_/VSARM/sdk/pico/pico-sdk/src/rp2_common/hardware_sync/sync.c.obj
                0x10000554                spin_lock_claim_unused
 .text.set_raw_irq_handler_and_unlock
                0x10000578       0x28 CMakeFiles/HelloPIO.dir/C_/VSARM/sdk/pico/pico-sdk/src/rp2_common/hardware_irq/irq.c.obj
 .text.make_branch
                0x100005a0       0x48 CMakeFiles/HelloPIO.dir/C_/VSARM/sdk/pico/pico-sdk/src/rp2_common/hardware_irq/irq.c.obj
 .text.insert_branch_and_link
                0x100005e8       0x40 CMakeFiles/HelloPIO.dir/C_/VSARM/sdk/pico/pico-sdk/src/rp2_common/hardware_irq/irq.c.obj
 .text.irq_is_enabled
                0x10000628       0x18 CMakeFiles/HelloPIO.dir/C_/VSARM/sdk/pico/pico-sdk/src/rp2_common/hardware_irq/irq.c.obj
                0x10000628                irq_is_enabled
 .text.irq_set_mask_enabled
                0x10000640       0x20 CMakeFiles/HelloPIO.dir/C_/VSARM/sdk/pico/pico-sdk/src/rp2_common/hardware_irq/irq.c.obj
                0x10000640                irq_set_mask_enabled
 .text.irq_set_enabled
                0x10000660        0xe CMakeFiles/HelloPIO.dir/C_/VSARM/sdk/pico/pico-sdk/src/rp2_common/hardware_irq/irq.c.obj
                0x10000660                irq_set_enabled
 *fill*         0x1000066e        0x2 
 .text.irq_set_pending
                0x10000670       0x10 CMakeFiles/HelloPIO.dir/C_/VSARM/sdk/pico/pico-sdk/src/rp2_common/hardware_irq/irq.c.obj
                0x10000670                irq_set_pending
 .text.irq_get_vtable_handler
                0x10000680       0x10 CMakeFiles/HelloPIO.dir/C_/VSARM/sdk/pico/pico-sdk/src/rp2_common/hardware_irq/irq.c.obj
                0x10000680                irq_get_vtable_handler
 .text.irq_has_shared_handler
                0x10000690       0x24 CMakeFiles/HelloPIO.dir/C_/VSARM/sdk/pico/pico-sdk/src/rp2_common/hardware_irq/irq.c.obj
                0x10000690                irq_has_shared_handler
 .text.irq_set_exclusive_handler
                0x100006b4       0x54 CMakeFiles/HelloPIO.dir/C_/VSARM/sdk/pico/pico-sdk/src/rp2_common/hardware_irq/irq.c.obj
                0x100006b4                irq_set_exclusive_handler
 .text.irq_add_shared_handler
                0x10000708      0x230 CMakeFiles/HelloPIO.dir/C_/VSARM/sdk/pico/pico-sdk/src/rp2_common/hardware_irq/irq.c.obj
                0x10000708                irq_add_shared_handler
 .text.irq_remove_handler
                0x10000938      0x1a4 CMakeFiles/HelloPIO.dir/C_/VSARM/sdk/pico/pico-sdk/src/rp2_common/hardware_irq/irq.c.obj
                0x10000938                irq_remove_handler
 .text.irq_add_tail_to_free_list
                0x10000adc       0xf0 CMakeFiles/HelloPIO.dir/C_/VSARM/sdk/pico/pico-sdk/src/rp2_common/hardware_irq/irq.c.obj
                0x10000adc                irq_add_tail_to_free_list
 .text.irq_init_priorities
                0x10000bcc       0x1c CMakeFiles/HelloPIO.dir/C_/VSARM/sdk/pico/pico-sdk/src/rp2_common/hardware_irq/irq.c.obj
                0x10000bcc                irq_init_priorities
 .text.user_irq_claim_unused
                0x10000be8       0x30 CMakeFiles/HelloPIO.dir/C_/VSARM/sdk/pico/pico-sdk/src/rp2_common/hardware_irq/irq.c.obj
                0x10000be8                user_irq_claim_unused
 .text.lock_init
                0x10000c18       0x10 CMakeFiles/HelloPIO.dir/C_/VSARM/sdk/pico/pico-sdk/src/common/pico_sync/lock_core.c.obj
                0x10000c18                lock_init
 .text.alarm_pool_post_alloc_init
                0x10000c28       0x40 CMakeFiles/HelloPIO.dir/C_/VSARM/sdk/pico/pico-sdk/src/common/pico_time/time.c.obj
 .text.sleep_until_callback
                0x10000c68       0x30 CMakeFiles/HelloPIO.dir/C_/VSARM/sdk/pico/pico-sdk/src/common/pico_time/time.c.obj
 .text.timer_pool_entry_comparator
                0x10000c98       0x78 CMakeFiles/HelloPIO.dir/C_/VSARM/sdk/pico/pico-sdk/src/common/pico_time/time.c.obj
                0x10000c98                timer_pool_entry_comparator
 .text.ph_add_child_node
                0x10000d10       0xa0 CMakeFiles/HelloPIO.dir/C_/VSARM/sdk/pico/pico-sdk/src/common/pico_time/time.c.obj
 .text.ph_merge_nodes
                0x10000db0       0x3e CMakeFiles/HelloPIO.dir/C_/VSARM/sdk/pico/pico-sdk/src/common/pico_time/time.c.obj
 *fill*         0x10000dee        0x2 
 .text.add_alarm_under_lock
                0x10000df0      0x16c CMakeFiles/HelloPIO.dir/C_/VSARM/sdk/pico/pico-sdk/src/common/pico_time/time.c.obj
 .text.alarm_pool_alarm_callback
                0x10000f5c      0x328 CMakeFiles/HelloPIO.dir/C_/VSARM/sdk/pico/pico-sdk/src/common/pico_time/time.c.obj
 .text.alarm_pool_init_default
                0x10001284       0x38 CMakeFiles/HelloPIO.dir/C_/VSARM/sdk/pico/pico-sdk/src/common/pico_time/time.c.obj
                0x10001284                alarm_pool_init_default
 .text.alarm_pool_get_default
                0x100012bc       0x2c CMakeFiles/HelloPIO.dir/C_/VSARM/sdk/pico/pico-sdk/src/common/pico_time/time.c.obj
                0x100012bc                alarm_pool_get_default
 .text.alarm_pool_add_alarm_at
                0x100012e8      0x178 CMakeFiles/HelloPIO.dir/C_/VSARM/sdk/pico/pico-sdk/src/common/pico_time/time.c.obj
                0x100012e8                alarm_pool_add_alarm_at
 .text.alarm_pool_cancel_alarm
                0x10001460       0xec CMakeFiles/HelloPIO.dir/C_/VSARM/sdk/pico/pico-sdk/src/common/pico_time/time.c.obj
                0x10001460                alarm_pool_cancel_alarm
 .text.best_effort_wfe_or_timeout
                0x1000154c       0x80 CMakeFiles/HelloPIO.dir/C_/VSARM/sdk/pico/pico-sdk/src/common/pico_time/time.c.obj
                0x1000154c                best_effort_wfe_or_timeout
 .text.hardware_alarm_irq_handler
                0x100015cc       0x88 CMakeFiles/HelloPIO.dir/C_/VSARM/sdk/pico/pico-sdk/src/rp2_common/hardware_timer/timer.c.obj
 .text.hardware_alarm_claim
                0x10001654       0x18 CMakeFiles/HelloPIO.dir/C_/VSARM/sdk/pico/pico-sdk/src/rp2_common/hardware_timer/timer.c.obj
                0x10001654                hardware_alarm_claim
 .text.time_us_64
                0x1000166c       0x18 CMakeFiles/HelloPIO.dir/C_/VSARM/sdk/pico/pico-sdk/src/rp2_common/hardware_timer/timer.c.obj
                0x1000166c                time_us_64
 .text.hardware_alarm_set_callback
                0x10001684       0x90 CMakeFiles/HelloPIO.dir/C_/VSARM/sdk/pico/pico-sdk/src/rp2_common/hardware_timer/timer.c.obj
                0x10001684                hardware_alarm_set_callback
 .text.hardware_alarm_set_target
                0x10001714       0xe8 CMakeFiles/HelloPIO.dir/C_/VSARM/sdk/pico/pico-sdk/src/rp2_common/hardware_timer/timer.c.obj
                0x10001714                hardware_alarm_set_target
 .text.hardware_alarm_cancel
                0x100017fc       0x40 CMakeFiles/HelloPIO.dir/C_/VSARM/sdk/pico/pico-sdk/src/rp2_common/hardware_timer/timer.c.obj
                0x100017fc                hardware_alarm_cancel
 .text.ph_add_child_node
                0x1000183c       0xa0 CMakeFiles/HelloPIO.dir/C_/VSARM/sdk/pico/pico-sdk/src/common/pico_util/pheap.c.obj
 .text.ph_merge_nodes
                0x100018dc       0x3e CMakeFiles/HelloPIO.dir/C_/VSARM/sdk/pico/pico-sdk/src/common/pico_util/pheap.c.obj
 *fill*         0x1000191a        0x2 
 .text.ph_clear
                0x1000191c       0x70 CMakeFiles/HelloPIO.dir/C_/VSARM/sdk/pico/pico-sdk/src/common/pico_util/pheap.c.obj
                0x1000191c                ph_clear
 .text.ph_post_alloc_init
                0x1000198c        0xe CMakeFiles/HelloPIO.dir/C_/VSARM/sdk/pico/pico-sdk/src/common/pico_util/pheap.c.obj
                0x1000198c                ph_post_alloc_init
 *fill*         0x1000199a        0x2 
 .text.ph_merge_two_pass
                0x1000199c       0xa4 CMakeFiles/HelloPIO.dir/C_/VSARM/sdk/pico/pico-sdk/src/common/pico_util/pheap.c.obj
                0x1000199c                ph_merge_two_pass
 .text.ph_remove_any_head
                0x10001a40      0x104 CMakeFiles/HelloPIO.dir/C_/VSARM/sdk/pico/pico-sdk/src/common/pico_util/pheap.c.obj
 .text.ph_remove_head
                0x10001b44       0x14 CMakeFiles/HelloPIO.dir/C_/VSARM/sdk/pico/pico-sdk/src/common/pico_util/pheap.c.obj
                0x10001b44                ph_remove_head
 .text.ph_remove_and_free_node
                0x10001b58       0xf8 CMakeFiles/HelloPIO.dir/C_/VSARM/sdk/pico/pico-sdk/src/common/pico_util/pheap.c.obj
                0x10001b58                ph_remove_and_free_node
 .text.mutex_init
                0x10001c50       0x1a CMakeFiles/HelloPIO.dir/C_/VSARM/sdk/pico/pico-sdk/src/common/pico_sync/mutex.c.obj
                0x10001c50                mutex_init
 .text.recursive_mutex_init
                0x10001c6a       0x1e CMakeFiles/HelloPIO.dir/C_/VSARM/sdk/pico/pico-sdk/src/common/pico_sync/mutex.c.obj
                0x10001c6a                recursive_mutex_init
 .text.critical_section_init_with_lock_num
                0x10001c88       0x14 CMakeFiles/HelloPIO.dir/C_/VSARM/sdk/pico/pico-sdk/src/common/pico_sync/critical_section.c.obj
                0x10001c88                critical_section_init_with_lock_num
 .text.critical_section_init
                0x10001c9c       0x14 CMakeFiles/HelloPIO.dir/C_/VSARM/sdk/pico/pico-sdk/src/common/pico_sync/critical_section.c.obj
                0x10001c9c                critical_section_init
 .text._exit    0x10001cb0        0x4 CMakeFiles/HelloPIO.dir/C_/VSARM/sdk/pico/pico-sdk/src/rp2_common/pico_runtime/runtime.c.obj
                0x10001cb0                _exit
 .text.exit     0x10001cb4        0x6 CMakeFiles/HelloPIO.dir/C_/VSARM/sdk/pico/pico-sdk/src/rp2_common/pico_runtime/runtime.c.obj
                0x10001cb4                exit
 *fill*         0x10001cba        0x2 
 .text.__assert_func
                0x10001cbc       0x3c CMakeFiles/HelloPIO.dir/C_/VSARM/sdk/pico/pico-sdk/src/rp2_common/pico_runtime/runtime.c.obj
                0x10001cbc                __assert_func
 .text.runtime_init
                0x10001cf8       0xf8 CMakeFiles/HelloPIO.dir/C_/VSARM/sdk/pico/pico-sdk/src/rp2_common/pico_runtime/runtime.c.obj
                0x10001cf8                runtime_init
 .text.panic    0x10001df0       0x30 CMakeFiles/HelloPIO.dir/C_/VSARM/sdk/pico/pico-sdk/src/rp2_common/pico_runtime/runtime.c.obj
                0x10001df0                panic
 .text.clock_configure
                0x10001e20      0x104 CMakeFiles/HelloPIO.dir/C_/VSARM/sdk/pico/pico-sdk/src/rp2_common/hardware_clocks/clocks.c.obj
                0x10001e20                clock_configure
 .text.clocks_init
                0x10001f24      0x100 CMakeFiles/HelloPIO.dir/C_/VSARM/sdk/pico/pico-sdk/src/rp2_common/hardware_clocks/clocks.c.obj
                0x10001f24                clocks_init
 .text.clock_get_hz
                0x10002024        0xc CMakeFiles/HelloPIO.dir/C_/VSARM/sdk/pico/pico-sdk/src/rp2_common/hardware_clocks/clocks.c.obj
                0x10002024                clock_get_hz
 .text.pll_init
                0x10002030      0x140 CMakeFiles/HelloPIO.dir/C_/VSARM/sdk/pico/pico-sdk/src/rp2_common/hardware_pll/pll.c.obj
                0x10002030                pll_init
 .text.watchdog_start_tick
                0x10002170       0x10 CMakeFiles/HelloPIO.dir/C_/VSARM/sdk/pico/pico-sdk/src/rp2_common/hardware_watchdog/watchdog.c.obj
                0x10002170                watchdog_start_tick
 .text.watchdog_update
                0x10002180       0x14 CMakeFiles/HelloPIO.dir/C_/VSARM/sdk/pico/pico-sdk/src/rp2_common/hardware_watchdog/watchdog.c.obj
                0x10002180                watchdog_update
 .text._watchdog_enable
                0x10002194       0x78 CMakeFiles/HelloPIO.dir/C_/VSARM/sdk/pico/pico-sdk/src/rp2_common/hardware_watchdog/watchdog.c.obj
                0x10002194                _watchdog_enable
 .text.watchdog_reboot
                0x1000220c       0x48 CMakeFiles/HelloPIO.dir/C_/VSARM/sdk/pico/pico-sdk/src/rp2_common/hardware_watchdog/watchdog.c.obj
                0x1000220c                watchdog_reboot
 .text.xosc_init
                0x10002254       0x28 CMakeFiles/HelloPIO.dir/C_/VSARM/sdk/pico/pico-sdk/src/rp2_common/hardware_xosc/xosc.c.obj
                0x10002254                xosc_init
 .text._out_null
                0x1000227c        0x2 CMakeFiles/HelloPIO.dir/C_/VSARM/sdk/pico/pico-sdk/src/rp2_common/pico_printf/printf.c.obj
 .text._out_fct
                0x1000227e        0xe CMakeFiles/HelloPIO.dir/C_/VSARM/sdk/pico/pico-sdk/src/rp2_common/pico_printf/printf.c.obj
 .text._atoi    0x1000228c       0x24 CMakeFiles/HelloPIO.dir/C_/VSARM/sdk/pico/pico-sdk/src/rp2_common/pico_printf/printf.c.obj
 .text._out_rev
                0x100022b0       0xae CMakeFiles/HelloPIO.dir/C_/VSARM/sdk/pico/pico-sdk/src/rp2_common/pico_printf/printf.c.obj
 .text._ntoa_format
                0x1000235e      0x112 CMakeFiles/HelloPIO.dir/C_/VSARM/sdk/pico/pico-sdk/src/rp2_common/pico_printf/printf.c.obj
 .text._ntoa_long
                0x10002470       0xbc CMakeFiles/HelloPIO.dir/C_/VSARM/sdk/pico/pico-sdk/src/rp2_common/pico_printf/printf.c.obj
 .text._ntoa_long_long
                0x1000252c       0xe2 CMakeFiles/HelloPIO.dir/C_/VSARM/sdk/pico/pico-sdk/src/rp2_common/pico_printf/printf.c.obj
 *fill*         0x1000260e        0x2 
 .text._etoa    0x10002610      0x414 CMakeFiles/HelloPIO.dir/C_/VSARM/sdk/pico/pico-sdk/src/rp2_common/pico_printf/printf.c.obj
 .text._ftoa    0x10002a24      0x354 CMakeFiles/HelloPIO.dir/C_/VSARM/sdk/pico/pico-sdk/src/rp2_common/pico_printf/printf.c.obj
 .text._vsnprintf
                0x10002d78      0x650 CMakeFiles/HelloPIO.dir/C_/VSARM/sdk/pico/pico-sdk/src/rp2_common/pico_printf/printf.c.obj
 .text.vfctprintf
                0x100033c8       0x20 CMakeFiles/HelloPIO.dir/C_/VSARM/sdk/pico/pico-sdk/src/rp2_common/pico_printf/printf.c.obj
                0x100033c8                vfctprintf
 .text          0x100033e8       0x10 CMakeFiles/HelloPIO.dir/C_/VSARM/sdk/pico/pico-sdk/src/rp2_common/pico_bit_ops/bit_ops_aeabi.S.obj
 .text.rom_func_lookup
                0x100033f8       0x10 CMakeFiles/HelloPIO.dir/C_/VSARM/sdk/pico/pico-sdk/src/rp2_common/pico_bootrom/bootrom.c.obj
                0x100033f8                rom_func_lookup
 .text.rom_data_lookup
                0x10003408       0x10 CMakeFiles/HelloPIO.dir/C_/VSARM/sdk/pico/pico-sdk/src/rp2_common/pico_bootrom/bootrom.c.obj
                0x10003408                rom_data_lookup
 .text.rom_funcs_lookup
                0x10003418       0x36 CMakeFiles/HelloPIO.dir/C_/VSARM/sdk/pico/pico-sdk/src/rp2_common/pico_bootrom/bootrom.c.obj
                0x10003418                rom_funcs_lookup
 *fill*         0x1000344e        0x2 
 .text.__wrap___aeabi_idiv
                0x10003450       0x50 CMakeFiles/HelloPIO.dir/C_/VSARM/sdk/pico/pico-sdk/src/rp2_common/pico_divider/divider.S.obj
                0x10003450                __wrap___aeabi_idivmod
                0x10003450                divmod_s32s32
                0x10003450                div_s32s32
                0x10003450                __wrap___aeabi_idiv
                0x10003458                divmod_s32s32_unsafe
                0x10003484                divmod_s32s32_savestate
 .text.__wrap___aeabi_uidiv
                0x100034a0       0x4c CMakeFiles/HelloPIO.dir/C_/VSARM/sdk/pico/pico-sdk/src/rp2_common/pico_divider/divider.S.obj
                0x100034a0                __wrap___aeabi_uidiv
                0x100034a0                __wrap___aeabi_uidivmod
                0x100034a0                div_u32u32
                0x100034a0                divmod_u32u32
                0x100034a8                divmod_u32u32_unsafe
                0x100034d0                divmod_u32u32_savestate
 .text.__wrap___aeabi_ldiv
                0x100034ec      0x434 CMakeFiles/HelloPIO.dir/C_/VSARM/sdk/pico/pico-sdk/src/rp2_common/pico_divider/divider.S.obj
                0x100034ec                div_s64s64
                0x100034ec                divmod_s64s64
                0x100034ec                __wrap___aeabi_ldivmod
                0x10003524                divmod_u64u64
                0x10003524                div_u64u64
                0x10003524                __wrap___aeabi_uldivmod
                0x10003534                divmod_u64u64_savestate
                0x1000355c                divmod_s64s64_unsafe
                0x100035e4                divmod_u64u64_unsafe
 .text.__wrap___aeabi_darithmetic
                0x10003920       0x80 CMakeFiles/HelloPIO.dir/C_/VSARM/sdk/pico/pico-sdk/src/rp2_common/pico_double/double_aeabi.S.obj
                0x10003920                __wrap___aeabi_drsub
                0x10003926                __wrap___aeabi_dsub
                0x10003938                __wrap___aeabi_dadd
                0x1000394a                __wrap___aeabi_ddiv
                0x10003986                __wrap___aeabi_dmul
 .text.__wrap___aeabi_cdcmple
                0x100039a0       0x6c CMakeFiles/HelloPIO.dir/C_/VSARM/sdk/pico/pico-sdk/src/rp2_common/pico_double/double_aeabi.S.obj
                0x100039a0                __wrap___aeabi_cdrcmple
                0x100039b0                __wrap___aeabi_cdcmpeq
                0x100039b0                __wrap___aeabi_cdcmple
 .text.__wrap___aeabi_dcmplt
                0x10003a0c        0xc CMakeFiles/HelloPIO.dir/C_/VSARM/sdk/pico/pico-sdk/src/rp2_common/pico_double/double_aeabi.S.obj
                0x10003a0c                __wrap___aeabi_dcmplt
 .text.__wrap___aeabi_dcmple
                0x10003a18       0x10 CMakeFiles/HelloPIO.dir/C_/VSARM/sdk/pico/pico-sdk/src/rp2_common/pico_double/double_aeabi.S.obj
                0x10003a18                __wrap___aeabi_dcmple
 .text.__wrap___aeabi_dcmpge
                0x10003a28       0x10 CMakeFiles/HelloPIO.dir/C_/VSARM/sdk/pico/pico-sdk/src/rp2_common/pico_double/double_aeabi.S.obj
                0x10003a28                __wrap___aeabi_dcmpge
 .text.__wrap___aeabi_dcmpgt
                0x10003a38        0xa CMakeFiles/HelloPIO.dir/C_/VSARM/sdk/pico/pico-sdk/src/rp2_common/pico_double/double_aeabi.S.obj
                0x10003a38                __wrap___aeabi_dcmpgt
 .text.__wrap___aeabi_dcmpun
                0x10003a42       0x1c CMakeFiles/HelloPIO.dir/C_/VSARM/sdk/pico/pico-sdk/src/rp2_common/pico_double/double_aeabi.S.obj
                0x10003a42                __wrap___aeabi_dcmpun
 *fill*         0x10003a5e        0x2 
 .text.__wrap___aeabi_i2d
                0x10003a60       0x38 CMakeFiles/HelloPIO.dir/C_/VSARM/sdk/pico/pico-sdk/src/rp2_common/pico_double/double_aeabi.S.obj
                0x10003a60                __wrap___aeabi_ui2d
                0x10003a68                __wrap___aeabi_i2d
 .text.__wrap___aeabi_d2iz
                0x10003a98       0x48 CMakeFiles/HelloPIO.dir/C_/VSARM/sdk/pico/pico-sdk/src/rp2_common/pico_double/double_aeabi.S.obj
                0x10003a98                double2int_z
                0x10003a98                __wrap___aeabi_d2iz
 .text.__wrap___aeabi_d2uiz
                0x10003ae0       0x18 CMakeFiles/HelloPIO.dir/C_/VSARM/sdk/pico/pico-sdk/src/rp2_common/pico_double/double_aeabi.S.obj
                0x10003ae0                __wrap___aeabi_d2uiz
                0x10003ae0                double2uint
 .text.__aeabi_double_init
                0x10003af8       0xc8 CMakeFiles/HelloPIO.dir/C_/VSARM/sdk/pico/pico-sdk/src/rp2_common/pico_double/double_init_rom.c.obj
                0x10003af8                __aeabi_double_init
 .text.double_table_shim_on_use_helper
                0x10003bc0       0x34 CMakeFiles/HelloPIO.dir/C_/VSARM/sdk/pico/pico-sdk/src/rp2_common/pico_double/double_v1_rom_shim.S.obj
                0x10003bc0                double_table_shim_on_use_helper
 .text.__wrap___aeabi_dsub
                0x10003bf4       0x10 CMakeFiles/HelloPIO.dir/C_/VSARM/sdk/pico/pico-sdk/src/rp2_common/pico_double/double_v1_rom_shim.S.obj
                0x10003bf4                drsub_shim
                0x10003bfa                dsub_shim
 .text.dadd_shim
                0x10003c04      0x15c CMakeFiles/HelloPIO.dir/C_/VSARM/sdk/pico/pico-sdk/src/rp2_common/pico_double/double_v1_rom_shim.S.obj
                0x10003c04                dadd_shim
 .text.dmul_shim
                0x10003d60      0x15c CMakeFiles/HelloPIO.dir/C_/VSARM/sdk/pico/pico-sdk/src/rp2_common/pico_double/double_v1_rom_shim.S.obj
                0x10003d60                dmul_shim
 .text.ddiv_shim
                0x10003ebc      0x1b0 CMakeFiles/HelloPIO.dir/C_/VSARM/sdk/pico/pico-sdk/src/rp2_common/pico_double/double_v1_rom_shim.S.obj
                0x10003ebc                ddiv_shim
 .text.double2uint_shim
                0x1000406c        0xe CMakeFiles/HelloPIO.dir/C_/VSARM/sdk/pico/pico-sdk/src/rp2_common/pico_double/double_v1_rom_shim.S.obj
                0x1000406c                double2uint_shim
                0x1000406e                double2ufix_shim
 *fill*         0x1000407a        0x2 
 .text.double2uint64_shim
                0x1000407c       0x70 CMakeFiles/HelloPIO.dir/C_/VSARM/sdk/pico/pico-sdk/src/rp2_common/pico_double/double_v1_rom_shim.S.obj
                0x1000407c                double2uint64_shim
                0x1000407e                double2ufix64_shim
                0x1000409e                d2fix_a
 .text.dunpacks
                0x100040ec       0x3c CMakeFiles/HelloPIO.dir/C_/VSARM/sdk/pico/pico-sdk/src/rp2_common/pico_double/double_v1_rom_shim.S.obj
                0x100040ec                dunpacks
 .text.__aeabi_lmul
                0x10004128       0x32 CMakeFiles/HelloPIO.dir/C_/VSARM/sdk/pico/pico-sdk/src/rp2_common/pico_int64_ops/pico_int64_ops_aeabi.S.obj
                0x10004128                __wrap___aeabi_lmul
 *fill*         0x1000415a        0x2 
 .text.__wrap___aeabi_farithmetic
                0x1000415c       0x58 CMakeFiles/HelloPIO.dir/C_/VSARM/sdk/pico/pico-sdk/src/rp2_common/pico_float/float_aeabi.S.obj
                0x1000415c                __wrap___aeabi_frsub
                0x10004162                __wrap___aeabi_fsub
                0x1000416c                __wrap___aeabi_fadd
                0x10004176                __wrap___aeabi_fdiv
                0x100041a2                __wrap___aeabi_fmul
 .text.__wrap___aeabi_ui2f
                0x100041b4        0xa CMakeFiles/HelloPIO.dir/C_/VSARM/sdk/pico/pico-sdk/src/rp2_common/pico_float/float_aeabi.S.obj
                0x100041b4                __wrap___aeabi_ui2f
 *fill*         0x100041be        0x2 
 .text.__wrap___aeabi_i2f
                0x100041c0       0x44 CMakeFiles/HelloPIO.dir/C_/VSARM/sdk/pico/pico-sdk/src/rp2_common/pico_float/float_aeabi.S.obj
                0x100041c0                __wrap___aeabi_i2f
 .text.__wrap___aeabi_f2uiz
                0x10004204       0x10 CMakeFiles/HelloPIO.dir/C_/VSARM/sdk/pico/pico-sdk/src/rp2_common/pico_float/float_aeabi.S.obj
                0x10004204                __wrap___aeabi_f2uiz
 .text.__aeabi_float_init
                0x10004214       0xfc CMakeFiles/HelloPIO.dir/C_/VSARM/sdk/pico/pico-sdk/src/rp2_common/pico_float/float_init_rom.c.obj
                0x10004214                __aeabi_float_init
 .text.float_table_shim_on_use_helper
                0x10004310       0x34 CMakeFiles/HelloPIO.dir/C_/VSARM/sdk/pico/pico-sdk/src/rp2_common/pico_float/float_v1_rom_shim.S.obj
                0x10004310                float_table_shim_on_use_helper
 .text          0x10004344       0x10 CMakeFiles/HelloPIO.dir/C_/VSARM/sdk/pico/pico-sdk/src/rp2_common/pico_mem_ops/mem_ops_aeabi.S.obj
                0x10004344                __aeabi_mem_init
 .text.memset   0x10004354        0xc CMakeFiles/HelloPIO.dir/C_/VSARM/sdk/pico/pico-sdk/src/rp2_common/pico_mem_ops/mem_ops_aeabi.S.obj
                0x10004354                __wrap_memset
 .text.memcpy   0x10004360        0xc CMakeFiles/HelloPIO.dir/C_/VSARM/sdk/pico/pico-sdk/src/rp2_common/pico_mem_ops/mem_ops_aeabi.S.obj
                0x10004360                __wrap_memcpy
                0x10004360                __wrap___aeabi_memcpy
 .text.stdio_out_chars_no_crlf
                0x1000436c        0xe CMakeFiles/HelloPIO.dir/C_/VSARM/sdk/pico/pico-sdk/src/rp2_common/pico_stdio/stdio.c.obj
 *fill*         0x1000437a        0x2 
 .text.stdio_out_chars_crlf
                0x1000437c       0x80 CMakeFiles/HelloPIO.dir/C_/VSARM/sdk/pico/pico-sdk/src/rp2_common/pico_stdio/stdio.c.obj
 .text.stdio_stack_buffer_flush
                0x100043fc       0x44 CMakeFiles/HelloPIO.dir/C_/VSARM/sdk/pico/pico-sdk/src/rp2_common/pico_stdio/stdio.c.obj
 .text.stdio_buffered_printer
                0x10004440       0x20 CMakeFiles/HelloPIO.dir/C_/VSARM/sdk/pico/pico-sdk/src/rp2_common/pico_stdio/stdio.c.obj
 .text.stdout_serialize_begin
                0x10004460       0x30 CMakeFiles/HelloPIO.dir/C_/VSARM/sdk/pico/pico-sdk/src/rp2_common/pico_stdio/stdio.c.obj
                0x10004460                stdout_serialize_begin
 .text.stdout_serialize_end
                0x10004490       0x10 CMakeFiles/HelloPIO.dir/C_/VSARM/sdk/pico/pico-sdk/src/rp2_common/pico_stdio/stdio.c.obj
                0x10004490                stdout_serialize_end
 .text.stdio_put_string
                0x100044a0       0x98 CMakeFiles/HelloPIO.dir/C_/VSARM/sdk/pico/pico-sdk/src/rp2_common/pico_stdio/stdio.c.obj
 .text.stdio_set_driver_enabled
                0x10004538       0x2c CMakeFiles/HelloPIO.dir/C_/VSARM/sdk/pico/pico-sdk/src/rp2_common/pico_stdio/stdio.c.obj
                0x10004538                stdio_set_driver_enabled
 .text.stdio_flush
                0x10004564       0x20 CMakeFiles/HelloPIO.dir/C_/VSARM/sdk/pico/pico-sdk/src/rp2_common/pico_stdio/stdio.c.obj
                0x10004564                stdio_flush
 .text.__wrap_puts
                0x10004584       0x1e CMakeFiles/HelloPIO.dir/C_/VSARM/sdk/pico/pico-sdk/src/rp2_common/pico_stdio/stdio.c.obj
                0x10004584                __wrap_puts
 *fill*         0x100045a2        0x2 
 .text.__wrap_vprintf
                0x100045a4       0x44 CMakeFiles/HelloPIO.dir/C_/VSARM/sdk/pico/pico-sdk/src/rp2_common/pico_stdio/stdio.c.obj
                0x100045a4                __wrap_vprintf
 .text.__wrap_printf
                0x100045e8       0x18 CMakeFiles/HelloPIO.dir/C_/VSARM/sdk/pico/pico-sdk/src/rp2_common/pico_stdio/stdio.c.obj
                0x100045e8                __wrap_printf
 .text.stdio_init_all
                0x10004600        0x8 CMakeFiles/HelloPIO.dir/C_/VSARM/sdk/pico/pico-sdk/src/rp2_common/pico_stdio/stdio.c.obj
                0x10004600                stdio_init_all
 .text.resetd_init
                0x10004608        0x2 CMakeFiles/HelloPIO.dir/C_/VSARM/sdk/pico/pico-sdk/src/rp2_common/pico_stdio_usb/reset_interface.c.obj
 *fill*         0x1000460a        0x2 
 .text.resetd_reset
                0x1000460c        0xc CMakeFiles/HelloPIO.dir/C_/VSARM/sdk/pico/pico-sdk/src/rp2_common/pico_stdio_usb/reset_interface.c.obj
 .text.resetd_open
                0x10004618       0x34 CMakeFiles/HelloPIO.dir/C_/VSARM/sdk/pico/pico-sdk/src/rp2_common/pico_stdio_usb/reset_interface.c.obj
 .text.resetd_xfer_cb
                0x1000464c        0x4 CMakeFiles/HelloPIO.dir/C_/VSARM/sdk/pico/pico-sdk/src/rp2_common/pico_stdio_usb/reset_interface.c.obj
 .text.reset_usb_boot
                0x10004650       0x18 CMakeFiles/HelloPIO.dir/C_/VSARM/sdk/pico/pico-sdk/src/rp2_common/pico_stdio_usb/reset_interface.c.obj
 .text.resetd_control_xfer_cb
                0x10004668       0x5c CMakeFiles/HelloPIO.dir/C_/VSARM/sdk/pico/pico-sdk/src/rp2_common/pico_stdio_usb/reset_interface.c.obj
 .text.usbd_app_driver_get_cb
                0x100046c4        0xc CMakeFiles/HelloPIO.dir/C_/VSARM/sdk/pico/pico-sdk/src/rp2_common/pico_stdio_usb/reset_interface.c.obj
                0x100046c4                usbd_app_driver_get_cb
 .text.tud_cdc_line_coding_cb
                0x100046d0       0x28 CMakeFiles/HelloPIO.dir/C_/VSARM/sdk/pico/pico-sdk/src/rp2_common/pico_stdio_usb/reset_interface.c.obj
                0x100046d0                tud_cdc_line_coding_cb
 .text.stdio_usb_in_chars
                0x100046f8       0x70 CMakeFiles/HelloPIO.dir/C_/VSARM/sdk/pico/pico-sdk/src/rp2_common/pico_stdio_usb/stdio_usb.c.obj
                0x100046f8                stdio_usb_in_chars
 .text.low_priority_worker_irq
                0x10004768       0x20 CMakeFiles/HelloPIO.dir/C_/VSARM/sdk/pico/pico-sdk/src/rp2_common/pico_stdio_usb/stdio_usb.c.obj
 .text.stdio_usb_out_chars
                0x10004788       0xd4 CMakeFiles/HelloPIO.dir/C_/VSARM/sdk/pico/pico-sdk/src/rp2_common/pico_stdio_usb/stdio_usb.c.obj
 .text.timer_task
                0x1000485c       0x40 CMakeFiles/HelloPIO.dir/C_/VSARM/sdk/pico/pico-sdk/src/rp2_common/pico_stdio_usb/stdio_usb.c.obj
 .text.usb_irq  0x1000489c       0x10 CMakeFiles/HelloPIO.dir/C_/VSARM/sdk/pico/pico-sdk/src/rp2_common/pico_stdio_usb/stdio_usb.c.obj
 .text.stdio_usb_init
                0x100048ac       0xec CMakeFiles/HelloPIO.dir/C_/VSARM/sdk/pico/pico-sdk/src/rp2_common/pico_stdio_usb/stdio_usb.c.obj
                0x100048ac                stdio_usb_init
 .text.tud_descriptor_device_cb
                0x10004998        0x8 CMakeFiles/HelloPIO.dir/C_/VSARM/sdk/pico/pico-sdk/src/rp2_common/pico_stdio_usb/stdio_usb_descriptors.c.obj
                0x10004998                tud_descriptor_device_cb
 .text.tud_descriptor_configuration_cb
                0x100049a0        0x8 CMakeFiles/HelloPIO.dir/C_/VSARM/sdk/pico/pico-sdk/src/rp2_common/pico_stdio_usb/stdio_usb_descriptors.c.obj
                0x100049a0                tud_descriptor_configuration_cb
 .text.tud_descriptor_string_cb
                0x100049a8       0x6c CMakeFiles/HelloPIO.dir/C_/VSARM/sdk/pico/pico-sdk/src/rp2_common/pico_stdio_usb/stdio_usb_descriptors.c.obj
                0x100049a8                tud_descriptor_string_cb
 .text.hw_endpoint_get_by_addr
                0x10004a14       0x18 CMakeFiles/HelloPIO.dir/C_/VSARM/sdk/pico/pico-sdk/lib/tinyusb/src/portable/raspberrypi/rp2040/dcd_rp2040.c.obj
 .text.reset_ep0_pid
                0x10004a2c       0x28 CMakeFiles/HelloPIO.dir/C_/VSARM/sdk/pico/pico-sdk/lib/tinyusb/src/portable/raspberrypi/rp2040/dcd_rp2040.c.obj
 .text._hw_endpoint_alloc
                0x10004a54       0x70 CMakeFiles/HelloPIO.dir/C_/VSARM/sdk/pico/pico-sdk/lib/tinyusb/src/portable/raspberrypi/rp2040/dcd_rp2040.c.obj
 .text.hw_endpoint_init
                0x10004ac4       0x88 CMakeFiles/HelloPIO.dir/C_/VSARM/sdk/pico/pico-sdk/lib/tinyusb/src/portable/raspberrypi/rp2040/dcd_rp2040.c.obj
 .text.reset_non_control_endpoints
                0x10004b4c       0x40 CMakeFiles/HelloPIO.dir/C_/VSARM/sdk/pico/pico-sdk/lib/tinyusb/src/portable/raspberrypi/rp2040/dcd_rp2040.c.obj
 .text.hw_handle_buff_status
                0x10004b8c       0x8c CMakeFiles/HelloPIO.dir/C_/VSARM/sdk/pico/pico-sdk/lib/tinyusb/src/portable/raspberrypi/rp2040/dcd_rp2040.c.obj
 .text.dcd_rp2040_irq
                0x10004c18       0xc0 CMakeFiles/HelloPIO.dir/C_/VSARM/sdk/pico/pico-sdk/lib/tinyusb/src/portable/raspberrypi/rp2040/dcd_rp2040.c.obj
 .text.hw_endpoint_xfer
                0x10004cd8       0x14 CMakeFiles/HelloPIO.dir/C_/VSARM/sdk/pico/pico-sdk/lib/tinyusb/src/portable/raspberrypi/rp2040/dcd_rp2040.c.obj
 .text.dcd_int_enable
                0x10004cec       0x2c CMakeFiles/HelloPIO.dir/C_/VSARM/sdk/pico/pico-sdk/lib/tinyusb/src/portable/raspberrypi/rp2040/dcd_rp2040.c.obj
                0x10004cec                dcd_int_enable
 .text.dcd_set_address
                0x10004d18       0x2c CMakeFiles/HelloPIO.dir/C_/VSARM/sdk/pico/pico-sdk/lib/tinyusb/src/portable/raspberrypi/rp2040/dcd_rp2040.c.obj
                0x10004d18                dcd_set_address
 .text.dcd_connect
                0x10004d44       0x10 CMakeFiles/HelloPIO.dir/C_/VSARM/sdk/pico/pico-sdk/lib/tinyusb/src/portable/raspberrypi/rp2040/dcd_rp2040.c.obj
                0x10004d44                dcd_connect
 .text.dcd_init
                0x10004d54       0x7c CMakeFiles/HelloPIO.dir/C_/VSARM/sdk/pico/pico-sdk/lib/tinyusb/src/portable/raspberrypi/rp2040/dcd_rp2040.c.obj
                0x10004d54                dcd_init
 .text.dcd_edpt0_status_complete
                0x10004dd0       0x1c CMakeFiles/HelloPIO.dir/C_/VSARM/sdk/pico/pico-sdk/lib/tinyusb/src/portable/raspberrypi/rp2040/dcd_rp2040.c.obj
                0x10004dd0                dcd_edpt0_status_complete
 .text.dcd_edpt_open
                0x10004dec       0x40 CMakeFiles/HelloPIO.dir/C_/VSARM/sdk/pico/pico-sdk/lib/tinyusb/src/portable/raspberrypi/rp2040/dcd_rp2040.c.obj
                0x10004dec                dcd_edpt_open
 .text.dcd_edpt_close_all
                0x10004e2c        0x8 CMakeFiles/HelloPIO.dir/C_/VSARM/sdk/pico/pico-sdk/lib/tinyusb/src/portable/raspberrypi/rp2040/dcd_rp2040.c.obj
                0x10004e2c                dcd_edpt_close_all
 .text.dcd_edpt_xfer
                0x10004e34       0x30 CMakeFiles/HelloPIO.dir/C_/VSARM/sdk/pico/pico-sdk/lib/tinyusb/src/portable/raspberrypi/rp2040/dcd_rp2040.c.obj
                0x10004e34                dcd_edpt_xfer
 .text.dcd_edpt_stall
                0x10004e64       0x2c CMakeFiles/HelloPIO.dir/C_/VSARM/sdk/pico/pico-sdk/lib/tinyusb/src/portable/raspberrypi/rp2040/dcd_rp2040.c.obj
                0x10004e64                dcd_edpt_stall
 .text.dcd_edpt_clear_stall
                0x10004e90       0x20 CMakeFiles/HelloPIO.dir/C_/VSARM/sdk/pico/pico-sdk/lib/tinyusb/src/portable/raspberrypi/rp2040/dcd_rp2040.c.obj
                0x10004e90                dcd_edpt_clear_stall
 .text.prepare_ep_buffer
                0x10004eb0       0x6c CMakeFiles/HelloPIO.dir/C_/VSARM/sdk/pico/pico-sdk/lib/tinyusb/src/portable/raspberrypi/rp2040/rp2040_usb.c.obj
 .text.sync_ep_buffer
                0x10004f1c       0x78 CMakeFiles/HelloPIO.dir/C_/VSARM/sdk/pico/pico-sdk/lib/tinyusb/src/portable/raspberrypi/rp2040/rp2040_usb.c.obj
 .text._hw_endpoint_xfer_sync
                0x10004f94       0x28 CMakeFiles/HelloPIO.dir/C_/VSARM/sdk/pico/pico-sdk/lib/tinyusb/src/portable/raspberrypi/rp2040/rp2040_usb.c.obj
 .text.rp2040_usb_init
                0x10004fbc       0x4c CMakeFiles/HelloPIO.dir/C_/VSARM/sdk/pico/pico-sdk/lib/tinyusb/src/portable/raspberrypi/rp2040/rp2040_usb.c.obj
                0x10004fbc                rp2040_usb_init
 .text.hw_endpoint_reset_transfer
                0x10005008        0xc CMakeFiles/HelloPIO.dir/C_/VSARM/sdk/pico/pico-sdk/lib/tinyusb/src/portable/raspberrypi/rp2040/rp2040_usb.c.obj
                0x10005008                hw_endpoint_reset_transfer
 .text._hw_endpoint_buffer_control_update32
                0x10005014       0x58 CMakeFiles/HelloPIO.dir/C_/VSARM/sdk/pico/pico-sdk/lib/tinyusb/src/portable/raspberrypi/rp2040/rp2040_usb.c.obj
                0x10005014                _hw_endpoint_buffer_control_update32
 .text._hw_endpoint_start_next_buffer
                0x1000506c       0x74 CMakeFiles/HelloPIO.dir/C_/VSARM/sdk/pico/pico-sdk/lib/tinyusb/src/portable/raspberrypi/rp2040/rp2040_usb.c.obj
 .text.hw_endpoint_xfer_start
                0x100050e0       0x48 CMakeFiles/HelloPIO.dir/C_/VSARM/sdk/pico/pico-sdk/lib/tinyusb/src/portable/raspberrypi/rp2040/rp2040_usb.c.obj
                0x100050e0                hw_endpoint_xfer_start
 .text.hw_endpoint_xfer_continue
                0x10005128       0x38 CMakeFiles/HelloPIO.dir/C_/VSARM/sdk/pico/pico-sdk/lib/tinyusb/src/portable/raspberrypi/rp2040/rp2040_usb.c.obj
                0x10005128                hw_endpoint_xfer_continue
 .text.configuration_reset
                0x10005160       0x84 CMakeFiles/HelloPIO.dir/C_/VSARM/sdk/pico/pico-sdk/lib/tinyusb/src/device/usbd.c.obj
 .text.usbd_reset
                0x100051e4        0xc CMakeFiles/HelloPIO.dir/C_/VSARM/sdk/pico/pico-sdk/lib/tinyusb/src/device/usbd.c.obj
 .text.invoke_class_control
                0x100051f0       0x1a CMakeFiles/HelloPIO.dir/C_/VSARM/sdk/pico/pico-sdk/lib/tinyusb/src/device/usbd.c.obj
 *fill*         0x1000520a        0x2 
 .text.process_set_config
                0x1000520c      0x1b0 CMakeFiles/HelloPIO.dir/C_/VSARM/sdk/pico/pico-sdk/lib/tinyusb/src/device/usbd.c.obj
 .text.process_get_descriptor
                0x100053bc       0xec CMakeFiles/HelloPIO.dir/C_/VSARM/sdk/pico/pico-sdk/lib/tinyusb/src/device/usbd.c.obj
 .text.tud_mounted
                0x100054a8       0x10 CMakeFiles/HelloPIO.dir/C_/VSARM/sdk/pico/pico-sdk/lib/tinyusb/src/device/usbd.c.obj
                0x100054a8                tud_mounted
 .text.tud_suspended
                0x100054b8       0x10 CMakeFiles/HelloPIO.dir/C_/VSARM/sdk/pico/pico-sdk/lib/tinyusb/src/device/usbd.c.obj
                0x100054b8                tud_suspended
 .text.tud_inited
                0x100054c8        0xc CMakeFiles/HelloPIO.dir/C_/VSARM/sdk/pico/pico-sdk/lib/tinyusb/src/device/usbd.c.obj
                0x100054c8                tud_inited
 .text.tud_init
                0x100054d4       0xcc CMakeFiles/HelloPIO.dir/C_/VSARM/sdk/pico/pico-sdk/lib/tinyusb/src/device/usbd.c.obj
                0x100054d4                tud_init
 .text.dcd_event_handler
                0x100055a0      0x1e0 CMakeFiles/HelloPIO.dir/C_/VSARM/sdk/pico/pico-sdk/lib/tinyusb/src/device/usbd.c.obj
                0x100055a0                dcd_event_handler
 .text.dcd_event_bus_signal
                0x10005780       0x26 CMakeFiles/HelloPIO.dir/C_/VSARM/sdk/pico/pico-sdk/lib/tinyusb/src/device/usbd.c.obj
                0x10005780                dcd_event_bus_signal
 .text.dcd_event_bus_reset
                0x100057a6       0x2a CMakeFiles/HelloPIO.dir/C_/VSARM/sdk/pico/pico-sdk/lib/tinyusb/src/device/usbd.c.obj
                0x100057a6                dcd_event_bus_reset
 .text.dcd_event_setup_received
                0x100057d0       0x34 CMakeFiles/HelloPIO.dir/C_/VSARM/sdk/pico/pico-sdk/lib/tinyusb/src/device/usbd.c.obj
                0x100057d0                dcd_event_setup_received
 .text.dcd_event_xfer_complete
                0x10005804       0x44 CMakeFiles/HelloPIO.dir/C_/VSARM/sdk/pico/pico-sdk/lib/tinyusb/src/device/usbd.c.obj
                0x10005804                dcd_event_xfer_complete
 .text.usbd_edpt_open
                0x10005848       0x58 CMakeFiles/HelloPIO.dir/C_/VSARM/sdk/pico/pico-sdk/lib/tinyusb/src/device/usbd.c.obj
                0x10005848                usbd_edpt_open
 .text.usbd_open_edpt_pair
                0x100058a0       0x8c CMakeFiles/HelloPIO.dir/C_/VSARM/sdk/pico/pico-sdk/lib/tinyusb/src/device/usbd.c.obj
                0x100058a0                usbd_open_edpt_pair
 .text.usbd_edpt_claim
                0x1000592c       0x8c CMakeFiles/HelloPIO.dir/C_/VSARM/sdk/pico/pico-sdk/lib/tinyusb/src/device/usbd.c.obj
                0x1000592c                usbd_edpt_claim
 .text.usbd_edpt_release
                0x100059b8       0x68 CMakeFiles/HelloPIO.dir/C_/VSARM/sdk/pico/pico-sdk/lib/tinyusb/src/device/usbd.c.obj
                0x100059b8                usbd_edpt_release
 .text.usbd_edpt_xfer
                0x10005a20       0x84 CMakeFiles/HelloPIO.dir/C_/VSARM/sdk/pico/pico-sdk/lib/tinyusb/src/device/usbd.c.obj
                0x10005a20                usbd_edpt_xfer
 .text.usbd_edpt_stall
                0x10005aa4       0x40 CMakeFiles/HelloPIO.dir/C_/VSARM/sdk/pico/pico-sdk/lib/tinyusb/src/device/usbd.c.obj
                0x10005aa4                usbd_edpt_stall
 .text.usbd_edpt_clear_stall
                0x10005ae4       0x40 CMakeFiles/HelloPIO.dir/C_/VSARM/sdk/pico/pico-sdk/lib/tinyusb/src/device/usbd.c.obj
                0x10005ae4                usbd_edpt_clear_stall
 .text.usbd_edpt_stalled
                0x10005b24       0x1c CMakeFiles/HelloPIO.dir/C_/VSARM/sdk/pico/pico-sdk/lib/tinyusb/src/device/usbd.c.obj
                0x10005b24                usbd_edpt_stalled
 .text.process_control_request
                0x10005b40      0x3b8 CMakeFiles/HelloPIO.dir/C_/VSARM/sdk/pico/pico-sdk/lib/tinyusb/src/device/usbd.c.obj
 .text.tud_task
                0x10005ef8      0x218 CMakeFiles/HelloPIO.dir/C_/VSARM/sdk/pico/pico-sdk/lib/tinyusb/src/device/usbd.c.obj
                0x10005ef8                tud_task
 .text._data_stage_xact
                0x10006110       0x58 CMakeFiles/HelloPIO.dir/C_/VSARM/sdk/pico/pico-sdk/lib/tinyusb/src/device/usbd_control.c.obj
 .text.tud_control_status
                0x10006168       0x38 CMakeFiles/HelloPIO.dir/C_/VSARM/sdk/pico/pico-sdk/lib/tinyusb/src/device/usbd_control.c.obj
                0x10006168                tud_control_status
 .text.tud_control_xfer
                0x100061a0       0xa8 CMakeFiles/HelloPIO.dir/C_/VSARM/sdk/pico/pico-sdk/lib/tinyusb/src/device/usbd_control.c.obj
                0x100061a0                tud_control_xfer
 .text.usbd_control_reset
                0x10006248       0x14 CMakeFiles/HelloPIO.dir/C_/VSARM/sdk/pico/pico-sdk/lib/tinyusb/src/device/usbd_control.c.obj
                0x10006248                usbd_control_reset
 .text.usbd_control_set_complete_callback
                0x1000625c        0xc CMakeFiles/HelloPIO.dir/C_/VSARM/sdk/pico/pico-sdk/lib/tinyusb/src/device/usbd_control.c.obj
                0x1000625c                usbd_control_set_complete_callback
 .text.usbd_control_set_request
                0x10006268       0x1c CMakeFiles/HelloPIO.dir/C_/VSARM/sdk/pico/pico-sdk/lib/tinyusb/src/device/usbd_control.c.obj
                0x10006268                usbd_control_set_request
 .text.usbd_control_xfer_cb
                0x10006284       0xfc CMakeFiles/HelloPIO.dir/C_/VSARM/sdk/pico/pico-sdk/lib/tinyusb/src/device/usbd_control.c.obj
                0x10006284                usbd_control_xfer_cb
 .text._prep_out_transaction
                0x10006380       0x46 CMakeFiles/HelloPIO.dir/C_/VSARM/sdk/pico/pico-sdk/lib/tinyusb/src/class/cdc/cdc_device.c.obj
 *fill*         0x100063c6        0x2 
 .text.tud_cdc_n_connected
                0x100063c8       0x44 CMakeFiles/HelloPIO.dir/C_/VSARM/sdk/pico/pico-sdk/lib/tinyusb/src/class/cdc/cdc_device.c.obj
                0x100063c8                tud_cdc_n_connected
 .text.tud_cdc_n_available
                0x1000640c       0x18 CMakeFiles/HelloPIO.dir/C_/VSARM/sdk/pico/pico-sdk/lib/tinyusb/src/class/cdc/cdc_device.c.obj
                0x1000640c                tud_cdc_n_available
 .text.tud_cdc_n_read
                0x10006424       0x28 CMakeFiles/HelloPIO.dir/C_/VSARM/sdk/pico/pico-sdk/lib/tinyusb/src/class/cdc/cdc_device.c.obj
                0x10006424                tud_cdc_n_read
 .text.tud_cdc_n_write_flush
                0x1000644c       0xcc CMakeFiles/HelloPIO.dir/C_/VSARM/sdk/pico/pico-sdk/lib/tinyusb/src/class/cdc/cdc_device.c.obj
                0x1000644c                tud_cdc_n_write_flush
 .text.tud_cdc_n_write
                0x10006518       0x38 CMakeFiles/HelloPIO.dir/C_/VSARM/sdk/pico/pico-sdk/lib/tinyusb/src/class/cdc/cdc_device.c.obj
                0x10006518                tud_cdc_n_write
 .text.tud_cdc_n_write_available
                0x10006550       0x1c CMakeFiles/HelloPIO.dir/C_/VSARM/sdk/pico/pico-sdk/lib/tinyusb/src/class/cdc/cdc_device.c.obj
                0x10006550                tud_cdc_n_write_available
 .text.cdcd_init
                0x1000656c       0xbc CMakeFiles/HelloPIO.dir/C_/VSARM/sdk/pico/pico-sdk/lib/tinyusb/src/class/cdc/cdc_device.c.obj
                0x1000656c                cdcd_init
 .text.cdcd_reset
                0x10006628       0x44 CMakeFiles/HelloPIO.dir/C_/VSARM/sdk/pico/pico-sdk/lib/tinyusb/src/class/cdc/cdc_device.c.obj
                0x10006628                cdcd_reset
 .text.cdcd_open
                0x1000666c       0xf8 CMakeFiles/HelloPIO.dir/C_/VSARM/sdk/pico/pico-sdk/lib/tinyusb/src/class/cdc/cdc_device.c.obj
                0x1000666c                cdcd_open
 .text.cdcd_control_xfer_cb
                0x10006764      0x134 CMakeFiles/HelloPIO.dir/C_/VSARM/sdk/pico/pico-sdk/lib/tinyusb/src/class/cdc/cdc_device.c.obj
                0x10006764                cdcd_control_xfer_cb
 .text.cdcd_xfer_cb
                0x10006898      0x144 CMakeFiles/HelloPIO.dir/C_/VSARM/sdk/pico/pico-sdk/lib/tinyusb/src/class/cdc/cdc_device.c.obj
                0x10006898                cdcd_xfer_cb
 .text.tusb_init
                0x100069dc       0x24 CMakeFiles/HelloPIO.dir/C_/VSARM/sdk/pico/pico-sdk/lib/tinyusb/src/tusb.c.obj
                0x100069dc                tusb_init
 .text.tusb_inited
                0x10006a00        0xe CMakeFiles/HelloPIO.dir/C_/VSARM/sdk/pico/pico-sdk/lib/tinyusb/src/tusb.c.obj
                0x10006a00                tusb_inited
 *fill*         0x10006a0e        0x2 
 .text.tu_edpt_validate
                0x10006a10       0xa8 CMakeFiles/HelloPIO.dir/C_/VSARM/sdk/pico/pico-sdk/lib/tinyusb/src/tusb.c.obj
                0x10006a10                tu_edpt_validate
 .text.tu_edpt_bind_driver
                0x10006ab8       0x2a CMakeFiles/HelloPIO.dir/C_/VSARM/sdk/pico/pico-sdk/lib/tinyusb/src/tusb.c.obj
                0x10006ab8                tu_edpt_bind_driver
 .text.advance_pointer
                0x10006ae2       0x18 CMakeFiles/HelloPIO.dir/C_/VSARM/sdk/pico/pico-sdk/lib/tinyusb/src/common/tusb_fifo.c.obj
 .text.backward_pointer
                0x10006afa       0x1e CMakeFiles/HelloPIO.dir/C_/VSARM/sdk/pico/pico-sdk/lib/tinyusb/src/common/tusb_fifo.c.obj
 .text.get_relative_pointer
                0x10006b18       0x10 CMakeFiles/HelloPIO.dir/C_/VSARM/sdk/pico/pico-sdk/lib/tinyusb/src/common/tusb_fifo.c.obj
 .text._tu_fifo_peek
                0x10006b28       0x50 CMakeFiles/HelloPIO.dir/C_/VSARM/sdk/pico/pico-sdk/lib/tinyusb/src/common/tusb_fifo.c.obj
 .text._ff_pull_const_addr
                0x10006b78       0x4c CMakeFiles/HelloPIO.dir/C_/VSARM/sdk/pico/pico-sdk/lib/tinyusb/src/common/tusb_fifo.c.obj
 .text._ff_pull_n
                0x10006bc4      0x10c CMakeFiles/HelloPIO.dir/C_/VSARM/sdk/pico/pico-sdk/lib/tinyusb/src/common/tusb_fifo.c.obj
 .text._tu_fifo_peek_n
                0x10006cd0       0x5e CMakeFiles/HelloPIO.dir/C_/VSARM/sdk/pico/pico-sdk/lib/tinyusb/src/common/tusb_fifo.c.obj
 .text._tu_fifo_read_n
                0x10006d2e       0x4e CMakeFiles/HelloPIO.dir/C_/VSARM/sdk/pico/pico-sdk/lib/tinyusb/src/common/tusb_fifo.c.obj
 .text._ff_push_const_addr
                0x10006d7c       0x40 CMakeFiles/HelloPIO.dir/C_/VSARM/sdk/pico/pico-sdk/lib/tinyusb/src/common/tusb_fifo.c.obj
 .text._ff_push_n
                0x10006dbc      0x108 CMakeFiles/HelloPIO.dir/C_/VSARM/sdk/pico/pico-sdk/lib/tinyusb/src/common/tusb_fifo.c.obj
 .text._tu_fifo_write_n
                0x10006ec4       0x9e CMakeFiles/HelloPIO.dir/C_/VSARM/sdk/pico/pico-sdk/lib/tinyusb/src/common/tusb_fifo.c.obj
 .text.tu_fifo_config
                0x10006f62       0x72 CMakeFiles/HelloPIO.dir/C_/VSARM/sdk/pico/pico-sdk/lib/tinyusb/src/common/tusb_fifo.c.obj
                0x10006f62                tu_fifo_config
 .text.tu_fifo_count
                0x10006fd4       0x26 CMakeFiles/HelloPIO.dir/C_/VSARM/sdk/pico/pico-sdk/lib/tinyusb/src/common/tusb_fifo.c.obj
                0x10006fd4                tu_fifo_count
 .text.tu_fifo_empty
                0x10006ffa        0xe CMakeFiles/HelloPIO.dir/C_/VSARM/sdk/pico/pico-sdk/lib/tinyusb/src/common/tusb_fifo.c.obj
                0x10006ffa                tu_fifo_empty
 .text.tu_fifo_remaining
                0x10007008       0x20 CMakeFiles/HelloPIO.dir/C_/VSARM/sdk/pico/pico-sdk/lib/tinyusb/src/common/tusb_fifo.c.obj
                0x10007008                tu_fifo_remaining
 .text.tu_fifo_read
                0x10007028       0x42 CMakeFiles/HelloPIO.dir/C_/VSARM/sdk/pico/pico-sdk/lib/tinyusb/src/common/tusb_fifo.c.obj
                0x10007028                tu_fifo_read
 .text.tu_fifo_read_n
                0x1000706a        0xa CMakeFiles/HelloPIO.dir/C_/VSARM/sdk/pico/pico-sdk/lib/tinyusb/src/common/tusb_fifo.c.obj
                0x1000706a                tu_fifo_read_n
 .text.tu_fifo_write
                0x10007074       0x6a CMakeFiles/HelloPIO.dir/C_/VSARM/sdk/pico/pico-sdk/lib/tinyusb/src/common/tusb_fifo.c.obj
                0x10007074                tu_fifo_write
 .text.tu_fifo_write_n
                0x100070de        0xa CMakeFiles/HelloPIO.dir/C_/VSARM/sdk/pico/pico-sdk/lib/tinyusb/src/common/tusb_fifo.c.obj
                0x100070de                tu_fifo_write_n
 .text.tu_fifo_clear
                0x100070e8       0x4c CMakeFiles/HelloPIO.dir/C_/VSARM/sdk/pico/pico-sdk/lib/tinyusb/src/common/tusb_fifo.c.obj
                0x100070e8                tu_fifo_clear
 .text.tu_fifo_set_overwritable
                0x10007134       0x3c CMakeFiles/HelloPIO.dir/C_/VSARM/sdk/pico/pico-sdk/lib/tinyusb/src/common/tusb_fifo.c.obj
                0x10007134                tu_fifo_set_overwritable
 .text._retrieve_unique_id_on_boot
                0x10007170       0x10 CMakeFiles/HelloPIO.dir/C_/VSARM/sdk/pico/pico-sdk/src/rp2_common/pico_unique_id/unique_id.c.obj
 .text.pico_get_unique_board_id_string
                0x10007180       0x5c CMakeFiles/HelloPIO.dir/C_/VSARM/sdk/pico/pico-sdk/src/rp2_common/pico_unique_id/unique_id.c.obj
                0x10007180                pico_get_unique_board_id_string
 .text.flash_get_unique_id
                0x100071dc       0x46 CMakeFiles/HelloPIO.dir/C_/VSARM/sdk/pico/pico-sdk/src/rp2_common/hardware_flash/flash.c.obj
                0x100071dc                flash_get_unique_id
 *fill*         0x10007222        0x2 
 .text._pio_can_add_program_at_offset
                0x10007224       0x3c CMakeFiles/HelloPIO.dir/C_/VSARM/sdk/pico/pico-sdk/src/rp2_common/hardware_pio/pio.c.obj
 .text._pio_find_offset_for_program
                0x10007260       0x7c CMakeFiles/HelloPIO.dir/C_/VSARM/sdk/pico/pico-sdk/src/rp2_common/hardware_pio/pio.c.obj
 .text._pio_add_program_at_offset
                0x100072dc       0x78 CMakeFiles/HelloPIO.dir/C_/VSARM/sdk/pico/pico-sdk/src/rp2_common/hardware_pio/pio.c.obj
 .text.pio_claim_unused_sm
                0x10007354       0x3c CMakeFiles/HelloPIO.dir/C_/VSARM/sdk/pico/pico-sdk/src/rp2_common/hardware_pio/pio.c.obj
                0x10007354                pio_claim_unused_sm
 .text.pio_add_program
                0x10007390       0x38 CMakeFiles/HelloPIO.dir/C_/VSARM/sdk/pico/pico-sdk/src/rp2_common/hardware_pio/pio.c.obj
                0x10007390                pio_add_program
 .text.pio_sm_set_consecutive_pindirs
                0x100073c8       0x70 CMakeFiles/HelloPIO.dir/C_/VSARM/sdk/pico/pico-sdk/src/rp2_common/hardware_pio/pio.c.obj
                0x100073c8                pio_sm_set_consecutive_pindirs
 .text.pio_sm_init
                0x10007438       0xd8 CMakeFiles/HelloPIO.dir/C_/VSARM/sdk/pico/pico-sdk/src/rp2_common/hardware_pio/pio.c.obj
                0x10007438                pio_sm_init
 .text.strlen   0x10007510       0x5c c:/vsarm/armcc/112202~1.02/bin/../lib/gcc/arm-none-eabi/11.2.1/thumb/v6-m/nofp\libg.a(lib_a-strlen-stub.o)
                0x10007510                strlen
 *(.fini)
 .fini          0x1000756c        0x4 c:/vsarm/armcc/112202~1.02/bin/../lib/gcc/arm-none-eabi/11.2.1/thumb/v6-m/nofp/crti.o
                0x1000756c                _fini
 .fini.__stub   0x10007570       0x70 linker stubs
 *crtbegin.o(.ctors)
 *crtbegin?.o(.ctors)
 *(EXCLUDE_FILE(*crtend.o *crtend?.o) .ctors)
 *(SORT_BY_NAME(.ctors.*))
 *(.ctors)
 *crtbegin.o(.dtors)
 *crtbegin?.o(.dtors)
 *(EXCLUDE_FILE(*crtend.o *crtend?.o) .dtors)
 *(SORT_BY_NAME(.dtors.*))
 *(.dtors)
 *(.eh_frame*)
 .eh_frame      0x100075e0        0x0 c:/vsarm/armcc/112202~1.02/bin/../lib/gcc/arm-none-eabi/11.2.1/thumb/v6-m/nofp/crtbegin.o
                0x100075e0                . = ALIGN (0x4)

.glue_7         0x100075e0        0x0
 .glue_7        0x100075e0        0x0 linker stubs

.glue_7t        0x100075e0        0x0
 .glue_7t       0x100075e0        0x0 linker stubs

.vfp11_veneer   0x100075e0        0x0
 .vfp11_veneer  0x100075e0        0x0 linker stubs

.v4_bx          0x100075e0        0x0
 .v4_bx         0x100075e0        0x0 linker stubs

.iplt           0x100075e0        0x0
 .iplt          0x100075e0        0x0 c:/vsarm/armcc/112202~1.02/bin/../lib/gcc/arm-none-eabi/11.2.1/thumb/v6-m/nofp/crtbegin.o

.rodata         0x100075e0     0x1714
 *(EXCLUDE_FILE(*libm.a: *libc.a:*lib_a-mem*.o *libgcc.a:) .rodata*)
 .rodata._ZL20ParallelPort_program
                0x100075e0        0x6 CMakeFiles/HelloPIO.dir/main.cpp.obj
 *fill*         0x100075e6        0x2 
 .rodata._ZL33ParallelPort_program_instructions
                0x100075e8        0x4 CMakeFiles/HelloPIO.dir/main.cpp.obj
 .rodata.spin_lock_claim_unused.str1.4
                0x100075ec       0x1b CMakeFiles/HelloPIO.dir/C_/VSARM/sdk/pico/pico-sdk/src/rp2_common/hardware_sync/sync.c.obj
 *fill*         0x10007607        0x1 
 .rodata.make_branch.str1.4
                0x10007608       0x6d CMakeFiles/HelloPIO.dir/C_/VSARM/sdk/pico/pico-sdk/src/rp2_common/hardware_irq/irq.c.obj
 *fill*         0x10007675        0x3 
 .rodata.insert_branch_and_link.str1.4
                0x10007678       0x10 CMakeFiles/HelloPIO.dir/C_/VSARM/sdk/pico/pico-sdk/src/rp2_common/hardware_irq/irq.c.obj
 .rodata.irq_set_exclusive_handler.str1.4
                0x10007688       0x36 CMakeFiles/HelloPIO.dir/C_/VSARM/sdk/pico/pico-sdk/src/rp2_common/hardware_irq/irq.c.obj
 *fill*         0x100076be        0x2 
 .rodata.irq_add_shared_handler.str1.4
                0x100076c0       0xd9 CMakeFiles/HelloPIO.dir/C_/VSARM/sdk/pico/pico-sdk/src/rp2_common/hardware_irq/irq.c.obj
 *fill*         0x10007799        0x3 
 .rodata.irq_remove_handler.str1.4
                0x1000779c       0x2a CMakeFiles/HelloPIO.dir/C_/VSARM/sdk/pico/pico-sdk/src/rp2_common/hardware_irq/irq.c.obj
 *fill*         0x100077c6        0x2 
 .rodata.irq_add_tail_to_free_list.str1.4
                0x100077c8       0x3a CMakeFiles/HelloPIO.dir/C_/VSARM/sdk/pico/pico-sdk/src/rp2_common/hardware_irq/irq.c.obj
 *fill*         0x10007802        0x2 
 .rodata.user_irq_claim_unused.str1.4
                0x10007804       0x1b CMakeFiles/HelloPIO.dir/C_/VSARM/sdk/pico/pico-sdk/src/rp2_common/hardware_irq/irq.c.obj
 *fill*         0x1000781f        0x1 
 .rodata.__func__.0
                0x10007820       0x1a CMakeFiles/HelloPIO.dir/C_/VSARM/sdk/pico/pico-sdk/src/rp2_common/hardware_irq/irq.c.obj
 *fill*         0x1000783a        0x2 
 .rodata.__func__.1
                0x1000783c       0x17 CMakeFiles/HelloPIO.dir/C_/VSARM/sdk/pico/pico-sdk/src/rp2_common/hardware_irq/irq.c.obj
 *fill*         0x10007853        0x1 
 .rodata.__func__.2
                0x10007854       0x13 CMakeFiles/HelloPIO.dir/C_/VSARM/sdk/pico/pico-sdk/src/rp2_common/hardware_irq/irq.c.obj
 *fill*         0x10007867        0x1 
 .rodata.__func__.3
                0x10007868        0xc CMakeFiles/HelloPIO.dir/C_/VSARM/sdk/pico/pico-sdk/src/rp2_common/hardware_irq/irq.c.obj
 .rodata.__func__.4
                0x10007874        0xf CMakeFiles/HelloPIO.dir/C_/VSARM/sdk/pico/pico-sdk/src/rp2_common/hardware_irq/irq.c.obj
 *fill*         0x10007883        0x1 
 .rodata.__func__.5
                0x10007884       0x17 CMakeFiles/HelloPIO.dir/C_/VSARM/sdk/pico/pico-sdk/src/rp2_common/hardware_irq/irq.c.obj
 *fill*         0x1000789b        0x1 
 .rodata.__func__.6
                0x1000789c       0x1a CMakeFiles/HelloPIO.dir/C_/VSARM/sdk/pico/pico-sdk/src/rp2_common/hardware_irq/irq.c.obj
 *fill*         0x100078b6        0x2 
 .rodata.repeating_timer_callback.str1.4
                0x100078b8       0x4b CMakeFiles/HelloPIO.dir/C_/VSARM/sdk/pico/pico-sdk/src/common/pico_time/time.c.obj
 *fill*         0x10007903        0x1 
 .rodata.alarm_pool_dump_key.str1.4
                0x10007904       0x33 CMakeFiles/HelloPIO.dir/C_/VSARM/sdk/pico/pico-sdk/src/common/pico_time/time.c.obj
 *fill*         0x10007937        0x1 
 .rodata.ph_add_child_node.str1.4
                0x10007938       0x96 CMakeFiles/HelloPIO.dir/C_/VSARM/sdk/pico/pico-sdk/src/common/pico_time/time.c.obj
 *fill*         0x100079ce        0x2 
 .rodata.add_alarm_under_lock.str1.4
                0x100079d0       0x28 CMakeFiles/HelloPIO.dir/C_/VSARM/sdk/pico/pico-sdk/src/common/pico_time/time.c.obj
                                 0x2b (size before relaxing)
 .rodata.alarm_pool_alarm_callback.str1.4
                0x100079f8       0xe6 CMakeFiles/HelloPIO.dir/C_/VSARM/sdk/pico/pico-sdk/src/common/pico_time/time.c.obj
 *fill*         0x10007ade        0x2 
 .rodata.alarm_pool_get_default.str1.4
                0x10007ae0       0x21 CMakeFiles/HelloPIO.dir/C_/VSARM/sdk/pico/pico-sdk/src/common/pico_time/time.c.obj
 *fill*         0x10007b01        0x3 
 .rodata.alarm_pool_cancel_alarm.str1.4
                0x10007b04       0x27 CMakeFiles/HelloPIO.dir/C_/VSARM/sdk/pico/pico-sdk/src/common/pico_time/time.c.obj
 *fill*         0x10007b2b        0x1 
 .rodata.__func__.1
                0x10007b2c       0x18 CMakeFiles/HelloPIO.dir/C_/VSARM/sdk/pico/pico-sdk/src/common/pico_time/time.c.obj
 .rodata.__func__.10
                0x10007b44       0x15 CMakeFiles/HelloPIO.dir/C_/VSARM/sdk/pico/pico-sdk/src/common/pico_time/time.c.obj
 *fill*         0x10007b59        0x3 
 .rodata.__func__.11
                0x10007b5c       0x1a CMakeFiles/HelloPIO.dir/C_/VSARM/sdk/pico/pico-sdk/src/common/pico_time/time.c.obj
 *fill*         0x10007b76        0x2 
 .rodata.__func__.12
                0x10007b78        0xa CMakeFiles/HelloPIO.dir/C_/VSARM/sdk/pico/pico-sdk/src/common/pico_time/time.c.obj
 *fill*         0x10007b82        0x2 
 .rodata.__func__.3
                0x10007b84       0x17 CMakeFiles/HelloPIO.dir/C_/VSARM/sdk/pico/pico-sdk/src/common/pico_time/time.c.obj
 *fill*         0x10007b9b        0x1 
 .rodata.__func__.4
                0x10007b9c       0x12 CMakeFiles/HelloPIO.dir/C_/VSARM/sdk/pico/pico-sdk/src/common/pico_time/time.c.obj
 *fill*         0x10007bae        0x2 
 .rodata.__func__.5
                0x10007bb0        0xd CMakeFiles/HelloPIO.dir/C_/VSARM/sdk/pico/pico-sdk/src/common/pico_time/time.c.obj
 *fill*         0x10007bbd        0x3 
 .rodata.__func__.6
                0x10007bc0       0x12 CMakeFiles/HelloPIO.dir/C_/VSARM/sdk/pico/pico-sdk/src/common/pico_time/time.c.obj
 *fill*         0x10007bd2        0x2 
 .rodata.__func__.7
                0x10007bd4        0xf CMakeFiles/HelloPIO.dir/C_/VSARM/sdk/pico/pico-sdk/src/common/pico_time/time.c.obj
 *fill*         0x10007be3        0x1 
 .rodata.__func__.8
                0x10007be4        0xc CMakeFiles/HelloPIO.dir/C_/VSARM/sdk/pico/pico-sdk/src/common/pico_time/time.c.obj
 .rodata.__func__.9
                0x10007bf0       0x15 CMakeFiles/HelloPIO.dir/C_/VSARM/sdk/pico/pico-sdk/src/common/pico_time/time.c.obj
 *fill*         0x10007c05        0x3 
 .rodata.hardware_alarm_claim.str1.4
                0x10007c08       0x22 CMakeFiles/HelloPIO.dir/C_/VSARM/sdk/pico/pico-sdk/src/rp2_common/hardware_timer/timer.c.obj
 *fill*         0x10007c2a        0x2 
 .rodata.hardware_alarm_set_target.str1.4
                0x10007c2c       0x65 CMakeFiles/HelloPIO.dir/C_/VSARM/sdk/pico/pico-sdk/src/rp2_common/hardware_timer/timer.c.obj
 *fill*         0x10007c91        0x3 
 .rodata.__func__.0
                0x10007c94       0x1a CMakeFiles/HelloPIO.dir/C_/VSARM/sdk/pico/pico-sdk/src/rp2_common/hardware_timer/timer.c.obj
 .rodata.ph_add_child_node.str1.4
                0x10007cae       0x96 CMakeFiles/HelloPIO.dir/C_/VSARM/sdk/pico/pico-sdk/src/common/pico_util/pheap.c.obj
 *fill*         0x10007cae        0x2 
 .rodata.ph_remove_any_head.str1.4
                0x10007cb0       0x8c CMakeFiles/HelloPIO.dir/C_/VSARM/sdk/pico/pico-sdk/src/common/pico_util/pheap.c.obj
 .rodata.ph_remove_and_free_node.str1.4
                0x10007d3c       0x1e CMakeFiles/HelloPIO.dir/C_/VSARM/sdk/pico/pico-sdk/src/common/pico_util/pheap.c.obj
                                 0x26 (size before relaxing)
 *fill*         0x10007d5a        0x2 
 .rodata.__func__.0
                0x10007d5c       0x18 CMakeFiles/HelloPIO.dir/C_/VSARM/sdk/pico/pico-sdk/src/common/pico_util/pheap.c.obj
 .rodata.__func__.1
                0x10007d74       0x13 CMakeFiles/HelloPIO.dir/C_/VSARM/sdk/pico/pico-sdk/src/common/pico_util/pheap.c.obj
 *fill*         0x10007d87        0x1 
 .rodata.__func__.2
                0x10007d88       0x12 CMakeFiles/HelloPIO.dir/C_/VSARM/sdk/pico/pico-sdk/src/common/pico_util/pheap.c.obj
 *fill*         0x10007d9a        0x2 
 .rodata.__func__.3
                0x10007d9c        0xc CMakeFiles/HelloPIO.dir/C_/VSARM/sdk/pico/pico-sdk/src/common/pico_util/pheap.c.obj
 .rodata.str1.4
                0x10007da8       0x89 CMakeFiles/HelloPIO.dir/C_/VSARM/sdk/pico/pico-sdk/src/common/pico_sync/mutex.c.obj
                                 0xed (size before relaxing)
 *fill*         0x10007e31        0x3 
 .rodata.__func__.1
                0x10007e34        0xb CMakeFiles/HelloPIO.dir/C_/VSARM/sdk/pico/pico-sdk/src/common/pico_sync/mutex.c.obj
 *fill*         0x10007e3f        0x1 
 .rodata.__func__.3
                0x10007e40       0x18 CMakeFiles/HelloPIO.dir/C_/VSARM/sdk/pico/pico-sdk/src/common/pico_sync/mutex.c.obj
 .rodata.__func__.4
                0x10007e58       0x15 CMakeFiles/HelloPIO.dir/C_/VSARM/sdk/pico/pico-sdk/src/common/pico_sync/mutex.c.obj
 *fill*         0x10007e6d        0x3 
 .rodata.__assert_func.str1.4
                0x10007e70       0x3f CMakeFiles/HelloPIO.dir/C_/VSARM/sdk/pico/pico-sdk/src/rp2_common/pico_runtime/runtime.c.obj
                                 0x43 (size before relaxing)
 *fill*         0x10007eaf        0x1 
 .rodata.runtime_init.str1.4
                0x10007eb0       0x61 CMakeFiles/HelloPIO.dir/C_/VSARM/sdk/pico/pico-sdk/src/rp2_common/pico_runtime/runtime.c.obj
 *fill*         0x10007f11        0x3 
 .rodata.panic.str1.4
                0x10007f14       0x12 CMakeFiles/HelloPIO.dir/C_/VSARM/sdk/pico/pico-sdk/src/rp2_common/pico_runtime/runtime.c.obj
 *fill*         0x10007f26        0x2 
 .rodata.__func__.1
                0x10007f28        0xd CMakeFiles/HelloPIO.dir/C_/VSARM/sdk/pico/pico-sdk/src/rp2_common/pico_runtime/runtime.c.obj
 *fill*         0x10007f35        0x3 
 .rodata.clock_configure.str1.4
                0x10007f38       0x57 CMakeFiles/HelloPIO.dir/C_/VSARM/sdk/pico/pico-sdk/src/rp2_common/hardware_clocks/clocks.c.obj
 *fill*         0x10007f8f        0x1 
 .rodata.__func__.1
                0x10007f90       0x10 CMakeFiles/HelloPIO.dir/C_/VSARM/sdk/pico/pico-sdk/src/rp2_common/hardware_clocks/clocks.c.obj
 .rodata.pll_init.str1.4
                0x10007fa0      0x13b CMakeFiles/HelloPIO.dir/C_/VSARM/sdk/pico/pico-sdk/src/rp2_common/hardware_pll/pll.c.obj
 *fill*         0x100080db        0x1 
 .rodata.__func__.0
                0x100080dc        0x9 CMakeFiles/HelloPIO.dir/C_/VSARM/sdk/pico/pico-sdk/src/rp2_common/hardware_pll/pll.c.obj
 *fill*         0x100080e5        0x3 
 .rodata._ftoa.str1.4
                0x100080e8       0x15 CMakeFiles/HelloPIO.dir/C_/VSARM/sdk/pico/pico-sdk/src/rp2_common/pico_printf/printf.c.obj
 *fill*         0x100080fd        0x3 
 .rodata._vsnprintf
                0x10008100      0x19c CMakeFiles/HelloPIO.dir/C_/VSARM/sdk/pico/pico-sdk/src/rp2_common/pico_printf/printf.c.obj
 *fill*         0x1000829c        0x4 
 .rodata.pow10.0
                0x100082a0       0x50 CMakeFiles/HelloPIO.dir/C_/VSARM/sdk/pico/pico-sdk/src/rp2_common/pico_printf/printf.c.obj
 .rodata.__aeabi_double_init.str1.4
                0x100082f0       0xa8 CMakeFiles/HelloPIO.dir/C_/VSARM/sdk/pico/pico-sdk/src/rp2_common/pico_double/double_init_rom.c.obj
 .rodata.__func__.0
                0x10008398       0x14 CMakeFiles/HelloPIO.dir/C_/VSARM/sdk/pico/pico-sdk/src/rp2_common/pico_double/double_init_rom.c.obj
 .rodata.__aeabi_float_init.str1.4
                0x100083ac       0x7a CMakeFiles/HelloPIO.dir/C_/VSARM/sdk/pico/pico-sdk/src/rp2_common/pico_float/float_init_rom.c.obj
                                 0x7e (size before relaxing)
 *fill*         0x10008426        0x2 
 .rodata.__func__.0
                0x10008428       0x13 CMakeFiles/HelloPIO.dir/C_/VSARM/sdk/pico/pico-sdk/src/rp2_common/pico_float/float_init_rom.c.obj
 *fill*         0x1000843b        0x1 
 .rodata.str1.4
                0x1000843c       0x40 CMakeFiles/HelloPIO.dir/C_/VSARM/sdk/pico/pico-sdk/src/rp2_common/pico_standard_link/binary_info.c.obj
 .rodata.__bi_44
                0x1000847c        0xc CMakeFiles/HelloPIO.dir/C_/VSARM/sdk/pico/pico-sdk/src/rp2_common/pico_standard_link/binary_info.c.obj
 .rodata.__bi_75
                0x10008488        0xc CMakeFiles/HelloPIO.dir/C_/VSARM/sdk/pico/pico-sdk/src/rp2_common/pico_standard_link/binary_info.c.obj
 .rodata.__bi_81
                0x10008494        0xc CMakeFiles/HelloPIO.dir/C_/VSARM/sdk/pico/pico-sdk/src/rp2_common/pico_standard_link/binary_info.c.obj
 .rodata.crlf_str.3
                0x100084a0        0x2 CMakeFiles/HelloPIO.dir/C_/VSARM/sdk/pico/pico-sdk/src/rp2_common/pico_stdio/stdio.c.obj
 *fill*         0x100084a2        0x2 
 .rodata._resetd_driver
                0x100084a4       0x18 CMakeFiles/HelloPIO.dir/C_/VSARM/sdk/pico/pico-sdk/src/rp2_common/pico_stdio_usb/reset_interface.c.obj
 .rodata.timer_task.str1.4
                0x100084bc       0x6d CMakeFiles/HelloPIO.dir/C_/VSARM/sdk/pico/pico-sdk/src/rp2_common/pico_stdio_usb/stdio_usb.c.obj
 .rodata.stdio_usb_init.str1.4
                0x10008529       0x61 CMakeFiles/HelloPIO.dir/C_/VSARM/sdk/pico/pico-sdk/src/rp2_common/pico_stdio_usb/stdio_usb.c.obj
 *fill*         0x10008529        0x3 
 .rodata.str1.4
                0x1000852c       0x13 CMakeFiles/HelloPIO.dir/C_/VSARM/sdk/pico/pico-sdk/src/rp2_common/pico_stdio_usb/stdio_usb.c.obj
 *fill*         0x1000853f        0x1 
 .rodata.__bi_118.2
                0x10008540        0xc CMakeFiles/HelloPIO.dir/C_/VSARM/sdk/pico/pico-sdk/src/rp2_common/pico_stdio_usb/stdio_usb.c.obj
 .rodata.__func__.0
                0x1000854c       0x15 CMakeFiles/HelloPIO.dir/C_/VSARM/sdk/pico/pico-sdk/src/rp2_common/pico_stdio_usb/stdio_usb.c.obj
 *fill*         0x10008561        0x3 
 .rodata.__func__.1
                0x10008564        0xb CMakeFiles/HelloPIO.dir/C_/VSARM/sdk/pico/pico-sdk/src/rp2_common/pico_stdio_usb/stdio_usb.c.obj
 *fill*         0x1000856f        0x1 
 .rodata.str1.4
                0x10008570       0x2a CMakeFiles/HelloPIO.dir/C_/VSARM/sdk/pico/pico-sdk/src/rp2_common/pico_stdio_usb/stdio_usb_descriptors.c.obj
 *fill*         0x1000859a        0x2 
 .rodata.usbd_desc_cfg
                0x1000859c       0x54 CMakeFiles/HelloPIO.dir/C_/VSARM/sdk/pico/pico-sdk/src/rp2_common/pico_stdio_usb/stdio_usb_descriptors.c.obj
 .rodata.usbd_desc_device
                0x100085f0       0x12 CMakeFiles/HelloPIO.dir/C_/VSARM/sdk/pico/pico-sdk/src/rp2_common/pico_stdio_usb/stdio_usb_descriptors.c.obj
 *fill*         0x10008602        0x2 
 .rodata.usbd_desc_str
                0x10008604       0x18 CMakeFiles/HelloPIO.dir/C_/VSARM/sdk/pico/pico-sdk/src/rp2_common/pico_stdio_usb/stdio_usb_descriptors.c.obj
 .rodata._hw_endpoint_alloc.str1.4
                0x1000861c       0xb5 CMakeFiles/HelloPIO.dir/C_/VSARM/sdk/pico/pico-sdk/lib/tinyusb/src/portable/raspberrypi/rp2040/dcd_rp2040.c.obj
 *fill*         0x100086d1        0x3 
 .rodata.dcd_rp2040_irq.str1.4
                0x100086d4       0x14 CMakeFiles/HelloPIO.dir/C_/VSARM/sdk/pico/pico-sdk/lib/tinyusb/src/portable/raspberrypi/rp2040/dcd_rp2040.c.obj
 .rodata.dcd_int_enable.str1.4
                0x100086e8        0xc CMakeFiles/HelloPIO.dir/C_/VSARM/sdk/pico/pico-sdk/lib/tinyusb/src/portable/raspberrypi/rp2040/dcd_rp2040.c.obj
 .rodata.__func__.0
                0x100086f4        0xe CMakeFiles/HelloPIO.dir/C_/VSARM/sdk/pico/pico-sdk/lib/tinyusb/src/portable/raspberrypi/rp2040/dcd_rp2040.c.obj
 *fill*         0x10008702        0x2 
 .rodata.__func__.1
                0x10008704        0xe CMakeFiles/HelloPIO.dir/C_/VSARM/sdk/pico/pico-sdk/lib/tinyusb/src/portable/raspberrypi/rp2040/dcd_rp2040.c.obj
 *fill*         0x10008712        0x2 
 .rodata.__func__.3
                0x10008714       0x10 CMakeFiles/HelloPIO.dir/C_/VSARM/sdk/pico/pico-sdk/lib/tinyusb/src/portable/raspberrypi/rp2040/dcd_rp2040.c.obj
 .rodata.__func__.5
                0x10008724        0xf CMakeFiles/HelloPIO.dir/C_/VSARM/sdk/pico/pico-sdk/lib/tinyusb/src/portable/raspberrypi/rp2040/dcd_rp2040.c.obj
 *fill*         0x10008733        0x1 
 .rodata.__func__.6
                0x10008734       0x13 CMakeFiles/HelloPIO.dir/C_/VSARM/sdk/pico/pico-sdk/lib/tinyusb/src/portable/raspberrypi/rp2040/dcd_rp2040.c.obj
 *fill*         0x10008747        0x1 
 .rodata.__func__.7
                0x10008748        0x9 CMakeFiles/HelloPIO.dir/C_/VSARM/sdk/pico/pico-sdk/lib/tinyusb/src/portable/raspberrypi/rp2040/dcd_rp2040.c.obj
 *fill*         0x10008751        0x3 
 .rodata.sync_ep_buffer.str1.4
                0x10008754       0x91 CMakeFiles/HelloPIO.dir/C_/VSARM/sdk/pico/pico-sdk/lib/tinyusb/src/portable/raspberrypi/rp2040/rp2040_usb.c.obj
 *fill*         0x100087e5        0x3 
 .rodata._hw_endpoint_buffer_control_update32.str1.4
                0x100087e8       0x1f CMakeFiles/HelloPIO.dir/C_/VSARM/sdk/pico/pico-sdk/lib/tinyusb/src/portable/raspberrypi/rp2040/rp2040_usb.c.obj
 *fill*         0x10008807        0x1 
 .rodata.hw_endpoint_xfer_start.str1.4
                0x10008808       0x38 CMakeFiles/HelloPIO.dir/C_/VSARM/sdk/pico/pico-sdk/lib/tinyusb/src/portable/raspberrypi/rp2040/rp2040_usb.c.obj
 .rodata.hw_endpoint_xfer_continue.str1.4
                0x10008840       0x29 CMakeFiles/HelloPIO.dir/C_/VSARM/sdk/pico/pico-sdk/lib/tinyusb/src/portable/raspberrypi/rp2040/rp2040_usb.c.obj
 *fill*         0x10008869        0x3 
 .rodata.str1.4
                0x1000886c        0x7 CMakeFiles/HelloPIO.dir/C_/VSARM/sdk/pico/pico-sdk/lib/tinyusb/src/portable/raspberrypi/rp2040/rp2040_usb.c.obj
 *fill*         0x10008873        0x1 
 .rodata.__func__.0
                0x10008874        0xf CMakeFiles/HelloPIO.dir/C_/VSARM/sdk/pico/pico-sdk/lib/tinyusb/src/portable/raspberrypi/rp2040/rp2040_usb.c.obj
 *fill*         0x10008883        0x1 
 .rodata.process_set_config.str1.4
                0x10008884       0x17 CMakeFiles/HelloPIO.dir/C_/VSARM/sdk/pico/pico-sdk/lib/tinyusb/src/device/usbd.c.obj
 *fill*         0x1000889b        0x1 
 .rodata.process_get_descriptor
                0x1000889c       0x40 CMakeFiles/HelloPIO.dir/C_/VSARM/sdk/pico/pico-sdk/lib/tinyusb/src/device/usbd.c.obj
 .rodata.process_control_request
                0x100088dc       0x28 CMakeFiles/HelloPIO.dir/C_/VSARM/sdk/pico/pico-sdk/lib/tinyusb/src/device/usbd.c.obj
 .rodata.tud_task
                0x10008904       0x24 CMakeFiles/HelloPIO.dir/C_/VSARM/sdk/pico/pico-sdk/lib/tinyusb/src/device/usbd.c.obj
 .rodata.__func__.2
                0x10008928        0xf CMakeFiles/HelloPIO.dir/C_/VSARM/sdk/pico/pico-sdk/lib/tinyusb/src/device/usbd.c.obj
 *fill*         0x10008937        0x1 
 .rodata.__func__.3
                0x10008938        0xf CMakeFiles/HelloPIO.dir/C_/VSARM/sdk/pico/pico-sdk/lib/tinyusb/src/device/usbd.c.obj
 *fill*         0x10008947        0x1 
 .rodata.__func__.4
                0x10008948       0x14 CMakeFiles/HelloPIO.dir/C_/VSARM/sdk/pico/pico-sdk/lib/tinyusb/src/device/usbd.c.obj
 .rodata.__func__.5
                0x1000895c       0x10 CMakeFiles/HelloPIO.dir/C_/VSARM/sdk/pico/pico-sdk/lib/tinyusb/src/device/usbd.c.obj
 .rodata.__func__.6
                0x1000896c       0x17 CMakeFiles/HelloPIO.dir/C_/VSARM/sdk/pico/pico-sdk/lib/tinyusb/src/device/usbd.c.obj
 *fill*         0x10008983        0x1 
 .rodata.__func__.7
                0x10008984       0x13 CMakeFiles/HelloPIO.dir/C_/VSARM/sdk/pico/pico-sdk/lib/tinyusb/src/device/usbd.c.obj
 *fill*         0x10008997        0x1 
 .rodata.__func__.8
                0x10008998       0x18 CMakeFiles/HelloPIO.dir/C_/VSARM/sdk/pico/pico-sdk/lib/tinyusb/src/device/usbd.c.obj
 .rodata.__func__.9
                0x100089b0        0x9 CMakeFiles/HelloPIO.dir/C_/VSARM/sdk/pico/pico-sdk/lib/tinyusb/src/device/usbd.c.obj
 *fill*         0x100089b9        0x3 
 .rodata._usbd_driver
                0x100089bc       0x18 CMakeFiles/HelloPIO.dir/C_/VSARM/sdk/pico/pico-sdk/lib/tinyusb/src/device/usbd.c.obj
 .rodata.tud_control_xfer.str1.4
                0x100089d4       0x17 CMakeFiles/HelloPIO.dir/C_/VSARM/sdk/pico/pico-sdk/lib/tinyusb/src/device/usbd_control.c.obj
 .rodata.__func__.0
                0x100089d4       0x15 CMakeFiles/HelloPIO.dir/C_/VSARM/sdk/pico/pico-sdk/lib/tinyusb/src/device/usbd_control.c.obj
 *fill*         0x100089e9        0x3 
 .rodata.__func__.1
                0x100089ec       0x11 CMakeFiles/HelloPIO.dir/C_/VSARM/sdk/pico/pico-sdk/lib/tinyusb/src/device/usbd_control.c.obj
 .rodata.tud_cdc_n_write_flush.str1.4
                0x100089fd       0x17 CMakeFiles/HelloPIO.dir/C_/VSARM/sdk/pico/pico-sdk/lib/tinyusb/src/class/cdc/cdc_device.c.obj
 *fill*         0x100089fd        0x3 
 .rodata.__func__.0
                0x10008a00        0xd CMakeFiles/HelloPIO.dir/C_/VSARM/sdk/pico/pico-sdk/lib/tinyusb/src/class/cdc/cdc_device.c.obj
 *fill*         0x10008a0d        0x3 
 .rodata.__func__.1
                0x10008a10        0xa CMakeFiles/HelloPIO.dir/C_/VSARM/sdk/pico/pico-sdk/lib/tinyusb/src/class/cdc/cdc_device.c.obj
 *fill*         0x10008a1a        0x2 
 .rodata.__func__.2
                0x10008a1c       0x16 CMakeFiles/HelloPIO.dir/C_/VSARM/sdk/pico/pico-sdk/lib/tinyusb/src/class/cdc/cdc_device.c.obj
 .rodata.tusb_init.str1.4
                0x10008a32       0x17 CMakeFiles/HelloPIO.dir/C_/VSARM/sdk/pico/pico-sdk/lib/tinyusb/src/tusb.c.obj
 *fill*         0x10008a32        0x2 
 .rodata.__func__.0
                0x10008a34       0x11 CMakeFiles/HelloPIO.dir/C_/VSARM/sdk/pico/pico-sdk/lib/tinyusb/src/tusb.c.obj
 *fill*         0x10008a45        0x3 
 .rodata.__func__.1
                0x10008a48        0xa CMakeFiles/HelloPIO.dir/C_/VSARM/sdk/pico/pico-sdk/lib/tinyusb/src/tusb.c.obj
 *fill*         0x10008a52        0x2 
 .rodata.pico_get_unique_board_id_string.str1.4
                0x10008a54       0x4d CMakeFiles/HelloPIO.dir/C_/VSARM/sdk/pico/pico-sdk/src/rp2_common/pico_unique_id/unique_id.c.obj
 *fill*         0x10008aa1        0x3 
 .rodata.__func__.0
                0x10008aa4       0x20 CMakeFiles/HelloPIO.dir/C_/VSARM/sdk/pico/pico-sdk/src/rp2_common/pico_unique_id/unique_id.c.obj
 .rodata.str1.4
                0x10008ac4      0x15a CMakeFiles/HelloPIO.dir/C_/VSARM/sdk/pico/pico-sdk/src/rp2_common/hardware_flash/flash.c.obj
 *fill*         0x10008c1e        0x2 
 .rodata.__func__.0
                0x10008c20        0xd CMakeFiles/HelloPIO.dir/C_/VSARM/sdk/pico/pico-sdk/src/rp2_common/hardware_flash/flash.c.obj
 *fill*         0x10008c2d        0x3 
 .rodata._pio_find_offset_for_program.str1.4
                0x10008c30       0x69 CMakeFiles/HelloPIO.dir/C_/VSARM/sdk/pico/pico-sdk/src/rp2_common/hardware_pio/pio.c.obj
 *fill*         0x10008c99        0x3 
 .rodata._pio_add_program_at_offset.str1.4
                0x10008c9c       0x11 CMakeFiles/HelloPIO.dir/C_/VSARM/sdk/pico/pico-sdk/src/rp2_common/hardware_pio/pio.c.obj
 *fill*         0x10008cad        0x3 
 .rodata.pio_claim_unused_sm.str1.4
                0x10008cb0       0x24 CMakeFiles/HelloPIO.dir/C_/VSARM/sdk/pico/pico-sdk/src/rp2_common/hardware_pio/pio.c.obj
 .rodata.__func__.1
                0x10008cd4       0x1d CMakeFiles/HelloPIO.dir/C_/VSARM/sdk/pico/pico-sdk/src/rp2_common/hardware_pio/pio.c.obj
                0x10008cf4                . = ALIGN (0x4)
 *fill*         0x10008cf1        0x3 
 *(SORT_BY_ALIGNMENT(SORT_BY_NAME(.flashdata*)))
                0x10008cf4                . = ALIGN (0x4)

.rel.dyn        0x10008cf4        0x0
 .rel.iplt      0x10008cf4        0x0 c:/vsarm/armcc/112202~1.02/bin/../lib/gcc/arm-none-eabi/11.2.1/thumb/v6-m/nofp/crtbegin.o

.ARM.extab
 *(.ARM.extab* .gnu.linkonce.armextab.*)
                0x10008cf4                __exidx_start = .

.ARM.exidx
 *(.ARM.exidx* .gnu.linkonce.armexidx.*)
                0x10008cf4                __exidx_end = .
                0x10008cf4                . = ALIGN (0x4)
                0x10008cf4                __binary_info_start = .

.binary_info    0x10008cf4       0x20
 *(.binary_info.keep.*)
 .binary_info.keep.__bi_ptr22
                0x10008cf4        0x4 CMakeFiles/HelloPIO.dir/C_/VSARM/sdk/pico/pico-sdk/src/rp2_common/pico_standard_link/binary_info.c.obj
 .binary_info.keep.__bi_ptr30
                0x10008cf8        0x4 CMakeFiles/HelloPIO.dir/C_/VSARM/sdk/pico/pico-sdk/src/rp2_common/pico_standard_link/binary_info.c.obj
 .binary_info.keep.__bi_ptr38
                0x10008cfc        0x4 CMakeFiles/HelloPIO.dir/C_/VSARM/sdk/pico/pico-sdk/src/rp2_common/pico_standard_link/binary_info.c.obj
 .binary_info.keep.__bi_ptr44
                0x10008d00        0x4 CMakeFiles/HelloPIO.dir/C_/VSARM/sdk/pico/pico-sdk/src/rp2_common/pico_standard_link/binary_info.c.obj
 .binary_info.keep.__bi_ptr50
                0x10008d04        0x4 CMakeFiles/HelloPIO.dir/C_/VSARM/sdk/pico/pico-sdk/src/rp2_common/pico_standard_link/binary_info.c.obj
 .binary_info.keep.__bi_ptr75
                0x10008d08        0x4 CMakeFiles/HelloPIO.dir/C_/VSARM/sdk/pico/pico-sdk/src/rp2_common/pico_standard_link/binary_info.c.obj
 .binary_info.keep.__bi_ptr81
                0x10008d0c        0x4 CMakeFiles/HelloPIO.dir/C_/VSARM/sdk/pico/pico-sdk/src/rp2_common/pico_standard_link/binary_info.c.obj
 *(.binary_info.*)
 .binary_info.__bi_ptr118
                0x10008d10        0x4 CMakeFiles/HelloPIO.dir/C_/VSARM/sdk/pico/pico-sdk/src/rp2_common/pico_stdio_usb/stdio_usb.c.obj
                0x10008d14                __binary_info_end = .
                0x10008d14                . = ALIGN (0x4)
                0x10008d14                __etext = .

.ram_vector_table
                0x20000000       0xc0
 *(.ram_vector_table)
 .ram_vector_table
                0x20000000       0xc0 CMakeFiles/HelloPIO.dir/C_/VSARM/sdk/pico/pico-sdk/src/rp2_common/pico_runtime/runtime.c.obj
                0x20000000                ram_vector_table

.data           0x200000c0      0x460 load address 0x10008d14
                0x200000c0                __data_start__ = .
 *(vtable)
 *(.time_critical*)
 .time_critical.mutex_enter_blocking
                0x200000c0       0x48 CMakeFiles/HelloPIO.dir/C_/VSARM/sdk/pico/pico-sdk/src/common/pico_sync/mutex.c.obj
                0x200000c0                mutex_enter_blocking
 .time_critical.mutex_try_enter
                0x20000108       0x46 CMakeFiles/HelloPIO.dir/C_/VSARM/sdk/pico/pico-sdk/src/common/pico_sync/mutex.c.obj
                0x20000108                mutex_try_enter
 *fill*         0x2000014e        0x2 
 .time_critical.mutex_enter_block_until
                0x20000150       0x8c CMakeFiles/HelloPIO.dir/C_/VSARM/sdk/pico/pico-sdk/src/common/pico_sync/mutex.c.obj
                0x20000150                mutex_enter_block_until
 .time_critical.mutex_enter_timeout_ms
                0x200001dc       0x74 CMakeFiles/HelloPIO.dir/C_/VSARM/sdk/pico/pico-sdk/src/common/pico_sync/mutex.c.obj
                0x200001dc                mutex_enter_timeout_ms
 .time_critical.mutex_exit
                0x20000250       0x4c CMakeFiles/HelloPIO.dir/C_/VSARM/sdk/pico/pico-sdk/src/common/pico_sync/mutex.c.obj
                0x20000250                mutex_exit
 .time_critical.flash_init_boot2_copyout
                0x2000029c       0x30 CMakeFiles/HelloPIO.dir/C_/VSARM/sdk/pico/pico-sdk/src/rp2_common/hardware_flash/flash.c.obj
 .time_critical.flash_enable_xip_via_boot2
                0x200002cc       0x10 CMakeFiles/HelloPIO.dir/C_/VSARM/sdk/pico/pico-sdk/src/rp2_common/hardware_flash/flash.c.obj
 .time_critical.flash_cs_force
                0x200002dc       0x28 CMakeFiles/HelloPIO.dir/C_/VSARM/sdk/pico/pico-sdk/src/rp2_common/hardware_flash/flash.c.obj
 .time_critical.flash_do_cmd
                0x20000304       0xd8 CMakeFiles/HelloPIO.dir/C_/VSARM/sdk/pico/pico-sdk/src/rp2_common/hardware_flash/flash.c.obj
                0x20000304                flash_do_cmd
 *(.text*)
 .text          0x200003dc        0x4 c:/vsarm/armcc/112202~1.02/bin/../lib/gcc/arm-none-eabi/11.2.1/thumb/v6-m/nofp\libgcc.a(_dvmd_tls.o)
                0x200003dc                __aeabi_idiv0
                0x200003dc                __aeabi_ldiv0
 .text.__stub   0x200003e0       0x40 linker stubs
                0x20000420                . = ALIGN (0x4)
 *(.rodata*)
                0x20000420                . = ALIGN (0x4)
 *(.data*)
 .data.striped_spin_lock_num
                0x20000420        0x1 CMakeFiles/HelloPIO.dir/C_/VSARM/sdk/pico/pico-sdk/src/rp2_common/hardware_sync/sync.c.obj
 *fill*         0x20000421        0x3 
 .data          0x20000424       0x48 CMakeFiles/HelloPIO.dir/C_/VSARM/sdk/pico/pico-sdk/src/rp2_common/hardware_irq/irq_handler_chain.S.obj
                0x20000424                irq_handler_chain_slots
                0x20000454                irq_handler_chain_first_slot
                0x2000045e                irq_handler_chain_remove_tail
 .data.default_alarm_pool
                0x2000046c       0x18 CMakeFiles/HelloPIO.dir/C_/VSARM/sdk/pico/pico-sdk/src/common/pico_time/time.c.obj
 .data.default_alarm_pool_heap
                0x20000484       0x10 CMakeFiles/HelloPIO.dir/C_/VSARM/sdk/pico/pico-sdk/src/common/pico_time/time.c.obj
 *fill*         0x20000494        0xc 
 .data.aeabi_bits_funcs
                0x200004a0       0x10 CMakeFiles/HelloPIO.dir/C_/VSARM/sdk/pico/pico-sdk/src/rp2_common/pico_bit_ops/bit_ops_aeabi.S.obj
                0x200004a0                aeabi_bits_funcs
                0x200004b0                aeabi_bits_funcs_end
 .data.aeabi_mem_funcs
                0x200004b0       0x10 CMakeFiles/HelloPIO.dir/C_/VSARM/sdk/pico/pico-sdk/src/rp2_common/pico_mem_ops/mem_ops_aeabi.S.obj
                0x200004b0                aeabi_mem_funcs
                0x200004c0                aeabi_mem_funcs_end
 .data.stdio_usb
                0x200004c0       0x14 CMakeFiles/HelloPIO.dir/C_/VSARM/sdk/pico/pico-sdk/src/rp2_common/pico_stdio_usb/stdio_usb.c.obj
                0x200004c0                stdio_usb
 .data.ep_dir_string
                0x200004d4        0x8 CMakeFiles/HelloPIO.dir/C_/VSARM/sdk/pico/pico-sdk/lib/tinyusb/src/portable/raspberrypi/rp2040/rp2040_usb.c.obj
                0x200004d4                ep_dir_string
 .data._usbd_qdef
                0x200004dc       0x24 CMakeFiles/HelloPIO.dir/C_/VSARM/sdk/pico/pico-sdk/lib/tinyusb/src/device/usbd.c.obj
                0x200004dc                _usbd_qdef
                0x20000500                . = ALIGN (0x4)
 *(.after_data.*)
                0x20000500                . = ALIGN (0x4)
                0x20000500                PROVIDE (__mutex_array_start = .)
 *(SORT_BY_NAME(.mutex_array.*))
 *(.mutex_array)
 .mutex_array   0x20000500        0x8 CMakeFiles/HelloPIO.dir/C_/VSARM/sdk/pico/pico-sdk/src/rp2_common/pico_stdio/stdio.c.obj
                0x20000508                PROVIDE (__mutex_array_end = .)
                0x20000508                . = ALIGN (0x4)
                0x20000508                PROVIDE (__preinit_array_start = .)
 *(SORT_BY_NAME(.preinit_array.*))
 .preinit_array.00001
                0x20000508        0x4 CMakeFiles/HelloPIO.dir/C_/VSARM/sdk/pico/pico-sdk/src/rp2_common/pico_mem_ops/mem_ops_aeabi.S.obj
 .preinit_array.00010
                0x2000050c        0x4 CMakeFiles/HelloPIO.dir/C_/VSARM/sdk/pico/pico-sdk/src/rp2_common/pico_bit_ops/bit_ops_aeabi.S.obj
 .preinit_array.00020
                0x20000510        0x4 CMakeFiles/HelloPIO.dir/C_/VSARM/sdk/pico/pico-sdk/src/rp2_common/pico_double/double_aeabi.S.obj
 .preinit_array.00020
                0x20000514        0x4 CMakeFiles/HelloPIO.dir/C_/VSARM/sdk/pico/pico-sdk/src/rp2_common/pico_float/float_aeabi.S.obj
 *(.preinit_array)
                0x20000518                PROVIDE (__preinit_array_end = .)
                0x20000518                . = ALIGN (0x4)
                0x20000518                PROVIDE (__init_array_start = .)
 *(SORT_BY_NAME(.init_array.*))
 *(.init_array)
 .init_array    0x20000518        0x4 c:/vsarm/armcc/112202~1.02/bin/../lib/gcc/arm-none-eabi/11.2.1/thumb/v6-m/nofp/crtbegin.o
 .init_array    0x2000051c        0x4 CMakeFiles/HelloPIO.dir/C_/VSARM/sdk/pico/pico-sdk/src/rp2_common/pico_unique_id/unique_id.c.obj
                0x20000520                PROVIDE (__init_array_end = .)
                0x20000520                . = ALIGN (0x4)
                [!provide]                PROVIDE (__fini_array_start = .)
 *(SORT_BY_NAME(.fini_array.*))
 *(.fini_array)
                [!provide]                PROVIDE (__fini_array_end = .)
 *(.jcr)
                0x20000520                . = ALIGN (0x4)
                0x20000520                __data_end__ = .

.tm_clone_table
                0x20000520        0x0 load address 0x10009174
 .tm_clone_table
                0x20000520        0x0 c:/vsarm/armcc/112202~1.02/bin/../lib/gcc/arm-none-eabi/11.2.1/thumb/v6-m/nofp/crtbegin.o
 .tm_clone_table
                0x20000520        0x0 c:/vsarm/armcc/112202~1.02/bin/../lib/gcc/arm-none-eabi/11.2.1/thumb/v6-m/nofp/crtend.o

.igot.plt       0x20000520        0x0 load address 0x10009174
 .igot.plt      0x20000520        0x0 c:/vsarm/armcc/112202~1.02/bin/../lib/gcc/arm-none-eabi/11.2.1/thumb/v6-m/nofp/crtbegin.o

.uninitialized_data
                0x20000520        0x0 load address 0x10009174
                0x20000520                . = ALIGN (0x4)
 *(.uninitialized_data*)

.scratch_x      0x20040000        0x0 load address 0x10009174
                0x20040000                __scratch_x_start__ = .
 *(.scratch_x.*)
                0x20040000                . = ALIGN (0x4)
                0x20040000                __scratch_x_end__ = .
                0x10009174                __scratch_x_source__ = LOADADDR (.scratch_x)

.scratch_y      0x20041000        0x0 load address 0x10009174
                0x20041000                __scratch_y_start__ = .
 *(.scratch_y.*)
                0x20041000                . = ALIGN (0x4)
                0x20041000                __scratch_y_end__ = .
                0x10009174                __scratch_y_source__ = LOADADDR (.scratch_y)

.bss            0x20000520      0xd88
                0x20000520                . = ALIGN (0x4)
                0x20000520                __bss_start__ = .
 *(SORT_BY_ALIGNMENT(SORT_BY_NAME(.bss*)))
 .bss.default_alarm_pool_entries
                0x20000520      0x100 CMakeFiles/HelloPIO.dir/C_/VSARM/sdk/pico/pico-sdk/src/common/pico_time/time.c.obj
 .bss.last_avail_time.3
                0x20000620        0x8 CMakeFiles/HelloPIO.dir/C_/VSARM/sdk/pico/pico-sdk/src/rp2_common/pico_stdio_usb/stdio_usb.c.obj
 .bss._app_driver
                0x20000628        0x4 CMakeFiles/HelloPIO.dir/C_/VSARM/sdk/pico/pico-sdk/lib/tinyusb/src/device/usbd.c.obj
 .bss._cdcd_itf
                0x2000062c      0x2d8 CMakeFiles/HelloPIO.dir/C_/VSARM/sdk/pico/pico-sdk/lib/tinyusb/src/class/cdc/cdc_device.c.obj
 .bss._ctrl_xfer
                0x20000904       0x14 CMakeFiles/HelloPIO.dir/C_/VSARM/sdk/pico/pico-sdk/lib/tinyusb/src/device/usbd_control.c.obj
 .bss._ubsd_mutexdef
                0x20000918        0x8 CMakeFiles/HelloPIO.dir/C_/VSARM/sdk/pico/pico-sdk/lib/tinyusb/src/device/usbd.c.obj
 .bss._usbd_ctrl_buf
                0x20000920       0x40 CMakeFiles/HelloPIO.dir/C_/VSARM/sdk/pico/pico-sdk/lib/tinyusb/src/device/usbd_control.c.obj
 .bss._usbd_dev