Archive member included to satisfy reference by file (symbol)

c:/vsarm/armcc/112202~1.02/bin/../lib/gcc/arm-none-eabi/11.2.1/thumb/v6-m/nofp\libgcc.a(_dvmd_tls.o)
                              CMakeFiles/HelloPIO.dir/C_/VSARM/sdk/pico/pico-sdk/src/rp2_common/pico_divider/divider.S.obj (__aeabi_idiv0)
c:/vsarm/armcc/112202~1.02/bin/../lib/gcc/arm-none-eabi/11.2.1/thumb/v6-m/nofp\libg.a(lib_a-calloc.o)
                              CMakeFiles/HelloPIO.dir/C_/VSARM/sdk/pico/pico-sdk/src/rp2_common/pico_malloc/pico_malloc.c.obj (calloc)
c:/vsarm/armcc/112202~1.02/bin/../lib/gcc/arm-none-eabi/11.2.1/thumb/v6-m/nofp\libg.a(lib_a-callocr.o)
                              c:/vsarm/armcc/112202~1.02/bin/../lib/gcc/arm-none-eabi/11.2.1/thumb/v6-m/nofp\libg.a(lib_a-calloc.o) (_calloc_r)
c:/vsarm/armcc/112202~1.02/bin/../lib/gcc/arm-none-eabi/11.2.1/thumb/v6-m/nofp\libg.a(lib_a-ctype_.o)
                              CMakeFiles/HelloPIO.dir/C_/VSARM/sdk/pico/pico-sdk/lib/tinyusb/src/tusb.c.obj (_ctype_)
c:/vsarm/armcc/112202~1.02/bin/../lib/gcc/arm-none-eabi/11.2.1/thumb/v6-m/nofp\libg.a(lib_a-errno.o)
                              c:/vsarm/armcc/112202~1.02/bin/../lib/gcc/arm-none-eabi/11.2.1/thumb/v6-m/nofp\libg.a(lib_a-callocr.o) (__errno)
c:/vsarm/armcc/112202~1.02/bin/../lib/gcc/arm-none-eabi/11.2.1/thumb/v6-m/nofp\libg.a(lib_a-impure.o)
                              c:/vsarm/armcc/112202~1.02/bin/../lib/gcc/arm-none-eabi/11.2.1/thumb/v6-m/nofp\libg.a(lib_a-calloc.o) (_impure_ptr)
c:/vsarm/armcc/112202~1.02/bin/../lib/gcc/arm-none-eabi/11.2.1/thumb/v6-m/nofp\libg.a(lib_a-init.o)
                              c:/vsarm/armcc/112202~1.02/bin/../lib/gcc/arm-none-eabi/11.2.1/thumb/v6-m/nofp/crt0.o (__libc_init_array)
c:/vsarm/armcc/112202~1.02/bin/../lib/gcc/arm-none-eabi/11.2.1/thumb/v6-m/nofp\libg.a(lib_a-malloc.o)
                              CMakeFiles/HelloPIO.dir/C_/VSARM/sdk/pico/pico-sdk/src/rp2_common/pico_malloc/pico_malloc.c.obj (malloc)
c:/vsarm/armcc/112202~1.02/bin/../lib/gcc/arm-none-eabi/11.2.1/thumb/v6-m/nofp\libg.a(lib_a-mallocr.o)
                              c:/vsarm/armcc/112202~1.02/bin/../lib/gcc/arm-none-eabi/11.2.1/thumb/v6-m/nofp\libg.a(lib_a-callocr.o) (_malloc_r)
c:/vsarm/armcc/112202~1.02/bin/../lib/gcc/arm-none-eabi/11.2.1/thumb/v6-m/nofp\libg.a(lib_a-mlock.o)
                              c:/vsarm/armcc/112202~1.02/bin/../lib/gcc/arm-none-eabi/11.2.1/thumb/v6-m/nofp\libg.a(lib_a-mallocr.o) (__malloc_lock)
c:/vsarm/armcc/112202~1.02/bin/../lib/gcc/arm-none-eabi/11.2.1/thumb/v6-m/nofp\libg.a(lib_a-realloc.o)
                              CMakeFiles/HelloPIO.dir/C_/VSARM/sdk/pico/pico-sdk/src/rp2_common/pico_malloc/pico_malloc.c.obj (realloc)
c:/vsarm/armcc/112202~1.02/bin/../lib/gcc/arm-none-eabi/11.2.1/thumb/v6-m/nofp\libg.a(lib_a-reallocr.o)
                              c:/vsarm/armcc/112202~1.02/bin/../lib/gcc/arm-none-eabi/11.2.1/thumb/v6-m/nofp\libg.a(lib_a-realloc.o) (_realloc_r)
c:/vsarm/armcc/112202~1.02/bin/../lib/gcc/arm-none-eabi/11.2.1/thumb/v6-m/nofp\libg.a(lib_a-sbrkr.o)
                              c:/vsarm/armcc/112202~1.02/bin/../lib/gcc/arm-none-eabi/11.2.1/thumb/v6-m/nofp\libg.a(lib_a-mallocr.o) (_sbrk_r)
c:/vsarm/armcc/112202~1.02/bin/../lib/gcc/arm-none-eabi/11.2.1/thumb/v6-m/nofp\libg.a(lib_a-strlen-stub.o)
                              CMakeFiles/HelloPIO.dir/C_/VSARM/sdk/pico/pico-sdk/src/rp2_common/pico_stdio/stdio.c.obj (strlen)
c:/vsarm/armcc/112202~1.02/bin/../lib/gcc/arm-none-eabi/11.2.1/thumb/v6-m/nofp\libg.a(lib_a-freer.o)
                              c:/vsarm/armcc/112202~1.02/bin/../lib/gcc/arm-none-eabi/11.2.1/thumb/v6-m/nofp\libg.a(lib_a-malloc.o) (_free_r)
c:/vsarm/armcc/112202~1.02/bin/../lib/gcc/arm-none-eabi/11.2.1/thumb/v6-m/nofp\libg.a(lib_a-memmove.o)
                              c:/vsarm/armcc/112202~1.02/bin/../lib/gcc/arm-none-eabi/11.2.1/thumb/v6-m/nofp\libg.a(lib_a-reallocr.o) (memmove)
c:/vsarm/armcc/112202~1.02/bin/../lib/gcc/arm-none-eabi/11.2.1/thumb/v6-m/nofp\libg.a(lib_a-reent.o)
                              c:/vsarm/armcc/112202~1.02/bin/../lib/gcc/arm-none-eabi/11.2.1/thumb/v6-m/nofp\libg.a(lib_a-sbrkr.o) (errno)

Discarded input sections

 .text          0x00000000        0x0 c:/vsarm/armcc/112202~1.02/bin/../lib/gcc/arm-none-eabi/11.2.1/thumb/v6-m/nofp/crti.o
 .data          0x00000000        0x0 c:/vsarm/armcc/112202~1.02/bin/../lib/gcc/arm-none-eabi/11.2.1/thumb/v6-m/nofp/crti.o
 .bss           0x00000000        0x0 c:/vsarm/armcc/112202~1.02/bin/../lib/gcc/arm-none-eabi/11.2.1/thumb/v6-m/nofp/crti.o
 .text          0x00000000        0x0 c:/vsarm/armcc/112202~1.02/bin/../lib/gcc/arm-none-eabi/11.2.1/thumb/v6-m/nofp/crtbegin.o
 .data          0x00000000        0x0 c:/vsarm/armcc/112202~1.02/bin/../lib/gcc/arm-none-eabi/11.2.1/thumb/v6-m/nofp/crtbegin.o
 .bss           0x00000000        0x0 c:/vsarm/armcc/112202~1.02/bin/../lib/gcc/arm-none-eabi/11.2.1/thumb/v6-m/nofp/crtbegin.o
 .rodata.all_implied_fbits
[...]
Memory Configuration

Name             Origin             Length             Attributes
FLASH            0x10000000         0x00200000         xr
RAM              0x20000000         0x00040000         xrw
SCRATCH_X        0x20040000         0x00001000         xrw
SCRATCH_Y        0x20041000         0x00001000         xrw
*default*        0x00000000         0xffffffff

Linker script and memory map

LOAD c:/vsarm/armcc/112202~1.02/bin/../lib/gcc/arm-none-eabi/11.2.1/thumb/v6-m/nofp/crti.o
LOAD c:/vsarm/armcc/112202~1.02/bin/../lib/gcc/arm-none-eabi/11.2.1/thumb/v6-m/nofp/crtbegin.o
LOAD c:/vsarm/armcc/112202~1.02/bin/../lib/gcc/arm-none-eabi/11.2.1/thumb/v6-m/nofp/crt0.o

.flash_begin    0x10000000        0x0
                0x10000000                __flash_binary_start = .

.boot2          0x10000000      0x100
                0x10000000                __boot2_start__ = .
 *(.boot2)
 .boot2         0x10000000      0x100 C:\Users\MIGUEL~1\AppData\Local\Temp\cccW4GFW.o
                0x10000100                __boot2_end__ = .
                0x00000001                ASSERT (((__boot2_end__ - __boot2_start__) == 0x100), ERROR: Pico second stage bootloader must be 256 bytes in size)

.text           0x10000100     0x7550
                0x10000100                __logical_binary_start = .
 *(.vectors)
 .vectors       0x10000100       0xd4 CMakeFiles/HelloPIO.dir/C_/VSARM/sdk/pico/pico-sdk/src/rp2_common/pico_standard_link/crt0.S.obj
                0x10000100                __VECTOR_TABLE
                0x10000100                __vectors
                0x100001c0                isr_invalid
                0x100001c0                __default_isrs_start
                0x100001c2                isr_nmi
                0x100001c4                isr_hardfault
                0x100001c6                isr_svcall
                0x100001c8                isr_pendsv
                0x100001ca                isr_systick
                0x100001cc                isr_irq23
                0x100001cc                isr_irq18
                0x100001cc                isr_irq11
                0x100001cc                isr_irq28
                0x100001cc                isr_irq19
                0x100001cc                isr_irq0
                0x100001cc                isr_irq6
                0x100001cc                isr_irq5
                0x100001cc                isr_irq12
                0x100001cc                isr_irq22
                0x100001cc                isr_irq31
                0x100001cc                isr_irq17
                0x100001cc                isr_irq27
                0x100001cc                isr_irq30
                0x100001cc                isr_irq2
                0x100001cc                isr_irq10
                0x100001cc                isr_irq8
                0x100001cc                isr_irq24
                0x100001cc                isr_irq1
                0x100001cc                isr_irq7
                0x100001cc                isr_irq21
                0x100001cc                isr_irq20
                0x100001cc                isr_irq15
                0x100001cc                isr_irq25
                0x100001cc                isr_irq13
                0x100001cc                __unhandled_user_irq
                0x100001cc                isr_irq4
                0x100001cc                isr_irq16
                0x100001cc                isr_irq29
                0x100001cc                isr_irq26
                0x100001cc                __default_isrs_end
                0x100001cc                isr_irq3
                0x100001cc                isr_irq14
                0x100001cc                isr_irq9
                0x100001d2                unhandled_user_irq_num_in_r0
 *(.binary_info_header)
 .binary_info_header
                0x100001d4       0x14 CMakeFiles/HelloPIO.dir/C_/VSARM/sdk/pico/pico-sdk/src/rp2_common/pico_standard_link/crt0.S.obj
                0x100001e8                __binary_info_header_end = .
 *(.reset)
 .reset         0x100001e8       0xa8 CMakeFiles/HelloPIO.dir/C_/VSARM/sdk/pico/pico-sdk/src/rp2_common/pico_standard_link/crt0.S.obj
                0x100001e8                _entry_point
                0x10000266                __get_current_exception
 .reset         0x10000290       0x30 CMakeFiles/HelloPIO.dir/C_/VSARM/sdk/pico/pico-sdk/src/rp2_common/pico_standard_link/binary_info.c.obj
 *(.init)
 .init          0x100002c0        0x4 c:/vsarm/armcc/112202~1.02/bin/../lib/gcc/arm-none-eabi/11.2.1/thumb/v6-m/nofp/crti.o
                0x100002c0                _init
 *(EXCLUDE_FILE(*libm.a: *libc.a:*lib_a-mem*.o *libgcc.a:) .text*)
 .text.register_tm_clones
                0x100002c4       0x28 c:/vsarm/armcc/112202~1.02/bin/../lib/gcc/arm-none-eabi/11.2.1/thumb/v6-m/nofp/crtbegin.o
 .text.frame_dummy
                0x100002ec       0x24 c:/vsarm/armcc/112202~1.02/bin/../lib/gcc/arm-none-eabi/11.2.1/thumb/v6-m/nofp/crtbegin.o
 .text.main     0x10000310      0x16c CMakeFiles/HelloPIO.dir/main.cpp.obj
                0x10000310                main
 .text.gpio_set_function
                0x1000047c       0x30 CMakeFiles/HelloPIO.dir/C_/VSARM/sdk/pico/pico-sdk/src/rp2_common/hardware_gpio/gpio.c.obj
                0x1000047c                gpio_set_function
 .text.gpio_init
                0x100004ac       0x16 CMakeFiles/HelloPIO.dir/C_/VSARM/sdk/pico/pico-sdk/src/rp2_common/hardware_gpio/gpio.c.obj
                0x100004ac                gpio_init
 *fill*         0x100004c2        0x2 
 .text.hw_claim_lock
                0x100004c4       0x18 CMakeFiles/HelloPIO.dir/C_/VSARM/sdk/pico/pico-sdk/src/rp2_common/hardware_claim/claim.c.obj
                0x100004c4                hw_claim_lock
 .text.hw_claim_unlock
                0x100004dc       0x14 CMakeFiles/HelloPIO.dir/C_/VSARM/sdk/pico/pico-sdk/src/rp2_common/hardware_claim/claim.c.obj
                0x100004dc                hw_claim_unlock
 .text.hw_claim_or_assert
                0x100004f0       0x32 CMakeFiles/HelloPIO.dir/C_/VSARM/sdk/pico/pico-sdk/src/rp2_common/hardware_claim/claim.c.obj
                0x100004f0                hw_claim_or_assert
 .text.hw_claim_unused_from_range
                0x10000522       0x50 CMakeFiles/HelloPIO.dir/C_/VSARM/sdk/pico/pico-sdk/src/rp2_common/hardware_claim/claim.c.obj
                0x10000522                hw_claim_unused_from_range
 *fill*         0x10000572        0x2 
 .text.running_on_fpga
                0x10000574       0x14 CMakeFiles/HelloPIO.dir/C_/VSARM/sdk/pico/pico-sdk/src/rp2_common/pico_platform/platform.c.obj
                0x10000574                running_on_fpga
 .text.spin_locks_reset
                0x10000588       0x20 CMakeFiles/HelloPIO.dir/C_/VSARM/sdk/pico/pico-sdk/src/rp2_common/hardware_sync/sync.c.obj
                0x10000588                spin_locks_reset
 .text.next_striped_spin_lock_num
                0x100005a8       0x1c CMakeFiles/HelloPIO.dir/C_/VSARM/sdk/pico/pico-sdk/src/rp2_common/hardware_sync/sync.c.obj
                0x100005a8                next_striped_spin_lock_num
 .text.spin_lock_claim_unused
                0x100005c4       0x24 CMakeFiles/HelloPIO.dir/C_/VSARM/sdk/pico/pico-sdk/src/rp2_common/hardware_sync/sync.c.obj
                0x100005c4                spin_lock_claim_unused
 .text.set_raw_irq_handler_and_unlock
                0x100005e8       0x28 CMakeFiles/HelloPIO.dir/C_/VSARM/sdk/pico/pico-sdk/src/rp2_common/hardware_irq/irq.c.obj
 .text.make_branch
                0x10000610       0x48 CMakeFiles/HelloPIO.dir/C_/VSARM/sdk/pico/pico-sdk/src/rp2_common/hardware_irq/irq.c.obj
 .text.insert_branch_and_link
                0x10000658       0x40 CMakeFiles/HelloPIO.dir/C_/VSARM/sdk/pico/pico-sdk/src/rp2_common/hardware_irq/irq.c.obj
 .text.irq_is_enabled
                0x10000698       0x18 CMakeFiles/HelloPIO.dir/C_/VSARM/sdk/pico/pico-sdk/src/rp2_common/hardware_irq/irq.c.obj
                0x10000698                irq_is_enabled
 .text.irq_set_mask_enabled
                0x100006b0       0x20 CMakeFiles/HelloPIO.dir/C_/VSARM/sdk/pico/pico-sdk/src/rp2_common/hardware_irq/irq.c.obj
                0x100006b0                irq_set_mask_enabled
 .text.irq_set_enabled
                0x100006d0        0xe CMakeFiles/HelloPIO.dir/C_/VSARM/sdk/pico/pico-sdk/src/rp2_common/hardware_irq/irq.c.obj
                0x100006d0                irq_set_enabled
 *fill*         0x100006de        0x2 
 .text.irq_set_pending
                0x100006e0       0x10 CMakeFiles/HelloPIO.dir/C_/VSARM/sdk/pico/pico-sdk/src/rp2_common/hardware_irq/irq.c.obj
                0x100006e0                irq_set_pending
 .text.irq_get_vtable_handler
                0x100006f0       0x10 CMakeFiles/HelloPIO.dir/C_/VSARM/sdk/pico/pico-sdk/src/rp2_common/hardware_irq/irq.c.obj
                0x100006f0                irq_get_vtable_handler
 .text.irq_has_shared_handler
                0x10000700       0x24 CMakeFiles/HelloPIO.dir/C_/VSARM/sdk/pico/pico-sdk/src/rp2_common/hardware_irq/irq.c.obj
                0x10000700                irq_has_shared_handler
 .text.irq_set_exclusive_handler
                0x10000724       0x54 CMakeFiles/HelloPIO.dir/C_/VSARM/sdk/pico/pico-sdk/src/rp2_common/hardware_irq/irq.c.obj
                0x10000724                irq_set_exclusive_handler
 .text.irq_add_shared_handler
                0x10000778      0x230 CMakeFiles/HelloPIO.dir/C_/VSARM/sdk/pico/pico-sdk/src/rp2_common/hardware_irq/irq.c.obj
                0x10000778                irq_add_shared_handler
 .text.irq_remove_handler
                0x100009a8      0x1a4 CMakeFiles/HelloPIO.dir/C_/VSARM/sdk/pico/pico-sdk/src/rp2_common/hardware_irq/irq.c.obj
                0x100009a8                irq_remove_handler
 .text.irq_add_tail_to_free_list
                0x10000b4c       0xf0 CMakeFiles/HelloPIO.dir/C_/VSARM/sdk/pico/pico-sdk/src/rp2_common/hardware_irq/irq.c.obj
                0x10000b4c                irq_add_tail_to_free_list
 .text.irq_init_priorities
                0x10000c3c       0x1c CMakeFiles/HelloPIO.dir/C_/VSARM/sdk/pico/pico-sdk/src/rp2_common/hardware_irq/irq.c.obj
                0x10000c3c                irq_init_priorities
 .text.user_irq_claim_unused
                0x10000c58       0x30 CMakeFiles/HelloPIO.dir/C_/VSARM/sdk/pico/pico-sdk/src/rp2_common/hardware_irq/irq.c.obj
                0x10000c58                user_irq_claim_unused
 .text.lock_init
                0x10000c88       0x10 CMakeFiles/HelloPIO.dir/C_/VSARM/sdk/pico/pico-sdk/src/common/pico_sync/lock_core.c.obj
                0x10000c88                lock_init
 .text.alarm_pool_post_alloc_init
                0x10000c98       0x40 CMakeFiles/HelloPIO.dir/C_/VSARM/sdk/pico/pico-sdk/src/common/pico_time/time.c.obj
 .text.sleep_until_callback
                0x10000cd8       0x30 CMakeFiles/HelloPIO.dir/C_/VSARM/sdk/pico/pico-sdk/src/common/pico_time/time.c.obj
 .text.timer_pool_entry_comparator
                0x10000d08       0x78 CMakeFiles/HelloPIO.dir/C_/VSARM/sdk/pico/pico-sdk/src/common/pico_time/time.c.obj
                0x10000d08                timer_pool_entry_comparator
 .text.ph_add_child_node
                0x10000d80       0xa0 CMakeFiles/HelloPIO.dir/C_/VSARM/sdk/pico/pico-sdk/src/common/pico_time/time.c.obj
 .text.ph_merge_nodes
                0x10000e20       0x3e CMakeFiles/HelloPIO.dir/C_/VSARM/sdk/pico/pico-sdk/src/common/pico_time/time.c.obj
 *fill*         0x10000e5e        0x2 
 .text.add_alarm_under_lock
                0x10000e60      0x16c CMakeFiles/HelloPIO.dir/C_/VSARM/sdk/pico/pico-sdk/src/common/pico_time/time.c.obj
 .text.alarm_pool_alarm_callback
                0x10000fcc      0x328 CMakeFiles/HelloPIO.dir/C_/VSARM/sdk/pico/pico-sdk/src/common/pico_time/time.c.obj
 .text.alarm_pool_init_default
                0x100012f4       0x38 CMakeFiles/HelloPIO.dir/C_/VSARM/sdk/pico/pico-sdk/src/common/pico_time/time.c.obj
                0x100012f4                alarm_pool_init_default
 .text.alarm_pool_get_default
                0x1000132c       0x2c CMakeFiles/HelloPIO.dir/C_/VSARM/sdk/pico/pico-sdk/src/common/pico_time/time.c.obj
                0x1000132c                alarm_pool_get_default
 .text.alarm_pool_add_alarm_at
                0x10001358      0x178 CMakeFiles/HelloPIO.dir/C_/VSARM/sdk/pico/pico-sdk/src/common/pico_time/time.c.obj
                0x10001358                alarm_pool_add_alarm_at
 .text.alarm_pool_cancel_alarm
                0x100014d0       0xec CMakeFiles/HelloPIO.dir/C_/VSARM/sdk/pico/pico-sdk/src/common/pico_time/time.c.obj
                0x100014d0                alarm_pool_cancel_alarm
 .text.best_effort_wfe_or_timeout
                0x100015bc       0x80 CMakeFiles/HelloPIO.dir/C_/VSARM/sdk/pico/pico-sdk/src/common/pico_time/time.c.obj
                0x100015bc                best_effort_wfe_or_timeout
 .text.hardware_alarm_irq_handler
                0x1000163c       0x88 CMakeFiles/HelloPIO.dir/C_/VSARM/sdk/pico/pico-sdk/src/rp2_common/hardware_timer/timer.c.obj
 .text.hardware_alarm_claim
                0x100016c4       0x18 CMakeFiles/HelloPIO.dir/C_/VSARM/sdk/pico/pico-sdk/src/rp2_common/hardware_timer/timer.c.obj
                0x100016c4                hardware_alarm_claim
 .text.time_us_64
                0x100016dc       0x18 CMakeFiles/HelloPIO.dir/C_/VSARM/sdk/pico/pico-sdk/src/rp2_common/hardware_timer/timer.c.obj
                0x100016dc                time_us_64
 .text.hardware_alarm_set_callback
                0x100016f4       0x90 CMakeFiles/HelloPIO.dir/C_/VSARM/sdk/pico/pico-sdk/src/rp2_common/hardware_timer/timer.c.obj
                0x100016f4                hardware_alarm_set_callback
 .text.hardware_alarm_set_target
                0x10001784       0xe8 CMakeFiles/HelloPIO.dir/C_/VSARM/sdk/pico/pico-sdk/src/rp2_common/hardware_timer/timer.c.obj
                0x10001784                hardware_alarm_set_target
 .text.hardware_alarm_cancel
                0x1000186c       0x40 CMakeFiles/HelloPIO.dir/C_/VSARM/sdk/pico/pico-sdk/src/rp2_common/hardware_timer/timer.c.obj
                0x1000186c                hardware_alarm_cancel
 .text.ph_add_child_node
                0x100018ac       0xa0 CMakeFiles/HelloPIO.dir/C_/VSARM/sdk/pico/pico-sdk/src/common/pico_util/pheap.c.obj
 .text.ph_merge_nodes
                0x1000194c       0x3e CMakeFiles/HelloPIO.dir/C_/VSARM/sdk/pico/pico-sdk/src/common/pico_util/pheap.c.obj
 *fill*         0x1000198a        0x2 
 .text.ph_clear
                0x1000198c       0x70 CMakeFiles/HelloPIO.dir/C_/VSARM/sdk/pico/pico-sdk/src/common/pico_util/pheap.c.obj
                0x1000198c                ph_clear
 .text.ph_post_alloc_init
                0x100019fc        0xe CMakeFiles/HelloPIO.dir/C_/VSARM/sdk/pico/pico-sdk/src/common/pico_util/pheap.c.obj
                0x100019fc                ph_post_alloc_init
 *fill*         0x10001a0a        0x2 
 .text.ph_merge_two_pass
                0x10001a0c       0xa4 CMakeFiles/HelloPIO.dir/C_/VSARM/sdk/pico/pico-sdk/src/common/pico_util/pheap.c.obj
                0x10001a0c                ph_merge_two_pass
 .text.ph_remove_any_head
                0x10001ab0      0x104 CMakeFiles/HelloPIO.dir/C_/VSARM/sdk/pico/pico-sdk/src/common/pico_util/pheap.c.obj
 .text.ph_remove_head
                0x10001bb4       0x14 CMakeFiles/HelloPIO.dir/C_/VSARM/sdk/pico/pico-sdk/src/common/pico_util/pheap.c.obj
                0x10001bb4                ph_remove_head
 .text.ph_remove_and_free_node
                0x10001bc8       0xf8 CMakeFiles/HelloPIO.dir/C_/VSARM/sdk/pico/pico-sdk/src/common/pico_util/pheap.c.obj
                0x10001bc8                ph_remove_and_free_node
 .text.mutex_init
                0x10001cc0       0x1a CMakeFiles/HelloPIO.dir/C_/VSARM/sdk/pico/pico-sdk/src/common/pico_sync/mutex.c.obj
                0x10001cc0                mutex_init
 .text.recursive_mutex_init
                0x10001cda       0x1e CMakeFiles/HelloPIO.dir/C_/VSARM/sdk/pico/pico-sdk/src/common/pico_sync/mutex.c.obj
                0x10001cda                recursive_mutex_init
 .text.critical_section_init_with_lock_num
                0x10001cf8       0x14 CMakeFiles/HelloPIO.dir/C_/VSARM/sdk/pico/pico-sdk/src/common/pico_sync/critical_section.c.obj
                0x10001cf8                critical_section_init_with_lock_num
 .text.critical_section_init
                0x10001d0c       0x14 CMakeFiles/HelloPIO.dir/C_/VSARM/sdk/pico/pico-sdk/src/common/pico_sync/critical_section.c.obj
                0x10001d0c                critical_section_init
 .text._exit    0x10001d20        0x4 CMakeFiles/HelloPIO.dir/C_/VSARM/sdk/pico/pico-sdk/src/rp2_common/pico_runtime/runtime.c.obj
                0x10001d20                _exit
 .text.exit     0x10001d24        0x6 CMakeFiles/HelloPIO.dir/C_/VSARM/sdk/pico/pico-sdk/src/rp2_common/pico_runtime/runtime.c.obj
                0x10001d24                exit
 *fill*         0x10001d2a        0x2 
 .text.__assert_func
                0x10001d2c       0x3c CMakeFiles/HelloPIO.dir/C_/VSARM/sdk/pico/pico-sdk/src/rp2_common/pico_runtime/runtime.c.obj
                0x10001d2c                __assert_func
 .text.runtime_init
                0x10001d68       0xf8 CMakeFiles/HelloPIO.dir/C_/VSARM/sdk/pico/pico-sdk/src/rp2_common/pico_runtime/runtime.c.obj
                0x10001d68                runtime_init
 .text.panic    0x10001e60       0x30 CMakeFiles/HelloPIO.dir/C_/VSARM/sdk/pico/pico-sdk/src/rp2_common/pico_runtime/runtime.c.obj
                0x10001e60                panic
 .text.clock_configure
                0x10001e90      0x104 CMakeFiles/HelloPIO.dir/C_/VSARM/sdk/pico/pico-sdk/src/rp2_common/hardware_clocks/clocks.c.obj
                0x10001e90                clock_configure
 .text.clocks_init
                0x10001f94      0x100 CMakeFiles/HelloPIO.dir/C_/VSARM/sdk/pico/pico-sdk/src/rp2_common/hardware_clocks/clocks.c.obj
                0x10001f94                clocks_init
 .text.clock_get_hz
                0x10002094        0xc CMakeFiles/HelloPIO.dir/C_/VSARM/sdk/pico/pico-sdk/src/rp2_common/hardware_clocks/clocks.c.obj
                0x10002094                clock_get_hz
 .text.pll_init
                0x100020a0      0x140 CMakeFiles/HelloPIO.dir/C_/VSARM/sdk/pico/pico-sdk/src/rp2_common/hardware_pll/pll.c.obj
                0x100020a0                pll_init
 .text.watchdog_start_tick
                0x100021e0       0x10 CMakeFiles/HelloPIO.dir/C_/VSARM/sdk/pico/pico-sdk/src/rp2_common/hardware_watchdog/watchdog.c.obj
                0x100021e0                watchdog_start_tick
 .text.watchdog_update
                0x100021f0       0x14 CMakeFiles/HelloPIO.dir/C_/VSARM/sdk/pico/pico-sdk/src/rp2_common/hardware_watchdog/watchdog.c.obj
                0x100021f0                watchdog_update
 .text._watchdog_enable
                0x10002204       0x78 CMakeFiles/HelloPIO.dir/C_/VSARM/sdk/pico/pico-sdk/src/rp2_common/hardware_watchdog/watchdog.c.obj
                0x10002204                _watchdog_enable
 .text.watchdog_reboot
                0x1000227c       0x48 CMakeFiles/HelloPIO.dir/C_/VSARM/sdk/pico/pico-sdk/src/rp2_common/hardware_watchdog/watchdog.c.obj
                0x1000227c                watchdog_reboot
 .text.xosc_init
                0x100022c4       0x28 CMakeFiles/HelloPIO.dir/C_/VSARM/sdk/pico/pico-sdk/src/rp2_common/hardware_xosc/xosc.c.obj
                0x100022c4                xosc_init
 .text._out_null
                0x100022ec        0x2 CMakeFiles/HelloPIO.dir/C_/VSARM/sdk/pico/pico-sdk/src/rp2_common/pico_printf/printf.c.obj
 .text._out_fct
                0x100022ee        0xe CMakeFiles/HelloPIO.dir/C_/VSARM/sdk/pico/pico-sdk/src/rp2_common/pico_printf/printf.c.obj
 .text._atoi    0x100022fc       0x24 CMakeFiles/HelloPIO.dir/C_/VSARM/sdk/pico/pico-sdk/src/rp2_common/pico_printf/printf.c.obj
 .text._out_rev
                0x10002320       0xae CMakeFiles/HelloPIO.dir/C_/VSARM/sdk/pico/pico-sdk/src/rp2_common/pico_printf/printf.c.obj
 .text._ntoa_format
                0x100023ce      0x112 CMakeFiles/HelloPIO.dir/C_/VSARM/sdk/pico/pico-sdk/src/rp2_common/pico_printf/printf.c.obj
 .text._ntoa_long
                0x100024e0       0xbc CMakeFiles/HelloPIO.dir/C_/VSARM/sdk/pico/pico-sdk/src/rp2_common/pico_printf/printf.c.obj
 .text._ntoa_long_long
                0x1000259c       0xe2 CMakeFiles/HelloPIO.dir/C_/VSARM/sdk/pico/pico-sdk/src/rp2_common/pico_printf/printf.c.obj
 *fill*         0x1000267e        0x2 
 .text._etoa    0x10002680      0x414 CMakeFiles/HelloPIO.dir/C_/VSARM/sdk/pico/pico-sdk/src/rp2_common/pico_printf/printf.c.obj
 .text._ftoa    0x10002a94      0x354 CMakeFiles/HelloPIO.dir/C_/VSARM/sdk/pico/pico-sdk/src/rp2_common/pico_printf/printf.c.obj
 .text._vsnprintf
                0x10002de8      0x650 CMakeFiles/HelloPIO.dir/C_/VSARM/sdk/pico/pico-sdk/src/rp2_common/pico_printf/printf.c.obj
 .text.vfctprintf
                0x10003438       0x20 CMakeFiles/HelloPIO.dir/C_/VSARM/sdk/pico/pico-sdk/src/rp2_common/pico_printf/printf.c.obj
                0x10003438                vfctprintf
 .text          0x10003458       0x10 CMakeFiles/HelloPIO.dir/C_/VSARM/sdk/pico/pico-sdk/src/rp2_common/pico_bit_ops/bit_ops_aeabi.S.obj
 .text.rom_func_lookup
                0x10003468       0x10 CMakeFiles/HelloPIO.dir/C_/VSARM/sdk/pico/pico-sdk/src/rp2_common/pico_bootrom/bootrom.c.obj
                0x10003468                rom_func_lookup
 .text.rom_data_lookup
                0x10003478       0x10 CMakeFiles/HelloPIO.dir/C_/VSARM/sdk/pico/pico-sdk/src/rp2_common/pico_bootrom/bootrom.c.obj
                0x10003478                rom_data_lookup
 .text.rom_funcs_lookup
                0x10003488       0x36 CMakeFiles/HelloPIO.dir/C_/VSARM/sdk/pico/pico-sdk/src/rp2_common/pico_bootrom/bootrom.c.obj
                0x10003488                rom_funcs_lookup
 *fill*         0x100034be        0x2 
 .text.__wrap___aeabi_idiv
                0x100034c0       0x50 CMakeFiles/HelloPIO.dir/C_/VSARM/sdk/pico/pico-sdk/src/rp2_common/pico_divider/divider.S.obj
                0x100034c0                __wrap___aeabi_idivmod
                0x100034c0                divmod_s32s32
                0x100034c0                div_s32s32
                0x100034c0                __wrap___aeabi_idiv
                0x100034c8                divmod_s32s32_unsafe
                0x100034f4                divmod_s32s32_savestate
 .text.__wrap___aeabi_uidiv
                0x10003510       0x4c CMakeFiles/HelloPIO.dir/C_/VSARM/sdk/pico/pico-sdk/src/rp2_common/pico_divider/divider.S.obj
                0x10003510                __wrap___aeabi_uidiv
                0x10003510                __wrap___aeabi_uidivmod
                0x10003510                div_u32u32
                0x10003510                divmod_u32u32
                0x10003518                divmod_u32u32_unsafe
                0x10003540                divmod_u32u32_savestate
 .text.__wrap___aeabi_ldiv
                0x1000355c      0x434 CMakeFiles/HelloPIO.dir/C_/VSARM/sdk/pico/pico-sdk/src/rp2_common/pico_divider/divider.S.obj
                0x1000355c                div_s64s64
                0x1000355c                divmod_s64s64
                0x1000355c                __wrap___aeabi_ldivmod
                0x10003594                divmod_u64u64
                0x10003594                div_u64u64
                0x10003594                __wrap___aeabi_uldivmod
                0x100035a4                divmod_u64u64_savestate
                0x100035cc                divmod_s64s64_unsafe
                0x10003654                divmod_u64u64_unsafe
 .text.__wrap___aeabi_darithmetic
                0x10003990       0x80 CMakeFiles/HelloPIO.dir/C_/VSARM/sdk/pico/pico-sdk/src/rp2_common/pico_double/double_aeabi.S.obj
                0x10003990                __wrap___aeabi_drsub
                0x10003996                __wrap___aeabi_dsub
                0x100039a8                __wrap___aeabi_dadd
                0x100039ba                __wrap___aeabi_ddiv
                0x100039f6                __wrap___aeabi_dmul
 .text.__wrap___aeabi_cdcmple
                0x10003a10       0x6c CMakeFiles/HelloPIO.dir/C_/VSARM/sdk/pico/pico-sdk/src/rp2_common/pico_double/double_aeabi.S.obj
                0x10003a10                __wrap___aeabi_cdrcmple
                0x10003a20                __wrap___aeabi_cdcmpeq
                0x10003a20                __wrap___aeabi_cdcmple
 .text.__wrap___aeabi_dcmplt
                0x10003a7c        0xc CMakeFiles/HelloPIO.dir/C_/VSARM/sdk/pico/pico-sdk/src/rp2_common/pico_double/double_aeabi.S.obj
                0x10003a7c                __wrap___aeabi_dcmplt
 .text.__wrap___aeabi_dcmple
                0x10003a88       0x10 CMakeFiles/HelloPIO.dir/C_/VSARM/sdk/pico/pico-sdk/src/rp2_common/pico_double/double_aeabi.S.obj
                0x10003a88                __wrap___aeabi_dcmple
 .text.__wrap___aeabi_dcmpge
                0x10003a98       0x10 CMakeFiles/HelloPIO.dir/C_/VSARM/sdk/pico/pico-sdk/src/rp2_common/pico_double/double_aeabi.S.obj
                0x10003a98                __wrap___aeabi_dcmpge
 .text.__wrap___aeabi_dcmpgt
                0x10003aa8        0xa CMakeFiles/HelloPIO.dir/C_/VSARM/sdk/pico/pico-sdk/src/rp2_common/pico_double/double_aeabi.S.obj
                0x10003aa8                __wrap___aeabi_dcmpgt
 .text.__wrap___aeabi_dcmpun
                0x10003ab2       0x1c CMakeFiles/HelloPIO.dir/C_/VSARM/sdk/pico/pico-sdk/src/rp2_common/pico_double/double_aeabi.S.obj
                0x10003ab2                __wrap___aeabi_dcmpun
 *fill*         0x10003ace        0x2 
 .text.__wrap___aeabi_i2d
                0x10003ad0       0x38 CMakeFiles/HelloPIO.dir/C_/VSARM/sdk/pico/pico-sdk/src/rp2_common/pico_double/double_aeabi.S.obj
                0x10003ad0                __wrap___aeabi_ui2d
                0x10003ad8                __wrap___aeabi_i2d
 .text.__wrap___aeabi_d2iz
                0x10003b08       0x48 CMakeFiles/HelloPIO.dir/C_/VSARM/sdk/pico/pico-sdk/src/rp2_common/pico_double/double_aeabi.S.obj
                0x10003b08                double2int_z
                0x10003b08                __wrap___aeabi_d2iz
 .text.__wrap___aeabi_d2uiz
                0x10003b50       0x18 CMakeFiles/HelloPIO.dir/C_/VSARM/sdk/pico/pico-sdk/src/rp2_common/pico_double/double_aeabi.S.obj
                0x10003b50                __wrap___aeabi_d2uiz
                0x10003b50                double2uint
 .text.__aeabi_double_init
                0x10003b68       0xc8 CMakeFiles/HelloPIO.dir/C_/VSARM/sdk/pico/pico-sdk/src/rp2_common/pico_double/double_init_rom.c.obj
                0x10003b68                __aeabi_double_init
 .text.double_table_shim_on_use_helper
                0x10003c30       0x34 CMakeFiles/HelloPIO.dir/C_/VSARM/sdk/pico/pico-sdk/src/rp2_common/pico_double/double_v1_rom_shim.S.obj
                0x10003c30                double_table_shim_on_use_helper
 .text.__wrap___aeabi_dsub
                0x10003c64       0x10 CMakeFiles/HelloPIO.dir/C_/VSARM/sdk/pico/pico-sdk/src/rp2_common/pico_double/double_v1_rom_shim.S.obj
                0x10003c64                drsub_shim
                0x10003c6a                dsub_shim
 .text.dadd_shim
                0x10003c74      0x15c CMakeFiles/HelloPIO.dir/C_/VSARM/sdk/pico/pico-sdk/src/rp2_common/pico_double/double_v1_rom_shim.S.obj
                0x10003c74                dadd_shim
 .text.dmul_shim
                0x10003dd0      0x15c CMakeFiles/HelloPIO.dir/C_/VSARM/sdk/pico/pico-sdk/src/rp2_common/pico_double/double_v1_rom_shim.S.obj
                0x10003dd0                dmul_shim
 .text.ddiv_shim
                0x10003f2c      0x1b0 CMakeFiles/HelloPIO.dir/C_/VSARM/sdk/pico/pico-sdk/src/rp2_common/pico_double/double_v1_rom_shim.S.obj
                0x10003f2c                ddiv_shim
 .text.double2uint_shim
                0x100040dc        0xe CMakeFiles/HelloPIO.dir/C_/VSARM/sdk/pico/pico-sdk/src/rp2_common/pico_double/double_v1_rom_shim.S.obj
                0x100040dc                double2uint_shim
                0x100040de                double2ufix_shim
 *fill*         0x100040ea        0x2 
 .text.double2uint64_shim
                0x100040ec       0x70 CMakeFiles/HelloPIO.dir/C_/VSARM/sdk/pico/pico-sdk/src/rp2_common/pico_double/double_v1_rom_shim.S.obj
                0x100040ec                double2uint64_shim
                0x100040ee                double2ufix64_shim
                0x1000410e                d2fix_a
 .text.dunpacks
                0x1000415c       0x3c CMakeFiles/HelloPIO.dir/C_/VSARM/sdk/pico/pico-sdk/src/rp2_common/pico_double/double_v1_rom_shim.S.obj
                0x1000415c                dunpacks
 .text.__aeabi_lmul
                0x10004198       0x32 CMakeFiles/HelloPIO.dir/C_/VSARM/sdk/pico/pico-sdk/src/rp2_common/pico_int64_ops/pico_int64_ops_aeabi.S.obj
                0x10004198                __wrap___aeabi_lmul
 *fill*         0x100041ca        0x2 
 .text.__wrap___aeabi_farithmetic
                0x100041cc       0x58 CMakeFiles/HelloPIO.dir/C_/VSARM/sdk/pico/pico-sdk/src/rp2_common/pico_float/float_aeabi.S.obj
                0x100041cc                __wrap___aeabi_frsub
                0x100041d2                __wrap___aeabi_fsub
                0x100041dc                __wrap___aeabi_fadd
                0x100041e6                __wrap___aeabi_fdiv
                0x10004212                __wrap___aeabi_fmul
 .text.__wrap___aeabi_ui2f
                0x10004224        0xa CMakeFiles/HelloPIO.dir/C_/VSARM/sdk/pico/pico-sdk/src/rp2_common/pico_float/float_aeabi.S.obj
                0x10004224                __wrap___aeabi_ui2f
 *fill*         0x1000422e        0x2 
 .text.__wrap___aeabi_i2f
                0x10004230       0x44 CMakeFiles/HelloPIO.dir/C_/VSARM/sdk/pico/pico-sdk/src/rp2_common/pico_float/float_aeabi.S.obj
                0x10004230                __wrap___aeabi_i2f
 .text.__wrap___aeabi_f2uiz
                0x10004274       0x10 CMakeFiles/HelloPIO.dir/C_/VSARM/sdk/pico/pico-sdk/src/rp2_common/pico_float/float_aeabi.S.obj
                0x10004274                __wrap___aeabi_f2uiz
 .text.__aeabi_float_init
                0x10004284       0xfc CMakeFiles/HelloPIO.dir/C_/VSARM/sdk/pico/pico-sdk/src/rp2_common/pico_float/float_init_rom.c.obj
                0x10004284                __aeabi_float_init
 .text.float_table_shim_on_use_helper
                0x10004380       0x34 CMakeFiles/HelloPIO.dir/C_/VSARM/sdk/pico/pico-sdk/src/rp2_common/pico_float/float_v1_rom_shim.S.obj
                0x10004380                float_table_shim_on_use_helper
 .text          0x100043b4       0x10 CMakeFiles/HelloPIO.dir/C_/VSARM/sdk/pico/pico-sdk/src/rp2_common/pico_mem_ops/mem_ops_aeabi.S.obj
                0x100043b4                __aeabi_mem_init
 .text.memset   0x100043c4        0xc CMakeFiles/HelloPIO.dir/C_/VSARM/sdk/pico/pico-sdk/src/rp2_common/pico_mem_ops/mem_ops_aeabi.S.obj
                0x100043c4                __wrap_memset
 .text.memcpy   0x100043d0        0xc CMakeFiles/HelloPIO.dir/C_/VSARM/sdk/pico/pico-sdk/src/rp2_common/pico_mem_ops/mem_ops_aeabi.S.obj
                0x100043d0                __wrap_memcpy
                0x100043d0                __wrap___aeabi_memcpy
 .text.stdio_out_chars_no_crlf
                0x100043dc        0xe CMakeFiles/HelloPIO.dir/C_/VSARM/sdk/pico/pico-sdk/src/rp2_common/pico_stdio/stdio.c.obj
 *fill*         0x100043ea        0x2 
 .text.stdio_out_chars_crlf
                0x100043ec       0x80 CMakeFiles/HelloPIO.dir/C_/VSARM/sdk/pico/pico-sdk/src/rp2_common/pico_stdio/stdio.c.obj
 .text.stdio_stack_buffer_flush
                0x1000446c       0x44 CMakeFiles/HelloPIO.dir/C_/VSARM/sdk/pico/pico-sdk/src/rp2_common/pico_stdio/stdio.c.obj
 .text.stdio_buffered_printer
                0x100044b0       0x20 CMakeFiles/HelloPIO.dir/C_/VSARM/sdk/pico/pico-sdk/src/rp2_common/pico_stdio/stdio.c.obj
 .text.stdout_serialize_begin
                0x100044d0       0x30 CMakeFiles/HelloPIO.dir/C_/VSARM/sdk/pico/pico-sdk/src/rp2_common/pico_stdio/stdio.c.obj
                0x100044d0                stdout_serialize_begin
 .text.stdout_serialize_end
                0x10004500       0x10 CMakeFiles/HelloPIO.dir/C_/VSARM/sdk/pico/pico-sdk/src/rp2_common/pico_stdio/stdio.c.obj
                0x10004500                stdout_serialize_end
 .text.stdio_put_string
                0x10004510       0x98 CMakeFiles/HelloPIO.dir/C_/VSARM/sdk/pico/pico-sdk/src/rp2_common/pico_stdio/stdio.c.obj
 .text.stdio_set_driver_enabled
                0x100045a8       0x2c CMakeFiles/HelloPIO.dir/C_/VSARM/sdk/pico/pico-sdk/src/rp2_common/pico_stdio/stdio.c.obj
                0x100045a8                stdio_set_driver_enabled
 .text.stdio_flush
                0x100045d4       0x20 CMakeFiles/HelloPIO.dir/C_/VSARM/sdk/pico/pico-sdk/src/rp2_common/pico_stdio/stdio.c.obj
                0x100045d4                stdio_flush
 .text.__wrap_puts
                0x100045f4       0x1e CMakeFiles/HelloPIO.dir/C_/VSARM/sdk/pico/pico-sdk/src/rp2_common/pico_stdio/stdio.c.obj
                0x100045f4                __wrap_puts
 *fill*         0x10004612        0x2 
 .text.__wrap_vprintf
                0x10004614       0x44 CMakeFiles/HelloPIO.dir/C_/VSARM/sdk/pico/pico-sdk/src/rp2_common/pico_stdio/stdio.c.obj
                0x10004614                __wrap_vprintf
 .text.__wrap_printf
                0x10004658       0x18 CMakeFiles/HelloPIO.dir/C_/VSARM/sdk/pico/pico-sdk/src/rp2_common/pico_stdio/stdio.c.obj
                0x10004658                __wrap_printf
 .text.stdio_init_all
                0x10004670        0x8 CMakeFiles/HelloPIO.dir/C_/VSARM/sdk/pico/pico-sdk/src/rp2_common/pico_stdio/stdio.c.obj
                0x10004670                stdio_init_all
 .text.resetd_init
                0x10004678        0x2 CMakeFiles/HelloPIO.dir/C_/VSARM/sdk/pico/pico-sdk/src/rp2_common/pico_stdio_usb/reset_interface.c.obj
 *fill*         0x1000467a        0x2 
 .text.resetd_reset
                0x1000467c        0xc CMakeFiles/HelloPIO.dir/C_/VSARM/sdk/pico/pico-sdk/src/rp2_common/pico_stdio_usb/reset_interface.c.obj
 .text.resetd_open
                0x10004688       0x34 CMakeFiles/HelloPIO.dir/C_/VSARM/sdk/pico/pico-sdk/src/rp2_common/pico_stdio_usb/reset_interface.c.obj
 .text.resetd_xfer_cb
                0x100046bc        0x4 CMakeFiles/HelloPIO.dir/C_/VSARM/sdk/pico/pico-sdk/src/rp2_common/pico_stdio_usb/reset_interface.c.obj
 .text.reset_usb_boot
                0x100046c0       0x18 CMakeFiles/HelloPIO.dir/C_/VSARM/sdk/pico/pico-sdk/src/rp2_common/pico_stdio_usb/reset_interface.c.obj
 .text.resetd_control_xfer_cb
                0x100046d8       0x5c CMakeFiles/HelloPIO.dir/C_/VSARM/sdk/pico/pico-sdk/src/rp2_common/pico_stdio_usb/reset_interface.c.obj
 .text.usbd_app_driver_get_cb
                0x10004734        0xc CMakeFiles/HelloPIO.dir/C_/VSARM/sdk/pico/pico-sdk/src/rp2_common/pico_stdio_usb/reset_interface.c.obj
                0x10004734                usbd_app_driver_get_cb
 .text.tud_cdc_line_coding_cb
                0x10004740       0x28 CMakeFiles/HelloPIO.dir/C_/VSARM/sdk/pico/pico-sdk/src/rp2_common/pico_stdio_usb/reset_interface.c.obj
                0x10004740                tud_cdc_line_coding_cb
 .text.stdio_usb_in_chars
                0x10004768       0x70 CMakeFiles/HelloPIO.dir/C_/VSARM/sdk/pico/pico-sdk/src/rp2_common/pico_stdio_usb/stdio_usb.c.obj
                0x10004768                stdio_usb_in_chars
 .text.low_priority_worker_irq
                0x100047d8       0x20 CMakeFiles/HelloPIO.dir/C_/VSARM/sdk/pico/pico-sdk/src/rp2_common/pico_stdio_usb/stdio_usb.c.obj
 .text.stdio_usb_out_chars
                0x100047f8       0xd4 CMakeFiles/HelloPIO.dir/C_/VSARM/sdk/pico/pico-sdk/src/rp2_common/pico_stdio_usb/stdio_usb.c.obj
 .text.timer_task
                0x100048cc       0x40 CMakeFiles/HelloPIO.dir/C_/VSARM/sdk/pico/pico-sdk/src/rp2_common/pico_stdio_usb/stdio_usb.c.obj
 .text.usb_irq  0x1000490c       0x10 CMakeFiles/HelloPIO.dir/C_/VSARM/sdk/pico/pico-sdk/src/rp2_common/pico_stdio_usb/stdio_usb.c.obj
 .text.stdio_usb_init
                0x1000491c       0xec CMakeFiles/HelloPIO.dir/C_/VSARM/sdk/pico/pico-sdk/src/rp2_common/pico_stdio_usb/stdio_usb.c.obj
                0x1000491c                stdio_usb_init
 .text.tud_descriptor_device_cb
                0x10004a08        0x8 CMakeFiles/HelloPIO.dir/C_/VSARM/sdk/pico/pico-sdk/src/rp2_common/pico_stdio_usb/stdio_usb_descriptors.c.obj
                0x10004a08                tud_descriptor_device_cb
 .text.tud_descriptor_configuration_cb
                0x10004a10        0x8 CMakeFiles/HelloPIO.dir/C_/VSARM/sdk/pico/pico-sdk/src/rp2_common/pico_stdio_usb/stdio_usb_descriptors.c.obj
                0x10004a10                tud_descriptor_configuration_cb
 .text.tud_descriptor_string_cb
                0x10004a18       0x6c CMakeFiles/HelloPIO.dir/C_/VSARM/sdk/pico/pico-sdk/src/rp2_common/pico_stdio_usb/stdio_usb_descriptors.c.obj
                0x10004a18                tud_descriptor_string_cb
 .text.hw_endpoint_get_by_addr
                0x10004a84       0x18 CMakeFiles/HelloPIO.dir/C_/VSARM/sdk/pico/pico-sdk/lib/tinyusb/src/portable/raspberrypi/rp2040/dcd_rp2040.c.obj
 .text.reset_ep0_pid
                0x10004a9c       0x28 CMakeFiles/HelloPIO.dir/C_/VSARM/sdk/pico/pico-sdk/lib/tinyusb/src/portable/raspberrypi/rp2040/dcd_rp2040.c.obj
 .text._hw_endpoint_alloc
                0x10004ac4       0x70 CMakeFiles/HelloPIO.dir/C_/VSARM/sdk/pico/pico-sdk/lib/tinyusb/src/portable/raspberrypi/rp2040/dcd_rp2040.c.obj
 .text.hw_endpoint_init
                0x10004b34       0x88 CMakeFiles/HelloPIO.dir/C_/VSARM/sdk/pico/pico-sdk/lib/tinyusb/src/portable/raspberrypi/rp2040/dcd_rp2040.c.obj
 .text.reset_non_control_endpoints
                0x10004bbc       0x40 CMakeFiles/HelloPIO.dir/C_/VSARM/sdk/pico/pico-sdk/lib/tinyusb/src/portable/raspberrypi/rp2040/dcd_rp2040.c.obj
 .text.hw_handle_buff_status
                0x10004bfc       0x8c CMakeFiles/HelloPIO.dir/C_/VSARM/sdk/pico/pico-sdk/lib/tinyusb/src/portable/raspberrypi/rp2040/dcd_rp2040.c.obj
 .text.dcd_rp2040_irq
                0x10004c88       0xc0 CMakeFiles/HelloPIO.dir/C_/VSARM/sdk/pico/pico-sdk/lib/tinyusb/src/portable/raspberrypi/rp2040/dcd_rp2040.c.obj
 .text.hw_endpoint_xfer
                0x10004d48       0x14 CMakeFiles/HelloPIO.dir/C_/VSARM/sdk/pico/pico-sdk/lib/tinyusb/src/portable/raspberrypi/rp2040/dcd_rp2040.c.obj
 .text.dcd_int_enable
                0x10004d5c       0x2c CMakeFiles/HelloPIO.dir/C_/VSARM/sdk/pico/pico-sdk/lib/tinyusb/src/portable/raspberrypi/rp2040/dcd_rp2040.c.obj
                0x10004d5c                dcd_int_enable
 .text.dcd_set_address
                0x10004d88       0x2c CMakeFiles/HelloPIO.dir/C_/VSARM/sdk/pico/pico-sdk/lib/tinyusb/src/portable/raspberrypi/rp2040/dcd_rp2040.c.obj
                0x10004d88                dcd_set_address
 .text.dcd_connect
                0x10004db4       0x10 CMakeFiles/HelloPIO.dir/C_/VSARM/sdk/pico/pico-sdk/lib/tinyusb/src/portable/raspberrypi/rp2040/dcd_rp2040.c.obj
                0x10004db4                dcd_connect
 .text.dcd_init
                0x10004dc4       0x7c CMakeFiles/HelloPIO.dir/C_/VSARM/sdk/pico/pico-sdk/lib/tinyusb/src/portable/raspberrypi/rp2040/dcd_rp2040.c.obj
                0x10004dc4                dcd_init
 .text.dcd_edpt0_status_complete
                0x10004e40       0x1c CMakeFiles/HelloPIO.dir/C_/VSARM/sdk/pico/pico-sdk/lib/tinyusb/src/portable/raspberrypi/rp2040/dcd_rp2040.c.obj
                0x10004e40                dcd_edpt0_status_complete
 .text.dcd_edpt_open
                0x10004e5c       0x40 CMakeFiles/HelloPIO.dir/C_/VSARM/sdk/pico/pico-sdk/lib/tinyusb/src/portable/raspberrypi/rp2040/dcd_rp2040.c.obj
                0x10004e5c                dcd_edpt_open
 .text.dcd_edpt_close_all
                0x10004e9c        0x8 CMakeFiles/HelloPIO.dir/C_/VSARM/sdk/pico/pico-sdk/lib/tinyusb/src/portable/raspberrypi/rp2040/dcd_rp2040.c.obj
                0x10004e9c                dcd_edpt_close_all
 .text.dcd_edpt_xfer
                0x10004ea4       0x30 CMakeFiles/HelloPIO.dir/C_/VSARM/sdk/pico/pico-sdk/lib/tinyusb/src/portable/raspberrypi/rp2040/dcd_rp2040.c.obj
                0x10004ea4                dcd_edpt_xfer
 .text.dcd_edpt_stall
                0x10004ed4       0x2c CMakeFiles/HelloPIO.dir/C_/VSARM/sdk/pico/pico-sdk/lib/tinyusb/src/portable/raspberrypi/rp2040/dcd_rp2040.c.obj
                0x10004ed4                dcd_edpt_stall
 .text.dcd_edpt_clear_stall
                0x10004f00       0x20 CMakeFiles/HelloPIO.dir/C_/VSARM/sdk/pico/pico-sdk/lib/tinyusb/src/portable/raspberrypi/rp2040/dcd_rp2040.c.obj
                0x10004f00                dcd_edpt_clear_stall
 .text.prepare_ep_buffer
                0x10004f20       0x6c CMakeFiles/HelloPIO.dir/C_/VSARM/sdk/pico/pico-sdk/lib/tinyusb/src/portable/raspberrypi/rp2040/rp2040_usb.c.obj
 .text.sync_ep_buffer
                0x10004f8c       0x78 CMakeFiles/HelloPIO.dir/C_/VSARM/sdk/pico/pico-sdk/lib/tinyusb/src/portable/raspberrypi/rp2040/rp2040_usb.c.obj
 .text._hw_endpoint_xfer_sync
                0x10005004       0x28 CMakeFiles/HelloPIO.dir/C_/VSARM/sdk/pico/pico-sdk/lib/tinyusb/src/portable/raspberrypi/rp2040/rp2040_usb.c.obj
 .text.rp2040_usb_init
                0x1000502c       0x4c CMakeFiles/HelloPIO.dir/C_/VSARM/sdk/pico/pico-sdk/lib/tinyusb/src/portable/raspberrypi/rp2040/rp2040_usb.c.obj
                0x1000502c                rp2040_usb_init
 .text.hw_endpoint_reset_transfer
                0x10005078        0xc CMakeFiles/HelloPIO.dir/C_/VSARM/sdk/pico/pico-sdk/lib/tinyusb/src/portable/raspberrypi/rp2040/rp2040_usb.c.obj
                0x10005078                hw_endpoint_reset_transfer
 .text._hw_endpoint_buffer_control_update32
                0x10005084       0x58 CMakeFiles/HelloPIO.dir/C_/VSARM/sdk/pico/pico-sdk/lib/tinyusb/src/portable/raspberrypi/rp2040/rp2040_usb.c.obj
                0x10005084                _hw_endpoint_buffer_control_update32
 .text._hw_endpoint_start_next_buffer
                0x100050dc       0x74 CMakeFiles/HelloPIO.dir/C_/VSARM/sdk/pico/pico-sdk/lib/tinyusb/src/portable/raspberrypi/rp2040/rp2040_usb.c.obj
 .text.hw_endpoint_xfer_start
                0x10005150       0x48 CMakeFiles/HelloPIO.dir/C_/VSARM/sdk/pico/pico-sdk/lib/tinyusb/src/portable/raspberrypi/rp2040/rp2040_usb.c.obj
                0x10005150                hw_endpoint_xfer_start
 .text.hw_endpoint_xfer_continue
                0x10005198       0x38 CMakeFiles/HelloPIO.dir/C_/VSARM/sdk/pico/pico-sdk/lib/tinyusb/src/portable/raspberrypi/rp2040/rp2040_usb.c.obj
                0x10005198                hw_endpoint_xfer_continue
 .text.configuration_reset
                0x100051d0       0x84 CMakeFiles/HelloPIO.dir/C_/VSARM/sdk/pico/pico-sdk/lib/tinyusb/src/device/usbd.c.obj
 .text.usbd_reset
                0x10005254        0xc CMakeFiles/HelloPIO.dir/C_/VSARM/sdk/pico/pico-sdk/lib/tinyusb/src/device/usbd.c.obj
 .text.invoke_class_control
                0x10005260       0x1a CMakeFiles/HelloPIO.dir/C_/VSARM/sdk/pico/pico-sdk/lib/tinyusb/src/device/usbd.c.obj
 *fill*         0x1000527a        0x2 
 .text.process_set_config
                0x1000527c      0x1b0 CMakeFiles/HelloPIO.dir/C_/VSARM/sdk/pico/pico-sdk/lib/tinyusb/src/device/usbd.c.obj
 .text.process_get_descriptor
                0x1000542c       0xec CMakeFiles/HelloPIO.dir/C_/VSARM/sdk/pico/pico-sdk/lib/tinyusb/src/device/usbd.c.obj
 .text.tud_mounted
                0x10005518       0x10 CMakeFiles/HelloPIO.dir/C_/VSARM/sdk/pico/pico-sdk/lib/tinyusb/src/device/usbd.c.obj
                0x10005518                tud_mounted
 .text.tud_suspended
                0x10005528       0x10 CMakeFiles/HelloPIO.dir/C_/VSARM/sdk/pico/pico-sdk/lib/tinyusb/src/device/usbd.c.obj
                0x10005528                tud_suspended
 .text.tud_inited
                0x10005538        0xc CMakeFiles/HelloPIO.dir/C_/VSARM/sdk/pico/pico-sdk/lib/tinyusb/src/device/usbd.c.obj
                0x10005538                tud_inited
 .text.tud_init
                0x10005544       0xcc CMakeFiles/HelloPIO.dir/C_/VSARM/sdk/pico/pico-sdk/lib/tinyusb/src/device/usbd.c.obj
                0x10005544                tud_init
 .text.dcd_event_handler
                0x10005610      0x1e0 CMakeFiles/HelloPIO.dir/C_/VSARM/sdk/pico/pico-sdk/lib/tinyusb/src/device/usbd.c.obj
                0x10005610                dcd_event_handler
 .text.dcd_event_bus_signal
                0x100057f0       0x26 CMakeFiles/HelloPIO.dir/C_/VSARM/sdk/pico/pico-sdk/lib/tinyusb/src/device/usbd.c.obj
                0x100057f0                dcd_event_bus_signal
 .text.dcd_event_bus_reset
                0x10005816       0x2a CMakeFiles/HelloPIO.dir/C_/VSARM/sdk/pico/pico-sdk/lib/tinyusb/src/device/usbd.c.obj
                0x10005816                dcd_event_bus_reset
 .text.dcd_event_setup_received
                0x10005840       0x34 CMakeFiles/HelloPIO.dir/C_/VSARM/sdk/pico/pico-sdk/lib/tinyusb/src/device/usbd.c.obj
                0x10005840                dcd_event_setup_received
 .text.dcd_event_xfer_complete
                0x10005874       0x44 CMakeFiles/HelloPIO.dir/C_/VSARM/sdk/pico/pico-sdk/lib/tinyusb/src/device/usbd.c.obj
                0x10005874                dcd_event_xfer_complete
 .text.usbd_edpt_open
                0x100058b8       0x58 CMakeFiles/HelloPIO.dir/C_/VSARM/sdk/pico/pico-sdk/lib/tinyusb/src/device/usbd.c.obj
                0x100058b8                usbd_edpt_open
 .text.usbd_open_edpt_pair
                0x10005910       0x8c CMakeFiles/HelloPIO.dir/C_/VSARM/sdk/pico/pico-sdk/lib/tinyusb/src/device/usbd.c.obj
                0x10005910                usbd_open_edpt_pair
 .text.usbd_edpt_claim
                0x1000599c       0x8c CMakeFiles/HelloPIO.dir/C_/VSARM/sdk/pico/pico-sdk/lib/tinyusb/src/device/usbd.c.obj
                0x1000599c                usbd_edpt_claim
 .text.usbd_edpt_release
                0x10005a28       0x68 CMakeFiles/HelloPIO.dir/C_/VSARM/sdk/pico/pico-sdk/lib/tinyusb/src/device/usbd.c.obj
                0x10005a28                usbd_edpt_release
 .text.usbd_edpt_xfer
                0x10005a90       0x84 CMakeFiles/HelloPIO.dir/C_/VSARM/sdk/pico/pico-sdk/lib/tinyusb/src/device/usbd.c.obj
                0x10005a90                usbd_edpt_xfer
 .text.usbd_edpt_stall
                0x10005b14       0x40 CMakeFiles/HelloPIO.dir/C_/VSARM/sdk/pico/pico-sdk/lib/tinyusb/src/device/usbd.c.obj
                0x10005b14                usbd_edpt_stall
 .text.usbd_edpt_clear_stall
                0x10005b54       0x40 CMakeFiles/HelloPIO.dir/C_/VSARM/sdk/pico/pico-sdk/lib/tinyusb/src/device/usbd.c.obj
                0x10005b54                usbd_edpt_clear_stall
 .text.usbd_edpt_stalled
                0x10005b94       0x1c CMakeFiles/HelloPIO.dir/C_/VSARM/sdk/pico/pico-sdk/lib/tinyusb/src/device/usbd.c.obj
                0x10005b94                usbd_edpt_stalled
 .text.process_control_request
                0x10005bb0      0x3b8 CMakeFiles/HelloPIO.dir/C_/VSARM/sdk/pico/pico-sdk/lib/tinyusb/src/device/usbd.c.obj
 .text.tud_task
                0x10005f68      0x218 CMakeFiles/HelloPIO.dir/C_/VSARM/sdk/pico/pico-sdk/lib/tinyusb/src/device/usbd.c.obj
                0x10005f68                tud_task
 .text._data_stage_xact
                0x10006180       0x58 CMakeFiles/HelloPIO.dir/C_/VSARM/sdk/pico/pico-sdk/lib/tinyusb/src/device/usbd_control.c.obj
 .text.tud_control_status
                0x100061d8       0x38 CMakeFiles/HelloPIO.dir/C_/VSARM/sdk/pico/pico-sdk/lib/tinyusb/src/device/usbd_control.c.obj
                0x100061d8                tud_control_status
 .text.tud_control_xfer
                0x10006210       0xa8 CMakeFiles/HelloPIO.dir/C_/VSARM/sdk/pico/pico-sdk/lib/tinyusb/src/device/usbd_control.c.obj
                0x10006210                tud_control_xfer
 .text.usbd_control_reset
                0x100062b8       0x14 CMakeFiles/HelloPIO.dir/C_/VSARM/sdk/pico/pico-sdk/lib/tinyusb/src/device/usbd_control.c.obj
                0x100062b8                usbd_control_reset
 .text.usbd_control_set_complete_callback
                0x100062cc        0xc CMakeFiles/HelloPIO.dir/C_/VSARM/sdk/pico/pico-sdk/lib/tinyusb/src/device/usbd_control.c.obj
                0x100062cc                usbd_control_set_complete_callback
 .text.usbd_control_set_request
                0x100062d8       0x1c CMakeFiles/HelloPIO.dir/C_/VSARM/sdk/pico/pico-sdk/lib/tinyusb/src/device/usbd_control.c.obj
                0x100062d8                usbd_control_set_request
 .text.usbd_control_xfer_cb
                0x100062f4       0xfc CMakeFiles/HelloPIO.dir/C_/VSARM/sdk/pico/pico-sdk/lib/tinyusb/src/device/usbd_control.c.obj
                0x100062f4                usbd_control_xfer_cb
 .text._prep_out_transaction
                0x100063f0       0x46 CMakeFiles/HelloPIO.dir/C_/VSARM/sdk/pico/pico-sdk/lib/tinyusb/src/class/cdc/cdc_device.c.obj
 *fill*         0x10006436        0x2 
 .text.tud_cdc_n_connected
                0x10006438       0x44 CMakeFiles/HelloPIO.dir/C_/VSARM/sdk/pico/pico-sdk/lib/tinyusb/src/class/cdc/cdc_device.c.obj
                0x10006438                tud_cdc_n_connected
 .text.tud_cdc_n_available
                0x1000647c       0x18 CMakeFiles/HelloPIO.dir/C_/VSARM/sdk/pico/pico-sdk/lib/tinyusb/src/class/cdc/cdc_device.c.obj
                0x1000647c                tud_cdc_n_available
 .text.tud_cdc_n_read
                0x10006494       0x28 CMakeFiles/HelloPIO.dir/C_/VSARM/sdk/pico/pico-sdk/lib/tinyusb/src/class/cdc/cdc_device.c.obj
                0x10006494                tud_cdc_n_read
 .text.tud_cdc_n_write_flush
                0x100064bc       0xcc CMakeFiles/HelloPIO.dir/C_/VSARM/sdk/pico/pico-sdk/lib/tinyusb/src/class/cdc/cdc_device.c.obj
                0x100064bc                tud_cdc_n_write_flush
 .text.tud_cdc_n_write
                0x10006588       0x38 CMakeFiles/HelloPIO.dir/C_/VSARM/sdk/pico/pico-sdk/lib/tinyusb/src/class/cdc/cdc_device.c.obj
                0x10006588                tud_cdc_n_write
 .text.tud_cdc_n_write_available
                0x100065c0       0x1c CMakeFiles/HelloPIO.dir/C_/VSARM/sdk/pico/pico-sdk/lib/tinyusb/src/class/cdc/cdc_device.c.obj
                0x100065c0                tud_cdc_n_write_available
 .text.cdcd_init
                0x100065dc       0xbc CMakeFiles/HelloPIO.dir/C_/VSARM/sdk/pico/pico-sdk/lib/tinyusb/src/class/cdc/cdc_device.c.obj
                0x100065dc                cdcd_init
 .text.cdcd_reset
                0x10006698       0x44 CMakeFiles/HelloPIO.dir/C_/VSARM/sdk/pico/pico-sdk/lib/tinyusb/src/class/cdc/cdc_device.c.obj
                0x10006698                cdcd_reset
 .text.cdcd_open
                0x100066dc       0xf8 CMakeFiles/HelloPIO.dir/C_/VSARM/sdk/pico/pico-sdk/lib/tinyusb/src/class/cdc/cdc_device.c.obj
                0x100066dc                cdcd_open
 .text.cdcd_control_xfer_cb
                0x100067d4      0x134 CMakeFiles/HelloPIO.dir/C_/VSARM/sdk/pico/pico-sdk/lib/tinyusb/src/class/cdc/cdc_device.c.obj
                0x100067d4                cdcd_control_xfer_cb
 .text.cdcd_xfer_cb
                0x10006908      0x144 CMakeFiles/HelloPIO.dir/C_/VSARM/sdk/pico/pico-sdk/lib/tinyusb/src/class/cdc/cdc_device.c.obj
                0x10006908                cdcd_xfer_cb
 .text.tusb_init
                0x10006a4c       0x24 CMakeFiles/HelloPIO.dir/C_/VSARM/sdk/pico/pico-sdk/lib/tinyusb/src/tusb.c.obj
                0x10006a4c                tusb_init
 .text.tusb_inited
                0x10006a70        0xe CMakeFiles/HelloPIO.dir/C_/VSARM/sdk/pico/pico-sdk/lib/tinyusb/src/tusb.c.obj
                0x10006a70                tusb_inited
 *fill*         0x10006a7e        0x2 
 .text.tu_edpt_validate
                0x10006a80       0xa8 CMakeFiles/HelloPIO.dir/C_/VSARM/sdk/pico/pico-sdk/lib/tinyusb/src/tusb.c.obj
                0x10006a80                tu_edpt_validate
 .text.tu_edpt_bind_driver
                0x10006b28       0x2a CMakeFiles/HelloPIO.dir/C_/VSARM/sdk/pico/pico-sdk/lib/tinyusb/src/tusb.c.obj
                0x10006b28                tu_edpt_bind_driver
 .text.advance_pointer
                0x10006b52       0x18 CMakeFiles/HelloPIO.dir/C_/VSARM/sdk/pico/pico-sdk/lib/tinyusb/src/common/tusb_fifo.c.obj
 .text.backward_pointer
                0x10006b6a       0x1e CMakeFiles/HelloPIO.dir/C_/VSARM/sdk/pico/pico-sdk/lib/tinyusb/src/common/tusb_fifo.c.obj
 .text.get_relative_pointer
                0x10006b88       0x10 CMakeFiles/HelloPIO.dir/C_/VSARM/sdk/pico/pico-sdk/lib/tinyusb/src/common/tusb_fifo.c.obj
 .text._tu_fifo_peek
                0x10006b98       0x50 CMakeFiles/HelloPIO.dir/C_/VSARM/sdk/pico/pico-sdk/lib/tinyusb/src/common/tusb_fifo.c.obj
 .text._ff_pull_const_addr
                0x10006be8       0x4c CMakeFiles/HelloPIO.dir/C_/VSARM/sdk/pico/pico-sdk/lib/tinyusb/src/common/tusb_fifo.c.obj
 .text._ff_pull_n
                0x10006c34      0x10c CMakeFiles/HelloPIO.dir/C_/VSARM/sdk/pico/pico-sdk/lib/tinyusb/src/common/tusb_fifo.c.obj
 .text._tu_fifo_peek_n
                0x10006d40       0x5e CMakeFiles/HelloPIO.dir/C_/VSARM/sdk/pico/pico-sdk/lib/tinyusb/src/common/tusb_fifo.c.obj
 .text._tu_fifo_read_n
                0x10006d9e       0x4e CMakeFiles/HelloPIO.dir/C_/VSARM/sdk/pico/pico-sdk/lib/tinyusb/src/common/tusb_fifo.c.obj
 .text._ff_push_const_addr
                0x10006dec       0x40 CMakeFiles/HelloPIO.dir/C_/VSARM/sdk/pico/pico-sdk/lib/tinyusb/src/common/tusb_fifo.c.obj
 .text._ff_push_n
                0x10006e2c      0x108 CMakeFiles/HelloPIO.dir/C_/VSARM/sdk/pico/pico-sdk/lib/tinyusb/src/common/tusb_fifo.c.obj
 .text._tu_fifo_write_n
                0x10006f34       0x9e CMakeFiles/HelloPIO.dir/C_/VSARM/sdk/pico/pico-sdk/lib/tinyusb/src/common/tusb_fifo.c.obj
 .text.tu_fifo_config
                0x10006fd2       0x72 CMakeFiles/HelloPIO.dir/C_/VSARM/sdk/pico/pico-sdk/lib/tinyusb/src/common/tusb_fifo.c.obj
                0x10006fd2                tu_fifo_config
 .text.tu_fifo_count
                0x10007044       0x26 CMakeFiles/HelloPIO.dir/C_/VSARM/sdk/pico/pico-sdk/lib/tinyusb/src/common/tusb_fifo.c.obj
                0x10007044                tu_fifo_count
 .text.tu_fifo_empty
                0x1000706a        0xe CMakeFiles/HelloPIO.dir/C_/VSARM/sdk/pico/pico-sdk/lib/tinyusb/src/common/tusb_fifo.c.obj
                0x1000706a                tu_fifo_empty
 .text.tu_fifo_remaining
                0x10007078       0x20 CMakeFiles/HelloPIO.dir/C_/VSARM/sdk/pico/pico-sdk/lib/tinyusb/src/common/tusb_fifo.c.obj
                0x10007078                tu_fifo_remaining
 .text.tu_fifo_read
                0x10007098       0x42 CMakeFiles/HelloPIO.dir/C_/VSARM/sdk/pico/pico-sdk/lib/tinyusb/src/common/tusb_fifo.c.obj
                0x10007098                tu_fifo_read
 .text.tu_fifo_read_n
                0x100070da        0xa CMakeFiles/HelloPIO.dir/C_/VSARM/sdk/pico/pico-sdk/lib/tinyusb/src/common/tusb_fifo.c.obj
                0x100070da                tu_fifo_read_n
 .text.tu_fifo_write
                0x100070e4       0x6a CMakeFiles/HelloPIO.dir/C_/VSARM/sdk/pico/pico-sdk/lib/tinyusb/src/common/tusb_fifo.c.obj
                0x100070e4                tu_fifo_write
 .text.tu_fifo_write_n
                0x1000714e        0xa CMakeFiles/HelloPIO.dir/C_/VSARM/sdk/pico/pico-sdk/lib/tinyusb/src/common/tusb_fifo.c.obj
                0x1000714e                tu_fifo_write_n
 .text.tu_fifo_clear
                0x10007158       0x4c CMakeFiles/HelloPIO.dir/C_/VSARM/sdk/pico/pico-sdk/lib/tinyusb/src/common/tusb_fifo.c.obj
                0x10007158                tu_fifo_clear
 .text.tu_fifo_set_overwritable
                0x100071a4       0x3c CMakeFiles/HelloPIO.dir/C_/VSARM/sdk/pico/pico-sdk/lib/tinyusb/src/common/tusb_fifo.c.obj
                0x100071a4                tu_fifo_set_overwritable
 .text._retrieve_unique_id_on_boot
                0x100071e0       0x10 CMakeFiles/HelloPIO.dir/C_/VSARM/sdk/pico/pico-sdk/src/rp2_common/pico_unique_id/unique_id.c.obj
 .text.pico_get_unique_board_id_string
                0x100071f0       0x5c CMakeFiles/HelloPIO.dir/C_/VSARM/sdk/pico/pico-sdk/src/rp2_common/pico_unique_id/unique_id.c.obj
                0x100071f0                pico_get_unique_board_id_string
 .text.flash_get_unique_id
                0x1000724c       0x46 CMakeFiles/HelloPIO.dir/C_/VSARM/sdk/pico/pico-sdk/src/rp2_common/hardware_flash/flash.c.obj
                0x1000724c                flash_get_unique_id
 *fill*         0x10007292        0x2 
 .text._pio_can_add_program_at_offset
                0x10007294       0x3c CMakeFiles/HelloPIO.dir/C_/VSARM/sdk/pico/pico-sdk/src/rp2_common/hardware_pio/pio.c.obj
 .text._pio_find_offset_for_program
                0x100072d0       0x7c CMakeFiles/HelloPIO.dir/C_/VSARM/sdk/pico/pico-sdk/src/rp2_common/hardware_pio/pio.c.obj
 .text._pio_add_program_at_offset
                0x1000734c       0x78 CMakeFiles/HelloPIO.dir/C_/VSARM/sdk/pico/pico-sdk/src/rp2_common/hardware_pio/pio.c.obj
 .text.pio_claim_unused_sm
                0x100073c4       0x3c CMakeFiles/HelloPIO.dir/C_/VSARM/sdk/pico/pico-sdk/src/rp2_common/hardware_pio/pio.c.obj
                0x100073c4                pio_claim_unused_sm
 .text.pio_add_program
                0x10007400       0x38 CMakeFiles/HelloPIO.dir/C_/VSARM/sdk/pico/pico-sdk/src/rp2_common/hardware_pio/pio.c.obj
                0x10007400                pio_add_program
 .text.pio_sm_set_consecutive_pindirs
                0x10007438       0x70 CMakeFiles/HelloPIO.dir/C_/VSARM/sdk/pico/pico-sdk/src/rp2_common/hardware_pio/pio.c.obj
                0x10007438                pio_sm_set_consecutive_pindirs
 .text.pio_sm_init
                0x100074a8       0xd8 CMakeFiles/HelloPIO.dir/C_/VSARM/sdk/pico/pico-sdk/src/rp2_common/hardware_pio/pio.c.obj
                0x100074a8                pio_sm_init
 .text.strlen   0x10007580       0x5c c:/vsarm/armcc/112202~1.02/bin/../lib/gcc/arm-none-eabi/11.2.1/thumb/v6-m/nofp\libg.a(lib_a-strlen-stub.o)
                0x10007580                strlen
 *(.fini)
 .fini          0x100075dc        0x4 c:/vsarm/armcc/112202~1.02/bin/../lib/gcc/arm-none-eabi/11.2.1/thumb/v6-m/nofp/crti.o
                0x100075dc                _fini
 .fini.__stub   0x100075e0       0x70 linker stubs
 *crtbegin.o(.ctors)
 *crtbegin?.o(.ctors)
 *(EXCLUDE_FILE(*crtend.o *crtend?.o) .ctors)
 *(SORT_BY_NAME(.ctors.*))
 *(.ctors)
 *crtbegin.o(.dtors)
 *crtbegin?.o(.dtors)
 *(EXCLUDE_FILE(*crtend.o *crtend?.o) .dtors)
 *(SORT_BY_NAME(.dtors.*))
 *(.dtors)
 *(.eh_frame*)
 .eh_frame      0x10007650        0x0 c:/vsarm/armcc/112202~1.02/bin/../lib/gcc/arm-none-eabi/11.2.1/thumb/v6-m/nofp/crtbegin.o
                0x10007650                . = ALIGN (0x4)

.glue_7         0x10007650        0x0
 .glue_7        0x10007650        0x0 linker stubs

.glue_7t        0x10007650        0x0
 .glue_7t       0x10007650        0x0 linker stubs

.vfp11_veneer   0x10007650        0x0
 .vfp11_veneer  0x10007650        0x0 linker stubs

.v4_bx          0x10007650        0x0
 .v4_bx         0x10007650        0x0 linker stubs

.iplt           0x10007650        0x0
 .iplt          0x10007650        0x0 c:/vsarm/armcc/112202~1.02/bin/../lib/gcc/arm-none-eabi/11.2.1/thumb/v6-m/nofp/crtbegin.o

.rodata         0x10007650     0x1714
 *(EXCLUDE_FILE(*libm.a: *libc.a:*lib_a-mem*.o *libgcc.a:) .rodata*)
 .rodata._ZL20ParallelPort_program
                0x10007650        0x6 CMakeFiles/HelloPIO.dir/main.cpp.obj
 *fill*         0x10007656        0x2 
 .rodata._ZL33ParallelPort_program_instructions
                0x10007658        0x4 CMakeFiles/HelloPIO.dir/main.cpp.obj
 .rodata.spin_lock_claim_unused.str1.4
                0x1000765c       0x1b CMakeFiles/HelloPIO.dir/C_/VSARM/sdk/pico/pico-sdk/src/rp2_common/hardware_sync/sync.c.obj
 *fill*         0x10007677        0x1 
 .rodata.make_branch.str1.4
                0x10007678       0x6d CMakeFiles/HelloPIO.dir/C_/VSARM/sdk/pico/pico-sdk/src/rp2_common/hardware_irq/irq.c.obj
 *fill*         0x100076e5        0x3 
 .rodata.insert_branch_and_link.str1.4
                0x100076e8       0x10 CMakeFiles/HelloPIO.dir/C_/VSARM/sdk/pico/pico-sdk/src/rp2_common/hardware_irq/irq.c.obj
 .rodata.irq_set_exclusive_handler.str1.4
                0x100076f8       0x36 CMakeFiles/HelloPIO.dir/C_/VSARM/sdk/pico/pico-sdk/src/rp2_common/hardware_irq/irq.c.obj
 *fill*         0x1000772e        0x2 
 .rodata.irq_add_shared_handler.str1.4
                0x10007730       0xd9 CMakeFiles/HelloPIO.dir/C_/VSARM/sdk/pico/pico-sdk/src/rp2_common/hardware_irq/irq.c.obj
 *fill*         0x10007809        0x3 
 .rodata.irq_remove_handler.str1.4
                0x1000780c       0x2a CMakeFiles/HelloPIO.dir/C_/VSARM/sdk/pico/pico-sdk/src/rp2_common/hardware_irq/irq.c.obj
 *fill*         0x10007836        0x2 
 .rodata.irq_add_tail_to_free_list.str1.4
                0x10007838       0x3a CMakeFiles/HelloPIO.dir/C_/VSARM/sdk/pico/pico-sdk/src/rp2_common/hardware_irq/irq.c.obj
 *fill*         0x10007872        0x2 
 .rodata.user_irq_claim_unused.str1.4
                0x10007874       0x1b CMakeFiles/HelloPIO.dir/C_/VSARM/sdk/pico/pico-sdk/src/rp2_common/hardware_irq/irq.c.obj
 *fill*         0x1000788f        0x1 
 .rodata.__func__.0
                0x10007890       0x1a CMakeFiles/HelloPIO.dir/C_/VSARM/sdk/pico/pico-sdk/src/rp2_common/hardware_irq/irq.c.obj
 *fill*         0x100078aa        0x2 
 .rodata.__func__.1
                0x100078ac       0x17 CMakeFiles/HelloPIO.dir/C_/VSARM/sdk/pico/pico-sdk/src/rp2_common/hardware_irq/irq.c.obj
 *fill*         0x100078c3        0x1 
 .rodata.__func__.2
                0x100078c4       0x13 CMakeFiles/HelloPIO.dir/C_/VSARM/sdk/pico/pico-sdk/src/rp2_common/hardware_irq/irq.c.obj
 *fill*         0x100078d7        0x1 
 .rodata.__func__.3
                0x100078d8        0xc CMakeFiles/HelloPIO.dir/C_/VSARM/sdk/pico/pico-sdk/src/rp2_common/hardware_irq/irq.c.obj
 .rodata.__func__.4
                0x100078e4        0xf CMakeFiles/HelloPIO.dir/C_/VSARM/sdk/pico/pico-sdk/src/rp2_common/hardware_irq/irq.c.obj
 *fill*         0x100078f3        0x1 
 .rodata.__func__.5
                0x100078f4       0x17 CMakeFiles/HelloPIO.dir/C_/VSARM/sdk/pico/pico-sdk/src/rp2_common/hardware_irq/irq.c.obj
 *fill*         0x1000790b        0x1 
 .rodata.__func__.6
                0x1000790c       0x1a CMakeFiles/HelloPIO.dir/C_/VSARM/sdk/pico/pico-sdk/src/rp2_common/hardware_irq/irq.c.obj
 *fill*         0x10007926        0x2 
 .rodata.repeating_timer_callback.str1.4
                0x10007928       0x4b CMakeFiles/HelloPIO.dir/C_/VSARM/sdk/pico/pico-sdk/src/common/pico_time/time.c.obj
 *fill*         0x10007973        0x1 
 .rodata.alarm_pool_dump_key.str1.4
                0x10007974       0x33 CMakeFiles/HelloPIO.dir/C_/VSARM/sdk/pico/pico-sdk/src/common/pico_time/time.c.obj
 *fill*         0x100079a7        0x1 
 .rodata.ph_add_child_node.str1.4
                0x100079a8       0x96 CMakeFiles/HelloPIO.dir/C_/VSARM/sdk/pico/pico-sdk/src/common/pico_time/time.c.obj
 *fill*         0x10007a3e        0x2 
 .rodata.add_alarm_under_lock.str1.4
                0x10007a40       0x28 CMakeFiles/HelloPIO.dir/C_/VSARM/sdk/pico/pico-sdk/src/common/pico_time/time.c.obj
                                 0x2b (size before relaxing)
 .rodata.alarm_pool_alarm_callback.str1.4
                0x10007a68       0xe6 CMakeFiles/HelloPIO.dir/C_/VSARM/sdk/pico/pico-sdk/src/common/pico_time/time.c.obj
 *fill*         0x10007b4e        0x2 
 .rodata.alarm_pool_get_default.str1.4
                0x10007b50       0x21 CMakeFiles/HelloPIO.dir/C_/VSARM/sdk/pico/pico-sdk/src/common/pico_time/time.c.obj
 *fill*         0x10007b71        0x3 
 .rodata.alarm_pool_cancel_alarm.str1.4
                0x10007b74       0x27 CMakeFiles/HelloPIO.dir/C_/VSARM/sdk/pico/pico-sdk/src/common/pico_time/time.c.obj
 *fill*         0x10007b9b        0x1 
 .rodata.__func__.1
                0x10007b9c       0x18 CMakeFiles/HelloPIO.dir/C_/VSARM/sdk/pico/pico-sdk/src/common/pico_time/time.c.obj
 .rodata.__func__.10
                0x10007bb4       0x15 CMakeFiles/HelloPIO.dir/C_/VSARM/sdk/pico/pico-sdk/src/common/pico_time/time.c.obj
 *fill*         0x10007bc9        0x3 
 .rodata.__func__.11
                0x10007bcc       0x1a CMakeFiles/HelloPIO.dir/C_/VSARM/sdk/pico/pico-sdk/src/common/pico_time/time.c.obj
 *fill*         0x10007be6        0x2 
 .rodata.__func__.12
                0x10007be8        0xa CMakeFiles/HelloPIO.dir/C_/VSARM/sdk/pico/pico-sdk/src/common/pico_time/time.c.obj
 *fill*         0x10007bf2        0x2 
 .rodata.__func__.3
                0x10007bf4       0x17 CMakeFiles/HelloPIO.dir/C_/VSARM/sdk/pico/pico-sdk/src/common/pico_time/time.c.obj
 *fill*         0x10007c0b        0x1 
 .rodata.__func__.4
                0x10007c0c       0x12 CMakeFiles/HelloPIO.dir/C_/VSARM/sdk/pico/pico-sdk/src/common/pico_time/time.c.obj
 *fill*         0x10007c1e        0x2 
 .rodata.__func__.5
                0x10007c20        0xd CMakeFiles/HelloPIO.dir/C_/VSARM/sdk/pico/pico-sdk/src/common/pico_time/time.c.obj
 *fill*         0x10007c2d        0x3 
 .rodata.__func__.6
                0x10007c30       0x12 CMakeFiles/HelloPIO.dir/C_/VSARM/sdk/pico/pico-sdk/src/common/pico_time/time.c.obj
 *fill*         0x10007c42        0x2 
 .rodata.__func__.7
                0x10007c44        0xf CMakeFiles/HelloPIO.dir/C_/VSARM/sdk/pico/pico-sdk/src/common/pico_time/time.c.obj
 *fill*         0x10007c53        0x1 
 .rodata.__func__.8
                0x10007c54        0xc CMakeFiles/HelloPIO.dir/C_/VSARM/sdk/pico/pico-sdk/src/common/pico_time/time.c.obj
 .rodata.__func__.9
                0x10007c60       0x15 CMakeFiles/HelloPIO.dir/C_/VSARM/sdk/pico/pico-sdk/src/common/pico_time/time.c.obj
 *fill*         0x10007c75        0x3 
 .rodata.hardware_alarm_claim.str1.4
                0x10007c78       0x22 CMakeFiles/HelloPIO.dir/C_/VSARM/sdk/pico/pico-sdk/src/rp2_common/hardware_timer/timer.c.obj
 *fill*         0x10007c9a        0x2 
 .rodata.hardware_alarm_set_target.str1.4
                0x10007c9c       0x65 CMakeFiles/HelloPIO.dir/C_/VSARM/sdk/pico/pico-sdk/src/rp2_common/hardware_timer/timer.c.obj
 *fill*         0x10007d01        0x3 
 .rodata.__func__.0
                0x10007d04       0x1a CMakeFiles/HelloPIO.dir/C_/VSARM/sdk/pico/pico-sdk/src/rp2_common/hardware_timer/timer.c.obj
 .rodata.ph_add_child_node.str1.4
                0x10007d1e       0x96 CMakeFiles/HelloPIO.dir/C_/VSARM/sdk/pico/pico-sdk/src/common/pico_util/pheap.c.obj
 *fill*         0x10007d1e        0x2 
 .rodata.ph_remove_any_head.str1.4
                0x10007d20       0x8c CMakeFiles/HelloPIO.dir/C_/VSARM/sdk/pico/pico-sdk/src/common/pico_util/pheap.c.obj
 .rodata.ph_remove_and_free_node.str1.4
                0x10007dac       0x1e CMakeFiles/HelloPIO.dir/C_/VSARM/sdk/pico/pico-sdk/src/common/pico_util/pheap.c.obj
                                 0x26 (size before relaxing)
 *fill*         0x10007dca        0x2 
 .rodata.__func__.0
                0x10007dcc       0x18 CMakeFiles/HelloPIO.dir/C_/VSARM/sdk/pico/pico-sdk/src/common/pico_util/pheap.c.obj
 .rodata.__func__.1
                0x10007de4       0x13 CMakeFiles/HelloPIO.dir/C_/VSARM/sdk/pico/pico-sdk/src/common/pico_util/pheap.c.obj
 *fill*         0x10007df7        0x1 
 .rodata.__func__.2
                0x10007df8       0x12 CMakeFiles/HelloPIO.dir/C_/VSARM/sdk/pico/pico-sdk/src/common/pico_util/pheap.c.obj
 *fill*         0x10007e0a        0x2 
 .rodata.__func__.3
                0x10007e0c        0xc CMakeFiles/HelloPIO.dir/C_/VSARM/sdk/pico/pico-sdk/src/common/pico_util/pheap.c.obj
 .rodata.str1.4
                0x10007e18       0x89 CMakeFiles/HelloPIO.dir/C_/VSARM/sdk/pico/pico-sdk/src/common/pico_sync/mutex.c.obj
                                 0xed (size before relaxing)
 *fill*         0x10007ea1        0x3 
 .rodata.__func__.1
                0x10007ea4        0xb CMakeFiles/HelloPIO.dir/C_/VSARM/sdk/pico/pico-sdk/src/common/pico_sync/mutex.c.obj
 *fill*         0x10007eaf        0x1 
 .rodata.__func__.3
                0x10007eb0       0x18 CMakeFiles/HelloPIO.dir/C_/VSARM/sdk/pico/pico-sdk/src/common/pico_sync/mutex.c.obj
 .rodata.__func__.4
                0x10007ec8       0x15 CMakeFiles/HelloPIO.dir/C_/VSARM/sdk/pico/pico-sdk/src/common/pico_sync/mutex.c.obj
 *fill*         0x10007edd        0x3 
 .rodata.__assert_func.str1.4
                0x10007ee0       0x3f CMakeFiles/HelloPIO.dir/C_/VSARM/sdk/pico/pico-sdk/src/rp2_common/pico_runtime/runtime.c.obj
                                 0x43 (size before relaxing)
 *fill*         0x10007f1f        0x1 
 .rodata.runtime_init.str1.4
                0x10007f20       0x61 CMakeFiles/HelloPIO.dir/C_/VSARM/sdk/pico/pico-sdk/src/rp2_common/pico_runtime/runtime.c.obj
 *fill*         0x10007f81        0x3 
 .rodata.panic.str1.4
                0x10007f84       0x12 CMakeFiles/HelloPIO.dir/C_/VSARM/sdk/pico/pico-sdk/src/rp2_common/pico_runtime/runtime.c.obj
 *fill*         0x10007f96        0x2 
 .rodata.__func__.1
                0x10007f98        0xd CMakeFiles/HelloPIO.dir/C_/VSARM/sdk/pico/pico-sdk/src/rp2_common/pico_runtime/runtime.c.obj
 *fill*         0x10007fa5        0x3 
 .rodata.clock_configure.str1.4
                0x10007fa8       0x57 CMakeFiles/HelloPIO.dir/C_/VSARM/sdk/pico/pico-sdk/src/rp2_common/hardware_clocks/clocks.c.obj
 *fill*         0x10007fff        0x1 
 .rodata.__func__.1
                0x10008000       0x10 CMakeFiles/HelloPIO.dir/C_/VSARM/sdk/pico/pico-sdk/src/rp2_common/hardware_clocks/clocks.c.obj
 .rodata.pll_init.str1.4
                0x10008010      0x13b CMakeFiles/HelloPIO.dir/C_/VSARM/sdk/pico/pico-sdk/src/rp2_common/hardware_pll/pll.c.obj
 *fill*         0x1000814b        0x1 
 .rodata.__func__.0
                0x1000814c        0x9 CMakeFiles/HelloPIO.dir/C_/VSARM/sdk/pico/pico-sdk/src/rp2_common/hardware_pll/pll.c.obj
 *fill*         0x10008155        0x3 
 .rodata._ftoa.str1.4
                0x10008158       0x15 CMakeFiles/HelloPIO.dir/C_/VSARM/sdk/pico/pico-sdk/src/rp2_common/pico_printf/printf.c.obj
 *fill*         0x1000816d        0x3 
 .rodata._vsnprintf
                0x10008170      0x19c CMakeFiles/HelloPIO.dir/C_/VSARM/sdk/pico/pico-sdk/src/rp2_common/pico_printf/printf.c.obj
 *fill*         0x1000830c        0x4 
 .rodata.pow10.0
                0x10008310       0x50 CMakeFiles/HelloPIO.dir/C_/VSARM/sdk/pico/pico-sdk/src/rp2_common/pico_printf/printf.c.obj
 .rodata.__aeabi_double_init.str1.4
                0x10008360       0xa8 CMakeFiles/HelloPIO.dir/C_/VSARM/sdk/pico/pico-sdk/src/rp2_common/pico_double/double_init_rom.c.obj
 .rodata.__func__.0
                0x10008408       0x14 CMakeFiles/HelloPIO.dir/C_/VSARM/sdk/pico/pico-sdk/src/rp2_common/pico_double/double_init_rom.c.obj
 .rodata.__aeabi_float_init.str1.4
                0x1000841c       0x7a CMakeFiles/HelloPIO.dir/C_/VSARM/sdk/pico/pico-sdk/src/rp2_common/pico_float/float_init_rom.c.obj
                                 0x7e (size before relaxing)
 *fill*         0x10008496        0x2 
 .rodata.__func__.0
                0x10008498       0x13 CMakeFiles/HelloPIO.dir/C_/VSARM/sdk/pico/pico-sdk/src/rp2_common/pico_float/float_init_rom.c.obj
 *fill*         0x100084ab        0x1 
 .rodata.str1.4
                0x100084ac       0x40 CMakeFiles/HelloPIO.dir/C_/VSARM/sdk/pico/pico-sdk/src/rp2_common/pico_standard_link/binary_info.c.obj
 .rodata.__bi_44
                0x100084ec        0xc CMakeFiles/HelloPIO.dir/C_/VSARM/sdk/pico/pico-sdk/src/rp2_common/pico_standard_link/binary_info.c.obj
 .rodata.__bi_75
                0x100084f8        0xc CMakeFiles/HelloPIO.dir/C_/VSARM/sdk/pico/pico-sdk/src/rp2_common/pico_standard_link/binary_info.c.obj
 .rodata.__bi_81
                0x10008504        0xc CMakeFiles/HelloPIO.dir/C_/VSARM/sdk/pico/pico-sdk/src/rp2_common/pico_standard_link/binary_info.c.obj
 .rodata.crlf_str.3
                0x10008510        0x2 CMakeFiles/HelloPIO.dir/C_/VSARM/sdk/pico/pico-sdk/src/rp2_common/pico_stdio/stdio.c.obj
 *fill*         0x10008512        0x2 
 .rodata._resetd_driver
                0x10008514       0x18 CMakeFiles/HelloPIO.dir/C_/VSARM/sdk/pico/pico-sdk/src/rp2_common/pico_stdio_usb/reset_interface.c.obj
 .rodata.timer_task.str1.4
                0x1000852c       0x6d CMakeFiles/HelloPIO.dir/C_/VSARM/sdk/pico/pico-sdk/src/rp2_common/pico_stdio_usb/stdio_usb.c.obj
 .rodata.stdio_usb_init.str1.4
                0x10008599       0x61 CMakeFiles/HelloPIO.dir/C_/VSARM/sdk/pico/pico-sdk/src/rp2_common/pico_stdio_usb/stdio_usb.c.obj
 *fill*         0x10008599        0x3 
 .rodata.str1.4
                0x1000859c       0x13 CMakeFiles/HelloPIO.dir/C_/VSARM/sdk/pico/pico-sdk/src/rp2_common/pico_stdio_usb/stdio_usb.c.obj
 *fill*         0x100085af        0x1 
 .rodata.__bi_118.2
                0x100085b0        0xc CMakeFiles/HelloPIO.dir/C_/VSARM/sdk/pico/pico-sdk/src/rp2_common/pico_stdio_usb/stdio_usb.c.obj
 .rodata.__func__.0
                0x100085bc       0x15 CMakeFiles/HelloPIO.dir/C_/VSARM/sdk/pico/pico-sdk/src/rp2_common/pico_stdio_usb/stdio_usb.c.obj
 *fill*         0x100085d1        0x3 
 .rodata.__func__.1
                0x100085d4        0xb CMakeFiles/HelloPIO.dir/C_/VSARM/sdk/pico/pico-sdk/src/rp2_common/pico_stdio_usb/stdio_usb.c.obj
 *fill*         0x100085df        0x1 
 .rodata.str1.4
                0x100085e0       0x2a CMakeFiles/HelloPIO.dir/C_/VSARM/sdk/pico/pico-sdk/src/rp2_common/pico_stdio_usb/stdio_usb_descriptors.c.obj
 *fill*         0x1000860a        0x2 
 .rodata.usbd_desc_cfg
                0x1000860c       0x54 CMakeFiles/HelloPIO.dir/C_/VSARM/sdk/pico/pico-sdk/src/rp2_common/pico_stdio_usb/stdio_usb_descriptors.c.obj
 .rodata.usbd_desc_device
                0x10008660       0x12 CMakeFiles/HelloPIO.dir/C_/VSARM/sdk/pico/pico-sdk/src/rp2_common/pico_stdio_usb/stdio_usb_descriptors.c.obj
 *fill*         0x10008672        0x2 
 .rodata.usbd_desc_str
                0x10008674       0x18 CMakeFiles/HelloPIO.dir/C_/VSARM/sdk/pico/pico-sdk/src/rp2_common/pico_stdio_usb/stdio_usb_descriptors.c.obj
 .rodata._hw_endpoint_alloc.str1.4
                0x1000868c       0xb5 CMakeFiles/HelloPIO.dir/C_/VSARM/sdk/pico/pico-sdk/lib/tinyusb/src/portable/raspberrypi/rp2040/dcd_rp2040.c.obj
 *fill*         0x10008741        0x3 
 .rodata.dcd_rp2040_irq.str1.4
                0x10008744       0x14 CMakeFiles/HelloPIO.dir/C_/VSARM/sdk/pico/pico-sdk/lib/tinyusb/src/portable/raspberrypi/rp2040/dcd_rp2040.c.obj
 .rodata.dcd_int_enable.str1.4
                0x10008758        0xc CMakeFiles/HelloPIO.dir/C_/VSARM/sdk/pico/pico-sdk/lib/tinyusb/src/portable/raspberrypi/rp2040/dcd_rp2040.c.obj
 .rodata.__func__.0
                0x10008764        0xe CMakeFiles/HelloPIO.dir/C_/VSARM/sdk/pico/pico-sdk/lib/tinyusb/src/portable/raspberrypi/rp2040/dcd_rp2040.c.obj
 *fill*         0x10008772        0x2 
 .rodata.__func__.1
                0x10008774        0xe CMakeFiles/HelloPIO.dir/C_/VSARM/sdk/pico/pico-sdk/lib/tinyusb/src/portable/raspberrypi/rp2040/dcd_rp2040.c.obj
 *fill*         0x10008782        0x2 
 .rodata.__func__.3
                0x10008784       0x10 CMakeFiles/HelloPIO.dir/C_/VSARM/sdk/pico/pico-sdk/lib/tinyusb/src/portable/raspberrypi/rp2040/dcd_rp2040.c.obj
 .rodata.__func__.5
                0x10008794        0xf CMakeFiles/HelloPIO.dir/C_/VSARM/sdk/pico/pico-sdk/lib/tinyusb/src/portable/raspberrypi/rp2040/dcd_rp2040.c.obj
 *fill*         0x100087a3        0x1 
 .rodata.__func__.6
                0x100087a4       0x13 CMakeFiles/HelloPIO.dir/C_/VSARM/sdk/pico/pico-sdk/lib/tinyusb/src/portable/raspberrypi/rp2040/dcd_rp2040.c.obj
 *fill*         0x100087b7        0x1 
 .rodata.__func__.7
                0x100087b8        0x9 CMakeFiles/HelloPIO.dir/C_/VSARM/sdk/pico/pico-sdk/lib/tinyusb/src/portable/raspberrypi/rp2040/dcd_rp2040.c.obj
 *fill*         0x100087c1        0x3 
 .rodata.sync_ep_buffer.str1.4
                0x100087c4       0x91 CMakeFiles/HelloPIO.dir/C_/VSARM/sdk/pico/pico-sdk/lib/tinyusb/src/portable/raspberrypi/rp2040/rp2040_usb.c.obj
 *fill*         0x10008855        0x3 
 .rodata._hw_endpoint_buffer_control_update32.str1.4
                0x10008858       0x1f CMakeFiles/HelloPIO.dir/C_/VSARM/sdk/pico/pico-sdk/lib/tinyusb/src/portable/raspberrypi/rp2040/rp2040_usb.c.obj
 *fill*         0x10008877        0x1 
 .rodata.hw_endpoint_xfer_start.str1.4
                0x10008878       0x38 CMakeFiles/HelloPIO.dir/C_/VSARM/sdk/pico/pico-sdk/lib/tinyusb/src/portable/raspberrypi/rp2040/rp2040_usb.c.obj
 .rodata.hw_endpoint_xfer_continue.str1.4
                0x100088b0       0x29 CMakeFiles/HelloPIO.dir/C_/VSARM/sdk/pico/pico-sdk/lib/tinyusb/src/portable/raspberrypi/rp2040/rp2040_usb.c.obj
 *fill*         0x100088d9        0x3 
 .rodata.str1.4
                0x100088dc        0x7 CMakeFiles/HelloPIO.dir/C_/VSARM/sdk/pico/pico-sdk/lib/tinyusb/src/portable/raspberrypi/rp2040/rp2040_usb.c.obj
 *fill*         0x100088e3        0x1 
 .rodata.__func__.0
                0x100088e4        0xf CMakeFiles/HelloPIO.dir/C_/VSARM/sdk/pico/pico-sdk/lib/tinyusb/src/portable/raspberrypi/rp2040/rp2040_usb.c.obj
 *fill*         0x100088f3        0x1 
 .rodata.process_set_config.str1.4
                0x100088f4       0x17 CMakeFiles/HelloPIO.dir/C_/VSARM/sdk/pico/pico-sdk/lib/tinyusb/src/device/usbd.c.obj
 *fill*         0x1000890b        0x1 
 .rodata.process_get_descriptor
                0x1000890c       0x40 CMakeFiles/HelloPIO.dir/C_/VSARM/sdk/pico/pico-sdk/lib/tinyusb/src/device/usbd.c.obj
 .rodata.process_control_request
                0x1000894c       0x28 CMakeFiles/HelloPIO.dir/C_/VSARM/sdk/pico/pico-sdk/lib/tinyusb/src/device/usbd.c.obj
 .rodata.tud_task
                0x10008974       0x24 CMakeFiles/HelloPIO.dir/C_/VSARM/sdk/pico/pico-sdk/lib/tinyusb/src/device/usbd.c.obj
 .rodata.__func__.2
                0x10008998        0xf CMakeFiles/HelloPIO.dir/C_/VSARM/sdk/pico/pico-sdk/lib/tinyusb/src/device/usbd.c.obj
 *fill*         0x100089a7        0x1 
 .rodata.__func__.3
                0x100089a8        0xf CMakeFiles/HelloPIO.dir/C_/VSARM/sdk/pico/pico-sdk/lib/tinyusb/src/device/usbd.c.obj
 *fill*         0x100089b7        0x1 
 .rodata.__func__.4
                0x100089b8       0x14 CMakeFiles/HelloPIO.dir/C_/VSARM/sdk/pico/pico-sdk/lib/tinyusb/src/device/usbd.c.obj
 .rodata.__func__.5
                0x100089cc       0x10 CMakeFiles/HelloPIO.dir/C_/VSARM/sdk/pico/pico-sdk/lib/tinyusb/src/device/usbd.c.obj
 .rodata.__func__.6
                0x100089dc       0x17 CMakeFiles/HelloPIO.dir/C_/VSARM/sdk/pico/pico-sdk/lib/tinyusb/src/device/usbd.c.obj
 *fill*         0x100089f3        0x1 
 .rodata.__func__.7
                0x100089f4       0x13 CMakeFiles/HelloPIO.dir/C_/VSARM/sdk/pico/pico-sdk/lib/tinyusb/src/device/usbd.c.obj
 *fill*         0x10008a07        0x1 
 .rodata.__func__.8
                0x10008a08       0x18 CMakeFiles/HelloPIO.dir/C_/VSARM/sdk/pico/pico-sdk/lib/tinyusb/src/device/usbd.c.obj
 .rodata.__func__.9
                0x10008a20        0x9 CMakeFiles/HelloPIO.dir/C_/VSARM/sdk/pico/pico-sdk/lib/tinyusb/src/device/usbd.c.obj
 *fill*         0x10008a29        0x3 
 .rodata._usbd_driver
                0x10008a2c       0x18 CMakeFiles/HelloPIO.dir/C_/VSARM/sdk/pico/pico-sdk/lib/tinyusb/src/device/usbd.c.obj
 .rodata.tud_control_xfer.str1.4
                0x10008a44       0x17 CMakeFiles/HelloPIO.dir/C_/VSARM/sdk/pico/pico-sdk/lib/tinyusb/src/device/usbd_control.c.obj
 .rodata.__func__.0
                0x10008a44       0x15 CMakeFiles/HelloPIO.dir/C_/VSARM/sdk/pico/pico-sdk/lib/tinyusb/src/device/usbd_control.c.obj
 *fill*         0x10008a59        0x3 
 .rodata.__func__.1
                0x10008a5c       0x11 CMakeFiles/HelloPIO.dir/C_/VSARM/sdk/pico/pico-sdk/lib/tinyusb/src/device/usbd_control.c.obj
 .rodata.tud_cdc_n_write_flush.str1.4
                0x10008a6d       0x17 CMakeFiles/HelloPIO.dir/C_/VSARM/sdk/pico/pico-sdk/lib/tinyusb/src/class/cdc/cdc_device.c.obj
 *fill*         0x10008a6d        0x3 
 .rodata.__func__.0
                0x10008a70        0xd CMakeFiles/HelloPIO.dir/C_/VSARM/sdk/pico/pico-sdk/lib/tinyusb/src/class/cdc/cdc_device.c.obj
 *fill*         0x10008a7d        0x3 
 .rodata.__func__.1
                0x10008a80        0xa CMakeFiles/HelloPIO.dir/C_/VSARM/sdk/pico/pico-sdk/lib/tinyusb/src/class/cdc/cdc_device.c.obj
 *fill*         0x10008a8a        0x2 
 .rodata.__func__.2
                0x10008a8c       0x16 CMakeFiles/HelloPIO.dir/C_/VSARM/sdk/pico/pico-sdk/lib/tinyusb/src/class/cdc/cdc_device.c.obj
 .rodata.tusb_init.str1.4
                0x10008aa2       0x17 CMakeFiles/HelloPIO.dir/C_/VSARM/sdk/pico/pico-sdk/lib/tinyusb/src/tusb.c.obj
 *fill*         0x10008aa2        0x2 
 .rodata.__func__.0
                0x10008aa4       0x11 CMakeFiles/HelloPIO.dir/C_/VSARM/sdk/pico/pico-sdk/lib/tinyusb/src/tusb.c.obj
 *fill*         0x10008ab5        0x3 
 .rodata.__func__.1
                0x10008ab8        0xa CMakeFiles/HelloPIO.dir/C_/VSARM/sdk/pico/pico-sdk/lib/tinyusb/src/tusb.c.obj
 *fill*         0x10008ac2        0x2 
 .rodata.pico_get_unique_board_id_string.str1.4
                0x10008ac4       0x4d CMakeFiles/HelloPIO.dir/C_/VSARM/sdk/pico/pico-sdk/src/rp2_common/pico_unique_id/unique_id.c.obj
 *fill*         0x10008b11        0x3 
 .rodata.__func__.0
                0x10008b14       0x20 CMakeFiles/HelloPIO.dir/C_/VSARM/sdk/pico/pico-sdk/src/rp2_common/pico_unique_id/unique_id.c.obj
 .rodata.str1.4
                0x10008b34      0x15a CMakeFiles/HelloPIO.dir/C_/VSARM/sdk/pico/pico-sdk/src/rp2_common/hardware_flash/flash.c.obj
 *fill*         0x10008c8e        0x2 
 .rodata.__func__.0
                0x10008c90        0xd CMakeFiles/HelloPIO.dir/C_/VSARM/sdk/pico/pico-sdk/src/rp2_common/hardware_flash/flash.c.obj
 *fill*         0x10008c9d        0x3 
 .rodata._pio_find_offset_for_program.str1.4
                0x10008ca0       0x69 CMakeFiles/HelloPIO.dir/C_/VSARM/sdk/pico/pico-sdk/src/rp2_common/hardware_pio/pio.c.obj
 *fill*         0x10008d09        0x3 
 .rodata._pio_add_program_at_offset.str1.4
                0x10008d0c       0x11 CMakeFiles/HelloPIO.dir/C_/VSARM/sdk/pico/pico-sdk/src/rp2_common/hardware_pio/pio.c.obj
 *fill*         0x10008d1d        0x3 
 .rodata.pio_claim_unused_sm.str1.4
                0x10008d20       0x24 CMakeFiles/HelloPIO.dir/C_/VSARM/sdk/pico/pico-sdk/src/rp2_common/hardware_pio/pio.c.obj
 .rodata.__func__.1
                0x10008d44       0x1d CMakeFiles/HelloPIO.dir/C_/VSARM/sdk/pico/pico-sdk/src/rp2_common/hardware_pio/pio.c.obj
                0x10008d64                . = ALIGN (0x4)
 *fill*         0x10008d61        0x3 
 *(SORT_BY_ALIGNMENT(SORT_BY_NAME(.flashdata*)))
                0x10008d64                . = ALIGN (0x4)

.rel.dyn        0x10008d64        0x0
 .rel.iplt      0x10008d64        0x0 c:/vsarm/armcc/112202~1.02/bin/../lib/gcc/arm-none-eabi/11.2.1/thumb/v6-m/nofp/crtbegin.o

.ARM.extab
 *(.ARM.extab* .gnu.linkonce.armextab.*)
                0x10008d64                __exidx_start = .

.ARM.exidx
 *(.ARM.exidx* .gnu.linkonce.armexidx.*)
                0x10008d64                __exidx_end = .
                0x10008d64                . = ALIGN (0x4)
                0x10008d64                __binary_info_start = .

.binary_info    0x10008d64       0x20
 *(.binary_info.keep.*)
 .binary_info.keep.__bi_ptr22
                0x10008d64        0x4 CMakeFiles/HelloPIO.dir/C_/VSARM/sdk/pico/pico-sdk/src/rp2_common/pico_standard_link/binary_info.c.obj
 .binary_info.keep.__bi_ptr30
                0x10008d68        0x4 CMakeFiles/HelloPIO.dir/C_/VSARM/sdk/pico/pico-sdk/src/rp2_common/pico_standard_link/binary_info.c.obj
 .binary_info.keep.__bi_ptr38
                0x10008d6c        0x4 CMakeFiles/HelloPIO.dir/C_/VSARM/sdk/pico/pico-sdk/src/rp2_common/pico_standard_link/binary_info.c.obj
 .binary_info.keep.__bi_ptr44
                0x10008d70        0x4 CMakeFiles/HelloPIO.dir/C_/VSARM/sdk/pico/pico-sdk/src/rp2_common/pico_standard_link/binary_info.c.obj
 .binary_info.keep.__bi_ptr50
                0x10008d74        0x4 CMakeFiles/HelloPIO.dir/C_/VSARM/sdk/pico/pico-sdk/src/rp2_common/pico_standard_link/binary_info.c.obj
 .binary_info.keep.__bi_ptr75
                0x10008d78        0x4 CMakeFiles/HelloPIO.dir/C_/VSARM/sdk/pico/pico-sdk/src/rp2_common/pico_standard_link/binary_info.c.obj
 .binary_info.keep.__bi_ptr81
                0x10008d7c        0x4 CMakeFiles/HelloPIO.dir/C_/VSARM/sdk/pico/pico-sdk/src/rp2_common/pico_standard_link/binary_info.c.obj
 *(.binary_info.*)
 .binary_info.__bi_ptr118
                0x10008d80        0x4 CMakeFiles/HelloPIO.dir/C_/VSARM/sdk/pico/pico-sdk/src/rp2_common/pico_stdio_usb/stdio_usb.c.obj
                0x10008d84                __binary_info_end = .
                0x10008d84                . = ALIGN (0x4)
                0x10008d84                __etext = .

.ram_vector_table
                0x20000000       0xc0
 *(.ram_vector_table)
 .ram_vector_table
                0x20000000       0xc0 CMakeFiles/HelloPIO.dir/C_/VSARM/sdk/pico/pico-sdk/src/rp2_common/pico_runtime/runtime.c.obj
                0x20000000                ram_vector_table

.data           0x200000c0      0x460 load address 0x10008d84
                0x200000c0                __data_start__ = .
 *(vtable)
 *(.time_critical*)
 .time_critical.mutex_enter_blocking
                0x200000c0       0x48 CMakeFiles/HelloPIO.dir/C_/VSARM/sdk/pico/pico-sdk/src/common/pico_sync/mutex.c.obj
                0x200000c0                mutex_enter_blocking
 .time_critical.mutex_try_enter
                0x20000108       0x46 CMakeFiles/HelloPIO.dir/C_/VSARM/sdk/pico/pico-sdk/src/common/pico_sync/mutex.c.obj
                0x20000108                mutex_try_enter
 *fill*         0x2000014e        0x2 
 .time_critical.mutex_enter_block_until
                0x20000150       0x8c CMakeFiles/HelloPIO.dir/C_/VSARM/sdk/pico/pico-sdk/src/common/pico_sync/mutex.c.obj
                0x20000150                mutex_enter_block_until
 .time_critical.mutex_enter_timeout_ms
                0x200001dc       0x74 CMakeFiles/HelloPIO.dir/C_/VSARM/sdk/pico/pico-sdk/src/common/pico_sync/mutex.c.obj
                0x200001dc                mutex_enter_timeout_ms
 .time_critical.mutex_exit
                0x20000250       0x4c CMakeFiles/HelloPIO.dir/C_/VSARM/sdk/pico/pico-sdk/src/common/pico_sync/mutex.c.obj
                0x20000250                mutex_exit
 .time_critical.flash_init_boot2_copyout
                0x2000029c       0x30 CMakeFiles/HelloPIO.dir/C_/VSARM/sdk/pico/pico-sdk/src/rp2_common/hardware_flash/flash.c.obj
 .time_critical.flash_enable_xip_via_boot2
                0x200002cc       0x10 CMakeFiles/HelloPIO.dir/C_/VSARM/sdk/pico/pico-sdk/src/rp2_common/hardware_flash/flash.c.obj
 .time_critical.flash_cs_force
                0x200002dc       0x28 CMakeFiles/HelloPIO.dir/C_/VSARM/sdk/pico/pico-sdk/src/rp2_common/hardware_flash/flash.c.obj
 .time_critical.flash_do_cmd
                0x20000304       0xd8 CMakeFiles/HelloPIO.dir/C_/VSARM/sdk/pico/pico-sdk/src/rp2_common/hardware_flash/flash.c.obj
                0x20000304                flash_do_cmd
 *(.text*)
 .text          0x200003dc        0x4 c:/vsarm/armcc/112202~1.02/bin/../lib/gcc/arm-none-eabi/11.2.1/thumb/v6-m/nofp\libgcc.a(_dvmd_tls.o)
                0x200003dc                __aeabi_idiv0
                0x200003dc                __aeabi_ldiv0
 .text.__stub   0x200003e0       0x40 linker stubs
                0x20000420                . = ALIGN (0x4)
 *(.rodata*)
                0x20000420                . = ALIGN (0x4)
 *(.data*)
 .data.striped_spin_lock_num
                0x20000420        0x1 CMakeFiles/HelloPIO.dir/C_/VSARM/sdk/pico/pico-sdk/src/rp2_common/hardware_sync/sync.c.obj
 *fill*         0x20000421        0x3 
 .data          0x20000424       0x48 CMakeFiles/HelloPIO.dir/C_/VSARM/sdk/pico/pico-sdk/src/rp2_common/hardware_irq/irq_handler_chain.S.obj
                0x20000424                irq_handler_chain_slots
                0x20000454                irq_handler_chain_first_slot
                0x2000045e                irq_handler_chain_remove_tail
 .data.default_alarm_pool
                0x2000046c       0x18 CMakeFiles/HelloPIO.dir/C_/VSARM/sdk/pico/pico-sdk/src/common/pico_time/time.c.obj
 .data.default_alarm_pool_heap
                0x20000484       0x10 CMakeFiles/HelloPIO.dir/C_/VSARM/sdk/pico/pico-sdk/src/common/pico_time/time.c.obj
 *fill*         0x20000494        0xc 
 .data.aeabi_bits_funcs
                0x200004a0       0x10 CMakeFiles/HelloPIO.dir/C_/VSARM/sdk/pico/pico-sdk/src/rp2_common/pico_bit_ops/bit_ops_aeabi.S.obj
                0x200004a0                aeabi_bits_funcs
                0x200004b0                aeabi_bits_funcs_end
 .data.aeabi_mem_funcs
                0x200004b0       0x10 CMakeFiles/HelloPIO.dir/C_/VSARM/sdk/pico/pico-sdk/src/rp2_common/pico_mem_ops/mem_ops_aeabi.S.obj
                0x200004b0                aeabi_mem_funcs
                0x200004c0                aeabi_mem_funcs_end
 .data.stdio_usb
                0x200004c0       0x14 CMakeFiles/HelloPIO.dir/C_/VSARM/sdk/pico/pico-sdk/src/rp2_common/pico_stdio_usb/stdio_usb.c.obj
                0x200004c0                stdio_usb
 .data.ep_dir_string
                0x200004d4        0x8 CMakeFiles/HelloPIO.dir/C_/VSARM/sdk/pico/pico-sdk/lib/tinyusb/src/portable/raspberrypi/rp2040/rp2040_usb.c.obj
                0x200004d4                ep_dir_string
 .data._usbd_qdef
                0x200004dc       0x24 CMakeFiles/HelloPIO.dir/C_/VSARM/sdk/pico/pico-sdk/lib/tinyusb/src/device/usbd.c.obj
                0x200004dc                _usbd_qdef
                0x20000500                . = ALIGN (0x4)
 *(.after_data.*)
                0x20000500                . = ALIGN (0x4)
                0x20000500                PROVIDE (__mutex_array_start = .)
 *(SORT_BY_NAME(.mutex_array.*))
 *(.mutex_array)
 .mutex_array   0x20000500        0x8 CMakeFiles/HelloPIO.dir/C_/VSARM/sdk/pico/pico-sdk/src/rp2_common/pico_stdio/stdio.c.obj
                0x20000508                PROVIDE (__mutex_array_end = .)
                0x20000508                . = ALIGN (0x4)
                0x20000508                PROVIDE (__preinit_array_start = .)
 *(SORT_BY_NAME(.preinit_array.*))
 .preinit_array.00001
                0x20000508        0x4 CMakeFiles/HelloPIO.dir/C_/VSARM/sdk/pico/pico-sdk/src/rp2_common/pico_mem_ops/mem_ops_aeabi.S.obj
 .preinit_array.00010
                0x2000050c        0x4 CMakeFiles/HelloPIO.dir/C_/VSARM/sdk/pico/pico-sdk/src/rp2_common/pico_bit_ops/bit_ops_aeabi.S.obj
 .preinit_array.00020
                0x20000510        0x4 CMakeFiles/HelloPIO.dir/C_/VSARM/sdk/pico/pico-sdk/src/rp2_common/pico_double/double_aeabi.S.obj
 .preinit_array.00020
                0x20000514        0x4 CMakeFiles/HelloPIO.dir/C_/VSARM/sdk/pico/pico-sdk/src/rp2_common/pico_float/float_aeabi.S.obj
 *(.preinit_array)
                0x20000518                PROVIDE (__preinit_array_end = .)
                0x20000518                . = ALIGN (0x4)
                0x20000518                PROVIDE (__init_array_start = .)
 *(SORT_BY_NAME(.init_array.*))
 *(.init_array)
 .init_array    0x20000518        0x4 c:/vsarm/armcc/112202~1.02/bin/../lib/gcc/arm-none-eabi/11.2.1/thumb/v6-m/nofp/crtbegin.o
 .init_array    0x2000051c        0x4 CMakeFiles/HelloPIO.dir/C_/VSARM/sdk/pico/pico-sdk/src/rp2_common/pico_unique_id/unique_id.c.obj
                0x20000520                PROVIDE (__init_array_end = .)
                0x20000520                . = ALIGN (0x4)
                [!provide]                PROVIDE (__fini_array_start = .)
 *(SORT_BY_NAME(.fini_array.*))
 *(.fini_array)
                [!provide]                PROVIDE (__fini_array_end = .)
 *(.jcr)
                0x20000520                . = ALIGN (0x4)
                0x20000520                __data_end__ = .

.tm_clone_table
                0x20000520        0x0 load address 0x100091e4
 .tm_clone_table
                0x20000520        0x0 c:/vsarm/armcc/112202~1.02/bin/../lib/gcc/arm-none-eabi/11.2.1/thumb/v6-m/nofp/crtbegin.o
 .tm_clone_table
                0x20000520        0x0 c:/vsarm/armcc/112202~1.02/bin/../lib/gcc/arm-none-eabi/11.2.1/thumb/v6-m/nofp/crtend.o

.igot.plt       0x20000520        0x0 load address 0x100091e4
 .igot.plt      0x20000520        0x0 c:/vsarm/armcc/112202~1.02/bin/../lib/gcc/arm-none-eabi/11.2.1/thumb/v6-m/nofp/crtbegin.o

.uninitialized_data
                0x20000520        0x0 load address 0x100091e4
                0x20000520                . = ALIGN (0x4)
 *(.uninitialized_data*)

.scratch_x      0x20040000        0x0 load address 0x100091e4
                0x20040000                __scratch_x_start__ = .
 *(.scratch_x.*)
                0x20040000                . = ALIGN (0x4)
                0x20040000                __scratch_x_end__ = .
                0x100091e4                __scratch_x_source__ = LOADADDR (.scratch_x)

.scratch_y      0x20041000        0x0 load address 0x100091e4
                0x20041000                __scratch_y_start__ = .
 *(.scratch_y.*)
                0x20041000                . = ALIGN (0x4)
                0x20041000                __scratch_y_end__ = .
                0x100091e4                __scratch_y_source__ = LOADADDR (.scratch_y)

.bss            0x20000520      0xd88
                0x20000520                . = ALIGN (0x4)
                0x20000520                __bss_start__ = .
 *(SORT_BY_ALIGNMENT(SORT_BY_NAME(.bss*)))
 .bss.default_alarm_pool_entries
                0x20000520      0x100 CMakeFiles/HelloPIO.dir/C_/VSARM/sdk/pico/pico-sdk/src/common/pico_time/time.c.obj
 .bss.last_avail_time.3
                0x20000620        0x8 CMakeFiles/HelloPIO.dir/C_/VSARM/sdk/pico/pico-sdk/src/rp2_common/pico_stdio_usb/stdio_usb.c.obj
 .bss._app_driver
                0x20000628        0x4 CMakeFiles/HelloPIO.dir/C_/VSARM/sdk/pico/pico-sdk/lib/tinyusb/src/device/usbd.c.obj
 .bss._cdcd_itf
                0x2000062c      0x2d8 CMakeFiles/HelloPIO.dir/C_/VSARM/sdk/pico/pico-sdk/lib/tinyusb/src/class/cdc/cdc_device.c.obj
 .bss._ctrl_xfer
                0x20000904       0x14 CMakeFiles/HelloPIO.dir/C_/VSARM/sdk/pico/pico-sdk/lib/tinyusb/src/device/usbd_control.c.obj
 .bss._ubsd_mutexdef
                0x20000918        0x8 CMakeFiles/HelloPIO.dir/C_/VSARM/sdk/pico/pico-sdk/lib/tinyusb/src/device/usbd.c.obj
 .bss._usbd_ctrl_buf