Archive member included to satisfy reference by file (symbol)

c:/vsarm/armcc/112202~1.02/bin/../lib/gcc/arm-none-eabi/11.2.1/thumb/v6-m/nofp\libgcc.a(_dvmd_tls.o)
                              CMakeFiles/WaveformGenerator.dir/C_/VSARM/sdk/pico/pico-sdk/src/rp2_common/pico_divider/divider.S.obj (__aeabi_idiv0)
c:/vsarm/armcc/112202~1.02/bin/../lib/gcc/arm-none-eabi/11.2.1/thumb/v6-m/nofp\libg.a(lib_a-calloc.o)
                              CMakeFiles/WaveformGenerator.dir/C_/VSARM/sdk/pico/pico-sdk/src/rp2_common/pico_malloc/pico_malloc.c.obj (calloc)
c:/vsarm/armcc/112202~1.02/bin/../lib/gcc/arm-none-eabi/11.2.1/thumb/v6-m/nofp\libg.a(lib_a-callocr.o)
                              c:/vsarm/armcc/112202~1.02/bin/../lib/gcc/arm-none-eabi/11.2.1/thumb/v6-m/nofp\libg.a(lib_a-calloc.o) (_calloc_r)
c:/vsarm/armcc/112202~1.02/bin/../lib/gcc/arm-none-eabi/11.2.1/thumb/v6-m/nofp\libg.a(lib_a-ctype_.o)
                              CMakeFiles/WaveformGenerator.dir/C_/VSARM/sdk/pico/pico-sdk/lib/tinyusb/src/tusb.c.obj (_ctype_)
c:/vsarm/armcc/112202~1.02/bin/../lib/gcc/arm-none-eabi/11.2.1/thumb/v6-m/nofp\libg.a(lib_a-errno.o)
                              c:/vsarm/armcc/112202~1.02/bin/../lib/gcc/arm-none-eabi/11.2.1/thumb/v6-m/nofp\libg.a(lib_a-callocr.o) (__errno)
c:/vsarm/armcc/112202~1.02/bin/../lib/gcc/arm-none-eabi/11.2.1/thumb/v6-m/nofp\libg.a(lib_a-impure.o)
                              c:/vsarm/armcc/112202~1.02/bin/../lib/gcc/arm-none-eabi/11.2.1/thumb/v6-m/nofp\libg.a(lib_a-calloc.o) (_impure_ptr)
c:/vsarm/armcc/112202~1.02/bin/../lib/gcc/arm-none-eabi/11.2.1/thumb/v6-m/nofp\libg.a(lib_a-init.o)
                              c:/vsarm/armcc/112202~1.02/bin/../lib/gcc/arm-none-eabi/11.2.1/thumb/v6-m/nofp/crt0.o (__libc_init_array)
c:/vsarm/armcc/112202~1.02/bin/../lib/gcc/arm-none-eabi/11.2.1/thumb/v6-m/nofp\libg.a(lib_a-malloc.o)
                              CMakeFiles/WaveformGenerator.dir/C_/VSARM/sdk/pico/pico-sdk/src/rp2_common/pico_malloc/pico_malloc.c.obj (malloc)
c:/vsarm/armcc/112202~1.02/bin/../lib/gcc/arm-none-eabi/11.2.1/thumb/v6-m/nofp\libg.a(lib_a-mallocr.o)
                              c:/vsarm/armcc/112202~1.02/bin/../lib/gcc/arm-none-eabi/11.2.1/thumb/v6-m/nofp\libg.a(lib_a-callocr.o) (_malloc_r)
c:/vsarm/armcc/112202~1.02/bin/../lib/gcc/arm-none-eabi/11.2.1/thumb/v6-m/nofp\libg.a(lib_a-mlock.o)
                              c:/vsarm/armcc/112202~1.02/bin/../lib/gcc/arm-none-eabi/11.2.1/thumb/v6-m/nofp\libg.a(lib_a-mallocr.o) (__malloc_lock)
c:/vsarm/armcc/112202~1.02/bin/../lib/gcc/arm-none-eabi/11.2.1/thumb/v6-m/nofp\libg.a(lib_a-realloc.o)
                              CMakeFiles/WaveformGenerator.dir/C_/VSARM/sdk/pico/pico-sdk/src/rp2_common/pico_malloc/pico_malloc.c.obj (realloc)
c:/vsarm/armcc/112202~1.02/bin/../lib/gcc/arm-none-eabi/11.2.1/thumb/v6-m/nofp\libg.a(lib_a-reallocr.o)
                              c:/vsarm/armcc/112202~1.02/bin/../lib/gcc/arm-none-eabi/11.2.1/thumb/v6-m/nofp\libg.a(lib_a-realloc.o) (_realloc_r)
c:/vsarm/armcc/112202~1.02/bin/../lib/gcc/arm-none-eabi/11.2.1/thumb/v6-m/nofp\libg.a(lib_a-sbrkr.o)
                              c:/vsarm/armcc/112202~1.02/bin/../lib/gcc/arm-none-eabi/11.2.1/thumb/v6-m/nofp\libg.a(lib_a-mallocr.o) (_sbrk_r)
c:/vsarm/armcc/112202~1.02/bin/../lib/gcc/arm-none-eabi/11.2.1/thumb/v6-m/nofp\libg.a(lib_a-strlen-stub.o)
                              CMakeFiles/WaveformGenerator.dir/C_/VSARM/sdk/pico/pico-sdk/src/rp2_common/pico_stdio/stdio.c.obj (strlen)
c:/vsarm/armcc/112202~1.02/bin/../lib/gcc/arm-none-eabi/11.2.1/thumb/v6-m/nofp\libg.a(lib_a-freer.o)
                              c:/vsarm/armcc/112202~1.02/bin/../lib/gcc/arm-none-eabi/11.2.1/thumb/v6-m/nofp\libg.a(lib_a-malloc.o) (_free_r)
c:/vsarm/armcc/112202~1.02/bin/../lib/gcc/arm-none-eabi/11.2.1/thumb/v6-m/nofp\libg.a(lib_a-memmove.o)
                              c:/vsarm/armcc/112202~1.02/bin/../lib/gcc/arm-none-eabi/11.2.1/thumb/v6-m/nofp\libg.a(lib_a-reallocr.o) (memmove)
c:/vsarm/armcc/112202~1.02/bin/../lib/gcc/arm-none-eabi/11.2.1/thumb/v6-m/nofp\libg.a(lib_a-reent.o)
                              c:/vsarm/armcc/112202~1.02/bin/../lib/gcc/arm-none-eabi/11.2.1/thumb/v6-m/nofp\libg.a(lib_a-sbrkr.o) (errno)

Discarded input sections

 .text          0x00000000        0x0 c:/vsarm/armcc/112202~1.02/bin/../lib/gcc/arm-none-eabi/11.2.1/thumb/v6-m/nofp/crti.o
 .data          0x00000000        0x0 c:/vsarm/armcc/112202~1.02/bin/../lib/gcc/arm-none-eabi/11.2.1/thumb/v6-m/nofp/crti.o
 .bss           0x00000000        0x0 c:/vsarm/armcc/112202~1.02/bin/../lib/gcc/arm-none-eabi/11.2.1/thumb/v6-m/nofp/crti.o
 .text          0x00000000        0x0 c:/vsarm/armcc/112202~1.02/bin/../lib/gcc/arm-none-eabi/11.2.1/thumb/v6-m/nofp/crtbegin.o
 .data          0x00000000        0x0 c:/vsarm/armcc/112202~1.02/bin/../lib/gcc/arm-none-eabi/11.2.1/thumb/v6-m/nofp/crtbegin.o
[...]
Memory Configuration

Name             Origin             Length             Attributes
FLASH            0x10000000         0x00200000         xr
RAM              0x20000000         0x00040000         xrw
SCRATCH_X        0x20040000         0x00001000         xrw
SCRATCH_Y        0x20041000         0x00001000         xrw
*default*        0x00000000         0xffffffff

Linker script and memory map

LOAD c:/vsarm/armcc/112202~1.02/bin/../lib/gcc/arm-none-eabi/11.2.1/thumb/v6-m/nofp/crti.o
LOAD c:/vsarm/armcc/112202~1.02/bin/../lib/gcc/arm-none-eabi/11.2.1/thumb/v6-m/nofp/crtbegin.o
LOAD c:/vsarm/armcc/112202~1.02/bin/../lib/gcc/arm-none-eabi/11.2.1/thumb/v6-m/nofp/crt0.o

.flash_begin    0x10000000        0x0
                0x10000000                __flash_binary_start = .

.boot2          0x10000000      0x100
                0x10000000                __boot2_start__ = .
 *(.boot2)
 .boot2         0x10000000      0x100 C:\Users\MIGUEL~1\AppData\Local\Temp\ccWrAnid.o
                0x10000100                __boot2_end__ = .
                0x00000001                ASSERT (((__boot2_end__ - __boot2_start__) == 0x100), ERROR: Pico second stage bootloader must be 256 bytes in size)

.text           0x10000100     0x7738
                0x10000100                __logical_binary_start = .
 *(.vectors)
 .vectors       0x10000100       0xd4 CMakeFiles/WaveformGenerator.dir/C_/VSARM/sdk/pico/pico-sdk/src/rp2_common/pico_standard_link/crt0.S.obj
                0x10000100                __VECTOR_TABLE
                0x10000100                __vectors
                0x100001c0                isr_invalid
                0x100001c0                __default_isrs_start
                0x100001c2                isr_nmi
                0x100001c4                isr_hardfault
                0x100001c6                isr_svcall
                0x100001c8                isr_pendsv
                0x100001ca                isr_systick
                0x100001cc                isr_irq23
                0x100001cc                isr_irq18
                0x100001cc                isr_irq11
                0x100001cc                isr_irq28
                0x100001cc                isr_irq19
                0x100001cc                isr_irq0
                0x100001cc                isr_irq6
                0x100001cc                isr_irq5
                0x100001cc                isr_irq12
                0x100001cc                isr_irq22
                0x100001cc                isr_irq31
                0x100001cc                isr_irq17
                0x100001cc                isr_irq27
                0x100001cc                isr_irq30
                0x100001cc                isr_irq2
                0x100001cc                isr_irq10
                0x100001cc                isr_irq8
                0x100001cc                isr_irq24
                0x100001cc                isr_irq1
                0x100001cc                isr_irq7
                0x100001cc                isr_irq21
                0x100001cc                isr_irq20
                0x100001cc                isr_irq15
                0x100001cc                isr_irq25
                0x100001cc                isr_irq13
                0x100001cc                __unhandled_user_irq
                0x100001cc                isr_irq4
                0x100001cc                isr_irq16
                0x100001cc                isr_irq29
                0x100001cc                isr_irq26
                0x100001cc                __default_isrs_end
                0x100001cc                isr_irq3
                0x100001cc                isr_irq14
                0x100001cc                isr_irq9
                0x100001d2                unhandled_user_irq_num_in_r0
 *(.binary_info_header)
 .binary_info_header
                0x100001d4       0x14 CMakeFiles/WaveformGenerator.dir/C_/VSARM/sdk/pico/pico-sdk/src/rp2_common/pico_standard_link/crt0.S.obj
                0x100001e8                __binary_info_header_end = .
 *(.reset)
 .reset         0x100001e8       0xa8 CMakeFiles/WaveformGenerator.dir/C_/VSARM/sdk/pico/pico-sdk/src/rp2_common/pico_standard_link/crt0.S.obj
                0x100001e8                _entry_point
                0x10000266                __get_current_exception
 .reset         0x10000290       0x30 CMakeFiles/WaveformGenerator.dir/C_/VSARM/sdk/pico/pico-sdk/src/rp2_common/pico_standard_link/binary_info.c.obj
 *(.init)
 .init          0x100002c0        0x4 c:/vsarm/armcc/112202~1.02/bin/../lib/gcc/arm-none-eabi/11.2.1/thumb/v6-m/nofp/crti.o
                0x100002c0                _init
 *(EXCLUDE_FILE(*libm.a: *libc.a:*lib_a-mem*.o *libgcc.a:) .text*)
 .text.register_tm_clones
                0x100002c4       0x28 c:/vsarm/armcc/112202~1.02/bin/../lib/gcc/arm-none-eabi/11.2.1/thumb/v6-m/nofp/crtbegin.o
 .text.frame_dummy
                0x100002ec       0x24 c:/vsarm/armcc/112202~1.02/bin/../lib/gcc/arm-none-eabi/11.2.1/thumb/v6-m/nofp/crtbegin.o
 .text.channel_config_set_chain_to
                0x10000310       0x30 CMakeFiles/WaveformGenerator.dir/main.cpp.obj
 .text.dma_channel_get_default_config
                0x10000340       0x60 CMakeFiles/WaveformGenerator.dir/main.cpp.obj
 .text.channel_config_set_dreq
                0x100003a0       0x30 CMakeFiles/WaveformGenerator.dir/main.cpp.obj
 .text.main     0x100003d0      0x270 CMakeFiles/WaveformGenerator.dir/main.cpp.obj
                0x100003d0                main
 .text.gpio_set_function
                0x10000640       0x30 CMakeFiles/WaveformGenerator.dir/C_/VSARM/sdk/pico/pico-sdk/src/rp2_common/hardware_gpio/gpio.c.obj
                0x10000640                gpio_set_function
 .text.gpio_init
                0x10000670       0x16 CMakeFiles/WaveformGenerator.dir/C_/VSARM/sdk/pico/pico-sdk/src/rp2_common/hardware_gpio/gpio.c.obj
                0x10000670                gpio_init
 *fill*         0x10000686        0x2 
 .text.hw_claim_lock
                0x10000688       0x18 CMakeFiles/WaveformGenerator.dir/C_/VSARM/sdk/pico/pico-sdk/src/rp2_common/hardware_claim/claim.c.obj
                0x10000688                hw_claim_lock
 .text.hw_claim_unlock
                0x100006a0       0x14 CMakeFiles/WaveformGenerator.dir/C_/VSARM/sdk/pico/pico-sdk/src/rp2_common/hardware_claim/claim.c.obj
                0x100006a0                hw_claim_unlock
 .text.hw_claim_or_assert
                0x100006b4       0x32 CMakeFiles/WaveformGenerator.dir/C_/VSARM/sdk/pico/pico-sdk/src/rp2_common/hardware_claim/claim.c.obj
                0x100006b4                hw_claim_or_assert
 .text.hw_claim_unused_from_range
                0x100006e6       0x50 CMakeFiles/WaveformGenerator.dir/C_/VSARM/sdk/pico/pico-sdk/src/rp2_common/hardware_claim/claim.c.obj
                0x100006e6                hw_claim_unused_from_range
 *fill*         0x10000736        0x2 
 .text.running_on_fpga
                0x10000738       0x14 CMakeFiles/WaveformGenerator.dir/C_/VSARM/sdk/pico/pico-sdk/src/rp2_common/pico_platform/platform.c.obj
                0x10000738                running_on_fpga
 .text.spin_locks_reset
                0x1000074c       0x20 CMakeFiles/WaveformGenerator.dir/C_/VSARM/sdk/pico/pico-sdk/src/rp2_common/hardware_sync/sync.c.obj
                0x1000074c                spin_locks_reset
 .text.next_striped_spin_lock_num
                0x1000076c       0x1c CMakeFiles/WaveformGenerator.dir/C_/VSARM/sdk/pico/pico-sdk/src/rp2_common/hardware_sync/sync.c.obj
                0x1000076c                next_striped_spin_lock_num
 .text.spin_lock_claim_unused
                0x10000788       0x24 CMakeFiles/WaveformGenerator.dir/C_/VSARM/sdk/pico/pico-sdk/src/rp2_common/hardware_sync/sync.c.obj
                0x10000788                spin_lock_claim_unused
 .text.set_raw_irq_handler_and_unlock
                0x100007ac       0x28 CMakeFiles/WaveformGenerator.dir/C_/VSARM/sdk/pico/pico-sdk/src/rp2_common/hardware_irq/irq.c.obj
 .text.make_branch
                0x100007d4       0x48 CMakeFiles/WaveformGenerator.dir/C_/VSARM/sdk/pico/pico-sdk/src/rp2_common/hardware_irq/irq.c.obj
 .text.insert_branch_and_link
                0x1000081c       0x40 CMakeFiles/WaveformGenerator.dir/C_/VSARM/sdk/pico/pico-sdk/src/rp2_common/hardware_irq/irq.c.obj
 .text.irq_is_enabled
                0x1000085c       0x18 CMakeFiles/WaveformGenerator.dir/C_/VSARM/sdk/pico/pico-sdk/src/rp2_common/hardware_irq/irq.c.obj
                0x1000085c                irq_is_enabled
 .text.irq_set_mask_enabled
                0x10000874       0x20 CMakeFiles/WaveformGenerator.dir/C_/VSARM/sdk/pico/pico-sdk/src/rp2_common/hardware_irq/irq.c.obj
                0x10000874                irq_set_mask_enabled
 .text.irq_set_enabled
                0x10000894        0xe CMakeFiles/WaveformGenerator.dir/C_/VSARM/sdk/pico/pico-sdk/src/rp2_common/hardware_irq/irq.c.obj
                0x10000894                irq_set_enabled
 *fill*         0x100008a2        0x2 
 .text.irq_set_pending
                0x100008a4       0x10 CMakeFiles/WaveformGenerator.dir/C_/VSARM/sdk/pico/pico-sdk/src/rp2_common/hardware_irq/irq.c.obj
                0x100008a4                irq_set_pending
 .text.irq_get_vtable_handler
                0x100008b4       0x10 CMakeFiles/WaveformGenerator.dir/C_/VSARM/sdk/pico/pico-sdk/src/rp2_common/hardware_irq/irq.c.obj
                0x100008b4                irq_get_vtable_handler
 .text.irq_has_shared_handler
                0x100008c4       0x24 CMakeFiles/WaveformGenerator.dir/C_/VSARM/sdk/pico/pico-sdk/src/rp2_common/hardware_irq/irq.c.obj
                0x100008c4                irq_has_shared_handler
 .text.irq_set_exclusive_handler
                0x100008e8       0x54 CMakeFiles/WaveformGenerator.dir/C_/VSARM/sdk/pico/pico-sdk/src/rp2_common/hardware_irq/irq.c.obj
                0x100008e8                irq_set_exclusive_handler
 .text.irq_add_shared_handler
                0x1000093c      0x230 CMakeFiles/WaveformGenerator.dir/C_/VSARM/sdk/pico/pico-sdk/src/rp2_common/hardware_irq/irq.c.obj
                0x1000093c                irq_add_shared_handler
 .text.irq_remove_handler
                0x10000b6c      0x1a4 CMakeFiles/WaveformGenerator.dir/C_/VSARM/sdk/pico/pico-sdk/src/rp2_common/hardware_irq/irq.c.obj
                0x10000b6c                irq_remove_handler
 .text.irq_add_tail_to_free_list
                0x10000d10       0xf0 CMakeFiles/WaveformGenerator.dir/C_/VSARM/sdk/pico/pico-sdk/src/rp2_common/hardware_irq/irq.c.obj
                0x10000d10                irq_add_tail_to_free_list
 .text.irq_init_priorities
                0x10000e00       0x1c CMakeFiles/WaveformGenerator.dir/C_/VSARM/sdk/pico/pico-sdk/src/rp2_common/hardware_irq/irq.c.obj
                0x10000e00                irq_init_priorities
 .text.user_irq_claim_unused
                0x10000e1c       0x30 CMakeFiles/WaveformGenerator.dir/C_/VSARM/sdk/pico/pico-sdk/src/rp2_common/hardware_irq/irq.c.obj
                0x10000e1c                user_irq_claim_unused
 .text.lock_init
                0x10000e4c       0x10 CMakeFiles/WaveformGenerator.dir/C_/VSARM/sdk/pico/pico-sdk/src/common/pico_sync/lock_core.c.obj
                0x10000e4c                lock_init
 .text.alarm_pool_post_alloc_init
                0x10000e5c       0x40 CMakeFiles/WaveformGenerator.dir/C_/VSARM/sdk/pico/pico-sdk/src/common/pico_time/time.c.obj
 .text.sleep_until_callback
                0x10000e9c       0x30 CMakeFiles/WaveformGenerator.dir/C_/VSARM/sdk/pico/pico-sdk/src/common/pico_time/time.c.obj
 .text.timer_pool_entry_comparator
                0x10000ecc       0x78 CMakeFiles/WaveformGenerator.dir/C_/VSARM/sdk/pico/pico-sdk/src/common/pico_time/time.c.obj
                0x10000ecc                timer_pool_entry_comparator
 .text.ph_add_child_node
                0x10000f44       0xa0 CMakeFiles/WaveformGenerator.dir/C_/VSARM/sdk/pico/pico-sdk/src/common/pico_time/time.c.obj
 .text.ph_merge_nodes
                0x10000fe4       0x3e CMakeFiles/WaveformGenerator.dir/C_/VSARM/sdk/pico/pico-sdk/src/common/pico_time/time.c.obj
 *fill*         0x10001022        0x2 
 .text.add_alarm_under_lock
                0x10001024      0x16c CMakeFiles/WaveformGenerator.dir/C_/VSARM/sdk/pico/pico-sdk/src/common/pico_time/time.c.obj
 .text.alarm_pool_alarm_callback
                0x10001190      0x328 CMakeFiles/WaveformGenerator.dir/C_/VSARM/sdk/pico/pico-sdk/src/common/pico_time/time.c.obj
 .text.alarm_pool_init_default
                0x100014b8       0x38 CMakeFiles/WaveformGenerator.dir/C_/VSARM/sdk/pico/pico-sdk/src/common/pico_time/time.c.obj
                0x100014b8                alarm_pool_init_default
 .text.alarm_pool_get_default
                0x100014f0       0x2c CMakeFiles/WaveformGenerator.dir/C_/VSARM/sdk/pico/pico-sdk/src/common/pico_time/time.c.obj
                0x100014f0                alarm_pool_get_default
 .text.alarm_pool_add_alarm_at
                0x1000151c      0x178 CMakeFiles/WaveformGenerator.dir/C_/VSARM/sdk/pico/pico-sdk/src/common/pico_time/time.c.obj
                0x1000151c                alarm_pool_add_alarm_at
 .text.alarm_pool_cancel_alarm
                0x10001694       0xec CMakeFiles/WaveformGenerator.dir/C_/VSARM/sdk/pico/pico-sdk/src/common/pico_time/time.c.obj
                0x10001694                alarm_pool_cancel_alarm
 .text.best_effort_wfe_or_timeout
                0x10001780       0x80 CMakeFiles/WaveformGenerator.dir/C_/VSARM/sdk/pico/pico-sdk/src/common/pico_time/time.c.obj
                0x10001780                best_effort_wfe_or_timeout
 .text.hardware_alarm_irq_handler
                0x10001800       0x88 CMakeFiles/WaveformGenerator.dir/C_/VSARM/sdk/pico/pico-sdk/src/rp2_common/hardware_timer/timer.c.obj
 .text.hardware_alarm_claim
                0x10001888       0x18 CMakeFiles/WaveformGenerator.dir/C_/VSARM/sdk/pico/pico-sdk/src/rp2_common/hardware_timer/timer.c.obj
                0x10001888                hardware_alarm_claim
 .text.time_us_64
                0x100018a0       0x18 CMakeFiles/WaveformGenerator.dir/C_/VSARM/sdk/pico/pico-sdk/src/rp2_common/hardware_timer/timer.c.obj
                0x100018a0                time_us_64
 .text.hardware_alarm_set_callback
                0x100018b8       0x90 CMakeFiles/WaveformGenerator.dir/C_/VSARM/sdk/pico/pico-sdk/src/rp2_common/hardware_timer/timer.c.obj
                0x100018b8                hardware_alarm_set_callback
 .text.hardware_alarm_set_target
                0x10001948       0xe8 CMakeFiles/WaveformGenerator.dir/C_/VSARM/sdk/pico/pico-sdk/src/rp2_common/hardware_timer/timer.c.obj
                0x10001948                hardware_alarm_set_target
 .text.hardware_alarm_cancel
                0x10001a30       0x40 CMakeFiles/WaveformGenerator.dir/C_/VSARM/sdk/pico/pico-sdk/src/rp2_common/hardware_timer/timer.c.obj
                0x10001a30                hardware_alarm_cancel
 .text.ph_add_child_node
                0x10001a70       0xa0 CMakeFiles/WaveformGenerator.dir/C_/VSARM/sdk/pico/pico-sdk/src/common/pico_util/pheap.c.obj
 .text.ph_merge_nodes
                0x10001b10       0x3e CMakeFiles/WaveformGenerator.dir/C_/VSARM/sdk/pico/pico-sdk/src/common/pico_util/pheap.c.obj
 *fill*         0x10001b4e        0x2 
 .text.ph_clear
                0x10001b50       0x70 CMakeFiles/WaveformGenerator.dir/C_/VSARM/sdk/pico/pico-sdk/src/common/pico_util/pheap.c.obj
                0x10001b50                ph_clear
 .text.ph_post_alloc_init
                0x10001bc0        0xe CMakeFiles/WaveformGenerator.dir/C_/VSARM/sdk/pico/pico-sdk/src/common/pico_util/pheap.c.obj
                0x10001bc0                ph_post_alloc_init
 *fill*         0x10001bce        0x2 
 .text.ph_merge_two_pass
                0x10001bd0       0xa4 CMakeFiles/WaveformGenerator.dir/C_/VSARM/sdk/pico/pico-sdk/src/common/pico_util/pheap.c.obj
                0x10001bd0                ph_merge_two_pass
 .text.ph_remove_any_head
                0x10001c74      0x104 CMakeFiles/WaveformGenerator.dir/C_/VSARM/sdk/pico/pico-sdk/src/common/pico_util/pheap.c.obj
 .text.ph_remove_head
                0x10001d78       0x14 CMakeFiles/WaveformGenerator.dir/C_/VSARM/sdk/pico/pico-sdk/src/common/pico_util/pheap.c.obj
                0x10001d78                ph_remove_head
 .text.ph_remove_and_free_node
                0x10001d8c       0xf8 CMakeFiles/WaveformGenerator.dir/C_/VSARM/sdk/pico/pico-sdk/src/common/pico_util/pheap.c.obj
                0x10001d8c                ph_remove_and_free_node
 .text.mutex_init
                0x10001e84       0x1a CMakeFiles/WaveformGenerator.dir/C_/VSARM/sdk/pico/pico-sdk/src/common/pico_sync/mutex.c.obj
                0x10001e84                mutex_init
 .text.recursive_mutex_init
                0x10001e9e       0x1e CMakeFiles/WaveformGenerator.dir/C_/VSARM/sdk/pico/pico-sdk/src/common/pico_sync/mutex.c.obj
                0x10001e9e                recursive_mutex_init
 .text.critical_section_init_with_lock_num
                0x10001ebc       0x14 CMakeFiles/WaveformGenerator.dir/C_/VSARM/sdk/pico/pico-sdk/src/common/pico_sync/critical_section.c.obj
                0x10001ebc                critical_section_init_with_lock_num
 .text.critical_section_init
                0x10001ed0       0x14 CMakeFiles/WaveformGenerator.dir/C_/VSARM/sdk/pico/pico-sdk/src/common/pico_sync/critical_section.c.obj
                0x10001ed0                critical_section_init
 .text._exit    0x10001ee4        0x4 CMakeFiles/WaveformGenerator.dir/C_/VSARM/sdk/pico/pico-sdk/src/rp2_common/pico_runtime/runtime.c.obj
                0x10001ee4                _exit
 .text.exit     0x10001ee8        0x6 CMakeFiles/WaveformGenerator.dir/C_/VSARM/sdk/pico/pico-sdk/src/rp2_common/pico_runtime/runtime.c.obj
                0x10001ee8                exit
 *fill*         0x10001eee        0x2 
 .text.__assert_func
                0x10001ef0       0x3c CMakeFiles/WaveformGenerator.dir/C_/VSARM/sdk/pico/pico-sdk/src/rp2_common/pico_runtime/runtime.c.obj
                0x10001ef0                __assert_func
 .text.runtime_init
                0x10001f2c       0xf8 CMakeFiles/WaveformGenerator.dir/C_/VSARM/sdk/pico/pico-sdk/src/rp2_common/pico_runtime/runtime.c.obj
                0x10001f2c                runtime_init
 .text.panic    0x10002024       0x30 CMakeFiles/WaveformGenerator.dir/C_/VSARM/sdk/pico/pico-sdk/src/rp2_common/pico_runtime/runtime.c.obj
                0x10002024                panic
 .text.clock_configure
                0x10002054      0x104 CMakeFiles/WaveformGenerator.dir/C_/VSARM/sdk/pico/pico-sdk/src/rp2_common/hardware_clocks/clocks.c.obj
                0x10002054                clock_configure
 .text.clocks_init
                0x10002158      0x100 CMakeFiles/WaveformGenerator.dir/C_/VSARM/sdk/pico/pico-sdk/src/rp2_common/hardware_clocks/clocks.c.obj
                0x10002158                clocks_init
 .text.clock_get_hz
                0x10002258        0xc CMakeFiles/WaveformGenerator.dir/C_/VSARM/sdk/pico/pico-sdk/src/rp2_common/hardware_clocks/clocks.c.obj
                0x10002258                clock_get_hz
 .text.pll_init
                0x10002264      0x140 CMakeFiles/WaveformGenerator.dir/C_/VSARM/sdk/pico/pico-sdk/src/rp2_common/hardware_pll/pll.c.obj
                0x10002264                pll_init
 .text.watchdog_start_tick
                0x100023a4       0x10 CMakeFiles/WaveformGenerator.dir/C_/VSARM/sdk/pico/pico-sdk/src/rp2_common/hardware_watchdog/watchdog.c.obj
                0x100023a4                watchdog_start_tick
 .text.watchdog_update
                0x100023b4       0x14 CMakeFiles/WaveformGenerator.dir/C_/VSARM/sdk/pico/pico-sdk/src/rp2_common/hardware_watchdog/watchdog.c.obj
                0x100023b4                watchdog_update
 .text._watchdog_enable
                0x100023c8       0x78 CMakeFiles/WaveformGenerator.dir/C_/VSARM/sdk/pico/pico-sdk/src/rp2_common/hardware_watchdog/watchdog.c.obj
                0x100023c8                _watchdog_enable
 .text.watchdog_reboot
                0x10002440       0x48 CMakeFiles/WaveformGenerator.dir/C_/VSARM/sdk/pico/pico-sdk/src/rp2_common/hardware_watchdog/watchdog.c.obj
                0x10002440                watchdog_reboot
 .text.xosc_init
                0x10002488       0x28 CMakeFiles/WaveformGenerator.dir/C_/VSARM/sdk/pico/pico-sdk/src/rp2_common/hardware_xosc/xosc.c.obj
                0x10002488                xosc_init
 .text._out_null
                0x100024b0        0x2 CMakeFiles/WaveformGenerator.dir/C_/VSARM/sdk/pico/pico-sdk/src/rp2_common/pico_printf/printf.c.obj
 .text._out_fct
                0x100024b2        0xe CMakeFiles/WaveformGenerator.dir/C_/VSARM/sdk/pico/pico-sdk/src/rp2_common/pico_printf/printf.c.obj
 .text._atoi    0x100024c0       0x24 CMakeFiles/WaveformGenerator.dir/C_/VSARM/sdk/pico/pico-sdk/src/rp2_common/pico_printf/printf.c.obj
 .text._out_rev
                0x100024e4       0xae CMakeFiles/WaveformGenerator.dir/C_/VSARM/sdk/pico/pico-sdk/src/rp2_common/pico_printf/printf.c.obj
 .text._ntoa_format
                0x10002592      0x112 CMakeFiles/WaveformGenerator.dir/C_/VSARM/sdk/pico/pico-sdk/src/rp2_common/pico_printf/printf.c.obj
 .text._ntoa_long
                0x100026a4       0xbc CMakeFiles/WaveformGenerator.dir/C_/VSARM/sdk/pico/pico-sdk/src/rp2_common/pico_printf/printf.c.obj
 .text._ntoa_long_long
                0x10002760       0xe2 CMakeFiles/WaveformGenerator.dir/C_/VSARM/sdk/pico/pico-sdk/src/rp2_common/pico_printf/printf.c.obj
 *fill*         0x10002842        0x2 
 .text._etoa    0x10002844      0x414 CMakeFiles/WaveformGenerator.dir/C_/VSARM/sdk/pico/pico-sdk/src/rp2_common/pico_printf/printf.c.obj
 .text._ftoa    0x10002c58      0x354 CMakeFiles/WaveformGenerator.dir/C_/VSARM/sdk/pico/pico-sdk/src/rp2_common/pico_printf/printf.c.obj
 .text._vsnprintf
                0x10002fac      0x650 CMakeFiles/WaveformGenerator.dir/C_/VSARM/sdk/pico/pico-sdk/src/rp2_common/pico_printf/printf.c.obj
 .text.vfctprintf
                0x100035fc       0x20 CMakeFiles/WaveformGenerator.dir/C_/VSARM/sdk/pico/pico-sdk/src/rp2_common/pico_printf/printf.c.obj
                0x100035fc                vfctprintf
 .text          0x1000361c       0x10 CMakeFiles/WaveformGenerator.dir/C_/VSARM/sdk/pico/pico-sdk/src/rp2_common/pico_bit_ops/bit_ops_aeabi.S.obj
 .text.rom_func_lookup
                0x1000362c       0x10 CMakeFiles/WaveformGenerator.dir/C_/VSARM/sdk/pico/pico-sdk/src/rp2_common/pico_bootrom/bootrom.c.obj
                0x1000362c                rom_func_lookup
 .text.rom_data_lookup
                0x1000363c       0x10 CMakeFiles/WaveformGenerator.dir/C_/VSARM/sdk/pico/pico-sdk/src/rp2_common/pico_bootrom/bootrom.c.obj
                0x1000363c                rom_data_lookup
 .text.rom_funcs_lookup
                0x1000364c       0x36 CMakeFiles/WaveformGenerator.dir/C_/VSARM/sdk/pico/pico-sdk/src/rp2_common/pico_bootrom/bootrom.c.obj
                0x1000364c                rom_funcs_lookup
 *fill*         0x10003682        0x2 
 .text.__wrap___aeabi_idiv
                0x10003684       0x50 CMakeFiles/WaveformGenerator.dir/C_/VSARM/sdk/pico/pico-sdk/src/rp2_common/pico_divider/divider.S.obj
                0x10003684                __wrap___aeabi_idivmod
                0x10003684                divmod_s32s32
                0x10003684                div_s32s32
                0x10003684                __wrap___aeabi_idiv
                0x1000368c                divmod_s32s32_unsafe
                0x100036b8                divmod_s32s32_savestate
 .text.__wrap___aeabi_uidiv
                0x100036d4       0x4c CMakeFiles/WaveformGenerator.dir/C_/VSARM/sdk/pico/pico-sdk/src/rp2_common/pico_divider/divider.S.obj
                0x100036d4                __wrap___aeabi_uidiv
                0x100036d4                __wrap___aeabi_uidivmod
                0x100036d4                div_u32u32
                0x100036d4                divmod_u32u32
                0x100036dc                divmod_u32u32_unsafe
                0x10003704                divmod_u32u32_savestate
 .text.__wrap___aeabi_ldiv
                0x10003720      0x434 CMakeFiles/WaveformGenerator.dir/C_/VSARM/sdk/pico/pico-sdk/src/rp2_common/pico_divider/divider.S.obj
                0x10003720                div_s64s64
                0x10003720                divmod_s64s64
                0x10003720                __wrap___aeabi_ldivmod
                0x10003758                divmod_u64u64
                0x10003758                div_u64u64
                0x10003758                __wrap___aeabi_uldivmod
                0x10003768                divmod_u64u64_savestate
                0x10003790                divmod_s64s64_unsafe
                0x10003818                divmod_u64u64_unsafe
 .text.__wrap___aeabi_darithmetic
                0x10003b54       0x80 CMakeFiles/WaveformGenerator.dir/C_/VSARM/sdk/pico/pico-sdk/src/rp2_common/pico_double/double_aeabi.S.obj
                0x10003b54                __wrap___aeabi_drsub
                0x10003b5a                __wrap___aeabi_dsub
                0x10003b6c                __wrap___aeabi_dadd
                0x10003b7e                __wrap___aeabi_ddiv
                0x10003bba                __wrap___aeabi_dmul
 .text.__wrap___aeabi_cdcmple
                0x10003bd4       0x6c CMakeFiles/WaveformGenerator.dir/C_/VSARM/sdk/pico/pico-sdk/src/rp2_common/pico_double/double_aeabi.S.obj
                0x10003bd4                __wrap___aeabi_cdrcmple
                0x10003be4                __wrap___aeabi_cdcmpeq
                0x10003be4                __wrap___aeabi_cdcmple
 .text.__wrap___aeabi_dcmplt
                0x10003c40        0xc CMakeFiles/WaveformGenerator.dir/C_/VSARM/sdk/pico/pico-sdk/src/rp2_common/pico_double/double_aeabi.S.obj
                0x10003c40                __wrap___aeabi_dcmplt
 .text.__wrap___aeabi_dcmple
                0x10003c4c       0x10 CMakeFiles/WaveformGenerator.dir/C_/VSARM/sdk/pico/pico-sdk/src/rp2_common/pico_double/double_aeabi.S.obj
                0x10003c4c                __wrap___aeabi_dcmple
 .text.__wrap___aeabi_dcmpge
                0x10003c5c       0x10 CMakeFiles/WaveformGenerator.dir/C_/VSARM/sdk/pico/pico-sdk/src/rp2_common/pico_double/double_aeabi.S.obj
                0x10003c5c                __wrap___aeabi_dcmpge
 .text.__wrap___aeabi_dcmpgt
                0x10003c6c        0xa CMakeFiles/WaveformGenerator.dir/C_/VSARM/sdk/pico/pico-sdk/src/rp2_common/pico_double/double_aeabi.S.obj
                0x10003c6c                __wrap___aeabi_dcmpgt
 .text.__wrap___aeabi_dcmpun
                0x10003c76       0x1c CMakeFiles/WaveformGenerator.dir/C_/VSARM/sdk/pico/pico-sdk/src/rp2_common/pico_double/double_aeabi.S.obj
                0x10003c76                __wrap___aeabi_dcmpun
 *fill*         0x10003c92        0x2 
 .text.__wrap___aeabi_i2d
                0x10003c94       0x38 CMakeFiles/WaveformGenerator.dir/C_/VSARM/sdk/pico/pico-sdk/src/rp2_common/pico_double/double_aeabi.S.obj
                0x10003c94                __wrap___aeabi_ui2d
                0x10003c9c                __wrap___aeabi_i2d
 .text.__wrap___aeabi_d2iz
                0x10003ccc       0x48 CMakeFiles/WaveformGenerator.dir/C_/VSARM/sdk/pico/pico-sdk/src/rp2_common/pico_double/double_aeabi.S.obj
                0x10003ccc                double2int_z
                0x10003ccc                __wrap___aeabi_d2iz
 .text.__wrap___aeabi_d2uiz
                0x10003d14       0x18 CMakeFiles/WaveformGenerator.dir/C_/VSARM/sdk/pico/pico-sdk/src/rp2_common/pico_double/double_aeabi.S.obj
                0x10003d14                __wrap___aeabi_d2uiz
                0x10003d14                double2uint
 .text.__aeabi_double_init
                0x10003d2c       0xc8 CMakeFiles/WaveformGenerator.dir/C_/VSARM/sdk/pico/pico-sdk/src/rp2_common/pico_double/double_init_rom.c.obj
                0x10003d2c                __aeabi_double_init
 .text.double_table_shim_on_use_helper
                0x10003df4       0x34 CMakeFiles/WaveformGenerator.dir/C_/VSARM/sdk/pico/pico-sdk/src/rp2_common/pico_double/double_v1_rom_shim.S.obj
                0x10003df4                double_table_shim_on_use_helper
 .text.__wrap___aeabi_dsub
                0x10003e28       0x10 CMakeFiles/WaveformGenerator.dir/C_/VSARM/sdk/pico/pico-sdk/src/rp2_common/pico_double/double_v1_rom_shim.S.obj
                0x10003e28                drsub_shim
                0x10003e2e                dsub_shim
 .text.dadd_shim
                0x10003e38      0x15c CMakeFiles/WaveformGenerator.dir/C_/VSARM/sdk/pico/pico-sdk/src/rp2_common/pico_double/double_v1_rom_shim.S.obj
                0x10003e38                dadd_shim
 .text.dmul_shim
                0x10003f94      0x15c CMakeFiles/WaveformGenerator.dir/C_/VSARM/sdk/pico/pico-sdk/src/rp2_common/pico_double/double_v1_rom_shim.S.obj
                0x10003f94                dmul_shim
 .text.ddiv_shim
                0x100040f0      0x1b0 CMakeFiles/WaveformGenerator.dir/C_/VSARM/sdk/pico/pico-sdk/src/rp2_common/pico_double/double_v1_rom_shim.S.obj
                0x100040f0                ddiv_shim
 .text.double2uint_shim
                0x100042a0        0xe CMakeFiles/WaveformGenerator.dir/C_/VSARM/sdk/pico/pico-sdk/src/rp2_common/pico_double/double_v1_rom_shim.S.obj
                0x100042a0                double2uint_shim
                0x100042a2                double2ufix_shim
 *fill*         0x100042ae        0x2 
 .text.double2uint64_shim
                0x100042b0       0x70 CMakeFiles/WaveformGenerator.dir/C_/VSARM/sdk/pico/pico-sdk/src/rp2_common/pico_double/double_v1_rom_shim.S.obj
                0x100042b0                double2uint64_shim
                0x100042b2                double2ufix64_shim
                0x100042d2                d2fix_a
 .text.dunpacks
                0x10004320       0x3c CMakeFiles/WaveformGenerator.dir/C_/VSARM/sdk/pico/pico-sdk/src/rp2_common/pico_double/double_v1_rom_shim.S.obj
                0x10004320                dunpacks
 .text.__aeabi_lmul
                0x1000435c       0x32 CMakeFiles/WaveformGenerator.dir/C_/VSARM/sdk/pico/pico-sdk/src/rp2_common/pico_int64_ops/pico_int64_ops_aeabi.S.obj
                0x1000435c                __wrap___aeabi_lmul
 *fill*         0x1000438e        0x2 
 .text.__wrap___aeabi_farithmetic
                0x10004390       0x58 CMakeFiles/WaveformGenerator.dir/C_/VSARM/sdk/pico/pico-sdk/src/rp2_common/pico_float/float_aeabi.S.obj
                0x10004390                __wrap___aeabi_frsub
                0x10004396                __wrap___aeabi_fsub
                0x100043a0                __wrap___aeabi_fadd
                0x100043aa                __wrap___aeabi_fdiv
                0x100043d6                __wrap___aeabi_fmul
 .text.__wrap___aeabi_ui2f
                0x100043e8        0xa CMakeFiles/WaveformGenerator.dir/C_/VSARM/sdk/pico/pico-sdk/src/rp2_common/pico_float/float_aeabi.S.obj
                0x100043e8                __wrap___aeabi_ui2f
 *fill*         0x100043f2        0x2 
 .text.__wrap___aeabi_i2f
                0x100043f4       0x44 CMakeFiles/WaveformGenerator.dir/C_/VSARM/sdk/pico/pico-sdk/src/rp2_common/pico_float/float_aeabi.S.obj
                0x100043f4                __wrap___aeabi_i2f
 .text.__wrap___aeabi_f2uiz
                0x10004438       0x10 CMakeFiles/WaveformGenerator.dir/C_/VSARM/sdk/pico/pico-sdk/src/rp2_common/pico_float/float_aeabi.S.obj
                0x10004438                __wrap___aeabi_f2uiz
 .text.__aeabi_float_init
                0x10004448       0xfc CMakeFiles/WaveformGenerator.dir/C_/VSARM/sdk/pico/pico-sdk/src/rp2_common/pico_float/float_init_rom.c.obj
                0x10004448                __aeabi_float_init
 .text.float_table_shim_on_use_helper
                0x10004544       0x34 CMakeFiles/WaveformGenerator.dir/C_/VSARM/sdk/pico/pico-sdk/src/rp2_common/pico_float/float_v1_rom_shim.S.obj
                0x10004544                float_table_shim_on_use_helper
 .text          0x10004578       0x10 CMakeFiles/WaveformGenerator.dir/C_/VSARM/sdk/pico/pico-sdk/src/rp2_common/pico_mem_ops/mem_ops_aeabi.S.obj
                0x10004578                __aeabi_mem_init
 .text.memset   0x10004588        0xc CMakeFiles/WaveformGenerator.dir/C_/VSARM/sdk/pico/pico-sdk/src/rp2_common/pico_mem_ops/mem_ops_aeabi.S.obj
                0x10004588                __wrap_memset
 .text.memcpy   0x10004594        0xc CMakeFiles/WaveformGenerator.dir/C_/VSARM/sdk/pico/pico-sdk/src/rp2_common/pico_mem_ops/mem_ops_aeabi.S.obj
                0x10004594                __wrap_memcpy
                0x10004594                __wrap___aeabi_memcpy
 .text.stdio_out_chars_no_crlf
                0x100045a0        0xe CMakeFiles/WaveformGenerator.dir/C_/VSARM/sdk/pico/pico-sdk/src/rp2_common/pico_stdio/stdio.c.obj
 *fill*         0x100045ae        0x2 
 .text.stdio_out_chars_crlf
                0x100045b0       0x80 CMakeFiles/WaveformGenerator.dir/C_/VSARM/sdk/pico/pico-sdk/src/rp2_common/pico_stdio/stdio.c.obj
 .text.stdio_stack_buffer_flush
                0x10004630       0x44 CMakeFiles/WaveformGenerator.dir/C_/VSARM/sdk/pico/pico-sdk/src/rp2_common/pico_stdio/stdio.c.obj
 .text.stdio_buffered_printer
                0x10004674       0x20 CMakeFiles/WaveformGenerator.dir/C_/VSARM/sdk/pico/pico-sdk/src/rp2_common/pico_stdio/stdio.c.obj
 .text.stdout_serialize_begin
                0x10004694       0x30 CMakeFiles/WaveformGenerator.dir/C_/VSARM/sdk/pico/pico-sdk/src/rp2_common/pico_stdio/stdio.c.obj
                0x10004694                stdout_serialize_begin
 .text.stdout_serialize_end
                0x100046c4       0x10 CMakeFiles/WaveformGenerator.dir/C_/VSARM/sdk/pico/pico-sdk/src/rp2_common/pico_stdio/stdio.c.obj
                0x100046c4                stdout_serialize_end
 .text.stdio_put_string
                0x100046d4       0x98 CMakeFiles/WaveformGenerator.dir/C_/VSARM/sdk/pico/pico-sdk/src/rp2_common/pico_stdio/stdio.c.obj
 .text.stdio_set_driver_enabled
                0x1000476c       0x2c CMakeFiles/WaveformGenerator.dir/C_/VSARM/sdk/pico/pico-sdk/src/rp2_common/pico_stdio/stdio.c.obj
                0x1000476c                stdio_set_driver_enabled
 .text.stdio_flush
                0x10004798       0x20 CMakeFiles/WaveformGenerator.dir/C_/VSARM/sdk/pico/pico-sdk/src/rp2_common/pico_stdio/stdio.c.obj
                0x10004798                stdio_flush
 .text.__wrap_puts
                0x100047b8       0x1e CMakeFiles/WaveformGenerator.dir/C_/VSARM/sdk/pico/pico-sdk/src/rp2_common/pico_stdio/stdio.c.obj
                0x100047b8                __wrap_puts
 *fill*         0x100047d6        0x2 
 .text.__wrap_vprintf
                0x100047d8       0x44 CMakeFiles/WaveformGenerator.dir/C_/VSARM/sdk/pico/pico-sdk/src/rp2_common/pico_stdio/stdio.c.obj
                0x100047d8                __wrap_vprintf
 .text.__wrap_printf
                0x1000481c       0x18 CMakeFiles/WaveformGenerator.dir/C_/VSARM/sdk/pico/pico-sdk/src/rp2_common/pico_stdio/stdio.c.obj
                0x1000481c                __wrap_printf
 .text.stdio_init_all
                0x10004834        0x8 CMakeFiles/WaveformGenerator.dir/C_/VSARM/sdk/pico/pico-sdk/src/rp2_common/pico_stdio/stdio.c.obj
                0x10004834                stdio_init_all
 .text.resetd_init
                0x1000483c        0x2 CMakeFiles/WaveformGenerator.dir/C_/VSARM/sdk/pico/pico-sdk/src/rp2_common/pico_stdio_usb/reset_interface.c.obj
 *fill*         0x1000483e        0x2 
 .text.resetd_reset
                0x10004840        0xc CMakeFiles/WaveformGenerator.dir/C_/VSARM/sdk/pico/pico-sdk/src/rp2_common/pico_stdio_usb/reset_interface.c.obj
 .text.resetd_open
                0x1000484c       0x34 CMakeFiles/WaveformGenerator.dir/C_/VSARM/sdk/pico/pico-sdk/src/rp2_common/pico_stdio_usb/reset_interface.c.obj
 .text.resetd_xfer_cb
                0x10004880        0x4 CMakeFiles/WaveformGenerator.dir/C_/VSARM/sdk/pico/pico-sdk/src/rp2_common/pico_stdio_usb/reset_interface.c.obj
 .text.reset_usb_boot
                0x10004884       0x18 CMakeFiles/WaveformGenerator.dir/C_/VSARM/sdk/pico/pico-sdk/src/rp2_common/pico_stdio_usb/reset_interface.c.obj
 .text.resetd_control_xfer_cb
                0x1000489c       0x5c CMakeFiles/WaveformGenerator.dir/C_/VSARM/sdk/pico/pico-sdk/src/rp2_common/pico_stdio_usb/reset_interface.c.obj
 .text.usbd_app_driver_get_cb
                0x100048f8        0xc CMakeFiles/WaveformGenerator.dir/C_/VSARM/sdk/pico/pico-sdk/src/rp2_common/pico_stdio_usb/reset_interface.c.obj
                0x100048f8                usbd_app_driver_get_cb
 .text.tud_cdc_line_coding_cb
                0x10004904       0x28 CMakeFiles/WaveformGenerator.dir/C_/VSARM/sdk/pico/pico-sdk/src/rp2_common/pico_stdio_usb/reset_interface.c.obj
                0x10004904                tud_cdc_line_coding_cb
 .text.stdio_usb_in_chars
                0x1000492c       0x70 CMakeFiles/WaveformGenerator.dir/C_/VSARM/sdk/pico/pico-sdk/src/rp2_common/pico_stdio_usb/stdio_usb.c.obj
                0x1000492c                stdio_usb_in_chars
 .text.low_priority_worker_irq
                0x1000499c       0x20 CMakeFiles/WaveformGenerator.dir/C_/VSARM/sdk/pico/pico-sdk/src/rp2_common/pico_stdio_usb/stdio_usb.c.obj
 .text.stdio_usb_out_chars
                0x100049bc       0xd4 CMakeFiles/WaveformGenerator.dir/C_/VSARM/sdk/pico/pico-sdk/src/rp2_common/pico_stdio_usb/stdio_usb.c.obj
 .text.timer_task
                0x10004a90       0x40 CMakeFiles/WaveformGenerator.dir/C_/VSARM/sdk/pico/pico-sdk/src/rp2_common/pico_stdio_usb/stdio_usb.c.obj
 .text.usb_irq  0x10004ad0       0x10 CMakeFiles/WaveformGenerator.dir/C_/VSARM/sdk/pico/pico-sdk/src/rp2_common/pico_stdio_usb/stdio_usb.c.obj
 .text.stdio_usb_init
                0x10004ae0       0xec CMakeFiles/WaveformGenerator.dir/C_/VSARM/sdk/pico/pico-sdk/src/rp2_common/pico_stdio_usb/stdio_usb.c.obj
                0x10004ae0                stdio_usb_init
 .text.tud_descriptor_device_cb
                0x10004bcc        0x8 CMakeFiles/WaveformGenerator.dir/C_/VSARM/sdk/pico/pico-sdk/src/rp2_common/pico_stdio_usb/stdio_usb_descriptors.c.obj
                0x10004bcc                tud_descriptor_device_cb
 .text.tud_descriptor_configuration_cb
                0x10004bd4        0x8 CMakeFiles/WaveformGenerator.dir/C_/VSARM/sdk/pico/pico-sdk/src/rp2_common/pico_stdio_usb/stdio_usb_descriptors.c.obj
                0x10004bd4                tud_descriptor_configuration_cb
 .text.tud_descriptor_string_cb
                0x10004bdc       0x6c CMakeFiles/WaveformGenerator.dir/C_/VSARM/sdk/pico/pico-sdk/src/rp2_common/pico_stdio_usb/stdio_usb_descriptors.c.obj
                0x10004bdc                tud_descriptor_string_cb
 .text.hw_endpoint_get_by_addr
                0x10004c48       0x18 CMakeFiles/WaveformGenerator.dir/C_/VSARM/sdk/pico/pico-sdk/lib/tinyusb/src/portable/raspberrypi/rp2040/dcd_rp2040.c.obj
 .text.reset_ep0_pid
                0x10004c60       0x28 CMakeFiles/WaveformGenerator.dir/C_/VSARM/sdk/pico/pico-sdk/lib/tinyusb/src/portable/raspberrypi/rp2040/dcd_rp2040.c.obj
 .text._hw_endpoint_alloc
                0x10004c88       0x70 CMakeFiles/WaveformGenerator.dir/C_/VSARM/sdk/pico/pico-sdk/lib/tinyusb/src/portable/raspberrypi/rp2040/dcd_rp2040.c.obj
 .text.hw_endpoint_init
                0x10004cf8       0x88 CMakeFiles/WaveformGenerator.dir/C_/VSARM/sdk/pico/pico-sdk/lib/tinyusb/src/portable/raspberrypi/rp2040/dcd_rp2040.c.obj
 .text.reset_non_control_endpoints
                0x10004d80       0x40 CMakeFiles/WaveformGenerator.dir/C_/VSARM/sdk/pico/pico-sdk/lib/tinyusb/src/portable/raspberrypi/rp2040/dcd_rp2040.c.obj
 .text.hw_handle_buff_status
                0x10004dc0       0x8c CMakeFiles/WaveformGenerator.dir/C_/VSARM/sdk/pico/pico-sdk/lib/tinyusb/src/portable/raspberrypi/rp2040/dcd_rp2040.c.obj
 .text.dcd_rp2040_irq
                0x10004e4c       0xc0 CMakeFiles/WaveformGenerator.dir/C_/VSARM/sdk/pico/pico-sdk/lib/tinyusb/src/portable/raspberrypi/rp2040/dcd_rp2040.c.obj
 .text.hw_endpoint_xfer
                0x10004f0c       0x14 CMakeFiles/WaveformGenerator.dir/C_/VSARM/sdk/pico/pico-sdk/lib/tinyusb/src/portable/raspberrypi/rp2040/dcd_rp2040.c.obj
 .text.dcd_int_enable
                0x10004f20       0x2c CMakeFiles/WaveformGenerator.dir/C_/VSARM/sdk/pico/pico-sdk/lib/tinyusb/src/portable/raspberrypi/rp2040/dcd_rp2040.c.obj
                0x10004f20                dcd_int_enable
 .text.dcd_set_address
                0x10004f4c       0x2c CMakeFiles/WaveformGenerator.dir/C_/VSARM/sdk/pico/pico-sdk/lib/tinyusb/src/portable/raspberrypi/rp2040/dcd_rp2040.c.obj
                0x10004f4c                dcd_set_address
 .text.dcd_connect
                0x10004f78       0x10 CMakeFiles/WaveformGenerator.dir/C_/VSARM/sdk/pico/pico-sdk/lib/tinyusb/src/portable/raspberrypi/rp2040/dcd_rp2040.c.obj
                0x10004f78                dcd_connect
 .text.dcd_init
                0x10004f88       0x7c CMakeFiles/WaveformGenerator.dir/C_/VSARM/sdk/pico/pico-sdk/lib/tinyusb/src/portable/raspberrypi/rp2040/dcd_rp2040.c.obj
                0x10004f88                dcd_init
 .text.dcd_edpt0_status_complete
                0x10005004       0x1c CMakeFiles/WaveformGenerator.dir/C_/VSARM/sdk/pico/pico-sdk/lib/tinyusb/src/portable/raspberrypi/rp2040/dcd_rp2040.c.obj
                0x10005004                dcd_edpt0_status_complete
 .text.dcd_edpt_open
                0x10005020       0x40 CMakeFiles/WaveformGenerator.dir/C_/VSARM/sdk/pico/pico-sdk/lib/tinyusb/src/portable/raspberrypi/rp2040/dcd_rp2040.c.obj
                0x10005020                dcd_edpt_open
 .text.dcd_edpt_close_all
                0x10005060        0x8 CMakeFiles/WaveformGenerator.dir/C_/VSARM/sdk/pico/pico-sdk/lib/tinyusb/src/portable/raspberrypi/rp2040/dcd_rp2040.c.obj
                0x10005060                dcd_edpt_close_all
 .text.dcd_edpt_xfer
                0x10005068       0x30 CMakeFiles/WaveformGenerator.dir/C_/VSARM/sdk/pico/pico-sdk/lib/tinyusb/src/portable/raspberrypi/rp2040/dcd_rp2040.c.obj
                0x10005068                dcd_edpt_xfer
 .text.dcd_edpt_stall
                0x10005098       0x2c CMakeFiles/WaveformGenerator.dir/C_/VSARM/sdk/pico/pico-sdk/lib/tinyusb/src/portable/raspberrypi/rp2040/dcd_rp2040.c.obj
                0x10005098                dcd_edpt_stall
 .text.dcd_edpt_clear_stall
                0x100050c4       0x20 CMakeFiles/WaveformGenerator.dir/C_/VSARM/sdk/pico/pico-sdk/lib/tinyusb/src/portable/raspberrypi/rp2040/dcd_rp2040.c.obj
                0x100050c4                dcd_edpt_clear_stall
 .text.prepare_ep_buffer
                0x100050e4       0x6c CMakeFiles/WaveformGenerator.dir/C_/VSARM/sdk/pico/pico-sdk/lib/tinyusb/src/portable/raspberrypi/rp2040/rp2040_usb.c.obj
 .text.sync_ep_buffer
                0x10005150       0x78 CMakeFiles/WaveformGenerator.dir/C_/VSARM/sdk/pico/pico-sdk/lib/tinyusb/src/portable/raspberrypi/rp2040/rp2040_usb.c.obj
 .text._hw_endpoint_xfer_sync
                0x100051c8       0x28 CMakeFiles/WaveformGenerator.dir/C_/VSARM/sdk/pico/pico-sdk/lib/tinyusb/src/portable/raspberrypi/rp2040/rp2040_usb.c.obj
 .text.rp2040_usb_init
                0x100051f0       0x4c CMakeFiles/WaveformGenerator.dir/C_/VSARM/sdk/pico/pico-sdk/lib/tinyusb/src/portable/raspberrypi/rp2040/rp2040_usb.c.obj
                0x100051f0                rp2040_usb_init
 .text.hw_endpoint_reset_transfer
                0x1000523c        0xc CMakeFiles/WaveformGenerator.dir/C_/VSARM/sdk/pico/pico-sdk/lib/tinyusb/src/portable/raspberrypi/rp2040/rp2040_usb.c.obj
                0x1000523c                hw_endpoint_reset_transfer
 .text._hw_endpoint_buffer_control_update32
                0x10005248       0x58 CMakeFiles/WaveformGenerator.dir/C_/VSARM/sdk/pico/pico-sdk/lib/tinyusb/src/portable/raspberrypi/rp2040/rp2040_usb.c.obj
                0x10005248                _hw_endpoint_buffer_control_update32
 .text._hw_endpoint_start_next_buffer
                0x100052a0       0x74 CMakeFiles/WaveformGenerator.dir/C_/VSARM/sdk/pico/pico-sdk/lib/tinyusb/src/portable/raspberrypi/rp2040/rp2040_usb.c.obj
 .text.hw_endpoint_xfer_start
                0x10005314       0x48 CMakeFiles/WaveformGenerator.dir/C_/VSARM/sdk/pico/pico-sdk/lib/tinyusb/src/portable/raspberrypi/rp2040/rp2040_usb.c.obj
                0x10005314                hw_endpoint_xfer_start
 .text.hw_endpoint_xfer_continue
                0x1000535c       0x38 CMakeFiles/WaveformGenerator.dir/C_/VSARM/sdk/pico/pico-sdk/lib/tinyusb/src/portable/raspberrypi/rp2040/rp2040_usb.c.obj
                0x1000535c                hw_endpoint_xfer_continue
 .text.configuration_reset
                0x10005394       0x84 CMakeFiles/WaveformGenerator.dir/C_/VSARM/sdk/pico/pico-sdk/lib/tinyusb/src/device/usbd.c.obj
 .text.usbd_reset
                0x10005418        0xc CMakeFiles/WaveformGenerator.dir/C_/VSARM/sdk/pico/pico-sdk/lib/tinyusb/src/device/usbd.c.obj
 .text.invoke_class_control
                0x10005424       0x1a CMakeFiles/WaveformGenerator.dir/C_/VSARM/sdk/pico/pico-sdk/lib/tinyusb/src/device/usbd.c.obj
 *fill*         0x1000543e        0x2 
 .text.process_set_config
                0x10005440      0x1b0 CMakeFiles/WaveformGenerator.dir/C_/VSARM/sdk/pico/pico-sdk/lib/tinyusb/src/device/usbd.c.obj
 .text.process_get_descriptor
                0x100055f0       0xec CMakeFiles/WaveformGenerator.dir/C_/VSARM/sdk/pico/pico-sdk/lib/tinyusb/src/device/usbd.c.obj
 .text.tud_mounted
                0x100056dc       0x10 CMakeFiles/WaveformGenerator.dir/C_/VSARM/sdk/pico/pico-sdk/lib/tinyusb/src/device/usbd.c.obj
                0x100056dc                tud_mounted
 .text.tud_suspended
                0x100056ec       0x10 CMakeFiles/WaveformGenerator.dir/C_/VSARM/sdk/pico/pico-sdk/lib/tinyusb/src/device/usbd.c.obj
                0x100056ec                tud_suspended
 .text.tud_inited
                0x100056fc        0xc CMakeFiles/WaveformGenerator.dir/C_/VSARM/sdk/pico/pico-sdk/lib/tinyusb/src/device/usbd.c.obj
                0x100056fc                tud_inited
 .text.tud_init
                0x10005708       0xcc CMakeFiles/WaveformGenerator.dir/C_/VSARM/sdk/pico/pico-sdk/lib/tinyusb/src/device/usbd.c.obj
                0x10005708                tud_init
 .text.dcd_event_handler
                0x100057d4      0x1e0 CMakeFiles/WaveformGenerator.dir/C_/VSARM/sdk/pico/pico-sdk/lib/tinyusb/src/device/usbd.c.obj
                0x100057d4                dcd_event_handler
 .text.dcd_event_bus_signal
                0x100059b4       0x26 CMakeFiles/WaveformGenerator.dir/C_/VSARM/sdk/pico/pico-sdk/lib/tinyusb/src/device/usbd.c.obj
                0x100059b4                dcd_event_bus_signal
 .text.dcd_event_bus_reset
                0x100059da       0x2a CMakeFiles/WaveformGenerator.dir/C_/VSARM/sdk/pico/pico-sdk/lib/tinyusb/src/device/usbd.c.obj
                0x100059da                dcd_event_bus_reset
 .text.dcd_event_setup_received
                0x10005a04       0x34 CMakeFiles/WaveformGenerator.dir/C_/VSARM/sdk/pico/pico-sdk/lib/tinyusb/src/device/usbd.c.obj
                0x10005a04                dcd_event_setup_received
 .text.dcd_event_xfer_complete
                0x10005a38       0x44 CMakeFiles/WaveformGenerator.dir/C_/VSARM/sdk/pico/pico-sdk/lib/tinyusb/src/device/usbd.c.obj
                0x10005a38                dcd_event_xfer_complete
 .text.usbd_edpt_open
                0x10005a7c       0x58 CMakeFiles/WaveformGenerator.dir/C_/VSARM/sdk/pico/pico-sdk/lib/tinyusb/src/device/usbd.c.obj
                0x10005a7c                usbd_edpt_open
 .text.usbd_open_edpt_pair
                0x10005ad4       0x8c CMakeFiles/WaveformGenerator.dir/C_/VSARM/sdk/pico/pico-sdk/lib/tinyusb/src/device/usbd.c.obj
                0x10005ad4                usbd_open_edpt_pair
 .text.usbd_edpt_claim
                0x10005b60       0x8c CMakeFiles/WaveformGenerator.dir/C_/VSARM/sdk/pico/pico-sdk/lib/tinyusb/src/device/usbd.c.obj
                0x10005b60                usbd_edpt_claim
 .text.usbd_edpt_release
                0x10005bec       0x68 CMakeFiles/WaveformGenerator.dir/C_/VSARM/sdk/pico/pico-sdk/lib/tinyusb/src/device/usbd.c.obj
                0x10005bec                usbd_edpt_release
 .text.usbd_edpt_xfer
                0x10005c54       0x84 CMakeFiles/WaveformGenerator.dir/C_/VSARM/sdk/pico/pico-sdk/lib/tinyusb/src/device/usbd.c.obj
                0x10005c54                usbd_edpt_xfer
 .text.usbd_edpt_stall
                0x10005cd8       0x40 CMakeFiles/WaveformGenerator.dir/C_/VSARM/sdk/pico/pico-sdk/lib/tinyusb/src/device/usbd.c.obj
                0x10005cd8                usbd_edpt_stall
 .text.usbd_edpt_clear_stall
                0x10005d18       0x40 CMakeFiles/WaveformGenerator.dir/C_/VSARM/sdk/pico/pico-sdk/lib/tinyusb/src/device/usbd.c.obj
                0x10005d18                usbd_edpt_clear_stall
 .text.usbd_edpt_stalled
                0x10005d58       0x1c CMakeFiles/WaveformGenerator.dir/C_/VSARM/sdk/pico/pico-sdk/lib/tinyusb/src/device/usbd.c.obj
                0x10005d58                usbd_edpt_stalled
 .text.process_control_request
                0x10005d74      0x3b8 CMakeFiles/WaveformGenerator.dir/C_/VSARM/sdk/pico/pico-sdk/lib/tinyusb/src/device/usbd.c.obj
 .text.tud_task
                0x1000612c      0x218 CMakeFiles/WaveformGenerator.dir/C_/VSARM/sdk/pico/pico-sdk/lib/tinyusb/src/device/usbd.c.obj
                0x1000612c                tud_task
 .text._data_stage_xact
                0x10006344       0x58 CMakeFiles/WaveformGenerator.dir/C_/VSARM/sdk/pico/pico-sdk/lib/tinyusb/src/device/usbd_control.c.obj
 .text.tud_control_status
                0x1000639c       0x38 CMakeFiles/WaveformGenerator.dir/C_/VSARM/sdk/pico/pico-sdk/lib/tinyusb/src/device/usbd_control.c.obj
                0x1000639c                tud_control_status
 .text.tud_control_xfer
                0x100063d4       0xa8 CMakeFiles/WaveformGenerator.dir/C_/VSARM/sdk/pico/pico-sdk/lib/tinyusb/src/device/usbd_control.c.obj
                0x100063d4                tud_control_xfer
 .text.usbd_control_reset
                0x1000647c       0x14 CMakeFiles/WaveformGenerator.dir/C_/VSARM/sdk/pico/pico-sdk/lib/tinyusb/src/device/usbd_control.c.obj
                0x1000647c                usbd_control_reset
 .text.usbd_control_set_complete_callback
                0x10006490        0xc CMakeFiles/WaveformGenerator.dir/C_/VSARM/sdk/pico/pico-sdk/lib/tinyusb/src/device/usbd_control.c.obj
                0x10006490                usbd_control_set_complete_callback
 .text.usbd_control_set_request
                0x1000649c       0x1c CMakeFiles/WaveformGenerator.dir/C_/VSARM/sdk/pico/pico-sdk/lib/tinyusb/src/device/usbd_control.c.obj
                0x1000649c                usbd_control_set_request
 .text.usbd_control_xfer_cb
                0x100064b8       0xfc CMakeFiles/WaveformGenerator.dir/C_/VSARM/sdk/pico/pico-sdk/lib/tinyusb/src/device/usbd_control.c.obj
                0x100064b8                usbd_control_xfer_cb
 .text._prep_out_transaction
                0x100065b4       0x46 CMakeFiles/WaveformGenerator.dir/C_/VSARM/sdk/pico/pico-sdk/lib/tinyusb/src/class/cdc/cdc_device.c.obj
 *fill*         0x100065fa        0x2 
 .text.tud_cdc_n_connected
                0x100065fc       0x44 CMakeFiles/WaveformGenerator.dir/C_/VSARM/sdk/pico/pico-sdk/lib/tinyusb/src/class/cdc/cdc_device.c.obj
                0x100065fc                tud_cdc_n_connected
 .text.tud_cdc_n_available
                0x10006640       0x18 CMakeFiles/WaveformGenerator.dir/C_/VSARM/sdk/pico/pico-sdk/lib/tinyusb/src/class/cdc/cdc_device.c.obj
                0x10006640                tud_cdc_n_available
 .text.tud_cdc_n_read
                0x10006658       0x28 CMakeFiles/WaveformGenerator.dir/C_/VSARM/sdk/pico/pico-sdk/lib/tinyusb/src/class/cdc/cdc_device.c.obj
                0x10006658                tud_cdc_n_read
 .text.tud_cdc_n_write_flush
                0x10006680       0xcc CMakeFiles/WaveformGenerator.dir/C_/VSARM/sdk/pico/pico-sdk/lib/tinyusb/src/class/cdc/cdc_device.c.obj
                0x10006680                tud_cdc_n_write_flush
 .text.tud_cdc_n_write
                0x1000674c       0x38 CMakeFiles/WaveformGenerator.dir/C_/VSARM/sdk/pico/pico-sdk/lib/tinyusb/src/class/cdc/cdc_device.c.obj
                0x1000674c                tud_cdc_n_write
 .text.tud_cdc_n_write_available
                0x10006784       0x1c CMakeFiles/WaveformGenerator.dir/C_/VSARM/sdk/pico/pico-sdk/lib/tinyusb/src/class/cdc/cdc_device.c.obj
                0x10006784                tud_cdc_n_write_available
 .text.cdcd_init
                0x100067a0       0xbc CMakeFiles/WaveformGenerator.dir/C_/VSARM/sdk/pico/pico-sdk/lib/tinyusb/src/class/cdc/cdc_device.c.obj
                0x100067a0                cdcd_init
 .text.cdcd_reset
                0x1000685c       0x44 CMakeFiles/WaveformGenerator.dir/C_/VSARM/sdk/pico/pico-sdk/lib/tinyusb/src/class/cdc/cdc_device.c.obj
                0x1000685c                cdcd_reset
 .text.cdcd_open
                0x100068a0       0xf8 CMakeFiles/WaveformGenerator.dir/C_/VSARM/sdk/pico/pico-sdk/lib/tinyusb/src/class/cdc/cdc_device.c.obj
                0x100068a0                cdcd_open
 .text.cdcd_control_xfer_cb
                0x10006998      0x134 CMakeFiles/WaveformGenerator.dir/C_/VSARM/sdk/pico/pico-sdk/lib/tinyusb/src/class/cdc/cdc_device.c.obj
                0x10006998                cdcd_control_xfer_cb
 .text.cdcd_xfer_cb
                0x10006acc      0x144 CMakeFiles/WaveformGenerator.dir/C_/VSARM/sdk/pico/pico-sdk/lib/tinyusb/src/class/cdc/cdc_device.c.obj
                0x10006acc                cdcd_xfer_cb
 .text.tusb_init
                0x10006c10       0x24 CMakeFiles/WaveformGenerator.dir/C_/VSARM/sdk/pico/pico-sdk/lib/tinyusb/src/tusb.c.obj
                0x10006c10                tusb_init
 .text.tusb_inited
                0x10006c34        0xe CMakeFiles/WaveformGenerator.dir/C_/VSARM/sdk/pico/pico-sdk/lib/tinyusb/src/tusb.c.obj
                0x10006c34                tusb_inited
 *fill*         0x10006c42        0x2 
 .text.tu_edpt_validate
                0x10006c44       0xa8 CMakeFiles/WaveformGenerator.dir/C_/VSARM/sdk/pico/pico-sdk/lib/tinyusb/src/tusb.c.obj
                0x10006c44                tu_edpt_validate
 .text.tu_edpt_bind_driver
                0x10006cec       0x2a CMakeFiles/WaveformGenerator.dir/C_/VSARM/sdk/pico/pico-sdk/lib/tinyusb/src/tusb.c.obj
                0x10006cec                tu_edpt_bind_driver
 .text.advance_pointer
                0x10006d16       0x18 CMakeFiles/WaveformGenerator.dir/C_/VSARM/sdk/pico/pico-sdk/lib/tinyusb/src/common/tusb_fifo.c.obj
 .text.backward_pointer
                0x10006d2e       0x1e CMakeFiles/WaveformGenerator.dir/C_/VSARM/sdk/pico/pico-sdk/lib/tinyusb/src/common/tusb_fifo.c.obj
 .text.get_relative_pointer
                0x10006d4c       0x10 CMakeFiles/WaveformGenerator.dir/C_/VSARM/sdk/pico/pico-sdk/lib/tinyusb/src/common/tusb_fifo.c.obj
 .text._tu_fifo_peek
                0x10006d5c       0x50 CMakeFiles/WaveformGenerator.dir/C_/VSARM/sdk/pico/pico-sdk/lib/tinyusb/src/common/tusb_fifo.c.obj
 .text._ff_pull_const_addr
                0x10006dac       0x4c CMakeFiles/WaveformGenerator.dir/C_/VSARM/sdk/pico/pico-sdk/lib/tinyusb/src/common/tusb_fifo.c.obj
 .text._ff_pull_n
                0x10006df8      0x10c CMakeFiles/WaveformGenerator.dir/C_/VSARM/sdk/pico/pico-sdk/lib/tinyusb/src/common/tusb_fifo.c.obj
 .text._tu_fifo_peek_n
                0x10006f04       0x5e CMakeFiles/WaveformGenerator.dir/C_/VSARM/sdk/pico/pico-sdk/lib/tinyusb/src/common/tusb_fifo.c.obj
 .text._tu_fifo_read_n
                0x10006f62       0x4e CMakeFiles/WaveformGenerator.dir/C_/VSARM/sdk/pico/pico-sdk/lib/tinyusb/src/common/tusb_fifo.c.obj
 .text._ff_push_const_addr
                0x10006fb0       0x40 CMakeFiles/WaveformGenerator.dir/C_/VSARM/sdk/pico/pico-sdk/lib/tinyusb/src/common/tusb_fifo.c.obj
 .text._ff_push_n
                0x10006ff0      0x108 CMakeFiles/WaveformGenerator.dir/C_/VSARM/sdk/pico/pico-sdk/lib/tinyusb/src/common/tusb_fifo.c.obj
 .text._tu_fifo_write_n
                0x100070f8       0x9e CMakeFiles/WaveformGenerator.dir/C_/VSARM/sdk/pico/pico-sdk/lib/tinyusb/src/common/tusb_fifo.c.obj
 .text.tu_fifo_config
                0x10007196       0x72 CMakeFiles/WaveformGenerator.dir/C_/VSARM/sdk/pico/pico-sdk/lib/tinyusb/src/common/tusb_fifo.c.obj
                0x10007196                tu_fifo_config
 .text.tu_fifo_count
                0x10007208       0x26 CMakeFiles/WaveformGenerator.dir/C_/VSARM/sdk/pico/pico-sdk/lib/tinyusb/src/common/tusb_fifo.c.obj
                0x10007208                tu_fifo_count
 .text.tu_fifo_empty
                0x1000722e        0xe CMakeFiles/WaveformGenerator.dir/C_/VSARM/sdk/pico/pico-sdk/lib/tinyusb/src/common/tusb_fifo.c.obj
                0x1000722e                tu_fifo_empty
 .text.tu_fifo_remaining
                0x1000723c       0x20 CMakeFiles/WaveformGenerator.dir/C_/VSARM/sdk/pico/pico-sdk/lib/tinyusb/src/common/tusb_fifo.c.obj
                0x1000723c                tu_fifo_remaining
 .text.tu_fifo_read
                0x1000725c       0x42 CMakeFiles/WaveformGenerator.dir/C_/VSARM/sdk/pico/pico-sdk/lib/tinyusb/src/common/tusb_fifo.c.obj
                0x1000725c                tu_fifo_read
 .text.tu_fifo_read_n
                0x1000729e        0xa CMakeFiles/WaveformGenerator.dir/C_/VSARM/sdk/pico/pico-sdk/lib/tinyusb/src/common/tusb_fifo.c.obj
                0x1000729e                tu_fifo_read_n
 .text.tu_fifo_write
                0x100072a8       0x6a CMakeFiles/WaveformGenerator.dir/C_/VSARM/sdk/pico/pico-sdk/lib/tinyusb/src/common/tusb_fifo.c.obj
                0x100072a8                tu_fifo_write
 .text.tu_fifo_write_n
                0x10007312        0xa CMakeFiles/WaveformGenerator.dir/C_/VSARM/sdk/pico/pico-sdk/lib/tinyusb/src/common/tusb_fifo.c.obj
                0x10007312                tu_fifo_write_n
 .text.tu_fifo_clear
                0x1000731c       0x4c CMakeFiles/WaveformGenerator.dir/C_/VSARM/sdk/pico/pico-sdk/lib/tinyusb/src/common/tusb_fifo.c.obj
                0x1000731c                tu_fifo_clear
 .text.tu_fifo_set_overwritable
                0x10007368       0x3c CMakeFiles/WaveformGenerator.dir/C_/VSARM/sdk/pico/pico-sdk/lib/tinyusb/src/common/tusb_fifo.c.obj
                0x10007368                tu_fifo_set_overwritable
 .text._retrieve_unique_id_on_boot
                0x100073a4       0x10 CMakeFiles/WaveformGenerator.dir/C_/VSARM/sdk/pico/pico-sdk/src/rp2_common/pico_unique_id/unique_id.c.obj
 .text.pico_get_unique_board_id_string
                0x100073b4       0x5c CMakeFiles/WaveformGenerator.dir/C_/VSARM/sdk/pico/pico-sdk/src/rp2_common/pico_unique_id/unique_id.c.obj
                0x100073b4                pico_get_unique_board_id_string
 .text.flash_get_unique_id
                0x10007410       0x46 CMakeFiles/WaveformGenerator.dir/C_/VSARM/sdk/pico/pico-sdk/src/rp2_common/hardware_flash/flash.c.obj
                0x10007410                flash_get_unique_id
 *fill*         0x10007456        0x2 
 .text._pio_can_add_program_at_offset
                0x10007458       0x3c CMakeFiles/WaveformGenerator.dir/C_/VSARM/sdk/pico/pico-sdk/src/rp2_common/hardware_pio/pio.c.obj
 .text._pio_find_offset_for_program
                0x10007494       0x7c CMakeFiles/WaveformGenerator.dir/C_/VSARM/sdk/pico/pico-sdk/src/rp2_common/hardware_pio/pio.c.obj
 .text._pio_add_program_at_offset
                0x10007510       0x78 CMakeFiles/WaveformGenerator.dir/C_/VSARM/sdk/pico/pico-sdk/src/rp2_common/hardware_pio/pio.c.obj
 .text.pio_claim_unused_sm
                0x10007588       0x3c CMakeFiles/WaveformGenerator.dir/C_/VSARM/sdk/pico/pico-sdk/src/rp2_common/hardware_pio/pio.c.obj
                0x10007588                pio_claim_unused_sm
 .text.pio_add_program
                0x100075c4       0x38 CMakeFiles/WaveformGenerator.dir/C_/VSARM/sdk/pico/pico-sdk/src/rp2_common/hardware_pio/pio.c.obj
                0x100075c4                pio_add_program
 .text.pio_sm_set_consecutive_pindirs
                0x100075fc       0x70 CMakeFiles/WaveformGenerator.dir/C_/VSARM/sdk/pico/pico-sdk/src/rp2_common/hardware_pio/pio.c.obj
                0x100075fc                pio_sm_set_consecutive_pindirs
 .text.pio_sm_init
                0x1000766c       0xd8 CMakeFiles/WaveformGenerator.dir/C_/VSARM/sdk/pico/pico-sdk/src/rp2_common/hardware_pio/pio.c.obj
                0x1000766c                pio_sm_init
 .text.dma_claim_unused_channel
                0x10007744       0x24 CMakeFiles/WaveformGenerator.dir/C_/VSARM/sdk/pico/pico-sdk/src/rp2_common/hardware_dma/dma.c.obj
                0x10007744                dma_claim_unused_channel
 .text.strlen   0x10007768       0x5c c:/vsarm/armcc/112202~1.02/bin/../lib/gcc/arm-none-eabi/11.2.1/thumb/v6-m/nofp\libg.a(lib_a-strlen-stub.o)
                0x10007768                strlen
 *(.fini)
 .fini          0x100077c4        0x4 c:/vsarm/armcc/112202~1.02/bin/../lib/gcc/arm-none-eabi/11.2.1/thumb/v6-m/nofp/crti.o
                0x100077c4                _fini
 .fini.__stub   0x100077c8       0x70 linker stubs
 *crtbegin.o(.ctors)
 *crtbegin?.o(.ctors)
 *(EXCLUDE_FILE(*crtend.o *crtend?.o) .ctors)
 *(SORT_BY_NAME(.ctors.*))
 *(.ctors)
 *crtbegin.o(.dtors)
 *crtbegin?.o(.dtors)
 *(EXCLUDE_FILE(*crtend.o *crtend?.o) .dtors)
 *(SORT_BY_NAME(.dtors.*))
 *(.dtors)
 *(.eh_frame*)
 .eh_frame      0x10007838        0x0 c:/vsarm/armcc/112202~1.02/bin/../lib/gcc/arm-none-eabi/11.2.1/thumb/v6-m/nofp/crtbegin.o
                0x10007838                . = ALIGN (0x4)

.glue_7         0x10007838        0x0
 .glue_7        0x10007838        0x0 linker stubs

.glue_7t        0x10007838        0x0
 .glue_7t       0x10007838        0x0 linker stubs

.vfp11_veneer   0x10007838        0x0
 .vfp11_veneer  0x10007838        0x0 linker stubs

.v4_bx          0x10007838        0x0
 .v4_bx         0x10007838        0x0 linker stubs

.iplt           0x10007838        0x0
 .iplt          0x10007838        0x0 c:/vsarm/armcc/112202~1.02/bin/../lib/gcc/arm-none-eabi/11.2.1/thumb/v6-m/nofp/crtbegin.o

.rodata         0x10007838     0x1834
 *(EXCLUDE_FILE(*libm.a: *libc.a:*lib_a-mem*.o *libgcc.a:) .rodata*)
 .rodata.channel_config_set_chain_to.str1.4
                0x10007838       0xaa CMakeFiles/WaveformGenerator.dir/main.cpp.obj
 *fill*         0x100078e2        0x2 
 .rodata.channel_config_set_dreq.str1.4
                0x100078e4       0x4c CMakeFiles/WaveformGenerator.dir/main.cpp.obj
 .rodata._ZL20ParallelPort_program
                0x10007930        0x6 CMakeFiles/WaveformGenerator.dir/main.cpp.obj
 *fill*         0x10007936        0x2 
 .rodata._ZL33ParallelPort_program_instructions
                0x10007938        0x4 CMakeFiles/WaveformGenerator.dir/main.cpp.obj
 .rodata.spin_lock_claim_unused.str1.4
                0x1000793c       0x1b CMakeFiles/WaveformGenerator.dir/C_/VSARM/sdk/pico/pico-sdk/src/rp2_common/hardware_sync/sync.c.obj
 *fill*         0x10007957        0x1 
 .rodata.make_branch.str1.4
                0x10007958       0x6d CMakeFiles/WaveformGenerator.dir/C_/VSARM/sdk/pico/pico-sdk/src/rp2_common/hardware_irq/irq.c.obj
 *fill*         0x100079c5        0x3 
 .rodata.insert_branch_and_link.str1.4
                0x100079c8       0x10 CMakeFiles/WaveformGenerator.dir/C_/VSARM/sdk/pico/pico-sdk/src/rp2_common/hardware_irq/irq.c.obj
 .rodata.irq_set_exclusive_handler.str1.4
                0x100079d8       0x36 CMakeFiles/WaveformGenerator.dir/C_/VSARM/sdk/pico/pico-sdk/src/rp2_common/hardware_irq/irq.c.obj
 *fill*         0x10007a0e        0x2 
 .rodata.irq_add_shared_handler.str1.4
                0x10007a10       0xd9 CMakeFiles/WaveformGenerator.dir/C_/VSARM/sdk/pico/pico-sdk/src/rp2_common/hardware_irq/irq.c.obj
 *fill*         0x10007ae9        0x3 
 .rodata.irq_remove_handler.str1.4
                0x10007aec       0x2a CMakeFiles/WaveformGenerator.dir/C_/VSARM/sdk/pico/pico-sdk/src/rp2_common/hardware_irq/irq.c.obj
 *fill*         0x10007b16        0x2 
 .rodata.irq_add_tail_to_free_list.str1.4
                0x10007b18       0x3a CMakeFiles/WaveformGenerator.dir/C_/VSARM/sdk/pico/pico-sdk/src/rp2_common/hardware_irq/irq.c.obj
 *fill*         0x10007b52        0x2 
 .rodata.user_irq_claim_unused.str1.4
                0x10007b54       0x1b CMakeFiles/WaveformGenerator.dir/C_/VSARM/sdk/pico/pico-sdk/src/rp2_common/hardware_irq/irq.c.obj
 *fill*         0x10007b6f        0x1 
 .rodata.__func__.0
                0x10007b70       0x1a CMakeFiles/WaveformGenerator.dir/C_/VSARM/sdk/pico/pico-sdk/src/rp2_common/hardware_irq/irq.c.obj
 *fill*         0x10007b8a        0x2 
 .rodata.__func__.1
                0x10007b8c       0x17 CMakeFiles/WaveformGenerator.dir/C_/VSARM/sdk/pico/pico-sdk/src/rp2_common/hardware_irq/irq.c.obj
 *fill*         0x10007ba3        0x1 
 .rodata.__func__.2
                0x10007ba4       0x13 CMakeFiles/WaveformGenerator.dir/C_/VSARM/sdk/pico/pico-sdk/src/rp2_common/hardware_irq/irq.c.obj
 *fill*         0x10007bb7        0x1 
 .rodata.__func__.3
                0x10007bb8        0xc CMakeFiles/WaveformGenerator.dir/C_/VSARM/sdk/pico/pico-sdk/src/rp2_common/hardware_irq/irq.c.obj
 .rodata.__func__.4
                0x10007bc4        0xf CMakeFiles/WaveformGenerator.dir/C_/VSARM/sdk/pico/pico-sdk/src/rp2_common/hardware_irq/irq.c.obj
 *fill*         0x10007bd3        0x1 
 .rodata.__func__.5
                0x10007bd4       0x17 CMakeFiles/WaveformGenerator.dir/C_/VSARM/sdk/pico/pico-sdk/src/rp2_common/hardware_irq/irq.c.obj
 *fill*         0x10007beb        0x1 
 .rodata.__func__.6
                0x10007bec       0x1a CMakeFiles/WaveformGenerator.dir/C_/VSARM/sdk/pico/pico-sdk/src/rp2_common/hardware_irq/irq.c.obj
 *fill*         0x10007c06        0x2 
 .rodata.repeating_timer_callback.str1.4
                0x10007c08       0x4b CMakeFiles/WaveformGenerator.dir/C_/VSARM/sdk/pico/pico-sdk/src/common/pico_time/time.c.obj
 *fill*         0x10007c53        0x1 
 .rodata.alarm_pool_dump_key.str1.4
                0x10007c54       0x33 CMakeFiles/WaveformGenerator.dir/C_/VSARM/sdk/pico/pico-sdk/src/common/pico_time/time.c.obj
 *fill*         0x10007c87        0x1 
 .rodata.ph_add_child_node.str1.4
                0x10007c88       0x96 CMakeFiles/WaveformGenerator.dir/C_/VSARM/sdk/pico/pico-sdk/src/common/pico_time/time.c.obj
 *fill*         0x10007d1e        0x2 
 .rodata.add_alarm_under_lock.str1.4
                0x10007d20       0x28 CMakeFiles/WaveformGenerator.dir/C_/VSARM/sdk/pico/pico-sdk/src/common/pico_time/time.c.obj
                                 0x2b (size before relaxing)
 .rodata.alarm_pool_alarm_callback.str1.4
                0x10007d48       0xe6 CMakeFiles/WaveformGenerator.dir/C_/VSARM/sdk/pico/pico-sdk/src/common/pico_time/time.c.obj
 *fill*         0x10007e2e        0x2 
 .rodata.alarm_pool_get_default.str1.4
                0x10007e30       0x21 CMakeFiles/WaveformGenerator.dir/C_/VSARM/sdk/pico/pico-sdk/src/common/pico_time/time.c.obj
 *fill*         0x10007e51        0x3 
 .rodata.alarm_pool_cancel_alarm.str1.4
                0x10007e54       0x27 CMakeFiles/WaveformGenerator.dir/C_/VSARM/sdk/pico/pico-sdk/src/common/pico_time/time.c.obj
 *fill*         0x10007e7b        0x1 
 .rodata.__func__.1
                0x10007e7c       0x18 CMakeFiles/WaveformGenerator.dir/C_/VSARM/sdk/pico/pico-sdk/src/common/pico_time/time.c.obj
 .rodata.__func__.10
                0x10007e94       0x15 CMakeFiles/WaveformGenerator.dir/C_/VSARM/sdk/pico/pico-sdk/src/common/pico_time/time.c.obj
 *fill*         0x10007ea9        0x3 
 .rodata.__func__.11
                0x10007eac       0x1a CMakeFiles/WaveformGenerator.dir/C_/VSARM/sdk/pico/pico-sdk/src/common/pico_time/time.c.obj
 *fill*         0x10007ec6        0x2 
 .rodata.__func__.12
                0x10007ec8        0xa CMakeFiles/WaveformGenerator.dir/C_/VSARM/sdk/pico/pico-sdk/src/common/pico_time/time.c.obj
 *fill*         0x10007ed2        0x2 
 .rodata.__func__.3
                0x10007ed4       0x17 CMakeFiles/WaveformGenerator.dir/C_/VSARM/sdk/pico/pico-sdk/src/common/pico_time/time.c.obj
 *fill*         0x10007eeb        0x1 
 .rodata.__func__.4
                0x10007eec       0x12 CMakeFiles/WaveformGenerator.dir/C_/VSARM/sdk/pico/pico-sdk/src/common/pico_time/time.c.obj
 *fill*         0x10007efe        0x2 
 .rodata.__func__.5
                0x10007f00        0xd CMakeFiles/WaveformGenerator.dir/C_/VSARM/sdk/pico/pico-sdk/src/common/pico_time/time.c.obj
 *fill*         0x10007f0d        0x3 
 .rodata.__func__.6
                0x10007f10       0x12 CMakeFiles/WaveformGenerator.dir/C_/VSARM/sdk/pico/pico-sdk/src/common/pico_time/time.c.obj
 *fill*         0x10007f22        0x2 
 .rodata.__func__.7
                0x10007f24        0xf CMakeFiles/WaveformGenerator.dir/C_/VSARM/sdk/pico/pico-sdk/src/common/pico_time/time.c.obj
 *fill*         0x10007f33        0x1 
 .rodata.__func__.8
                0x10007f34        0xc CMakeFiles/WaveformGenerator.dir/C_/VSARM/sdk/pico/pico-sdk/src/common/pico_time/time.c.obj
 .rodata.__func__.9
                0x10007f40       0x15 CMakeFiles/WaveformGenerator.dir/C_/VSARM/sdk/pico/pico-sdk/src/common/pico_time/time.c.obj
 *fill*         0x10007f55        0x3 
 .rodata.hardware_alarm_claim.str1.4
                0x10007f58       0x22 CMakeFiles/WaveformGenerator.dir/C_/VSARM/sdk/pico/pico-sdk/src/rp2_common/hardware_timer/timer.c.obj
 *fill*         0x10007f7a        0x2 
 .rodata.hardware_alarm_set_target.str1.4
                0x10007f7c       0x65 CMakeFiles/WaveformGenerator.dir/C_/VSARM/sdk/pico/pico-sdk/src/rp2_common/hardware_timer/timer.c.obj
 *fill*         0x10007fe1        0x3 
 .rodata.__func__.0
                0x10007fe4       0x1a CMakeFiles/WaveformGenerator.dir/C_/VSARM/sdk/pico/pico-sdk/src/rp2_common/hardware_timer/timer.c.obj
 .rodata.ph_add_child_node.str1.4
                0x10007ffe       0x96 CMakeFiles/WaveformGenerator.dir/C_/VSARM/sdk/pico/pico-sdk/src/common/pico_util/pheap.c.obj
 *fill*         0x10007ffe        0x2 
 .rodata.ph_remove_any_head.str1.4
                0x10008000       0x8c CMakeFiles/WaveformGenerator.dir/C_/VSARM/sdk/pico/pico-sdk/src/common/pico_util/pheap.c.obj
 .rodata.ph_remove_and_free_node.str1.4
                0x1000808c       0x1e CMakeFiles/WaveformGenerator.dir/C_/VSARM/sdk/pico/pico-sdk/src/common/pico_util/pheap.c.obj
                                 0x26 (size before relaxing)
 *fill*         0x100080aa        0x2 
 .rodata.__func__.0
                0x100080ac       0x18 CMakeFiles/WaveformGenerator.dir/C_/VSARM/sdk/pico/pico-sdk/src/common/pico_util/pheap.c.obj
 .rodata.__func__.1
                0x100080c4       0x13 CMakeFiles/WaveformGenerator.dir/C_/VSARM/sdk/pico/pico-sdk/src/common/pico_util/pheap.c.obj
 *fill*         0x100080d7        0x1 
 .rodata.__func__.2
                0x100080d8       0x12 CMakeFiles/WaveformGenerator.dir/C_/VSARM/sdk/pico/pico-sdk/src/common/pico_util/pheap.c.obj
 *fill*         0x100080ea        0x2 
 .rodata.__func__.3
                0x100080ec        0xc CMakeFiles/WaveformGenerator.dir/C_/VSARM/sdk/pico/pico-sdk/src/common/pico_util/pheap.c.obj
 .rodata.str1.4
                0x100080f8       0x89 CMakeFiles/WaveformGenerator.dir/C_/VSARM/sdk/pico/pico-sdk/src/common/pico_sync/mutex.c.obj
                                 0xed (size before relaxing)
 *fill*         0x10008181        0x3 
 .rodata.__func__.1
                0x10008184        0xb CMakeFiles/WaveformGenerator.dir/C_/VSARM/sdk/pico/pico-sdk/src/common/pico_sync/mutex.c.obj
 *fill*         0x1000818f        0x1 
 .rodata.__func__.3
                0x10008190       0x18 CMakeFiles/WaveformGenerator.dir/C_/VSARM/sdk/pico/pico-sdk/src/common/pico_sync/mutex.c.obj
 .rodata.__func__.4
                0x100081a8       0x15 CMakeFiles/WaveformGenerator.dir/C_/VSARM/sdk/pico/pico-sdk/src/common/pico_sync/mutex.c.obj
 *fill*         0x100081bd        0x3 
 .rodata.__assert_func.str1.4
                0x100081c0       0x3f CMakeFiles/WaveformGenerator.dir/C_/VSARM/sdk/pico/pico-sdk/src/rp2_common/pico_runtime/runtime.c.obj
                                 0x43 (size before relaxing)
 *fill*         0x100081ff        0x1 
 .rodata.runtime_init.str1.4
                0x10008200       0x61 CMakeFiles/WaveformGenerator.dir/C_/VSARM/sdk/pico/pico-sdk/src/rp2_common/pico_runtime/runtime.c.obj
 *fill*         0x10008261        0x3 
 .rodata.panic.str1.4
                0x10008264       0x12 CMakeFiles/WaveformGenerator.dir/C_/VSARM/sdk/pico/pico-sdk/src/rp2_common/pico_runtime/runtime.c.obj
 *fill*         0x10008276        0x2 
 .rodata.__func__.1
                0x10008278        0xd CMakeFiles/WaveformGenerator.dir/C_/VSARM/sdk/pico/pico-sdk/src/rp2_common/pico_runtime/runtime.c.obj
 *fill*         0x10008285        0x3 
 .rodata.clock_configure.str1.4
                0x10008288       0x57 CMakeFiles/WaveformGenerator.dir/C_/VSARM/sdk/pico/pico-sdk/src/rp2_common/hardware_clocks/clocks.c.obj
 *fill*         0x100082df        0x1 
 .rodata.__func__.1
                0x100082e0       0x10 CMakeFiles/WaveformGenerator.dir/C_/VSARM/sdk/pico/pico-sdk/src/rp2_common/hardware_clocks/clocks.c.obj
 .rodata.pll_init.str1.4
                0x100082f0      0x13b CMakeFiles/WaveformGenerator.dir/C_/VSARM/sdk/pico/pico-sdk/src/rp2_common/hardware_pll/pll.c.obj
 *fill*         0x1000842b        0x1 
 .rodata.__func__.0
                0x1000842c        0x9 CMakeFiles/WaveformGenerator.dir/C_/VSARM/sdk/pico/pico-sdk/src/rp2_common/hardware_pll/pll.c.obj
 *fill*         0x10008435        0x3 
 .rodata._ftoa.str1.4
                0x10008438       0x15 CMakeFiles/WaveformGenerator.dir/C_/VSARM/sdk/pico/pico-sdk/src/rp2_common/pico_printf/printf.c.obj
 *fill*         0x1000844d        0x3 
 .rodata._vsnprintf
                0x10008450      0x19c CMakeFiles/WaveformGenerator.dir/C_/VSARM/sdk/pico/pico-sdk/src/rp2_common/pico_printf/printf.c.obj
 *fill*         0x100085ec        0x4 
 .rodata.pow10.0
                0x100085f0       0x50 CMakeFiles/WaveformGenerator.dir/C_/VSARM/sdk/pico/pico-sdk/src/rp2_common/pico_printf/printf.c.obj
 .rodata.__aeabi_double_init.str1.4
                0x10008640       0xa8 CMakeFiles/WaveformGenerator.dir/C_/VSARM/sdk/pico/pico-sdk/src/rp2_common/pico_double/double_init_rom.c.obj
 .rodata.__func__.0
                0x100086e8       0x14 CMakeFiles/WaveformGenerator.dir/C_/VSARM/sdk/pico/pico-sdk/src/rp2_common/pico_double/double_init_rom.c.obj
 .rodata.__aeabi_float_init.str1.4
                0x100086fc       0x7a CMakeFiles/WaveformGenerator.dir/C_/VSARM/sdk/pico/pico-sdk/src/rp2_common/pico_float/float_init_rom.c.obj
                                 0x7e (size before relaxing)
 *fill*         0x10008776        0x2 
 .rodata.__func__.0
                0x10008778       0x13 CMakeFiles/WaveformGenerator.dir/C_/VSARM/sdk/pico/pico-sdk/src/rp2_common/pico_float/float_init_rom.c.obj
 *fill*         0x1000878b        0x1 
 .rodata.str1.4
                0x1000878c       0x48 CMakeFiles/WaveformGenerator.dir/C_/VSARM/sdk/pico/pico-sdk/src/rp2_common/pico_standard_link/binary_info.c.obj
 .rodata.__bi_44
                0x100087d4        0xc CMakeFiles/WaveformGenerator.dir/C_/VSARM/sdk/pico/pico-sdk/src/rp2_common/pico_standard_link/binary_info.c.obj
 .rodata.__bi_75
                0x100087e0        0xc CMakeFiles/WaveformGenerator.dir/C_/VSARM/sdk/pico/pico-sdk/src/rp2_common/pico_standard_link/binary_info.c.obj
 .rodata.__bi_81
                0x100087ec        0xc CMakeFiles/WaveformGenerator.dir/C_/VSARM/sdk/pico/pico-sdk/src/rp2_common/pico_standard_link/binary_info.c.obj
 .rodata.crlf_str.3
                0x100087f8        0x2 CMakeFiles/WaveformGenerator.dir/C_/VSARM/sdk/pico/pico-sdk/src/rp2_common/pico_stdio/stdio.c.obj
 *fill*         0x100087fa        0x2 
 .rodata._resetd_driver
                0x100087fc       0x18 CMakeFiles/WaveformGenerator.dir/C_/VSARM/sdk/pico/pico-sdk/src/rp2_common/pico_stdio_usb/reset_interface.c.obj
 .rodata.timer_task.str1.4
                0x10008814       0x6d CMakeFiles/WaveformGenerator.dir/C_/VSARM/sdk/pico/pico-sdk/src/rp2_common/pico_stdio_usb/stdio_usb.c.obj
 .rodata.stdio_usb_init.str1.4
                0x10008881       0x61 CMakeFiles/WaveformGenerator.dir/C_/VSARM/sdk/pico/pico-sdk/src/rp2_common/pico_stdio_usb/stdio_usb.c.obj
 *fill*         0x10008881        0x3 
 .rodata.str1.4
                0x10008884       0x13 CMakeFiles/WaveformGenerator.dir/C_/VSARM/sdk/pico/pico-sdk/src/rp2_common/pico_stdio_usb/stdio_usb.c.obj
 *fill*         0x10008897        0x1 
 .rodata.__bi_118.2
                0x10008898        0xc CMakeFiles/WaveformGenerator.dir/C_/VSARM/sdk/pico/pico-sdk/src/rp2_common/pico_stdio_usb/stdio_usb.c.obj
 .rodata.__func__.0
                0x100088a4       0x15 CMakeFiles/WaveformGenerator.dir/C_/VSARM/sdk/pico/pico-sdk/src/rp2_common/pico_stdio_usb/stdio_usb.c.obj
 *fill*         0x100088b9        0x3 
 .rodata.__func__.1
                0x100088bc        0xb CMakeFiles/WaveformGenerator.dir/C_/VSARM/sdk/pico/pico-sdk/src/rp2_common/pico_stdio_usb/stdio_usb.c.obj
 *fill*         0x100088c7        0x1 
 .rodata.str1.4
                0x100088c8       0x2a CMakeFiles/WaveformGenerator.dir/C_/VSARM/sdk/pico/pico-sdk/src/rp2_common/pico_stdio_usb/stdio_usb_descriptors.c.obj
 *fill*         0x100088f2        0x2 
 .rodata.usbd_desc_cfg
                0x100088f4       0x54 CMakeFiles/WaveformGenerator.dir/C_/VSARM/sdk/pico/pico-sdk/src/rp2_common/pico_stdio_usb/stdio_usb_descriptors.c.obj
 .rodata.usbd_desc_device
                0x10008948       0x12 CMakeFiles/WaveformGenerator.dir/C_/VSARM/sdk/pico/pico-sdk/src/rp2_common/pico_stdio_usb/stdio_usb_descriptors.c.obj
 *fill*         0x1000895a        0x2 
 .rodata.usbd_desc_str
                0x1000895c       0x18 CMakeFiles/WaveformGenerator.dir/C_/VSARM/sdk/pico/pico-sdk/src/rp2_common/pico_stdio_usb/stdio_usb_descriptors.c.obj
 .rodata._hw_endpoint_alloc.str1.4
                0x10008974       0xb5 CMakeFiles/WaveformGenerator.dir/C_/VSARM/sdk/pico/pico-sdk/lib/tinyusb/src/portable/raspberrypi/rp2040/dcd_rp2040.c.obj
 *fill*         0x10008a29        0x3 
 .rodata.dcd_rp2040_irq.str1.4
                0x10008a2c       0x14 CMakeFiles/WaveformGenerator.dir/C_/VSARM/sdk/pico/pico-sdk/lib/tinyusb/src/portable/raspberrypi/rp2040/dcd_rp2040.c.obj
 .rodata.dcd_int_enable.str1.4
                0x10008a40        0xc CMakeFiles/WaveformGenerator.dir/C_/VSARM/sdk/pico/pico-sdk/lib/tinyusb/src/portable/raspberrypi/rp2040/dcd_rp2040.c.obj
 .rodata.__func__.0
                0x10008a4c        0xe CMakeFiles/WaveformGenerator.dir/C_/VSARM/sdk/pico/pico-sdk/lib/tinyusb/src/portable/raspberrypi/rp2040/dcd_rp2040.c.obj
 *fill*         0x10008a5a        0x2 
 .rodata.__func__.1
                0x10008a5c        0xe CMakeFiles/WaveformGenerator.dir/C_/VSARM/sdk/pico/pico-sdk/lib/tinyusb/src/portable/raspberrypi/rp2040/dcd_rp2040.c.obj
 *fill*         0x10008a6a        0x2 
 .rodata.__func__.3
                0x10008a6c       0x10 CMakeFiles/WaveformGenerator.dir/C_/VSARM/sdk/pico/pico-sdk/lib/tinyusb/src/portable/raspberrypi/rp2040/dcd_rp2040.c.obj
 .rodata.__func__.5
                0x10008a7c        0xf CMakeFiles/WaveformGenerator.dir/C_/VSARM/sdk/pico/pico-sdk/lib/tinyusb/src/portable/raspberrypi/rp2040/dcd_rp2040.c.obj
 *fill*         0x10008a8b        0x1 
 .rodata.__func__.6
                0x10008a8c       0x13 CMakeFiles/WaveformGenerator.dir/C_/VSARM/sdk/pico/pico-sdk/lib/tinyusb/src/portable/raspberrypi/rp2040/dcd_rp2040.c.obj
 *fill*         0x10008a9f        0x1 
 .rodata.__func__.7
                0x10008aa0        0x9 CMakeFiles/WaveformGenerator.dir/C_/VSARM/sdk/pico/pico-sdk/lib/tinyusb/src/portable/raspberrypi/rp2040/dcd_rp2040.c.obj
 *fill*         0x10008aa9        0x3 
 .rodata.sync_ep_buffer.str1.4
                0x10008aac       0x91 CMakeFiles/WaveformGenerator.dir/C_/VSARM/sdk/pico/pico-sdk/lib/tinyusb/src/portable/raspberrypi/rp2040/rp2040_usb.c.obj
 *fill*         0x10008b3d        0x3 
 .rodata._hw_endpoint_buffer_control_update32.str1.4
                0x10008b40       0x1f CMakeFiles/WaveformGenerator.dir/C_/VSARM/sdk/pico/pico-sdk/lib/tinyusb/src/portable/raspberrypi/rp2040/rp2040_usb.c.obj
 *fill*         0x10008b5f        0x1 
 .rodata.hw_endpoint_xfer_start.str1.4
                0x10008b60       0x38 CMakeFiles/WaveformGenerator.dir/C_/VSARM/sdk/pico/pico-sdk/lib/tinyusb/src/portable/raspberrypi/rp2040/rp2040_usb.c.obj
 .rodata.hw_endpoint_xfer_continue.str1.4
                0x10008b98       0x29 CMakeFiles/WaveformGenerator.dir/C_/VSARM/sdk/pico/pico-sdk/lib/tinyusb/src/portable/raspberrypi/rp2040/rp2040_usb.c.obj
 *fill*         0x10008bc1        0x3 
 .rodata.str1.4
                0x10008bc4        0x7 CMakeFiles/WaveformGenerator.dir/C_/VSARM/sdk/pico/pico-sdk/lib/tinyusb/src/portable/raspberrypi/rp2040/rp2040_usb.c.obj
 *fill*         0x10008bcb        0x1 
 .rodata.__func__.0
                0x10008bcc        0xf CMakeFiles/WaveformGenerator.dir/C_/VSARM/sdk/pico/pico-sdk/lib/tinyusb/src/portable/raspberrypi/rp2040/rp2040_usb.c.obj
 *fill*         0x10008bdb        0x1 
 .rodata.process_set_config.str1.4
                0x10008bdc       0x17 CMakeFiles/WaveformGenerator.dir/C_/VSARM/sdk/pico/pico-sdk/lib/tinyusb/src/device/usbd.c.obj
 *fill*         0x10008bf3        0x1 
 .rodata.process_get_descriptor
                0x10008bf4       0x40 CMakeFiles/WaveformGenerator.dir/C_/VSARM/sdk/pico/pico-sdk/lib/tinyusb/src/device/usbd.c.obj
 .rodata.process_control_request
                0x10008c34       0x28 CMakeFiles/WaveformGenerator.dir/C_/VSARM/sdk/pico/pico-sdk/lib/tinyusb/src/device/usbd.c.obj
 .rodata.tud_task
                0x10008c5c       0x24 CMakeFiles/WaveformGenerator.dir/C_/VSARM/sdk/pico/pico-sdk/lib/tinyusb/src/device/usbd.c.obj
 .rodata.__func__.2
                0x10008c80        0xf CMakeFiles/WaveformGenerator.dir/C_/VSARM/sdk/pico/pico-sdk/lib/tinyusb/src/device/usbd.c.obj
 *fill*         0x10008c8f        0x1 
 .rodata.__func__.3
                0x10008c90        0xf CMakeFiles/WaveformGenerator.dir/C_/VSARM/sdk/pico/pico-sdk/lib/tinyusb/src/device/usbd.c.obj
 *fill*         0x10008c9f        0x1 
 .rodata.__func__.4
                0x10008ca0       0x14 CMakeFiles/WaveformGenerator.dir/C_/VSARM/sdk/pico/pico-sdk/lib/tinyusb/src/device/usbd.c.obj
 .rodata.__func__.5
                0x10008cb4       0x10 CMakeFiles/WaveformGenerator.dir/C_/VSARM/sdk/pico/pico-sdk/lib/tinyusb/src/device/usbd.c.obj
 .rodata.__func__.6
                0x10008cc4       0x17 CMakeFiles/WaveformGenerator.dir/C_/VSARM/sdk/pico/pico-sdk/lib/tinyusb/src/device/usbd.c.obj
 *fill*         0x10008cdb        0x1 
 .rodata.__func__.7
                0x10008cdc       0x13 CMakeFiles/WaveformGenerator.dir/C_/VSARM/sdk/pico/pico-sdk/lib/tinyusb/src/device/usbd.c.obj
 *fill*         0x10008cef        0x1 
 .rodata.__func__.8
                0x10008cf0       0x18 CMakeFiles/WaveformGenerator.dir/C_/VSARM/sdk/pico/pico-sdk/lib/tinyusb/src/device/usbd.c.obj
 .rodata.__func__.9
                0x10008d08        0x9 CMakeFiles/WaveformGenerator.dir/C_/VSARM/sdk/pico/pico-sdk/lib/tinyusb/src/device/usbd.c.obj
 *fill*         0x10008d11        0x3 
 .rodata._usbd_driver
                0x10008d14       0x18 CMakeFiles/WaveformGenerator.dir/C_/VSARM/sdk/pico/pico-sdk/lib/tinyusb/src/device/usbd.c.obj
 .rodata.tud_control_xfer.str1.4
                0x10008d2c       0x17 CMakeFiles/WaveformGenerator.dir/C_/VSARM/sdk/pico/pico-sdk/lib/tinyusb/src/device/usbd_control.c.obj
 .rodata.__func__.0
                0x10008d2c       0x15 CMakeFiles/WaveformGenerator.dir/C_/VSARM/sdk/pico/pico-sdk/lib/tinyusb/src/device/usbd_control.c.obj
 *fill*         0x10008d41        0x3 
 .rodata.__func__.1
                0x10008d44       0x11 CMakeFiles/WaveformGenerator.dir/C_/VSARM/sdk/pico/pico-sdk/lib/tinyusb/src/device/usbd_control.c.obj
 .rodata.tud_cdc_n_write_flush.str1.4
                0x10008d55       0x17 CMakeFiles/WaveformGenerator.dir/C_/VSARM/sdk/pico/pico-sdk/lib/tinyusb/src/class/cdc/cdc_device.c.obj
 *fill*         0x10008d55        0x3 
 .rodata.__func__.0
                0x10008d58        0xd CMakeFiles/WaveformGenerator.dir/C_/VSARM/sdk/pico/pico-sdk/lib/tinyusb/src/class/cdc/cdc_device.c.obj
 *fill*         0x10008d65        0x3 
 .rodata.__func__.1
                0x10008d68        0xa CMakeFiles/WaveformGenerator.dir/C_/VSARM/sdk/pico/pico-sdk/lib/tinyusb/src/class/cdc/cdc_device.c.obj
 *fill*         0x10008d72        0x2 
 .rodata.__func__.2
                0x10008d74       0x16 CMakeFiles/WaveformGenerator.dir/C_/VSARM/sdk/pico/pico-sdk/lib/tinyusb/src/class/cdc/cdc_device.c.obj
 .rodata.tusb_init.str1.4
                0x10008d8a       0x17 CMakeFiles/WaveformGenerator.dir/C_/VSARM/sdk/pico/pico-sdk/lib/tinyusb/src/tusb.c.obj
 *fill*         0x10008d8a        0x2 
 .rodata.__func__.0
                0x10008d8c       0x11 CMakeFiles/WaveformGenerator.dir/C_/VSARM/sdk/pico/pico-sdk/lib/tinyusb/src/tusb.c.obj
 *fill*         0x10008d9d        0x3 
 .rodata.__func__.1
                0x10008da0        0xa CMakeFiles/WaveformGenerator.dir/C_/VSARM/sdk/pico/pico-sdk/lib/tinyusb/src/tusb.c.obj
 *fill*         0x10008daa        0x2 
 .rodata.pico_get_unique_board_id_string.str1.4
                0x10008dac       0x4d CMakeFiles/WaveformGenerator.dir/C_/VSARM/sdk/pico/pico-sdk/src/rp2_common/pico_unique_id/unique_id.c.obj
 *fill*         0x10008df9        0x3 
 .rodata.__func__.0
                0x10008dfc       0x20 CMakeFiles/WaveformGenerator.dir/C_/VSARM/sdk/pico/pico-sdk/src/rp2_common/pico_unique_id/unique_id.c.obj
 .rodata.str1.4
                0x10008e1c      0x15a CMakeFiles/WaveformGenerator.dir/C_/VSARM/sdk/pico/pico-sdk/src/rp2_common/hardware_flash/flash.c.obj
 *fill*         0x10008f76        0x2 
 .rodata.__func__.0
                0x10008f78        0xd CMakeFiles/WaveformGenerator.dir/C_/VSARM/sdk/pico/pico-sdk/src/rp2_common/hardware_flash/flash.c.obj
 *fill*         0x10008f85        0x3 
 .rodata._pio_find_offset_for_program.str1.4
                0x10008f88       0x69 CMakeFiles/WaveformGenerator.dir/C_/VSARM/sdk/pico/pico-sdk/src/rp2_common/hardware_pio/pio.c.obj
 *fill*         0x10008ff1        0x3 
 .rodata._pio_add_program_at_offset.str1.4
                0x10008ff4       0x11 CMakeFiles/WaveformGenerator.dir/C_/VSARM/sdk/pico/pico-sdk/src/rp2_common/hardware_pio/pio.c.obj
 *fill*         0x10009005        0x3 
 .rodata.pio_claim_unused_sm.str1.4
                0x10009008       0x24 CMakeFiles/WaveformGenerator.dir/C_/VSARM/sdk/pico/pico-sdk/src/rp2_common/hardware_pio/pio.c.obj
 .rodata.__func__.1
                0x1000902c       0x1d CMakeFiles/WaveformGenerator.dir/C_/VSARM/sdk/pico/pico-sdk/src/rp2_common/hardware_pio/pio.c.obj
 *fill*         0x10009049        0x3 
 .rodata.dma_claim_unused_channel.str1.4
                0x1000904c       0x1e CMakeFiles/WaveformGenerator.dir/C_/VSARM/sdk/pico/pico-sdk/src/rp2_common/hardware_dma/dma.c.obj
                0x1000906c                . = ALIGN (0x4)
 *fill*         0x1000906a        0x2 
 *(SORT_BY_ALIGNMENT(SORT_BY_NAME(.flashdata*)))
                0x1000906c                . = ALIGN (0x4)

.rel.dyn        0x1000906c        0x0
 .rel.iplt      0x1000906c        0x0 c:/vsarm/armcc/112202~1.02/bin/../lib/gcc/arm-none-eabi/11.2.1/thumb/v6-m/nofp/crtbegin.o

.ARM.extab
 *(.ARM.extab* .gnu.linkonce.armextab.*)
                0x1000906c                __exidx_start = .

.ARM.exidx
 *(.ARM.exidx* .gnu.linkonce.armexidx.*)
                0x1000906c                __exidx_end = .
                0x1000906c                . = ALIGN (0x4)
                0x1000906c                __binary_info_start = .

.binary_info    0x1000906c       0x20
 *(.binary_info.keep.*)
 .binary_info.keep.__bi_ptr22
                0x1000906c        0x4 CMakeFiles/WaveformGenerator.dir/C_/VSARM/sdk/pico/pico-sdk/src/rp2_common/pico_standard_link/binary_info.c.obj
 .binary_info.keep.__bi_ptr30
                0x10009070        0x4 CMakeFiles/WaveformGenerator.dir/C_/VSARM/sdk/pico/pico-sdk/src/rp2_common/pico_standard_link/binary_info.c.obj
 .binary_info.keep.__bi_ptr38
                0x10009074        0x4 CMakeFiles/WaveformGenerator.dir/C_/VSARM/sdk/pico/pico-sdk/src/rp2_common/pico_standard_link/binary_info.c.obj
 .binary_info.keep.__bi_ptr44
                0x10009078        0x4 CMakeFiles/WaveformGenerator.dir/C_/VSARM/sdk/pico/pico-sdk/src/rp2_common/pico_standard_link/binary_info.c.obj
 .binary_info.keep.__bi_ptr50
                0x1000907c        0x4 CMakeFiles/WaveformGenerator.dir/C_/VSARM/sdk/pico/pico-sdk/src/rp2_common/pico_standard_link/binary_info.c.obj
 .binary_info.keep.__bi_ptr75
                0x10009080        0x4 CMakeFiles/WaveformGenerator.dir/C_/VSARM/sdk/pico/pico-sdk/src/rp2_common/pico_standard_link/binary_info.c.obj
 .binary_info.keep.__bi_ptr81
                0x10009084        0x4 CMakeFiles/WaveformGenerator.dir/C_/VSARM/sdk/pico/pico-sdk/src/rp2_common/pico_standard_link/binary_info.c.obj
 *(.binary_info.*)
 .binary_info.__bi_ptr118
                0x10009088        0x4 CMakeFiles/WaveformGenerator.dir/C_/VSARM/sdk/pico/pico-sdk/src/rp2_common/pico_stdio_usb/stdio_usb.c.obj
                0x1000908c                __binary_info_end = .
                0x1000908c                . = ALIGN (0x4)
                0x1000908c                __etext = .

.ram_vector_table
                0x20000000       0xc0
 *(.ram_vector_table)
 .ram_vector_table
                0x20000000       0xc0 CMakeFiles/WaveformGenerator.dir/C_/VSARM/sdk/pico/pico-sdk/src/rp2_common/pico_runtime/runtime.c.obj
                0x20000000                ram_vector_table

.data           0x200000c0      0x460 load address 0x1000908c
                0x200000c0                __data_start__ = .
 *(vtable)
 *(.time_critical*)
 .time_critical.mutex_enter_blocking
                0x200000c0       0x48 CMakeFiles/WaveformGenerator.dir/C_/VSARM/sdk/pico/pico-sdk/src/common/pico_sync/mutex.c.obj
                0x200000c0                mutex_enter_blocking
 .time_critical.mutex_try_enter
                0x20000108       0x46 CMakeFiles/WaveformGenerator.dir/C_/VSARM/sdk/pico/pico-sdk/src/common/pico_sync/mutex.c.obj
                0x20000108                mutex_try_enter
 *fill*         0x2000014e        0x2 
 .time_critical.mutex_enter_block_until
                0x20000150       0x8c CMakeFiles/WaveformGenerator.dir/C_/VSARM/sdk/pico/pico-sdk/src/common/pico_sync/mutex.c.obj
                0x20000150                mutex_enter_block_until
 .time_critical.mutex_enter_timeout_ms
                0x200001dc       0x74 CMakeFiles/WaveformGenerator.dir/C_/VSARM/sdk/pico/pico-sdk/src/common/pico_sync/mutex.c.obj
                0x200001dc                mutex_enter_timeout_ms
 .time_critical.mutex_exit
                0x20000250       0x4c CMakeFiles/WaveformGenerator.dir/C_/VSARM/sdk/pico/pico-sdk/src/common/pico_sync/mutex.c.obj
                0x20000250                mutex_exit
 .time_critical.flash_init_boot2_copyout
                0x2000029c       0x30 CMakeFiles/WaveformGenerator.dir/C_/VSARM/sdk/pico/pico-sdk/src/rp2_common/hardware_flash/flash.c.obj
 .time_critical.flash_enable_xip_via_boot2
                0x200002cc       0x10 CMakeFiles/WaveformGenerator.dir/C_/VSARM/sdk/pico/pico-sdk/src/rp2_common/hardware_flash/flash.c.obj
 .time_critical.flash_cs_force
                0x200002dc       0x28 CMakeFiles/WaveformGenerator.dir/C_/VSARM/sdk/pico/pico-sdk/src/rp2_common/hardware_flash/flash.c.obj
 .time_critical.flash_do_cmd
                0x20000304       0xd8 CMakeFiles/WaveformGenerator.dir/C_/VSARM/sdk/pico/pico-sdk/src/rp2_common/hardware_flash/flash.c.obj
                0x20000304                flash_do_cmd
 *(.text*)
 .text          0x200003dc        0x4 c:/vsarm/armcc/112202~1.02/bin/../lib/gcc/arm-none-eabi/11.2.1/thumb/v6-m/nofp\libgcc.a(_dvmd_tls.o)
                0x200003dc                __aeabi_idiv0
                0x200003dc                __aeabi_ldiv0
 .text.__stub   0x200003e0       0x40 linker stubs
                0x20000420                . = ALIGN (0x4)
 *(.rodata*)
                0x20000420                . = ALIGN (0x4)
 *(.data*)
 .data.striped_spin_lock_num
                0x20000420        0x1 CMakeFiles/WaveformGenerator.dir/C_/VSARM/sdk/pico/pico-sdk/src/rp2_common/hardware_sync/sync.c.obj
 *fill*         0x20000421        0x3 
 .data          0x20000424       0x48 CMakeFiles/WaveformGenerator.dir/C_/VSARM/sdk/pico/pico-sdk/src/rp2_common/hardware_irq/irq_handler_chain.S.obj
                0x20000424                irq_handler_chain_slots
                0x20000454                irq_handler_chain_first_slot
                0x2000045e                irq_handler_chain_remove_tail
 .data.default_alarm_pool
                0x2000046c       0x18 CMakeFiles/WaveformGenerator.dir/C_/VSARM/sdk/pico/pico-sdk/src/common/pico_time/time.c.obj
 .data.default_alarm_pool_heap
                0x20000484       0x10 CMakeFiles/WaveformGenerator.dir/C_/VSARM/sdk/pico/pico-sdk/src/common/pico_time/time.c.obj
 *fill*         0x20000494        0xc 
 .data.aeabi_bits_funcs
                0x200004a0       0x10 CMakeFiles/WaveformGenerator.dir/C_/VSARM/sdk/pico/pico-sdk/src/rp2_common/pico_bit_ops/bit_ops_aeabi.S.obj
                0x200004a0                aeabi_bits_funcs
                0x200004b0                aeabi_bits_funcs_end
 .data.aeabi_mem_funcs
                0x200004b0       0x10 CMakeFiles/WaveformGenerator.dir/C_/VSARM/sdk/pico/pico-sdk/src/rp2_common/pico_mem_ops/mem_ops_aeabi.S.obj
                0x200004b0                aeabi_mem_funcs
                0x200004c0                aeabi_mem_funcs_end
 .data.stdio_usb
                0x200004c0       0x14 CMakeFiles/WaveformGenerator.dir/C_/VSARM/sdk/pico/pico-sdk/src/rp2_common/pico_stdio_usb/stdio_usb.c.obj
                0x200004c0                stdio_usb
 .data.ep_dir_string
                0x200004d4        0x8 CMakeFiles/WaveformGenerator.dir/C_/VSARM/sdk/pico/pico-sdk/lib/tinyusb/src/portable/raspberrypi/rp2040/rp2040_usb.c.obj
                0x200004d4                ep_dir_string
 .data._usbd_qdef
                0x200004dc       0x24 CMakeFiles/WaveformGenerator.dir/C_/VSARM/sdk/pico/pico-sdk/lib/tinyusb/src/device/usbd.c.obj
                0x200004dc                _usbd_qdef